I/ActivityManager( 3088): Displayed com.example.monkey/.MainActivity: +387ms
E/InputEventSender(20211): Exception dispatching finished signal.
E/MessageQueue-JNI(20211): Exception in MessageQueue callback: handleReceiveCallback
E/MessageQueue-JNI(20211): java.lang.NullPointerException
E/MessageQueue-JNI(20211): 	at com.example.monkey.MainActivity$1.onClick(MainActivity.java:23)
E/MessageQueue-JNI(20211): 	at android.view.View.performClick(View.java:4446)
E/MessageQueue-JNI(20211): 	at android.view.View.onKeyUp(View.java:8258)
E/MessageQueue-JNI(20211): 	at android.widget.TextView.onKeyUp(TextView.java:5726)
E/MessageQueue-JNI(20211): 	at android.view.KeyEvent.dispatch(KeyEvent.java:2708)
E/MessageQueue-JNI(20211): 	at android.view.View.dispatchKeyEvent(View.java:7682)
E/MessageQueue-JNI(20211): 	at android.view.ViewGroup.dispatchKeyEvent(ViewGroup.java:1408)
E/MessageQueue-JNI(20211): 	at android.view.ViewGroup.dispatchKeyEvent(ViewGroup.java:1408)
E/MessageQueue-JNI(20211): 	at android.view.ViewGroup.dispatchKeyEvent(ViewGroup.java:1408)
E/MessageQueue-JNI(20211): 	at android.view.ViewGroup.dispatchKeyEvent(ViewGroup.java:1408)
E/MessageQueue-JNI(20211): 	at com.android.internal.policy.impl.PhoneWindow$DecorView.superDispatchKeyEvent(PhoneWindow.java:2084)
E/MessageQueue-JNI(20211): 	at com.android.internal.policy.impl.PhoneWindow.superDispatchKeyEvent(PhoneWindow.java:1554)
E/MessageQueue-JNI(20211): 	at android.app.Activity.dispatchKeyEvent(Activity.java:2453)
E/MessageQueue-JNI(20211): 	at com.android.internal.policy.impl.PhoneWindow$DecorView.dispatchKeyEvent(PhoneWindow.java:2011)
E/MessageQueue-JNI(20211): 	at android.view.ViewRootImpl$ViewPostImeInputStage.processKeyEvent(ViewRootImpl.java:4086)
E/MessageQueue-JNI(20211): 	at android.view.ViewRootImpl$ViewPostImeInputStage.onProcess(ViewRootImpl.java:4060)
E/MessageQueue-JNI(20211): 	at android.view.ViewRootImpl$InputStage.deliver(ViewRootImpl.java:3624)
E/MessageQueue-JNI(20211): 	at android.view.ViewRootImpl$InputStage.onDeliverToNext(ViewRootImpl.java:3674)
E/MessageQueue-JNI(20211): 	at android.view.ViewRootImpl$InputStage.forward(ViewRootImpl.java:3643)
E/MessageQueue-JNI(20211): 	at android.view.ViewRootImpl$AsyncInputStage.forward(ViewRootImpl.java:3750)
E/MessageQueue-JNI(20211): 	at android.view.ViewRootImpl$InputStage.apply(ViewRootImpl.java:3651)
E/MessageQueue-JNI(20211): 	at android.view.ViewRootImpl$AsyncInputStage.apply(ViewRootImpl.java:3807)
E/MessageQueue-JNI(20211): 	at android.view.ViewRootImpl$InputStage.deliver(ViewRootImpl.java:3624)
E/MessageQueue-JNI(20211): 	at android.view.ViewRootImpl$InputStage.onDeliverToNext(ViewRootImpl.java:3674)
E/MessageQueue-JNI(20211): 	at android.view.ViewRootImpl$InputStage.forward(ViewRootImpl.java:3643)
E/MessageQueue-JNI(20211): 	at android.view.ViewRootImpl$InputStage.apply(ViewRootImpl.java:3651)
E/MessageQueue-JNI(20211): 	at android.view.ViewRootImpl$InputStage.deliver(ViewRootImpl.java:3624)
E/MessageQueue-JNI(20211): 	at android.view.ViewRootImpl$InputStage.onDeliverToNext(ViewRootImpl.java:3674)
E/MessageQueue-JNI(20211): 	at android.view.ViewRootImpl$InputStage.forward(ViewRootImpl.java:3643)
E/MessageQueue-JNI(20211): 	at android.view.ViewRootImpl$AsyncInputStage.forward(ViewRootImpl.java:3783)
E/MessageQueue-JNI(20211): 	at android.view.ViewRootImpl$ImeInputStage.onFinishedInputEvent(ViewRootImpl.java:3945)
E/MessageQueue-JNI(20211): 	at android.view.inputmethod.InputMethodManager$PendingEvent.run(InputMethodManager.java:2014)
E/MessageQueue-JNI(20211): 	at android.view.inputmethod.InputMethodManager.invokeFinishedInputEventCallback(InputMethodManager.java:1708)
E/MessageQueue-JNI(20211): 	at android.view.inputmethod.InputMethodManager.finishedInputEvent(InputMethodManager.java:1699)
E/MessageQueue-JNI(20211): 	at android.view.inputmethod.InputMethodManager$ImeInputEventSender.onInputEventFinished(InputMethodManager.java:1991)
E/MessageQueue-JNI(20211): 	at android.view.InputEventSender.dispatchInputEventFinished(InputEventSender.java:141)
E/MessageQueue-JNI(20211): 	at android.os.MessageQueue.nativePollOnce(Native Method)
E/MessageQueue-JNI(20211): 	at android.os.MessageQueue.next(MessageQueue.java:138)
E/MessageQueue-JNI(20211): 	at android.os.Looper.loop(Looper.java:123)
E/MessageQueue-JNI(20211): 	at android.app.ActivityThread.main(ActivityThread.java:5314)
E/MessageQueue-JNI(20211): 	at java.lang.reflect.Method.invokeNative(Native Method)
E/MessageQueue-JNI(20211): 	at java.lang.reflect.Method.invoke(Method.java:515)
E/MessageQueue-JNI(20211): 	at com.android.internal.os.ZygoteInit$MethodAndArgsCaller.run(ZygoteInit.java:864)
E/MessageQueue-JNI(20211): 	at com.android.internal.os.ZygoteInit.main(ZygoteInit.java:680)
E/MessageQueue-JNI(20211): 	at dalvik.system.NativeStart.main(Native Method)
W/dalvikvm(20211): threadid=1: thread exiting with uncaught exception (group=0x41a63c50)
I/logserver( 2435): Object Path:/data/system/dropbox/, mask=0x00000080
I/logserver( 2435): event->len=48, name=data_app_crash@1499851917245.txt
I/logserver( 2435): find_first_match: find match, plogs(type=1, pfile=/data/system/dropbox/, match=app_crash)
I/Process ( 3088): Sending signal. PID: 20211 SIG: 9
I/logserver( 2435): move_dir:src_path=/data/log/dbox/appdbg/logcache
I/logserver( 2435): move_dir:dst_path=/data/log/logcache/14677792/
I/logserver( 2435): is_all_ready, any file is ready in non-keyfile exception.
I/logserver( 2435): extract_appname, forward search, appname=com.example.monkey
I/logserver( 2435): archive_and_send, pos=0, type=crash, output=20170712173157_crash
I/logserver( 2435): ---copy_match_files enter!!--
I/logserver( 2435): [copy_match_files,829]: copy [/data/system/dropbox/data_app_crash@1499851917245.txt] to [/data/log/logcache/14677792/data_app_crash@1499851917245.txt]
I/logserver( 2435): internal_archive, argc=7
I/logserver( 2435): get_fault_appname, appname=com.example.monkey
I/logserver( 2435): handle_archive_exception, argc=7
I/logserver( 2435): get alarm time = 97005 (sec.)!
I/logserver( 2435): log_apr_add_record open file:/data/log/apr/H60-L02_V100R001CHNC00B316_DU2TAN15AJ049163_20170111211033_statistics
I/logserver( 2435): move_input_files, create dir [/data/log/unzip/H60-L02_V100R001CHNC00B316_DU2TAN15AJ049163_20170712173157_crash]
I/logserver( 2435): copy_file_to_dir, /data/log/logcache/14677792/data_app_crash@1499851916263.txt -> /data/log/unzip/H60-L02_V100R001CHNC00B316_DU2TAN15AJ049163_20170712173157_crash
I/logserver( 2435): copy_file_to_dir, /data/log/logcache/14677792/data_app_crash@1499851917245.txt -> /data/log/unzip/H60-L02_V100R001CHNC00B316_DU2TAN15AJ049163_20170712173157_crash
I/logserver( 2435): copy_file_to_dir, /data/log/logcache/14677792/finger.txt -> /data/log/unzip/H60-L02_V100R001CHNC00B316_DU2TAN15AJ049163_20170712173157_crash
I/logserver( 2435): init_notify_fifo, before change /data/log/logcontrol owner
I/logserver( 2435): Process 2586 opening FIFO for O_WRONLY
I/logserver( 2435): Process 2586 opened fifo(19)
I/logserver( 2435): notify_logcontrol, 2586 sent /data/log/unzip/H60-L02_V100R001CHNC00B316_DU2TAN15AJ049163_20170712173157_crash 
I/logserver( 2435): check_dir_size, dir[/data/log/coredump/] doesn't exist
I/logserver( 2435): clean_cur_cache:962, system(rm -r /data/log/logcache/14677792/* > /dev/null 2>&1)
I/logserver( 2435): thread_logcontrol, select ret = 1
I/logserver( 2435): handle_notify_event, read res = 324, client pid = 2586, data=/data/log/unzip/H60-L02_V100R001CHNC00B316_DU2TAN15AJ049163_20170712173157_crash
I/logserver( 2435): build_notify_string,ModuleName = com.example.monkey
I/logserver( 2435): build_notify_string,product name = H60-L02
I/logserver( 2435): handle_notify_event, send msg [submit:trigger=0,bugtype=2,modulename=com.example.monkey,level=1,testtype=NORMAL,path=/data/log/unzip/H60-L02_V100R001CHNC00B316_DU2TAN15AJ049163_20170712173157_crash;]
I/logserver( 2435): send_to_client, send to (18) res = 167
E/SubmitMessage( 3448): Submit string: submit:trigger=0,bugtype=2,modulename=com.example.monkey,level=1,testtype=NORMAL,path=/data/log/unzip/H60-L02_V100R001CHNC00B316_DU2TAN15AJ049163_20170712173157_crash
I/logserver( 2435): Object Path:/data/log/apr/, mask=0x00000008
I/logserver( 2435): event->len=80, name=H60-L02_V100R001CHNC00B316_DU2TAN15AJ049163_20170111211033_statistics
I/logserver( 2435): process_one_event, can not find this event(H60-L02_V100R001CHNC00B316_DU2TAN15AJ049163_20170111211033_statistics)
I/logserver( 2435): clean_cur_cache:962, system(rm -r /data/log/logcache/14677792/* > /dev/null 2>&1)
I/LogServiceSetting( 3448): checkMemorydumpByPath: filePath is /storage/emulated/legacy/bugreports/ramdump
I/LogServiceSetting( 3448): CheckMemorydumpByPath: /storage/emulated/legacy/bugreports/ramdumpis not exist.
I/LogServiceSetting( 3448): checkMemorydumpByPath: filePath is /storage/sdcard1/bugreports/ramdump
I/LogServiceSetting( 3448): CheckMemorydumpByPath: /storage/sdcard1/bugreports/ramdumpis not exist.
I/HwLauncher( 3556): Launcher onStart()
I/HwLauncher( 3556): Launcher dynamicIconsRegister
I/HwLauncher( 3556): DynamicUpdater registerReceiver
I/HwLauncher( 3556): DynamicUpdater call updateFolder
I/HwLauncher( 3556): DynamicIcon onResume  isvisible = false   mAttachedToWindow:true    mWindowVisible:falsecom.android.deskclock
I/HwLauncher( 3556): DynamicUpdater registerReceiver
I/HwLauncher( 3556): DynamicUpdater call updateFolder
I/HwLauncher( 3556): DynamicIcon onResume  isvisible = true   mAttachedToWindow:false    mWindowVisible:falsecom.android.calendar
I/HwLauncher( 3556): DynamicUpdater registerReceiver
I/HwLauncher( 3556): DynamicUpdater call updateFolder
I/HwLauncher( 3556): WeatherDynamicUpdaterpositiveUpdate at WeatherDynamicUpdater
I/HwLauncher( 3556): DynamicIcon onResume  isvisible = false   mAttachedToWindow:true    mWindowVisible:falsecom.huawei.android.totemweather
I/HwLauncher( 3556): Launcher onResume()
I/HwLauncher( 3556): Launcher doResumeWork()
I/LogCollectService( 3448): getUploadingFiles, file: /splash2/log/LogService/uploading/H60-L02_V100R001CHNC00B316_ibgZsLcTwUwjRUfS$bGYj62+s7PQIV7+$RXAj5TCoig=_20160510234552428__ALL_COMMERCIAL.zip
I/LogCollectService( 3448): getUploadingFiles, file: /splash2/log/LogService/uploading/failed
I/LogCollectService( 3448): getUploadingFiles, file: /splash2/log/LogService/uploading/H60-L02_V100R001CHNC00B316_ibgZsLcTwUwjRUfS$bGYj62+s7PQIV7+$RXAj5TCoig=_20160915112655300__ALL_COMMERCIAL.zip
I/LogCollectService( 3448): getUploadingFiles, file: /splash2/log/LogService/uploading/H60-L02_V100R001CHNC00B316_ibgZsLcTwUwjRUfS$bGYj62+s7PQIV7+$RXAj5TCoig=_20170406070746175__ALL_COMMERCIAL.zip
I/LogCollectService( 3448): getUploadingFiles, file: /splash2/log/LogService/uploading/H60-L02_V100R001CHNC00B316_ibgZsLcTwUwjRUfS$bGYj62+s7PQIV7+$RXAj5TCoig=_20170410222608337__ALL_COMMERCIAL.zip
I/PackageLogInfoManager( 3448): checkPackageLogState
W/MotionDetectionManager( 3556): startMotionAppsReco motionApps: 402 disabled
W/HwLauncher( 3556): Launcher.MotionManager failed to start TYPE_SHAKE_CHANGE_WALLPAPER
I/HwLauncher( 3556): Launcher.MotionManager startShakeMotion mIsShakeInHome=true
W/MotionDetectionManager( 3556): startMotionAppsReco motionApps: 404 disabled
W/HwLauncher( 3556): Launcher.MotionManager failed to start TYPE_SHAKE_START_PRIVACY
I/HwLauncher( 3556): Launcher changeNaviBarStatus
W/HwLauncher( 3556): Launcher  updateMarginLayoutParamsForView:the target view is null.
I/HwLauncher( 3556): Launcher  onResume mIsToUninstallApp = false
I/HwLauncher( 3556): DynamicIcon onVisibilityChanged 0 - com.android.deskclock
I/HwLauncher( 3556): DynamicIcon onVisibilityChanged 0 - com.huawei.android.totemweather
I/HwLauncher( 3556): DynamicIcon onWindowVisibilityChanged 0 - com.android.deskclock
I/HwLauncher( 3556): DynamicIcon onWindowVisibilityChanged 0 - com.huawei.android.totemweather
I/PhoneStatusBar( 3296): hw_status_bar_operators = true, setSystemUIVisibily(SHOW_OPERATOR = false)
I/HwLauncher( 3556): WeatherDynamicUpdaterreceive action = com.huawei.android.action.launcher_weather_icon_change
I/HwLauncher( 3556): WeatherDynamicUpdaterreceiver data is int[] = [0, 0]
I/HwLauncher( 3556):  stringArray[] [unknown]
I/HwLauncher( 3556): ShortcutsProvider updateData: search n in Appliactions use time: 1
I/HwLauncher( 3556): ShortcutsProvider updateData: search n in Contacts use time: 25 i 0 ComponentName: ComponentInfo{com.android.contacts/com.android.contacts.activities.PeopleActivity}
I/HwLauncher( 3556): ShortcutsProvider updateData: search n in Contacts use time: 35 i 1 ComponentName: ComponentInfo{com.android.browser/com.android.browser.BookmarkSearch}
I/HwLauncher( 3556): ShortcutsProvider updateData: search n in Contacts use time: 48 i 2 ComponentName: ComponentInfo{com.android.contacts/com.android.mms.ui.SearchActivity}
I/HwEmailTag(23570): GlobalSearchProvider->handleGlobalSearch->uri:content://com.android.email.provider/globalSearch?limit=50&globalSearchKey=n;prefixglobalsearch
I/HwEmailTag(23570): EmailProvider->globalSearch:selection:n; limit:50;prefixglobalsearch
I/HwEmailTag(23570): EmailProvider->globalSearch:searchWhere:_id in () ;prefixglobalsearch
I/HwEmailTag(23570): EmailProvider->query->Query: content://com.android.email.provider/globalSearch?limit=50&globalSearchKey=n; start:1499851917800; consuming:3ms;ms;avg:16.3ms; max:182ms; counter:20
I/HwLauncher( 3556): ShortcutsProvider updateData: search n in Contacts use time: 17 i 3 ComponentName: ComponentInfo{com.android.email/com.android.email.activity.GlobalSearchDetail}
I/PhoneStatusBar( 3296): hw_status_bar_operators = true, setSystemUIVisibily(SHOW_OPERATOR = false)
E/Thermal-daemon( 2433): [ap] temp_new :38  temp_old :37
E/Thermal-daemon( 2433): Report temperature: [ap] temp :38  report_threshold:1
I/HwLauncher( 3556): ShortcutsProvider updateData: search n in Contacts use time: 28 i 4 ComponentName: ComponentInfo{com.android.calendar/com.android.calendar.hap.GlobalSearchSupport}
W/Binder  ( 3411): Caught a RuntimeException from the binder stub implementation.
W/Binder  ( 3411): java.lang.NullPointerException
W/Binder  ( 3411): 	at android.inputmethodservice.IInputMethodWrapper.setSessionEnabled(IInputMethodWrapper.java:280)
W/Binder  ( 3411): 	at com.android.internal.view.IInputMethod$Stub.onTransact(IInputMethod.java:129)
W/Binder  ( 3411): 	at android.os.Binder.execTransact(Binder.java:404)
W/Binder  ( 3411): 	at dalvik.system.NativeStart.run(Native Method)
W/System.err( 3411): java.lang.NullPointerException
W/System.err( 3411): 	at android.inputmethodservice.IInputMethodWrapper.setSessionEnabled(IInputMethodWrapper.java:280)
W/System.err( 3411): 	at com.android.internal.view.IInputMethod$Stub.onTransact(IInputMethod.java:129)
W/System.err( 3411): 	at android.os.Binder.execTransact(Binder.java:404)
W/System.err( 3411): 	at dalvik.system.NativeStart.run(Native Method)
I/HwLauncher( 3556): ShortcutsProvider updateData: search n in Contacts use time: 45 i 5 ComponentName: ComponentInfo{com.android.mediacenter/com.android.mediacenter.ui.local.search.LocalSearchActivity}
I/HwLauncher( 3556): ShortcutsProvider updateData: search n in Contacts use time: 28 i 6 ComponentName: ComponentInfo{com.example.android.notepad/com.example.android.notepad.NoteEditor}
W/System.err( 3088): java.lang.SecurityException: Permission Denial: opening provider com.android.calendar.CalendarRecentSuggestionsProvider from ProcessRecord{440877b0 3556:com.huawei.android.launcher/u0a49} (pid=3556, uid=10049) that is not exported from uid 10027
W/System.err( 3088): 	at com.android.server.am.ActivityManagerService.getContentProviderImpl(ActivityManagerService.java:8158)
W/System.err( 3088): 	at com.android.server.am.ActivityManagerService.getContentProvider(ActivityManagerService.java:8335)
W/System.err( 3088): 	at android.app.ActivityManagerNative.onTransact(ActivityManagerNative.java:704)
W/System.err( 3088): 	at com.android.server.am.ActivityManagerService.onTransact(ActivityManagerService.java:2282)
W/System.err( 3088): 	at huawei.com.android.server.am.HwActivityManagerService.onTransact(HwActivityManagerService.java:173)
W/System.err( 3088): 	at android.os.Binder.execTransact(Binder.java:404)
W/System.err( 3088): 	at dalvik.system.NativeStart.run(Native Method)
E/HwLauncher( 3556): exception happen at getSuggestions, the sableInfo is com.android.calendar and the exception is java.lang.SecurityException: Permission Denial: opening provider com.android.calendar.CalendarRecentSuggestionsProvider from ProcessRecord{440877b0 3556:com.huawei.android.launcher/u0a49} (pid=3556, uid=10049) that is not exported from uid 10027
I/HwLauncher( 3556): ShortcutsProvider  BubbleInfo init com.huawei.android.launcher.search.ShortcutsProvider@44143ad0 
I/HwLauncher( 3556): ShortcutsProvider updateData: search n in Contacts use time: 18 i 7 ComponentName: ComponentInfo{com.android.calendar/com.android.calendar.SearchActivity}
W/DynamiteModule(15717): Local module descriptor class for com.google.android.gms.googlecertificates not found.
W/GooglePlayServicesUtil(15717): Google Play Store is missing.
I/DynamiteModule(15717): Considering local module com.google.android.gms.googlecertificates:0 and remote module com.google.android.gms.googlecertificates:0
E/GoogleCertificates(15717): Failed to load com.google.android.gms.googlecertificates: No acceptable module found. Local version is 0 and remote version is 0.
W/DynamiteModule(15717): Local module descriptor class for com.google.android.gms.googlecertificates not found.
W/GooglePlayServicesUtil(15717): Google Play Store is missing.
I/DynamiteModule(15717): Considering local module com.google.android.gms.googlecertificates:0 and remote module com.google.android.gms.googlecertificates:0
E/GoogleCertificates(15717): Failed to load com.google.android.gms.googlecertificates: No acceptable module found. Local version is 0 and remote version is 0.
E/chromium(15717): [ERROR:android_provider_backend.cc(860)] Can not find favicon's page url
E/chromium(15717): [ERROR:android_provider_backend.cc(860)] Can not find favicon's page url
E/chromium(15717): [ERROR:android_provider_backend.cc(860)] Can not find favicon's page url
E/chromium(15717): [ERROR:android_provider_backend.cc(860)] Can not find favicon's page url
E/chromium(15717): [ERROR:android_provider_backend.cc(860)] Can not find favicon's page url
E/chromium(15717): [ERROR:android_provider_backend.cc(860)] Can not find favicon's page url
I/HwLauncher( 3556): ShortcutsProvider updateData: search n in Contacts use time: 441 i 8 ComponentName: ComponentInfo{com.android.chrome/com.google.android.apps.chrome.Main}
W/System.err(23535): java.lang.SecurityException: permission denial for caller uid:10049 caller package:com.huawei.android.launcher uri: content://com.evernote.evernoteprovider/search_suggest_query/n?limit=50
W/System.err(23535): 	at com.evernote.provider.EvernoteProvider.a(EvernoteProvider.java:9658)
W/System.err(23535): 	at com.evernote.provider.EvernoteProvider.query(EvernoteProvider.java:1960)
W/System.err(23535): 	at android.content.ContentProvider.query(ContentProvider.java:857)
W/System.err(23535): 	at android.content.ContentProvider$Transport.query(ContentProvider.java:200)
W/System.err(23535): 	at android.content.ContentProviderNative.onTransact(ContentProviderNative.java:112)
W/System.err(23535): 	at android.os.Binder.execTransact(Binder.java:404)
W/System.err(23535): 	at dalvik.system.NativeStart.run(Native Method)
E/DatabaseUtils(23535): Writing exception to parcel
E/DatabaseUtils(23535): java.lang.SecurityException: permission denial for caller uid:10049 caller package:com.huawei.android.launcher uri: content://com.evernote.evernoteprovider/search_suggest_query/n?limit=50
E/DatabaseUtils(23535): 	at com.evernote.provider.EvernoteProvider.a(EvernoteProvider.java:9658)
E/DatabaseUtils(23535): 	at com.evernote.provider.EvernoteProvider.query(EvernoteProvider.java:1960)
E/DatabaseUtils(23535): 	at android.content.ContentProvider.query(ContentProvider.java:857)
E/DatabaseUtils(23535): 	at android.content.ContentProvider$Transport.query(ContentProvider.java:200)
E/DatabaseUtils(23535): 	at android.content.ContentProviderNative.onTransact(ContentProviderNative.java:112)
E/DatabaseUtils(23535): 	at android.os.Binder.execTransact(Binder.java:404)
E/DatabaseUtils(23535): 	at dalvik.system.NativeStart.run(Native Method)
E/HwLauncher( 3556): exception happen at getSuggestions, the sableInfo is com.evernote and the exception is java.lang.SecurityException: permission denial for caller uid:10049 caller package:com.huawei.android.launcher uri: content://com.evernote.evernoteprovider/search_suggest_query/n?limit=50
I/HwLauncher( 3556): ShortcutsProvider  BubbleInfo init com.huawei.android.launcher.search.ShortcutsProvider@44143ad0 
I/HwLauncher( 3556): ShortcutsProvider updateData: search n in Contacts use time: 16 i 9 ComponentName: ComponentInfo{com.evernote/com.evernote.ui.GoogleSearchResultRedirectActivity}
I/AndroidRuntime(20149): VM exiting with result code 0.
E/android_hardware_fm.cpp(20277): register_android_hardware_fm_fmradio
E/FM_HAL  (20277): [FM_HAL], fm_dynamic_lib is libbcmfm_if
E/FM_HAL  (20277): [FM_HAL], libname is libbcmfm_if
E/fm_if.c (20277): find the id:libbcmfm_if and begins to open the devices
E/android_hardware_fm.cpp(20277): register_android_hardware_fm_fmradio, ret is 0
E/        (20277): ProtocolErrorLog wangkang test!!
I/HwLauncher( 3556): ClockDynamicUpdater date changed!!!!!!
I/HwLauncher( 3556): DynamicIconData , getDrawableForDynamic begin, pkg = com.android.deskclock, picName = deskclock_bg
I/HwLauncher( 3556): DynamicIconData , getDrawableForDynamic end, pkg = com.android.deskclock, picName = deskclock_bg
I/HwLauncher( 3556): DynamicIconData , getDrawableForDynamic begin, pkg = com.android.deskclock, picName = deskclock_bg
I/HwLauncher( 3556): DynamicIconData , getDrawableForDynamic end, pkg = com.android.deskclock, picName = deskclock_bg
I/HwLauncher( 3556): Launcher.Utilities createIconBitmap sourceWidth = 180sourceHeight = 180
I/HwLauncher( 3556): ClockDynamicUpdater calender update folder at CalenderDynamicUpdater
I/HwLauncher( 3556): DynamicUpdater call updateFolder
I/HwLauncher( 3556): ClockDynamicUpdater Calender update and call updateFolder
I/HwLauncher( 3556): CalenderDynamicUpdater date changed!!!!!!
I/HwLauncher( 3556): CalenderDynamicUpdater Calender update and call updateFolder
I/wpa_supplicant(27617): wlan0: HEART-BEAT-ACK: 223
E/Thermal-daemon( 2433): [pa_0] temp_new :36  temp_old :35
E/Thermal-daemon( 2433): Report temperature: [pa_0] temp :36  report_threshold:1
W/Settings(  330): Setting auto_time has moved from android.provider.Settings.System to android.provider.Settings.Global, returning read-only value.
W/Settings(  305): Setting auto_time has moved from android.provider.Settings.System to android.provider.Settings.Global, returning read-only value.
E/Thermal-daemon( 2433): [ap] temp_new :37  temp_old :38
E/Thermal-daemon( 2433): Report temperature: [ap] temp :37  report_threshold:1
E/Thermal-daemon( 2433): [pa_0] temp_new :35  temp_old :36
E/Thermal-daemon( 2433): Report temperature: [pa_0] temp :35  report_threshold:1
E/CommandListener( 2419): readDefRoute call readDefRoute
E/SecondaryTablController( 2419): isWifiDefaultRouteExisted /system/bin/ip route
E/CommandListener( 2419): readDefRoute Rsp ok
I/wpa_supplicant(27617): wlan0: HEART-BEAT-ACK: 224
I/CAPALiteReceiver( 3513): USER STATE: STATIONARY SUB STATE: UNKNOWN
E/Thermal-daemon( 2433): [ap] temp_new :36  temp_old :37
E/Thermal-daemon( 2433): Report temperature: [ap] temp :36  report_threshold:1
E/android_hardware_fm.cpp(20367): register_android_hardware_fm_fmradio
E/FM_HAL  (20367): [FM_HAL], fm_dynamic_lib is libbcmfm_if
E/FM_HAL  (20367): [FM_HAL], libname is libbcmfm_if
E/fm_if.c (20367): find the id:libbcmfm_if and begins to open the devices
E/android_hardware_fm.cpp(20367): register_android_hardware_fm_fmradio, ret is 0
E/        (20367): ProtocolErrorLog wangkang test!!
E/Thermal-daemon( 2433): [charger] temp_new :35  temp_old :36
E/Thermal-daemon( 2433): Report temperature: [charger] temp :35  report_threshold:1
E/Thermal-daemon( 2433): [flash_led] temp_new :34  temp_old :35
E/Thermal-daemon( 2433): Report temperature: [flash_led] temp :34  report_threshold:1
I/wpa_supplicant(27617): wlan0: HEART-BEAT-ACK: 225
E/android_hardware_fm.cpp(20417): register_android_hardware_fm_fmradio
E/FM_HAL  (20417): [FM_HAL], fm_dynamic_lib is libbcmfm_if
E/FM_HAL  (20417): [FM_HAL], libname is libbcmfm_if
E/android_hardware_fm.cpp(20419): register_android_hardware_fm_fmradio
E/FM_HAL  (20419): [FM_HAL], fm_dynamic_lib is libbcmfm_if
E/FM_HAL  (20419): [FM_HAL], libname is libbcmfm_if
E/fm_if.c (20419): find the id:libbcmfm_if and begins to open the devices
E/fm_if.c (20417): find the id:libbcmfm_if and begins to open the devices
E/android_hardware_fm.cpp(20417): register_android_hardware_fm_fmradio, ret is 0
E/android_hardware_fm.cpp(20419): register_android_hardware_fm_fmradio, ret is 0
E/        (20419): ProtocolErrorLog wangkang test!!
E/        (20417): ProtocolErrorLog wangkang test!!
E/CommandListener( 2419): readDefRoute call readDefRoute
E/SecondaryTablController( 2419): isWifiDefaultRouteExisted /system/bin/ip route
E/CommandListener( 2419): readDefRoute Rsp ok
I/wpa_supplicant(27617): wlan0: HEART-BEAT-ACK: 226
I/HwLauncher( 3556): ClockDynamicUpdater date changed!!!!!!
I/HwLauncher( 3556): DynamicIconData , getDrawableForDynamic begin, pkg = com.android.deskclock, picName = deskclock_bg
I/HwLauncher( 3556): DynamicIconData , getDrawableForDynamic end, pkg = com.android.deskclock, picName = deskclock_bg
I/HwLauncher( 3556): DynamicIconData , getDrawableForDynamic begin, pkg = com.android.deskclock, picName = deskclock_bg
I/HwLauncher( 3556): DynamicIconData , getDrawableForDynamic end, pkg = com.android.deskclock, picName = deskclock_bg
I/HwLauncher( 3556): Launcher.Utilities createIconBitmap sourceWidth = 180sourceHeight = 180
I/HwLauncher( 3556): ClockDynamicUpdater calender update folder at CalenderDynamicUpdater
I/HwLauncher( 3556): DynamicUpdater call updateFolder
I/HwLauncher( 3556): ClockDynamicUpdater Calender update and call updateFolder
I/HwLauncher( 3556): CalenderDynamicUpdater date changed!!!!!!
I/HwLauncher( 3556): CalenderDynamicUpdater Calender update and call updateFolder
I/wpa_supplicant(27617): wlan0: HEART-BEAT-ACK: 227
E/Thermal-daemon( 2433): [ap] temp_new :35  temp_old :36
E/Thermal-daemon( 2433): Report temperature: [ap] temp :35  report_threshold:1
I/PushLog2551( 6821): [ReceiverDispatcher-256]read to Send:DA(android/ConnectEntity.java:120)
E/android_hardware_fm.cpp(20512): register_android_hardware_fm_fmradio
E/FM_HAL  (20512): [FM_HAL], fm_dynamic_lib is libbcmfm_if
E/FM_HAL  (20512): [FM_HAL], libname is libbcmfm_if
E/fm_if.c (20512): find the id:libbcmfm_if and begins to open the devices
E/android_hardware_fm.cpp(20512): register_android_hardware_fm_fmradio, ret is 0
E/        (20512): ProtocolErrorLog wangkang test!!
E/CommandListener( 2419): readDefRoute call readDefRoute
E/SecondaryTablController( 2419): isWifiDefaultRouteExisted /system/bin/ip route
E/CommandListener( 2419): readDefRoute Rsp ok
I/wpa_supplicant(27617): wlan0: HEART-BEAT-ACK: 228
I/wpa_supplicant(27617): wlan0: HEART-BEAT-ACK: 229
E/Thermal-daemon( 2433): [pa_0] temp_new :34  temp_old :35
E/Thermal-daemon( 2433): Report temperature: [pa_0] temp :34  report_threshold:1
E/android_hardware_fm.cpp(20605): register_android_hardware_fm_fmradio
E/FM_HAL  (20605): [FM_HAL], fm_dynamic_lib is libbcmfm_if
E/FM_HAL  (20605): [FM_HAL], libname is libbcmfm_if
E/fm_if.c (20605): find the id:libbcmfm_if and begins to open the devices
E/android_hardware_fm.cpp(20605): register_android_hardware_fm_fmradio, ret is 0
E/        (20605): ProtocolErrorLog wangkang test!!
I/K3V3CpuGovernorPolicy( 3513): set scene Hmp policy : 300 , 150
I/HwLauncher( 3556): Launcher onPause()
W/HwLauncher( 3556): Launcher.MotionManager failed to stop TYPE_SHAKE_CHANGE_WALLPAPER
W/HwLauncher( 3556): Launcher.MotionManager failed to stop TYPE_SHAKE_START_PRIVACY
I/HwLauncher( 3556): Launcher onStop()
E/HwLauncher( 3556): Launcher dialog dismiss failed : java.lang.IllegalArgumentException: no dialog with id 1 was ever shown via Activity#showDialog
I/HwLauncher( 3556): Launcher dynamicIconsUnregister
I/HwLauncher( 3556): DynamicUpdater unregisterReceiver
I/HwLauncher( 3556): DynamicIcon onPause  isvisible = false   mAttachedToWindow:true    mWindowVisible:truecom.android.deskclock
I/HwLauncher( 3556): DynamicUpdater unregisterReceiver
I/HwLauncher( 3556): DynamicIcon onPause  isvisible = true   mAttachedToWindow:false    mWindowVisible:falsecom.android.calendar
I/HwLauncher( 3556): DynamicUpdater unregisterReceiver
I/HwLauncher( 3556): DynamicIcon onPause  isvisible = true   mAttachedToWindow:true    mWindowVisible:truecom.huawei.android.totemweather
I/HwLauncher( 3556): DynamicIcon onVisibilityChanged 4 - com.android.deskclock
I/HwLauncher( 3556): DynamicIcon onVisibilityChanged 4 - com.huawei.android.totemweather
I/HwLauncher( 3556): DynamicIcon onWindowVisibilityChanged 4 - com.android.deskclock
I/HwLauncher( 3556): DynamicIcon onWindowVisibilityChanged 4 - com.huawei.android.totemweather
I/HwLauncher( 3556): DynamicIcon onWindowVisibilityChanged 8 - com.android.deskclock
I/HwLauncher( 3556): DynamicIcon onWindowVisibilityChanged 8 - com.huawei.android.totemweather
I/PhoneStatusBar( 3296): hw_status_bar_operators = true, setSystemUIVisibily(SHOW_OPERATOR = false)
I/ActivityManager( 3088): Displayed com.example.monkey/.MainActivity: +380ms
E/android_hardware_fm.cpp(20648): register_android_hardware_fm_fmradio
E/FM_HAL  (20648): [FM_HAL], fm_dynamic_lib is libbcmfm_if
E/FM_HAL  (20648): [FM_HAL], libname is libbcmfm_if
E/fm_if.c (20648): find the id:libbcmfm_if and begins to open the devices
E/android_hardware_fm.cpp(20648): register_android_hardware_fm_fmradio, ret is 0
E/        (20648): ProtocolErrorLog wangkang test!!
I/K3V3CpuGovernorPolicy( 3513): close previously scene Hmp policy : 300 , 150
I/ActivityManager( 3088): Displayed com.example.monkey/.MainActivity: +128ms
I/InputDispatcher( 3088): maybe input dispatch timeout, send to pg
E/Thermal-daemon( 2433): [ap] temp_new :36  temp_old :35
E/Thermal-daemon( 2433): Report temperature: [ap] temp :36  report_threshold:1
W/dalvikvm(20616): threadid=1: thread exiting with uncaught exception (group=0x41a63c50)
I/Process ( 3088): Sending signal. PID: 20616 SIG: 9
I/logserver( 2435): Object Path:/data/system/dropbox/, mask=0x00000080
I/logserver( 2435): event->len=48, name=data_app_crash@1499852023642.txt
I/logserver( 2435): find_first_match: find match, plogs(type=1, pfile=/data/system/dropbox/, match=app_crash)
I/logserver( 2435): move_dir:src_path=/data/log/dbox/appdbg/logcache
I/logserver( 2435): move_dir:dst_path=/data/log/logcache/14677792/
I/logserver( 2435): is_all_ready, any file is ready in non-keyfile exception.
I/logserver( 2435): extract_appname, forward search, appname=com.example.monkey
I/logserver( 2435): archive_and_send, pos=0, type=crash, output=20170712173343_crash
I/logserver( 2435): ---copy_match_files enter!!--
I/logserver( 2435): [copy_match_files,829]: copy [/data/system/dropbox/data_app_crash@1499852023642.txt] to [/data/log/logcache/14677792/data_app_crash@1499852023642.txt]
I/logserver( 2435): internal_archive, argc=7
I/logserver( 2435): get_fault_appname, appname=com.example.monkey
I/logserver( 2435): handle_archive_exception, argc=7
I/logserver( 2435): get alarm time = 97112 (sec.)!
I/logserver( 2435): log_apr_add_record open file:/data/log/apr/H60-L02_V100R001CHNC00B316_DU2TAN15AJ049163_20170111211033_statistics
I/logserver( 2435): move_input_files, create dir [/data/log/unzip/H60-L02_V100R001CHNC00B316_DU2TAN15AJ049163_20170712173343_crash]
I/logserver( 2435): copy_file_to_dir, /data/log/logcache/14677792/data_app_crash@1499852023642.txt -> /data/log/unzip/H60-L02_V100R001CHNC00B316_DU2TAN15AJ049163_20170712173343_crash
I/logserver( 2435): copy_file_to_dir, /data/log/logcache/14677792/finger.txt -> /data/log/unzip/H60-L02_V100R001CHNC00B316_DU2TAN15AJ049163_20170712173343_crash
I/logserver( 2435): init_notify_fifo, before change /data/log/logcontrol owner
I/logserver( 2435): Process 2586 opening FIFO for O_WRONLY
I/logserver( 2435): Process 2586 opened fifo(19)
I/logserver( 2435): notify_logcontrol, 2586 sent /data/log/unzip/H60-L02_V100R001CHNC00B316_DU2TAN15AJ049163_20170712173343_crash 
I/logserver( 2435): check_dir_size, dir[/data/log/coredump/] doesn't exist
I/logserver( 2435): thread_logcontrol, select ret = 1
I/logserver( 2435): clean_cur_cache:962, system(rm -r /data/log/logcache/14677792/* > /dev/null 2>&1)
I/logserver( 2435): handle_notify_event, read res = 324, client pid = 2586, data=/data/log/unzip/H60-L02_V100R001CHNC00B316_DU2TAN15AJ049163_20170712173343_crash
I/logserver( 2435): build_notify_string,ModuleName = com.example.monkey
I/logserver( 2435): build_notify_string,product name = H60-L02
I/logserver( 2435): handle_notify_event, send msg [submit:trigger=0,bugtype=2,modulename=com.example.monkey,level=1,testtype=NORMAL,path=/data/log/unzip/H60-L02_V100R001CHNC00B316_DU2TAN15AJ049163_20170712173343_crash;]
I/logserver( 2435): send_to_client, send to (18) res = 167
E/SubmitMessage( 3448): Submit string: submit:trigger=0,bugtype=2,modulename=com.example.monkey,level=1,testtype=NORMAL,path=/data/log/unzip/H60-L02_V100R001CHNC00B316_DU2TAN15AJ049163_20170712173343_crash
I/logserver( 2435): Object Path:/data/log/apr/, mask=0x00000008
I/logserver( 2435): event->len=80, name=H60-L02_V100R001CHNC00B316_DU2TAN15AJ049163_20170111211033_statistics
I/logserver( 2435): process_one_event, can not find this event(H60-L02_V100R001CHNC00B316_DU2TAN15AJ049163_20170111211033_statistics)
I/logserver( 2435): clean_cur_cache:962, system(rm -r /data/log/logcache/14677792/* > /dev/null 2>&1)
I/LogServiceSetting( 3448): checkMemorydumpByPath: filePath is /storage/emulated/legacy/bugreports/ramdump
I/LogServiceSetting( 3448): CheckMemorydumpByPath: /storage/emulated/legacy/bugreports/ramdumpis not exist.
I/LogServiceSetting( 3448): checkMemorydumpByPath: filePath is /storage/sdcard1/bugreports/ramdump
I/LogServiceSetting( 3448): CheckMemorydumpByPath: /storage/sdcard1/bugreports/ramdumpis not exist.
I/LogCollectService( 3448): getUploadingFiles, file: /splash2/log/LogService/uploading/H60-L02_V100R001CHNC00B316_ibgZsLcTwUwjRUfS$bGYj62+s7PQIV7+$RXAj5TCoig=_20160510234552428__ALL_COMMERCIAL.zip
I/LogCollectService( 3448): getUploadingFiles, file: /splash2/log/LogService/uploading/failed
I/LogCollectService( 3448): getUploadingFiles, file: /splash2/log/LogService/uploading/H60-L02_V100R001CHNC00B316_ibgZsLcTwUwjRUfS$bGYj62+s7PQIV7+$RXAj5TCoig=_20160915112655300__ALL_COMMERCIAL.zip
I/LogCollectService( 3448): getUploadingFiles, file: /splash2/log/LogService/uploading/H60-L02_V100R001CHNC00B316_ibgZsLcTwUwjRUfS$bGYj62+s7PQIV7+$RXAj5TCoig=_20170406070746175__ALL_COMMERCIAL.zip
I/LogCollectService( 3448): getUploadingFiles, file: /splash2/log/LogService/uploading/H60-L02_V100R001CHNC00B316_ibgZsLcTwUwjRUfS$bGYj62+s7PQIV7+$RXAj5TCoig=_20170410222608337__ALL_COMMERCIAL.zip
I/PackageLogInfoManager( 3448): checkPackageLogState
I/InputDispatcher( 3088): Dropping event because there is no touchable window at (423, 1142).
W/Binder  ( 3411): Caught a RuntimeException from the binder stub implementation.
W/Binder  ( 3411): java.lang.NullPointerException
W/Binder  ( 3411): 	at android.inputmethodservice.IInputMethodWrapper.setSessionEnabled(IInputMethodWrapper.java:280)
W/Binder  ( 3411): 	at com.android.internal.view.IInputMethod$Stub.onTransact(IInputMethod.java:129)
W/Binder  ( 3411): 	at android.os.Binder.execTransact(Binder.java:404)
W/Binder  ( 3411): 	at dalvik.system.NativeStart.run(Native Method)
W/System.err( 3411): java.lang.NullPointerException
W/System.err( 3411): 	at android.inputmethodservice.IInputMethodWrapper.setSessionEnabled(IInputMethodWrapper.java:280)
W/System.err( 3411): 	at com.android.internal.view.IInputMethod$Stub.onTransact(IInputMethod.java:129)
W/System.err( 3411): 	at android.os.Binder.execTransact(Binder.java:404)
W/System.err( 3411): 	at dalvik.system.NativeStart.run(Native Method)
I/ActivityManager( 3088): Displayed com.example.monkey/.MainActivity: +624ms
I/MusicApplication(20741): MusicApplication init...
I/Bootstrap(20741): Starting system startup ...
I/Configurator(20741): onlineEnable :true, emotionVersion :3.0
I/Bootstrap(20741): System startup in 67 ms.
I/MusicApplication(20741): MusicApplication init.
I/mediabutton(20741): keycode: 88 command: previous eventtime: 77416325 RepeatCount:0
I/CAEngineHelper(20741): CA Swtich: true
I/MediaPlaybackService(20741): init.
I/BaseQueuePlaybackService(20741): init
I/APE_JNI (20741): native init sucessfully!
I/APE_JNI (20741): native_setup sucessfully!
I/PlayerProxy(20741): setAudioStreamType streamtype = 3
I/AndroidPlayer(20741): setAudioStreamType streamtype = 3
I/ApePlayer_JAVA(20741): setAudioStreamType streamtype = 3
W/System.err( 3088): java.lang.SecurityException: WifiService: Neither user 10050 nor current process has android.permission.CHANGE_WIFI_STATE.
W/System.err( 3088): 	at android.app.ContextImpl.enforce(ContextImpl.java:1775)
W/System.err( 3088): 	at android.app.ContextImpl.enforceCallingOrSelfPermission(ContextImpl.java:1804)
W/System.err( 3088): 	at com.android.server.wifi.WifiService.enforceChangePermission(WifiService.java:636)
W/System.err( 3088): 	at com.android.server.wifi.WifiService.getWifiServiceMessenger(WifiService.java:1285)
W/System.err( 3088): 	at android.net.wifi.IWifiManager$Stub.onTransact(IWifiManager.java:423)
W/System.err( 3088): 	at huawei.com.android.server.wifi.HwWifiService.onTransact(HwWifiService.java:58)
W/System.err( 3088): 	at android.os.Binder.execTransact(Binder.java:404)
W/System.err( 3088): 	at dalvik.system.NativeStart.run(Native Method)
W/dalvikvm(20741): VFY: unable to find class referenced in signature (Landroid/media/dolby/IDolbyMobileSystemInterface;)
W/dalvikvm(20741): VFY: unable to find class referenced in signature (Landroid/media/dolby/IDolbyMobileSystemInterface;)
W/dalvikvm(20741): VFY: unable to find class referenced in signature (Landroid/media/dolby/IDolbyMobileSystemInterface;)
W/dalvikvm(20741): VFY: unable to find class referenced in signature (Landroid/media/dolby/DolbyMobileAudioEffectClient;)
I/dalvikvm(20741): Could not find method android.media.dolby.DolbyMobileAudioEffectClient.getDolbyEffectOn, referenced from method com.android.mediacenter.components.playback.soundeffect.dolby.DolbyClient.isGlobalDolbyOn
W/dalvikvm(20741): VFY: unable to resolve virtual method 860: Landroid/media/dolby/DolbyMobileAudioEffectClient;.getDolbyEffectOn ()Z
I/dalvikvm(20741): Could not find method android.media.dolby.IDolbyMobileSystemInterface.currentPreset, referenced from method com.android.mediacenter.components.playback.soundeffect.dolby.DolbyClient.setDolbyPreset
W/dalvikvm(20741): VFY: unable to resolve interface method 865: Landroid/media/dolby/IDolbyMobileSystemInterface;.currentPreset ()I
I/dalvikvm(20741): Failed resolving Lcom/android/mediacenter/components/playback/soundeffect/dolby/DolbyClient$3; interface 181 'Landroid/media/dolby/DolbyMobileClientCallbacks;'
W/dalvikvm(20741): Link of class 'Lcom/android/mediacenter/components/playback/soundeffect/dolby/DolbyClient$3;' failed
E/dalvikvm(20741): Could not find class 'com.android.mediacenter.components.playback.soundeffect.dolby.DolbyClient$3', referenced from method com.android.mediacenter.components.playback.soundeffect.dolby.DolbyClient.bindDolbyService
W/dalvikvm(20741): VFY: unable to resolve new-instance 929 (Lcom/android/mediacenter/components/playback/soundeffect/dolby/DolbyClient$3;) in Lcom/android/mediacenter/components/playback/soundeffect/dolby/DolbyClient;
E/dalvikvm(20741): Could not find class 'android.media.dolby.DolbyMobileAudioEffectClient', referenced from method com.android.mediacenter.components.playback.soundeffect.dolby.DolbyClient.bindDolbyService
W/dalvikvm(20741): VFY: unable to resolve new-instance 180 (Landroid/media/dolby/DolbyMobileAudioEffectClient;) in Lcom/android/mediacenter/components/playback/soundeffect/dolby/DolbyClient;
I/dalvikvm(20741): Could not find method android.media.dolby.IDolbyMobileSystemInterface.getEffectOn, referenced from method com.android.mediacenter.components.playback.soundeffect.dolby.DolbyClient.getDolbyEffectOn
W/dalvikvm(20741): VFY: unable to resolve interface method 866: Landroid/media/dolby/IDolbyMobileSystemInterface;.getEffectOn ()Z
I/dalvikvm(20741): Could not find method android.media.dolby.IDolbyMobileSystemInterface.getEffectOn, referenced from method com.android.mediacenter.components.playback.soundeffect.dolby.DolbyClient.setDolbyEffectOn
W/dalvikvm(20741): VFY: unable to resolve interface method 866: Landroid/media/dolby/IDolbyMobileSystemInterface;.getEffectOn ()Z
I/dalvikvm(20741): Could not find method android.media.dolby.DolbyMobileAudioEffectClient.setDolbyEffectByPass, referenced from method com.android.mediacenter.components.playback.soundeffect.dolby.DolbyClient.setGlobleEffect
W/dalvikvm(20741): VFY: unable to resolve virtual method 862: Landroid/media/dolby/DolbyMobileAudioEffectClient;.setDolbyEffectByPass (Z)V
I/dalvikvm(20741): Could not find method android.media.dolby.IDolbyMobileSystemInterface.getEffectOn, referenced from method com.android.mediacenter.components.playback.soundeffect.dolby.DolbyClient.setGlobleEffect
W/dalvikvm(20741): VFY: unable to resolve interface method 866: Landroid/media/dolby/IDolbyMobileSystemInterface;.getEffectOn ()Z
I/dalvikvm(20741): Could not find method android.media.dolby.DolbyMobileAudioEffectClient.unBindFromRemoteRunningService, referenced from method com.android.mediacenter.components.playback.soundeffect.dolby.DolbyClient.unBindDolbyService
W/dalvikvm(20741): VFY: unable to resolve virtual method 864: Landroid/media/dolby/DolbyMobileAudioEffectClient;.unBindFromRemoteRunningService (Landroid/app/Service;)V
I/dalvikvm(20741): Failed resolving Lcom/android/mediacenter/components/playback/soundeffect/dolby/DolbyClient$3; interface 181 'Landroid/media/dolby/DolbyMobileClientCallbacks;'
W/dalvikvm(20741): Link of class 'Lcom/android/mediacenter/components/playback/soundeffect/dolby/DolbyClient$3;' failed
I/str_params( 2427): key: 'srs_cfg:lib_version' value: ''
I/AudioFlinger( 2427): DTS_ERR_keyValuePairs (0) srs_cfg:trumedia_enable=1
E/AudioFlinger( 2427): setLppDtsGeq():invalid keyValue of dts geq.
I/MediaPlaybackService(20741): initWakeLock.
I/MediaPlaybackService(20741): initOnlineLogic
I/PicAndLyricHelper(20741): PicAndLyricHelper...
I/PicAndLyricHelper(20741): PicAndLyricHelper.
I/AudioManager(20741): packageName = :    com.android.mediacenter
W/ContextImpl(20741): Implicit intents with startService are not safe: Intent { act=com.huawei.internetaudioservice.autoaction (has extras) } android.media.AudioManager.updateTargetInService:2212 android.media.AudioManager.registerMediaButtonEventReceiver:2193 com.android.mediacenter.components.playback.systeminteract.ScreenLockController.registerRemoteControlClient:207 
I/MediaFocusControl( 3088):   Remote Control   registerMediaButtonIntent() for PendingIntent{451b7e60: PendingIntentRecord{445af2a0 com.android.mediacenter broadcastIntent}}
I/ScreenLockController(20741): Build.VERSION.SDK_INT: 19
I/MediaPlaybackService(20741): reloadQueue
I/QueueManager(20741): reloadQueue
I/QueueManager(20741): reloadQueue mCurrentPlayPlaylistId : -999
I/MusicProvider(20741): MediaCenterProvider       --------> mediacenter db create
I/MusicProvider(20741): MediaCenterProvider       -------->  tableName uri = content://mediacenter/external/audio/info
I/QueueManager(20741): reloadQueue mPlayListLen :13
I/QueueManager(20741): reloadQueue last played id :70848
I/MusicProvider(20741): MediaCenterProvider       -------->  tableName uri = content://mediacenter/external/audio
I/QueueManager(20741): create playlist end, id: 70848
I/MediaPlaybackService(20741): openCurrent pos:2, len :13
I/MediaPlaybackService(20741): stop removeIcon: false
I/MusicOnlinePlayer(20741): stopDownload
I/PlayerProxy(20741): reset
I/AndroidPlayer(20741): reset
I/PlayerProxy(20741): setAudioStreamType streamtype = 3
I/AndroidPlayer(20741): setAudioStreamType streamtype = 3
I/ApePlayer_JAVA(20741): setAudioStreamType streamtype = 3
I/PlayerProxy(20741): setDataSource path = /system/media/Pre-loaded/Music/Hit_Da_Stylin.mp3
I/AndroidPlayer(20741): setDataSource path = /system/media/Pre-loaded/Music/Hit_Da_Stylin.mp3
I/PlayerProxy(20741): prepare
I/AndroidPlayer(20741): prepare
I/MediaPlaybackService(20741): notifyChange :com.android.mediacenter.metachanged
I/MediaPlaybackService(20741): seek pos :6557
I/PlayerProxy(20741): seekTo msec = 6557
I/AndroidPlayer(20741): seekTo msec 6557
I/MediaPlaybackService(20741): gotoIdleState()
I/MediaPlaybackService(20741): notifyChange :com.android.mediacenter.playstatechanged
I/MediaPlaybackService(20741): notifyChange state:2
I/MediaPlaybackService(20741): onStartCommand  action: com.android.mediacenter.mediaplayerservicecommand, cmd: previous
I/BaseQueuePlaybackService(20741): mIntentReceiver onReceive action:com.android.mediacenter.mediaplayerservicecommand, cmd:previous
I/BaseQueuePlaybackService(20741): prev
I/PlayerProxy(20741): isPlaying = false
I/mediabutton(20741): keycode: 88 command: previous eventtime: 77416328 RepeatCount:0
E/MediaPlayer(20741): Should have subtitle controller already set
I/AndroidPlayer(20741): onPrepared
I/PicAndLyricHelper(20741): autoGetLyricForLocalSong duration: 127130, isPlayerInited: true
I/PicAndLyricHelper(20741): checkLocalPicAndLyric...
I/PicAndLyricHelper(20741): isAutoGet: false, isNetConn: true, hasLyric: false
I/PicAndLyricHelper(20741): checkLocalPicAndLyric.
I/MediaPlaybackService(20741):  OPEN_PLAY
I/MediaPlaybackService(20741): openWithDlnaCheck
I/PlayerProxy(20741): isPlaying = false
I/MediaPlaybackService(20741): stop removeIcon: false
I/MusicOnlinePlayer(20741): stopDownload
I/PlayerProxy(20741): reset
I/AndroidPlayer(20741): reset
I/MediaPlaybackService(20741): openCurrent pos:1, len :13
I/MediaPlaybackService(20741): stop removeIcon: false
I/MusicOnlinePlayer(20741): stopDownload
I/PlayerProxy(20741): reset
I/AndroidPlayer(20741): reset
I/PlayerProxy(20741): setAudioStreamType streamtype = 3
I/AndroidPlayer(20741): setAudioStreamType streamtype = 3
I/ApePlayer_JAVA(20741): setAudioStreamType streamtype = 3
I/PlayerProxy(20741): setDataSource path = /storage/emulated/0/goldfallen.mp3
I/AndroidPlayer(20741): setDataSource path = /storage/emulated/0/goldfallen.mp3
I/PlayerProxy(20741): prepareAsync
I/AndroidPlayer(20741): prepareAsync
I/MediaPlaybackService(20741): notifyChange :com.android.mediacenter.metachanged
I/Mp3Tag2Info(20741): get bitmap from mp3 start 
I/MediaSyncService(20741): onCreate,mScanning:false
E/MediaPlayer(20741): Should have subtitle controller already set
I/AndroidPlayer(20741): onPrepared
I/MediaPlaybackService(20741): autoPlay
I/MediaPlaybackService(20741): play...
I/MediaFocusControl( 3088):  AudioFocus  requestAudioFocus() from android.media.AudioManager@4375faf0com.android.mediacenter.localmusic.services.BasePlaybackService$1@4374b6b8
I/AudioManager(20741): requestAudioFocus() status : 1
I/AudioManager(20741): requestAudioFocus() apk    : com.android.mediacenter
I/AudioManager(20741): requestAudioFocus() isLpa true
W/MessageQueue( 3296): Handler (android.media.AudioManager$FocusEventHandlerDelegate$1) {461eb7e0} sending message to a Handler on a dead thread
W/MessageQueue( 3296): java.lang.RuntimeException: Handler (android.media.AudioManager$FocusEventHandlerDelegate$1) {461eb7e0} sending message to a Handler on a dead thread
W/MessageQueue( 3296): 	at android.os.MessageQueue.enqueueMessage(MessageQueue.java:320)
W/MessageQueue( 3296): 	at android.os.Handler.enqueueMessage(Handler.java:626)
W/MessageQueue( 3296): 	at android.os.Handler.sendMessageAtTime(Handler.java:595)
W/MessageQueue( 3296): 	at android.os.Handler.sendMessageDelayed(Handler.java:566)
W/MessageQueue( 3296): 	at android.os.Handler.sendMessage(Handler.java:503)
W/MessageQueue( 3296): 	at android.media.AudioManager$1.dispatchAudioFocusChange(AudioManager.java:2013)
W/MessageQueue( 3296): 	at android.media.IAudioFocusDispatcher$Stub.onTransact(IAudioFocusDispatcher.java:57)
W/MessageQueue( 3296): 	at android.os.Binder.execTransact(Binder.java:404)
W/MessageQueue( 3296): 	at dalvik.system.NativeStart.run(Native Method)
I/AudioFlinger( 2427): [setLowPowerApk]mLowPowerApk[1]
I/MusicProvider(20770): MediaCenterProvider       --------> mediacenter db create
I/AudioManager(20741): packageName = :    com.android.mediacenter
W/ContextImpl(20741): Implicit intents with startService are not safe: Intent { act=com.huawei.internetaudioservice.autoaction (has extras) } android.media.AudioManager.updateTargetInService:2212 android.media.AudioManager.registerMediaButtonEventReceiver:2193 com.android.mediacenter.localmusic.services.BasePlaybackService.start:269 
I/MusicApplication(20770): MusicApplication init...
I/Bootstrap(20770): Starting system startup ...
I/MediaFocusControl( 3088):   Remote Control   registerMediaButtonIntent() for PendingIntent{4487c6f0: PendingIntentRecord{445af2a0 com.android.mediacenter broadcastIntent}}
