int logctl_get(): open '/dev/hwlog_switch' fail -1, 13. Permission denied

Note: log switch off, only log_main and log_events will have logs!
--------- beginning of /dev/log/main
E/FM_HAL  (16622): [FM_HAL], libname is libbcmfm_if
E/fm_if.c (16622): find the id:libbcmfm_if and begins to open the devices
E/android_hardware_fm.cpp(16622): register_android_hardware_fm_fmradio, ret is 0
E/        (16622): ProtocolErrorLog wangkang test!!
I/wpa_supplicant(27617): wlan0: HEART-BEAT-ACK: 188
E/Thermal-daemon( 2433): [ap] temp_new :35  temp_old :36
E/Thermal-daemon( 2433): Report temperature: [ap] temp :35  report_threshold:1
E/SocketPush( 5742): SocketLink Encounter An Exception While Looping, Server ip:(112.90.140.215), Error:java.net.SocketException: Read Invalid PacketData! (Size:-1) Probably Reason:[Unknown]
E/SocketPush( 5742): ============ Stack Start =============
E/SocketPush( 5742): java.net.SocketException: Read Invalid PacketData! (Size:-1) Probably Reason:[Unknown]
E/SocketPush( 5742): 	at com.tencent.news.push.socket.a.d.ʻ(SocketPacketReceiveHandler.java:56)
E/SocketPush( 5742): 	at com.tencent.news.push.socket.a.a.ʻ(SocketChannelController.java:88)
E/SocketPush( 5742): 	at com.tencent.news.push.socket.a.a.onChannelEvent(SocketChannelController.java:70)
E/SocketPush( 5742): 	at com.tencent.news.push.socket.a.ʻ(SocketLink.java:109)
E/SocketPush( 5742): 	at com.tencent.news.push.socket.a.ʻ(SocketLink.java:38)
E/SocketPush( 5742): 	at com.tencent.news.push.socket.b$a.run(SocketPush.java:99)
E/SocketPush( 5742): 
E/SocketPush( 5742): ============ Stack  End  =============
E/Thermal-daemon( 2433): [pa_0] temp_new :34  temp_old :35
E/Thermal-daemon( 2433): Report temperature: [pa_0] temp :34  report_threshold:1
I/dalvikvm(16690): Could not find method sogou.mobile.explorer.bq.a, referenced from method sogou.mobile.explorer.BrowserApp.b
W/dalvikvm(16690): VFY: unable to resolve static method 58562: Lsogou/mobile/explorer/bq;.a ()Lsogou/mobile/explorer/bq;
I/MultiDex(16690): VM with version 1.6.0 does not have multidex support
I/MultiDex(16690): install
I/MultiDex(16690): MultiDexExtractor.load(/data/app/sogou.mobile.explorer-1.apk, false)
I/MultiDex(16690): loading existing secondary dex files
I/MultiDex(16690): load found 1 secondary dex files
I/MultiDex(16690): install done
E/dalvikvm(16690): Could not find class 'com.dodola.rocoo.Hack', referenced from method sogou.mobile.explorer.push.sync.AccountProvider.<init>
W/dalvikvm(16690): VFY: unable to resolve const-class 2187 (Lcom/dodola/rocoo/Hack;) in Lsogou/mobile/explorer/push/sync/AccountProvider;
E/dalvikvm(16690): Could not find class 'com.dodola.rocoo.Hack', referenced from method sogou.mobile.explorer.CommonLib.<init>
W/dalvikvm(16690): VFY: unable to resolve const-class 2187 (Lcom/dodola/rocoo/Hack;) in Lsogou/mobile/explorer/CommonLib;
E/dalvikvm(16690): Could not find class 'com.dodola.rocoo.Hack', referenced from method sogou.mobile.explorer.push.s.<clinit>
W/dalvikvm(16690): VFY: unable to resolve const-class 2187 (Lcom/dodola/rocoo/Hack;) in Lsogou/mobile/explorer/push/s;
E/dalvikvm(16690): Could not find class 'com.dodola.rocoo.Hack', referenced from method sogou.mobile.explorer.push.sync.SyncService.<init>
W/dalvikvm(16690): VFY: unable to resolve const-class 2187 (Lcom/dodola/rocoo/Hack;) in Lsogou/mobile/explorer/push/sync/SyncService;
E/dalvikvm(16690): Could not find class 'com.dodola.rocoo.Hack', referenced from method sogou.mobile.explorer.push.sync.SyncService$a.<init>
W/dalvikvm(16690): VFY: unable to resolve const-class 427 (Lcom/dodola/rocoo/Hack;) in Lsogou/mobile/explorer/push/sync/SyncService$a;
E/dalvikvm(16690): Could not find class 'com.dodola.rocoo.Hack', referenced from method sogou.mobile.framework.transform.f.<init>
W/dalvikvm(16690): VFY: unable to resolve const-class 427 (Lcom/dodola/rocoo/Hack;) in Lsogou/mobile/framework/transform/f;
W/AccountManagerService( 3088): insertAccountIntoDatabase: Account {name=搜狗浏览器, type=sogou.mobile.explorer.account.sync}, skipping since the account already exists
E/dalvikvm(16690): Could not find class 'com.dodola.rocoo.Hack', referenced from method sogou.mobile.explorer.t.<init>
W/dalvikvm(16690): VFY: unable to resolve const-class 427 (Lcom/dodola/rocoo/Hack;) in Lsogou/mobile/explorer/t;
E/dalvikvm(16690): Could not find class 'com.dodola.rocoo.Hack', referenced from method sogou.mobile.explorer.cx.<init>
W/dalvikvm(16690): VFY: unable to resolve const-class 427 (Lcom/dodola/rocoo/Hack;) in Lsogou/mobile/explorer/cx;
E/dalvikvm(16690): Could not find class 'com.dodola.rocoo.Hack', referenced from method sogou.mobile.explorer.ff.<init>
W/dalvikvm(16690): VFY: unable to resolve const-class 427 (Lcom/dodola/rocoo/Hack;) in Lsogou/mobile/explorer/ff;
E/dalvikvm(16690): Could not find class 'com.dodola.rocoo.Hack', referenced from method sogou.mobile.explorer.BrowserActivity.<init>
W/dalvikvm(16690): VFY: unable to resolve const-class 2187 (Lcom/dodola/rocoo/Hack;) in Lsogou/mobile/explorer/BrowserActivity;
E/dalvikvm(16690): Could not find class 'com.dodola.rocoo.Hack', referenced from method sogou.mobile.explorer.wallpaper.ThemeActivity.<init>
W/dalvikvm(16690): VFY: unable to resolve const-class 2187 (Lcom/dodola/rocoo/Hack;) in Lsogou/mobile/explorer/wallpaper/ThemeActivity;
E/dalvikvm(16690): Could not find class 'com.dodola.rocoo.Hack', referenced from method sogou.mobile.explorer.BrowserActivity$a.<init>
W/dalvikvm(16690): VFY: unable to resolve const-class 2187 (Lcom/dodola/rocoo/Hack;) in Lsogou/mobile/explorer/BrowserActivity$a;
E/dalvikvm(16690): Could not find class 'com.dodola.rocoo.Hack', referenced from method sogou.mobile.explorer.push.PushUtil$7.<init>
W/dalvikvm(16690): VFY: unable to resolve const-class 427 (Lcom/dodola/rocoo/Hack;) in Lsogou/mobile/explorer/push/PushUtil$7;
E/dalvikvm(16690): Could not find class 'com.dodola.rocoo.Hack', referenced from method sogou.mobile.base.protobuf.athena.d.<init>
W/dalvikvm(16690): VFY: unable to resolve const-class 2187 (Lcom/dodola/rocoo/Hack;) in Lsogou/mobile/base/protobuf/athena/d;
E/dalvikvm(16690): Could not find class 'com.dodola.rocoo.Hack', referenced from method sogou.mobile.base.protobuf.athena.d$a.<clinit>
W/dalvikvm(16690): VFY: unable to resolve const-class 2187 (Lcom/dodola/rocoo/Hack;) in Lsogou/mobile/base/protobuf/athena/d$a;
E/dalvikvm(16690): Could not find class 'com.dodola.rocoo.Hack', referenced from method sogou.mobile.explorer.au.<clinit>
W/dalvikvm(16690): VFY: unable to resolve const-class 427 (Lcom/dodola/rocoo/Hack;) in Lsogou/mobile/explorer/au;
E/dalvikvm(16690): Could not find class 'com.dodola.rocoo.Hack', referenced from method sogou.mobile.explorer.BrowserUtils$6.<init>
W/dalvikvm(16690): VFY: unable to resolve const-class 2187 (Lcom/dodola/rocoo/Hack;) in Lsogou/mobile/explorer/BrowserUtils$6;
E/dalvikvm(16690): Could not find class 'com.dodola.rocoo.Hack', referenced from method sogou.mobile.explorer.au$a.<init>
W/dalvikvm(16690): VFY: unable to resolve const-class 427 (Lcom/dodola/rocoo/Hack;) in Lsogou/mobile/explorer/au$a;
E/dalvikvm(16690): Could not find class 'com.dodola.rocoo.Hack', referenced from method sogou.webkit.DeviceConfigManager$Listener.<init>
W/dalvikvm(16690): VFY: unable to resolve const-class 427 (Lcom/dodola/rocoo/Hack;) in Lsogou/webkit/DeviceConfigManager$Listener;
E/dalvikvm(16690): Could not find class 'com.dodola.rocoo.Hack', referenced from method sogou.mobile.base.protobuf.athena.AthenaType.<init>
W/dalvikvm(16690): VFY: unable to resolve const-class 2187 (Lcom/dodola/rocoo/Hack;) in Lsogou/mobile/base/protobuf/athena/AthenaType;
E/dalvikvm(16690): Could not find class 'com.dodola.rocoo.Hack', referenced from method sogou.mobile.base.protobuf.athena.AthenaDataType.<init>
W/dalvikvm(16690): VFY: unable to resolve const-class 2187 (Lcom/dodola/rocoo/Hack;) in Lsogou/mobile/base/protobuf/athena/AthenaDataType;
E/dalvikvm(16690): Could not find class 'com.dodola.rocoo.Hack', referenced from method sogou.mobile.base.db.d.<init>
W/dalvikvm(16690): VFY: unable to resolve const-class 2187 (Lcom/dodola/rocoo/Hack;) in Lsogou/mobile/base/db/d;
E/dalvikvm(16690): Could not find class 'com.dodola.rocoo.Hack', referenced from method sogou.mobile.explorer.channel.a.<clinit>
W/dalvikvm(16690): VFY: unable to resolve const-class 427 (Lcom/dodola/rocoo/Hack;) in Lsogou/mobile/explorer/channel/a;
E/dalvikvm(16690): Could not find class 'com.dodola.rocoo.Hack', referenced from method com.sogou.udp.push.a.<clinit>
W/dalvikvm(16690): VFY: unable to resolve const-class 2187 (Lcom/dodola/rocoo/Hack;) in Lcom/sogou/udp/push/a;
E/dalvikvm(16690): Could not find class 'com.dodola.rocoo.Hack', referenced from method com.sogou.udp.push.d.a.<init>
W/dalvikvm(16690): VFY: unable to resolve const-class 2187 (Lcom/dodola/rocoo/Hack;) in Lcom/sogou/udp/push/d/a;
W/System.err(16690): java.lang.Exception: sdkVersion_in_manifest_isn't_sdkVersion_in_jar! 
W/System.err(16690): 	at com.sogou.udp.push.a.a(SourceFile:343)
W/System.err(16690): 	at com.sogou.udp.push.a.a(SourceFile:101)
W/System.err(16690): 	at sogou.mobile.explorer.push.s.c(SourceFile:846)
W/System.err(16690): 	at sogou.mobile.explorer.push.s.h(SourceFile:987)
W/System.err(16690): 	at sogou.mobile.explorer.push.sync.SyncService$a.onPerformSync(SourceFile:45)
W/System.err(16690): 	at android.content.AbstractThreadedSyncAdapter$SyncThread.run(AbstractThreadedSyncAdapter.java:259)
E/dalvikvm(16690): Could not find class 'com.dodola.rocoo.Hack', referenced from method com.sogou.udp.push.h.f.<clinit>
W/dalvikvm(16690): VFY: unable to resolve const-class 2187 (Lcom/dodola/rocoo/Hack;) in Lcom/sogou/udp/push/h/f;
E/dalvikvm(16690): Could not find class 'com.dodola.rocoo.Hack', referenced from method com.sogou.udp.push.a.b.<clinit>
W/dalvikvm(16690): VFY: unable to resolve const-class 2187 (Lcom/dodola/rocoo/Hack;) in Lcom/sogou/udp/push/a/b;
E/dalvikvm(16690): Could not find class 'com.dodola.rocoo.Hack', referenced from method com.xiaomi.mipush.sdk.MiPushClient.<init>
W/dalvikvm(16690): VFY: unable to resolve const-class 2187 (Lcom/dodola/rocoo/Hack;) in Lcom/xiaomi/mipush/sdk/MiPushClient;
E/dalvikvm(16690): Could not find class 'com.dodola.rocoo.Hack', referenced from method com.xiaomi.mipush.sdk.a.<init>
W/dalvikvm(16690): VFY: unable to resolve const-class 2187 (Lcom/dodola/rocoo/Hack;) in Lcom/xiaomi/mipush/sdk/a;
E/dalvikvm(16690): Could not find class 'com.dodola.rocoo.Hack', referenced from method com.xiaomi.mipush.sdk.a$a.<init>
W/dalvikvm(16690): VFY: unable to resolve const-class 2187 (Lcom/dodola/rocoo/Hack;) in Lcom/xiaomi/mipush/sdk/a$a;
E/dalvikvm(16690): Could not find class 'com.dodola.rocoo.Hack', referenced from method com.xiaomi.channel.commonutils.logger.b.<clinit>
W/dalvikvm(16690): VFY: unable to resolve const-class 2187 (Lcom/dodola/rocoo/Hack;) in Lcom/xiaomi/channel/commonutils/logger/b;
E/dalvikvm(16690): Could not find class 'com.dodola.rocoo.Hack', referenced from method com.xiaomi.channel.commonutils.logger.a.<init>
W/dalvikvm(16690): VFY: unable to resolve const-class 2187 (Lcom/dodola/rocoo/Hack;) in Lcom/xiaomi/channel/commonutils/logger/a;
E/dalvikvm(16690): Could not find class 'com.dodola.rocoo.Hack', referenced from method com.umeng.message.PushAgent.<init>
W/dalvikvm(16690): VFY: unable to resolve const-class 2187 (Lcom/dodola/rocoo/Hack;) in Lcom/umeng/message/PushAgent;
E/dalvikvm(16690): Could not find class 'com.dodola.rocoo.Hack', referenced from method com.umeng.message.tag.TagManager.<init>
W/dalvikvm(16690): VFY: unable to resolve const-class 2187 (Lcom/dodola/rocoo/Hack;) in Lcom/umeng/message/tag/TagManager;
E/dalvikvm(16690): Could not find class 'com.dodola.rocoo.Hack', referenced from method com.umeng.message.common.impl.json.JTagManager.<init>
W/dalvikvm(16690): VFY: unable to resolve const-class 2187 (Lcom/dodola/rocoo/Hack;) in Lcom/umeng/message/common/impl/json/JTagManager;
E/dalvikvm(16690): Could not find class 'com.dodola.rocoo.Hack', referenced from method com.umeng.message.UmengMessageHandler.<init>
W/dalvikvm(16690): VFY: unable to resolve const-class 2187 (Lcom/dodola/rocoo/Hack;) in Lcom/umeng/message/UmengMessageHandler;
E/dalvikvm(16690): Could not find class 'com.dodola.rocoo.Hack', referenced from method com.umeng.message.UmengNotificationClickHandler.<init>
W/dalvikvm(16690): VFY: unable to resolve const-class 2187 (Lcom/dodola/rocoo/Hack;) in Lcom/umeng/message/UmengNotificationClickHandler;
E/dalvikvm(16690): Could not find class 'com.dodola.rocoo.Hack', referenced from method com.umeng.message.PushAgent$1.<init>
W/dalvikvm(16690): VFY: unable to resolve const-class 2187 (Lcom/dodola/rocoo/Hack;) in Lcom/umeng/message/PushAgent$1;
E/dalvikvm(16690): Could not find class 'com.dodola.rocoo.Hack', referenced from method com.umeng.message.common.UmLog.<init>
W/dalvikvm(16690): VFY: unable to resolve const-class 2187 (Lcom/dodola/rocoo/Hack;) in Lcom/umeng/message/common/UmLog;
E/dalvikvm(16690): Could not find class 'com.dodola.rocoo.Hack', referenced from method com.taobao.accs.utl.ALog.<init>
W/dalvikvm(16690): VFY: unable to resolve const-class 2187 (Lcom/dodola/rocoo/Hack;) in Lcom/taobao/accs/utl/ALog;
E/dalvikvm(16690): Could not find class 'com.dodola.rocoo.Hack', referenced from method anet.channel.util.ALog.<init>
W/dalvikvm(16690): VFY: unable to resolve const-class 2187 (Lcom/dodola/rocoo/Hack;) in Lanet/channel/util/ALog;
E/dalvikvm(16690): Could not find class 'com.dodola.rocoo.Hack', referenced from method org.android.spdy.SpdyAgent.<init>
W/dalvikvm(16690): VFY: unable to resolve const-class 2187 (Lcom/dodola/rocoo/Hack;) in Lorg/android/spdy/SpdyAgent;
E/dalvikvm(16690): Could not find class 'com.dodola.rocoo.Hack', referenced from method com.umeng.message.proguard.g.<init>
W/dalvikvm(16690): VFY: unable to resolve const-class 2187 (Lcom/dodola/rocoo/Hack;) in Lcom/umeng/message/proguard/g;
E/dalvikvm(16690): Could not find class 'com.dodola.rocoo.Hack', referenced from method sogou.mobile.explorer.push.PushUtil$6.<init>
W/dalvikvm(16690): VFY: unable to resolve const-class 427 (Lcom/dodola/rocoo/Hack;) in Lsogou/mobile/explorer/push/PushUtil$6;
E/dalvikvm(16690): Could not find class 'com.dodola.rocoo.Hack', referenced from method sogou.mobile.explorer.push.PushUtil$8.<init>
W/dalvikvm(16690): VFY: unable to resolve const-class 427 (Lcom/dodola/rocoo/Hack;) in Lsogou/mobile/explorer/push/PushUtil$8;
E/dalvikvm(16690): Could not find class 'com.dodola.rocoo.Hack', referenced from method sogou.mobile.explorer.push.x.<init>
W/dalvikvm(16690): VFY: unable to resolve const-class 427 (Lcom/dodola/rocoo/Hack;) in Lsogou/mobile/explorer/push/x;
E/dalvikvm(16690): Could not find class 'com.dodola.rocoo.Hack', referenced from method sogou.mobile.explorer.CommonLib$2.<init>
W/dalvikvm(16690): VFY: unable to resolve const-class 2187 (Lcom/dodola/rocoo/Hack;) in Lsogou/mobile/explorer/CommonLib$2;
E/dalvikvm(16690): Could not find class 'com.dodola.rocoo.Hack', referenced from method com.taobao.accs.ACCSManager.<init>
W/dalvikvm(16690): VFY: unable to resolve const-class 2187 (Lcom/dodola/rocoo/Hack;) in Lcom/taobao/accs/ACCSManager;
E/dalvikvm(16690): Could not find class 'com.dodola.rocoo.Hack', referenced from method com.taobao.accs.d.a.<init>
W/dalvikvm(16690): VFY: unable to resolve const-class 2187 (Lcom/dodola/rocoo/Hack;) in Lcom/taobao/accs/d/a;
E/dalvikvm(16690): Could not find class 'com.dodola.rocoo.Hack', referenced from method com.taobao.accs.utl.ALog$Level.<init>
W/dalvikvm(16690): VFY: unable to resolve const-class 2187 (Lcom/dodola/rocoo/Hack;) in Lcom/taobao/accs/utl/ALog$Level;
E/dalvikvm(16690): Could not find class 'com.dodola.rocoo.Hack', referenced from method com.taobao.accs.internal.ACCSManagerImpl.<init>
W/dalvikvm(16690): VFY: unable to resolve const-class 2187 (Lcom/dodola/rocoo/Hack;) in Lcom/taobao/accs/internal/ACCSManagerImpl;
I/dalvikvm(16690): Failed resolving Lcom/taobao/accs/utl/h$a; interface 4532 'Lcom/taobao/orange/OrangeConfigListenerV1;'
W/dalvikvm(16690): Link of class 'Lcom/taobao/accs/utl/h$a;' failed
E/dalvikvm(16690): Could not find class 'com.taobao.accs.utl.h$a', referenced from method com.taobao.accs.internal.ACCSManagerImpl.bindApp
W/dalvikvm(16690): VFY: unable to resolve new-instance 4507 (Lcom/taobao/accs/utl/h$a;) in Lcom/taobao/accs/internal/ACCSManagerImpl;
I/dalvikvm(16690): Failed resolving Lcom/taobao/accs/utl/h$a; interface 4532 'Lcom/taobao/orange/OrangeConfigListenerV1;'
W/dalvikvm(16690): Link of class 'Lcom/taobao/accs/utl/h$a;' failed
E/dalvikvm(16690): Could not find class 'com.dodola.rocoo.Hack', referenced from method com.taobao.accs.utl.UtilityImpl.<init>
W/dalvikvm(16690): VFY: unable to resolve const-class 2187 (Lcom/dodola/rocoo/Hack;) in Lcom/taobao/accs/utl/UtilityImpl;
I/dalvikvm(16690): Could not find method com.alibaba.wireless.security.open.SecurityGuardManager.getInstance, referenced from method com.taobao.accs.utl.UtilityImpl.getAppsign
W/dalvikvm(16690): VFY: unable to resolve static method 14338: Lcom/alibaba/wireless/security/open/SecurityGuardManager;.getInstance (Landroid/content/Context;)Lcom/alibaba/wireless/security/open/SecurityGuardManager;
I/dalvikvm(16690): DexOpt: unable to optimize instance field ref 0x1071 at 0x83 in Lcom/taobao/accs/utl/UtilityImpl;.getAppsign
I/dalvikvm(16690): DexOpt: unable to optimize instance field ref 0x1072 at 0x85 in Lcom/taobao/accs/utl/UtilityImpl;.getAppsign
I/dalvikvm(16690): DexOpt: unable to optimize instance field ref 0x1073 at 0x9f in Lcom/taobao/accs/utl/UtilityImpl;.getAppsign
E/dalvikvm(16690): Could not find class 'com.dodola.rocoo.Hack', referenced from method com.taobao.accs.client.AccsConfig$ACCS_GROUP.<init>
W/dalvikvm(16690): VFY: unable to resolve const-class 2187 (Lcom/dodola/rocoo/Hack;) in Lcom/taobao/accs/client/AccsConfig$ACCS_GROUP;
E/dalvikvm(16690): Could not find class 'com.dodola.rocoo.Hack', referenced from method com.taobao.accs.client.AccsConfig.<init>
W/dalvikvm(16690): VFY: unable to resolve const-class 2187 (Lcom/dodola/rocoo/Hack;) in Lcom/taobao/accs/client/AccsConfig;
E/dalvikvm(16690): Could not find class 'com.dodola.rocoo.Hack', referenced from method com.taobao.accs.client.AccsConfig$SECURITY_TYPE.<init>
W/dalvikvm(16690): VFY: unable to resolve const-class 2187 (Lcom/dodola/rocoo/Hack;) in Lcom/taobao/accs/client/AccsConfig$SECURITY_TYPE;
E/dalvikvm(16690): Could not find class 'com.dodola.rocoo.Hack', referenced from method anet.channel.AwcnConfig.<init>
W/dalvikvm(16690): VFY: unable to resolve const-class 2187 (Lcom/dodola/rocoo/Hack;) in Lanet/channel/AwcnConfig;
E/dalvikvm(16690): Could not find class 'com.dodola.rocoo.Hack', referenced from method anet.channel.SessionCenter.<init>
W/dalvikvm(16690): VFY: unable to resolve const-class 2187 (Lcom/dodola/rocoo/Hack;) in Lanet/channel/SessionCenter;
E/dalvikvm(16690): Could not find class 'com.dodola.rocoo.Hack', referenced from method anet.channel.security.b.<init>
W/dalvikvm(16690): VFY: unable to resolve const-class 2187 (Lcom/dodola/rocoo/Hack;) in Lanet/channel/security/b;
E/dalvikvm(16690): Could not find class 'com.dodola.rocoo.Hack', referenced from method anet.channel.security.c.<init>
W/dalvikvm(16690): VFY: unable to resolve const-class 2187 (Lcom/dodola/rocoo/Hack;) in Lanet/channel/security/c;
E/dalvikvm(16690): Could not find class 'com.dodola.rocoo.Hack', referenced from method com.taobao.accs.client.a.<init>
W/dalvikvm(16690): VFY: unable to resolve const-class 2187 (Lcom/dodola/rocoo/Hack;) in Lcom/taobao/accs/client/a;
E/dalvikvm(16690): Could not find class 'com.dodola.rocoo.Hack', referenced from method anet.channel.GlobalAppRuntimeInfo.<init>
W/dalvikvm(16690): VFY: unable to resolve const-class 2187 (Lcom/dodola/rocoo/Hack;) in Lanet/channel/GlobalAppRuntimeInfo;
E/dalvikvm(16690): Could not find class 'com.dodola.rocoo.Hack', referenced from method anet.channel.entity.ENV.<init>
W/dalvikvm(16690): VFY: unable to resolve const-class 2187 (Lcom/dodola/rocoo/Hack;) in Lanet/channel/entity/ENV;
E/dalvikvm(16690): Could not find class 'com.dodola.rocoo.Hack', referenced from method com.taobao.accs.client.GlobalClientInfo.<init>
W/dalvikvm(16690): VFY: unable to resolve const-class 2187 (Lcom/dodola/rocoo/Hack;) in Lcom/taobao/accs/client/GlobalClientInfo;
E/dalvikvm(16690): Could not find class 'com.dodola.rocoo.Hack', referenced from method anet.channel.AccsSessionManager.<init>
W/dalvikvm(16690): VFY: unable to resolve const-class 2187 (Lcom/dodola/rocoo/Hack;) in Lanet/channel/AccsSessionManager;
E/dalvikvm(16690): Could not find class 'com.dodola.rocoo.Hack', referenced from method anet.channel.AccsSessionManager$a.<init>
W/dalvikvm(16690): VFY: unable to resolve const-class 2187 (Lcom/dodola/rocoo/Hack;) in Lanet/channel/AccsSessionManager$a;
E/dalvikvm(16690): Could not find class 'com.dodola.rocoo.Hack', referenced from method anet.channel.SessionCenter$SingletonHolder.<init>
W/dalvikvm(16690): VFY: unable to resolve const-class 2187 (Lcom/dodola/rocoo/Hack;) in Lanet/channel/SessionCenter$SingletonHolder;
E/dalvikvm(16690): Could not find class 'com.dodola.rocoo.Hack', referenced from method anet.channel.a.<init>
W/dalvikvm(16690): VFY: unable to resolve const-class 2187 (Lcom/dodola/rocoo/Hack;) in Lanet/channel/a;
E/dalvikvm(16690): Could not find class 'com.dodola.rocoo.Hack', referenced from method com.umeng.message.PushAgent$2.<init>
W/dalvikvm(16690): VFY: unable to resolve const-class 2187 (Lcom/dodola/rocoo/Hack;) in Lcom/umeng/message/PushAgent$2;
E/dalvikvm(16690): Could not find class 'com.dodola.rocoo.Hack', referenced from method anet.channel.strategy.n.<init>
W/dalvikvm(16690): VFY: unable to resolve const-class 2187 (Lcom/dodola/rocoo/Hack;) in Lanet/channel/strategy/n;
E/dalvikvm(16690): Could not find class 'com.dodola.rocoo.Hack', referenced from method anet.channel.util.StringUtils.<init>
W/dalvikvm(16690): VFY: unable to resolve const-class 2187 (Lcom/dodola/rocoo/Hack;) in Lanet/channel/util/StringUtils;
E/dalvikvm(16690): Could not find class 'com.dodola.rocoo.Hack', referenced from method com.umeng.message.MessageSharedPrefs.<init>
W/dalvikvm(16690): VFY: unable to resolve const-class 2187 (Lcom/dodola/rocoo/Hack;) in Lcom/umeng/message/MessageSharedPrefs;
E/dalvikvm(16690): Could not find class 'com.dodola.rocoo.Hack', referenced from method com.umeng.message.common.UmengMessageDeviceConfig.<init>
W/dalvikvm(16690): VFY: unable to resolve const-class 2187 (Lcom/dodola/rocoo/Hack;) in Lcom/umeng/message/common/UmengMessageDeviceConfig;
E/dalvikvm(16690): Could not find class 'com.dodola.rocoo.Hack', referenced from method com.umeng.message.PushAgent$3.<init>
W/dalvikvm(16690): VFY: unable to resolve const-class 2187 (Lcom/dodola/rocoo/Hack;) in Lcom/umeng/message/PushAgent$3;
E/dalvikvm(16690): Could not find class 'com.dodola.rocoo.Hack', referenced from method com.taobao.agoo.IRegister.<init>
W/dalvikvm(16690): VFY: unable to resolve const-class 2187 (Lcom/dodola/rocoo/Hack;) in Lcom/taobao/agoo/IRegister;
E/dalvikvm(16690): Could not find class 'com.dodola.rocoo.Hack', referenced from method com.taobao.agoo.ICallback.<init>
W/dalvikvm(16690): VFY: unable to resolve const-class 2187 (Lcom/dodola/rocoo/Hack;) in Lcom/taobao/agoo/ICallback;
E/dalvikvm(16690): Could not find class 'com.dodola.rocoo.Hack', referenced from method com.taobao.agoo.b.<init>
W/dalvikvm(16690): VFY: unable to resolve const-class 2187 (Lcom/dodola/rocoo/Hack;) in Lcom/taobao/agoo/b;
E/dalvikvm(16690): Could not find class 'com.dodola.rocoo.Hack', referenced from method com.taobao.accs.IAppReceiverV1.<init>
W/dalvikvm(16690): VFY: unable to resolve const-class 2187 (Lcom/dodola/rocoo/Hack;) in Lcom/taobao/accs/IAppReceiverV1;
E/dalvikvm(16690): Could not find class 'com.dodola.rocoo.Hack', referenced from method com.taobao.accs.data.Message.<init>
W/dalvikvm(16690): VFY: unable to resolve const-class 2187 (Lcom/dodola/rocoo/Hack;) in Lcom/taobao/accs/data/Message;
E/dalvikvm(16690): Could not find class 'com.dodola.rocoo.Hack', referenced from method com.taobao.accs.data.Message$ReqType.<init>
W/dalvikvm(16690): VFY: unable to resolve const-class 2187 (Lcom/dodola/rocoo/Hack;) in Lcom/taobao/accs/data/Message$ReqType;
E/dalvikvm(16690): Could not find class 'com.dodola.rocoo.Hack', referenced from method com.taobao.accs.utl.a.<init>
W/dalvikvm(16690): VFY: unable to resolve const-class 2187 (Lcom/dodola/rocoo/Hack;) in Lcom/taobao/accs/utl/a;
E/dalvikvm(16690): Could not find class 'com.dodola.rocoo.Hack', referenced from method com.taobao.accs.client.GlobalClientInfo$1.<init>
W/dalvikvm(16690): VFY: unable to resolve const-class 2187 (Lcom/dodola/rocoo/Hack;) in Lcom/taobao/accs/client/GlobalClientInfo$1;
E/dalvikvm(16690): Could not find class 'com.dodola.rocoo.Hack', referenced from method com.taobao.accs.client.c.<init>
W/dalvikvm(16690): VFY: unable to resolve const-class 2187 (Lcom/dodola/rocoo/Hack;) in Lcom/taobao/accs/client/c;
E/dalvikvm(16690): Could not find class 'com.dodola.rocoo.Hack', referenced from method com.taobao.accs.common.a.<init>
W/dalvikvm(16690): VFY: unable to resolve const-class 2187 (Lcom/dodola/rocoo/Hack;) in Lcom/taobao/accs/common/a;
E/dalvikvm(16690): Could not find class 'com.dodola.rocoo.Hack', referenced from method com.taobao.accs.common.a$a.<init>
W/dalvikvm(16690): VFY: unable to resolve const-class 2187 (Lcom/dodola/rocoo/Hack;) in Lcom/taobao/accs/common/a$a;
E/dalvikvm(16690): Could not find class 'com.dodola.rocoo.Hack', referenced from method com.taobao.accs.antibrush.b.<init>
W/dalvikvm(16690): VFY: unable to resolve const-class 2187 (Lcom/dodola/rocoo/Hack;) in Lcom/taobao/accs/antibrush/b;
E/CommandListener( 2419): readDefRoute call readDefRoute
E/SecondaryTablController( 2419): isWifiDefaultRouteExisted /system/bin/ip route
E/CommandListener( 2419): readDefRoute Rsp ok
I/wpa_supplicant(27617): wlan0: HEART-BEAT-ACK: 189
I/wpa_supplicant(27617): wlan0: HEART-BEAT-ACK: 190
E/CommandListener( 2419): readDefRoute call readDefRoute
E/SecondaryTablController( 2419): isWifiDefaultRouteExisted /system/bin/ip route
E/CommandListener( 2419): readDefRoute Rsp ok
I/HwLauncher( 3556): ClockDynamicUpdater date changed!!!!!!
I/HwLauncher( 3556): DynamicIconData , getDrawableForDynamic begin, pkg = com.android.deskclock, picName = deskclock_bg
I/HwLauncher( 3556): DynamicIconData , getDrawableForDynamic end, pkg = com.android.deskclock, picName = deskclock_bg
I/HwLauncher( 3556): DynamicIconData , getDrawableForDynamic begin, pkg = com.android.deskclock, picName = deskclock_bg
I/HwLauncher( 3556): DynamicIconData , getDrawableForDynamic end, pkg = com.android.deskclock, picName = deskclock_bg
I/HwLauncher( 3556): Launcher.Utilities createIconBitmap sourceWidth = 180sourceHeight = 180
I/HwLauncher( 3556): ClockDynamicUpdater calender update folder at CalenderDynamicUpdater
I/HwLauncher( 3556): DynamicUpdater call updateFolder
I/HwLauncher( 3556): ClockDynamicUpdater Calender update and call updateFolder
I/HwLauncher( 3556): CalenderDynamicUpdater date changed!!!!!!
I/HwLauncher( 3556): CalenderDynamicUpdater Calender update and call updateFolder
I/wpa_supplicant(27617): wlan0: HEART-BEAT-ACK: 191
W/Settings( 6536): Setting auto_time has moved from android.provider.Settings.System to android.provider.Settings.Global, returning read-only value.
W/Settings( 6536): Setting auto_time has moved from android.provider.Settings.System to android.provider.Settings.Global, returning read-only value.
W/Settings( 6536): Setting auto_time has moved from android.provider.Settings.System to android.provider.Settings.Global, returning read-only value.
I/wpa_supplicant(27617): wlan0: HEART-BEAT-ACK: 192
I/ctrlSocket( 2419): gethostbyname normal
E/CommandListener( 2419): readDefRoute call readDefRoute
E/SecondaryTablController( 2419): isWifiDefaultRouteExisted /system/bin/ip route
E/CommandListener( 2419): readDefRoute Rsp ok
I/wpa_supplicant(27617): wlan0: HEART-BEAT-ACK: 193
E/android_hardware_fm.cpp(17061): register_android_hardware_fm_fmradio
E/FM_HAL  (17061): [FM_HAL], fm_dynamic_lib is libbcmfm_if
E/FM_HAL  (17061): [FM_HAL], libname is libbcmfm_if
E/fm_if.c (17061): find the id:libbcmfm_if and begins to open the devices
E/android_hardware_fm.cpp(17061): register_android_hardware_fm_fmradio, ret is 0
E/        (17061): ProtocolErrorLog wangkang test!!
I/K3V3CpuGovernorPolicy( 3513): set scene Hmp policy : 300 , 150
I/HwLauncher( 3556): Launcher onPause()
W/HwLauncher( 3556): Launcher.MotionManager failed to stop TYPE_SHAKE_CHANGE_WALLPAPER
W/HwLauncher( 3556): Launcher.MotionManager failed to stop TYPE_SHAKE_START_PRIVACY
I/HwLauncher( 3556): Launcher onStop()
E/HwLauncher( 3556): Launcher dialog dismiss failed : java.lang.IllegalArgumentException: no dialog with id 1 was ever shown via Activity#showDialog
I/HwLauncher( 3556): Launcher dynamicIconsUnregister
I/HwLauncher( 3556): DynamicUpdater unregisterReceiver
I/HwLauncher( 3556): DynamicIcon onPause  isvisible = false   mAttachedToWindow:true    mWindowVisible:truecom.android.deskclock
I/HwLauncher( 3556): DynamicUpdater unregisterReceiver
I/HwLauncher( 3556): DynamicIcon onPause  isvisible = true   mAttachedToWindow:false    mWindowVisible:falsecom.android.calendar
I/HwLauncher( 3556): DynamicUpdater unregisterReceiver
I/HwLauncher( 3556): DynamicIcon onPause  isvisible = true   mAttachedToWindow:true    mWindowVisible:truecom.huawei.android.totemweather
I/HwLauncher( 3556): DynamicIcon onVisibilityChanged 4 - com.android.deskclock
I/HwLauncher( 3556): DynamicIcon onVisibilityChanged 4 - com.huawei.android.totemweather
I/HwLauncher( 3556): DynamicIcon onWindowVisibilityChanged 4 - com.android.deskclock
I/HwLauncher( 3556): DynamicIcon onWindowVisibilityChanged 4 - com.huawei.android.totemweather
I/PhoneStatusBar( 3296): hw_status_bar_operators = true, setSystemUIVisibily(SHOW_OPERATOR = false)
I/HwLauncher( 3556): DynamicIcon onWindowVisibilityChanged 8 - com.android.deskclock
I/HwLauncher( 3556): DynamicIcon onWindowVisibilityChanged 8 - com.huawei.android.totemweather
I/ActivityManager( 3088): Displayed com.example.monkey/.MainActivity: +370ms
E/android_hardware_fm.cpp(17109): register_android_hardware_fm_fmradio
E/FM_HAL  (17109): [FM_HAL], fm_dynamic_lib is libbcmfm_if
E/FM_HAL  (17109): [FM_HAL], libname is libbcmfm_if
E/fm_if.c (17109): find the id:libbcmfm_if and begins to open the devices
E/android_hardware_fm.cpp(17109): register_android_hardware_fm_fmradio, ret is 0
E/        (17109): ProtocolErrorLog wangkang test!!
I/K3V3CpuGovernorPolicy( 3513): close previously scene Hmp policy : 300 , 150
I/ActivityManager( 3088): Displayed com.example.monkey/.MainActivity: +161ms
I/mediabutton(13569): keycode: 222 command: null eventtime: 76872842 RepeatCount:0
I/mediabutton(13569): keycode: 222 command: null eventtime: 76872848 RepeatCount:0
E/Thermal-daemon( 2433): [ap] temp_new :36  temp_old :35
E/Thermal-daemon( 2433): Report temperature: [ap] temp :36  report_threshold:1
I/InputDispatcher( 3088): maybe input dispatch timeout, send to pg
W/dalvikvm(17074): threadid=1: thread exiting with uncaught exception (group=0x41a63c50)
I/Process ( 3088): Sending signal. PID: 17074 SIG: 9
I/logserver( 2435): Object Path:/data/system/dropbox/, mask=0x00000080
I/logserver( 2435): event->len=48, name=data_app_crash@1499851483783.txt
I/logserver( 2435): find_first_match: find match, plogs(type=1, pfile=/data/system/dropbox/, match=app_crash)
I/logserver( 2435): move_dir:src_path=/data/log/dbox/appdbg/logcache
I/logserver( 2435): move_dir:dst_path=/data/log/logcache/14677792/
I/logserver( 2435): is_all_ready, any file is ready in non-keyfile exception.
I/logserver( 2435): extract_appname, forward search, appname=com.example.monkey
I/logserver( 2435): archive_and_send, pos=0, type=crash, output=20170712172443_crash
I/logserver( 2435): ---copy_match_files enter!!--
I/logserver( 2435): [copy_match_files,829]: copy [/data/system/dropbox/data_app_crash@1499851483783.txt] to [/data/log/logcache/14677792/data_app_crash@1499851483783.txt]
I/logserver( 2435): internal_archive, argc=7
I/logserver( 2435): get_fault_appname, appname=com.example.monkey
I/logserver( 2435): handle_archive_exception, argc=7
I/logserver( 2435): get alarm time = 96572 (sec.)!
I/logserver( 2435): log_apr_add_record open file:/data/log/apr/H60-L02_V100R001CHNC00B316_DU2TAN15AJ049163_20170111211033_statistics
I/logserver( 2435): move_input_files, create dir [/data/log/unzip/H60-L02_V100R001CHNC00B316_DU2TAN15AJ049163_20170712172443_crash]
I/logserver( 2435): copy_file_to_dir, /data/log/logcache/14677792/data_app_crash@1499851483783.txt -> /data/log/unzip/H60-L02_V100R001CHNC00B316_DU2TAN15AJ049163_20170712172443_crash
I/logserver( 2435): copy_file_to_dir, /data/log/logcache/14677792/finger.txt -> /data/log/unzip/H60-L02_V100R001CHNC00B316_DU2TAN15AJ049163_20170712172443_crash
I/logserver( 2435): init_notify_fifo, before change /data/log/logcontrol owner
I/logserver( 2435): Process 2586 opening FIFO for O_WRONLY
I/logserver( 2435): Process 2586 opened fifo(19)
I/logserver( 2435): notify_logcontrol, 2586 sent /data/log/unzip/H60-L02_V100R001CHNC00B316_DU2TAN15AJ049163_20170712172443_crash 
I/logserver( 2435): check_dir_size, dir[/data/log/coredump/] doesn't exist
I/logserver( 2435): clean_cur_cache:962, system(rm -r /data/log/logcache/14677792/* > /dev/null 2>&1)
I/logserver( 2435): thread_logcontrol, select ret = 1
I/logserver( 2435): handle_notify_event, read res = 324, client pid = 2586, data=/data/log/unzip/H60-L02_V100R001CHNC00B316_DU2TAN15AJ049163_20170712172443_crash
I/logserver( 2435): build_notify_string,ModuleName = com.example.monkey
I/logserver( 2435): build_notify_string,product name = H60-L02
I/logserver( 2435): handle_notify_event, send msg [submit:trigger=0,bugtype=2,modulename=com.example.monkey,level=1,testtype=NORMAL,path=/data/log/unzip/H60-L02_V100R001CHNC00B316_DU2TAN15AJ049163_20170712172443_crash;]
I/logserver( 2435): send_to_client, send to (18) res = 167
E/SubmitMessage( 3448): Submit string: submit:trigger=0,bugtype=2,modulename=com.example.monkey,level=1,testtype=NORMAL,path=/data/log/unzip/H60-L02_V100R001CHNC00B316_DU2TAN15AJ049163_20170712172443_crash
I/logserver( 2435): Object Path:/data/log/apr/, mask=0x00000008
I/logserver( 2435): event->len=80, name=H60-L02_V100R001CHNC00B316_DU2TAN15AJ049163_20170111211033_statistics
I/logserver( 2435): process_one_event, can not find this event(H60-L02_V100R001CHNC00B316_DU2TAN15AJ049163_20170111211033_statistics)
I/logserver( 2435): clean_cur_cache:962, system(rm -r /data/log/logcache/14677792/* > /dev/null 2>&1)
I/LogServiceSetting( 3448): checkMemorydumpByPath: filePath is /storage/emulated/legacy/bugreports/ramdump
I/LogServiceSetting( 3448): CheckMemorydumpByPath: /storage/emulated/legacy/bugreports/ramdumpis not exist.
I/LogServiceSetting( 3448): checkMemorydumpByPath: filePath is /storage/sdcard1/bugreports/ramdump
I/LogServiceSetting( 3448): CheckMemorydumpByPath: /storage/sdcard1/bugreports/ramdumpis not exist.
I/LogCollectService( 3448): getUploadingFiles, file: /splash2/log/LogService/uploading/H60-L02_V100R001CHNC00B316_ibgZsLcTwUwjRUfS$bGYj62+s7PQIV7+$RXAj5TCoig=_20160510234552428__ALL_COMMERCIAL.zip
I/LogCollectService( 3448): getUploadingFiles, file: /splash2/log/LogService/uploading/failed
I/LogCollectService( 3448): getUploadingFiles, file: /splash2/log/LogService/uploading/H60-L02_V100R001CHNC00B316_ibgZsLcTwUwjRUfS$bGYj62+s7PQIV7+$RXAj5TCoig=_20160915112655300__ALL_COMMERCIAL.zip
I/LogCollectService( 3448): getUploadingFiles, file: /splash2/log/LogService/uploading/H60-L02_V100R001CHNC00B316_ibgZsLcTwUwjRUfS$bGYj62+s7PQIV7+$RXAj5TCoig=_20170406070746175__ALL_COMMERCIAL.zip
I/LogCollectService( 3448): getUploadingFiles, file: /splash2/log/LogService/uploading/H60-L02_V100R001CHNC00B316_ibgZsLcTwUwjRUfS$bGYj62+s7PQIV7+$RXAj5TCoig=_20170410222608337__ALL_COMMERCIAL.zip
I/PackageLogInfoManager( 3448): checkPackageLogState
I/ActivityManager( 3088): Displayed com.example.monkey/.MainActivity: +390ms
W/Binder  ( 3411): Caught a RuntimeException from the binder stub implementation.
W/Binder  ( 3411): java.lang.NullPointerException
W/Binder  ( 3411): 	at android.inputmethodservice.IInputMethodWrapper.setSessionEnabled(IInputMethodWrapper.java:280)
W/Binder  ( 3411): 	at com.android.internal.view.IInputMethod$Stub.onTransact(IInputMethod.java:129)
W/Binder  ( 3411): 	at android.os.Binder.execTransact(Binder.java:404)
W/Binder  ( 3411): 	at dalvik.system.NativeStart.run(Native Method)
W/System.err( 3411): java.lang.NullPointerException
W/System.err( 3411): 	at android.inputmethodservice.IInputMethodWrapper.setSessionEnabled(IInputMethodWrapper.java:280)
W/System.err( 3411): 	at com.android.internal.view.IInputMethod$Stub.onTransact(IInputMethod.java:129)
W/System.err( 3411): 	at android.os.Binder.execTransact(Binder.java:404)
W/System.err( 3411): 	at dalvik.system.NativeStart.run(Native Method)
E/InputEventSender(17183): Exception dispatching finished signal.
E/MessageQueue-JNI(17183): Exception in MessageQueue callback: handleReceiveCallback
E/MessageQueue-JNI(17183): java.lang.NullPointerException
E/MessageQueue-JNI(17183): 	at com.example.monkey.MainActivity$1.onClick(MainActivity.java:23)
E/MessageQueue-JNI(17183): 	at android.view.View.performClick(View.java:4446)
E/MessageQueue-JNI(17183): 	at android.view.View.onKeyUp(View.java:8258)
E/MessageQueue-JNI(17183): 	at android.widget.TextView.onKeyUp(TextView.java:5726)
E/MessageQueue-JNI(17183): 	at android.view.KeyEvent.dispatch(KeyEvent.java:2708)
E/MessageQueue-JNI(17183): 	at android.view.View.dispatchKeyEvent(View.java:7682)
E/MessageQueue-JNI(17183): 	at android.view.ViewGroup.dispatchKeyEvent(ViewGroup.java:1408)
E/MessageQueue-JNI(17183): 	at android.view.ViewGroup.dispatchKeyEvent(ViewGroup.java:1408)
E/MessageQueue-JNI(17183): 	at android.view.ViewGroup.dispatchKeyEvent(ViewGroup.java:1408)
E/MessageQueue-JNI(17183): 	at android.view.ViewGroup.dispatchKeyEvent(ViewGroup.java:1408)
E/MessageQueue-JNI(17183): 	at com.android.internal.policy.impl.PhoneWindow$DecorView.superDispatchKeyEvent(PhoneWindow.java:2084)
E/MessageQueue-JNI(17183): 	at com.android.internal.policy.impl.PhoneWindow.superDispatchKeyEvent(PhoneWindow.java:1554)
E/MessageQueue-JNI(17183): 	at android.app.Activity.dispatchKeyEvent(Activity.java:2453)
E/MessageQueue-JNI(17183): 	at com.android.internal.policy.impl.PhoneWindow$DecorView.dispatchKeyEvent(PhoneWindow.java:2011)
E/MessageQueue-JNI(17183): 	at android.view.ViewRootImpl$ViewPostImeInputStage.processKeyEvent(ViewRootImpl.java:4086)
E/MessageQueue-JNI(17183): 	at android.view.ViewRootImpl$ViewPostImeInputStage.onProcess(ViewRootImpl.java:4060)
E/MessageQueue-JNI(17183): 	at android.view.ViewRootImpl$InputStage.deliver(ViewRootImpl.java:3624)
E/MessageQueue-JNI(17183): 	at android.view.ViewRootImpl$InputStage.onDeliverToNext(ViewRootImpl.java:3674)
E/MessageQueue-JNI(17183): 	at android.view.ViewRootImpl$InputStage.forward(ViewRootImpl.java:3643)
E/MessageQueue-JNI(17183): 	at android.view.ViewRootImpl$AsyncInputStage.forward(ViewRootImpl.java:3750)
E/MessageQueue-JNI(17183): 	at android.view.ViewRootImpl$InputStage.apply(ViewRootImpl.java:3651)
E/MessageQueue-JNI(17183): 	at android.view.ViewRootImpl$AsyncInputStage.apply(ViewRootImpl.java:3807)
E/MessageQueue-JNI(17183): 	at android.view.ViewRootImpl$InputStage.deliver(ViewRootImpl.java:3624)
E/MessageQueue-JNI(17183): 	at android.view.ViewRootImpl$InputStage.onDeliverToNext(ViewRootImpl.java:3674)
E/MessageQueue-JNI(17183): 	at android.view.ViewRootImpl$InputStage.forward(ViewRootImpl.java:3643)
E/MessageQueue-JNI(17183): 	at android.view.ViewRootImpl$InputStage.apply(ViewRootImpl.java:3651)
E/MessageQueue-JNI(17183): 	at android.view.ViewRootImpl$InputStage.deliver(ViewRootImpl.java:3624)
E/MessageQueue-JNI(17183): 	at android.view.ViewRootImpl$InputStage.onDeliverToNext(ViewRootImpl.java:3674)
E/MessageQueue-JNI(17183): 	at android.view.ViewRootImpl$InputStage.forward(ViewRootImpl.java:3643)
E/MessageQueue-JNI(17183): 	at android.view.ViewRootImpl$AsyncInputStage.forward(ViewRootImpl.java:3783)
E/MessageQueue-JNI(17183): 	at android.view.ViewRootImpl$ImeInputStage.onFinishedInputEvent(ViewRootImpl.java:3945)
E/MessageQueue-JNI(17183): 	at android.view.inputmethod.InputMethodManager$PendingEvent.run(InputMethodManager.java:2014)
E/MessageQueue-JNI(17183): 	at android.view.inputmethod.InputMethodManager.invokeFinishedInputEventCallback(InputMethodManager.java:1708)
E/MessageQueue-JNI(17183): 	at android.view.inputmethod.InputMethodManager.finishedInputEvent(InputMethodManager.java:1699)
E/MessageQueue-JNI(17183): 	at android.view.inputmethod.InputMethodManager$ImeInputEventSender.onInputEventFinished(InputMethodManager.java:1991)
E/MessageQueue-JNI(17183): 	at android.view.InputEventSender.dispatchInputEventFinished(InputEventSender.java:141)
E/MessageQueue-JNI(17183): 	at android.os.MessageQueue.nativePollOnce(Native Method)
E/MessageQueue-JNI(17183): 	at android.os.MessageQueue.next(MessageQueue.java:138)
E/MessageQueue-JNI(17183): 	at android.os.Looper.loop(Looper.java:123)
E/MessageQueue-JNI(17183): 	at android.app.ActivityThread.main(ActivityThread.java:5314)
E/MessageQueue-JNI(17183): 	at java.lang.reflect.Method.invokeNative(Native Method)
E/MessageQueue-JNI(17183): 	at java.lang.reflect.Method.invoke(Method.java:515)
E/MessageQueue-JNI(17183): 	at com.android.internal.os.ZygoteInit$MethodAndArgsCaller.run(ZygoteInit.java:864)
E/MessageQueue-JNI(17183): 	at com.android.internal.os.ZygoteInit.main(ZygoteInit.java:680)
E/MessageQueue-JNI(17183): 	at dalvik.system.NativeStart.main(Native Method)
W/dalvikvm(17183): threadid=1: thread exiting with uncaught exception (group=0x41a63c50)
I/logserver( 2435): Object Path:/data/system/dropbox/, mask=0x00000080
I/logserver( 2435): event->len=48, name=data_app_crash@1499851486997.txt
I/logserver( 2435): find_first_match: find match, plogs(type=1, pfile=/data/system/dropbox/, match=app_crash)
I/Process ( 3088): Sending signal. PID: 17183 SIG: 9
I/logserver( 2435): move_dir:src_path=/data/log/dbox/appdbg/logcache
I/logserver( 2435): move_dir:dst_path=/data/log/logcache/14677792/
I/logserver( 2435): is_all_ready, any file is ready in non-keyfile exception.
I/logserver( 2435): extract_appname, forward search, appname=com.example.monkey
I/logserver( 2435): archive_and_send, pos=0, type=crash, output=20170712172447_crash
I/logserver( 2435): ---copy_match_files enter!!--
I/logserver( 2435): [copy_match_files,829]: copy [/data/system/dropbox/data_app_crash@1499851486997.txt] to [/data/log/logcache/14677792/data_app_crash@1499851486997.txt]
I/logserver( 2435): internal_archive, argc=7
I/logserver( 2435): get_fault_appname, appname=com.example.monkey
I/logserver( 2435): handle_archive_exception, argc=7
I/logserver( 2435): get alarm time = 96575 (sec.)!
I/logserver( 2435): log_apr_add_record open file:/data/log/apr/H60-L02_V100R001CHNC00B316_DU2TAN15AJ049163_20170111211033_statistics
I/logserver( 2435): move_input_files, create dir [/data/log/unzip/H60-L02_V100R001CHNC00B316_DU2TAN15AJ049163_20170712172447_crash]
I/logserver( 2435): copy_file_to_dir, /data/log/logcache/14677792/data_app_crash@1499851483783.txt -> /data/log/unzip/H60-L02_V100R001CHNC00B316_DU2TAN15AJ049163_20170712172447_crash
I/logserver( 2435): copy_file_to_dir, /data/log/logcache/14677792/data_app_crash@1499851486997.txt -> /data/log/unzip/H60-L02_V100R001CHNC00B316_DU2TAN15AJ049163_20170712172447_crash
I/logserver( 2435): copy_file_to_dir, /data/log/logcache/14677792/finger.txt -> /data/log/unzip/H60-L02_V100R001CHNC00B316_DU2TAN15AJ049163_20170712172447_crash
I/logserver( 2435): init_notify_fifo, before change /data/log/logcontrol owner
I/logserver( 2435): Process 2586 opening FIFO for O_WRONLY
I/logserver( 2435): Process 2586 opened fifo(19)
I/logserver( 2435): notify_logcontrol, 2586 sent /data/log/unzip/H60-L02_V100R001CHNC00B316_DU2TAN15AJ049163_20170712172447_crash 
I/logserver( 2435): check_dir_size, dir[/data/log/coredump/] doesn't exist
I/logserver( 2435): thread_logcontrol, select ret = 1
I/logserver( 2435): clean_cur_cache:962, system(rm -r /data/log/logcache/14677792/* > /dev/null 2>&1)
I/logserver( 2435): handle_notify_event, read res = 324, client pid = 2586, data=/data/log/unzip/H60-L02_V100R001CHNC00B316_DU2TAN15AJ049163_20170712172447_crash
I/logserver( 2435): build_notify_string,ModuleName = com.example.monkey
I/logserver( 2435): build_notify_string,product name = H60-L02
I/logserver( 2435): handle_notify_event, send msg [submit:trigger=0,bugtype=2,modulename=com.example.monkey,level=1,testtype=NORMAL,path=/data/log/unzip/H60-L02_V100R001CHNC00B316_DU2TAN15AJ049163_20170712172447_crash;]
I/logserver( 2435): send_to_client, send to (18) res = 167
E/SubmitMessage( 3448): Submit string: submit:trigger=0,bugtype=2,modulename=com.example.monkey,level=1,testtype=NORMAL,path=/data/log/unzip/H60-L02_V100R001CHNC00B316_DU2TAN15AJ049163_20170712172447_crash
I/wpa_supplicant(27617): wlan0: HEART-BEAT-ACK: 194
I/logserver( 2435): Object Path:/data/log/apr/, mask=0x00000008
I/logserver( 2435): event->len=80, name=H60-L02_V100R001CHNC00B316_DU2TAN15AJ049163_20170111211033_statistics
I/logserver( 2435): process_one_event, can not find this event(H60-L02_V100R001CHNC00B316_DU2TAN15AJ049163_20170111211033_statistics)
I/logserver( 2435): clean_cur_cache:962, system(rm -r /data/log/logcache/14677792/* > /dev/null 2>&1)
I/LogServiceSetting( 3448): checkMemorydumpByPath: filePath is /storage/emulated/legacy/bugreports/ramdump
I/LogServiceSetting( 3448): CheckMemorydumpByPath: /storage/emulated/legacy/bugreports/ramdumpis not exist.
I/LogServiceSetting( 3448): checkMemorydumpByPath: filePath is /storage/sdcard1/bugreports/ramdump
I/LogServiceSetting( 3448): CheckMemorydumpByPath: /storage/sdcard1/bugreports/ramdumpis not exist.
I/LogCollectService( 3448): getUploadingFiles, file: /splash2/log/LogService/uploading/H60-L02_V100R001CHNC00B316_ibgZsLcTwUwjRUfS$bGYj62+s7PQIV7+$RXAj5TCoig=_20160510234552428__ALL_COMMERCIAL.zip
I/LogCollectService( 3448): getUploadingFiles, file: /splash2/log/LogService/uploading/failed
I/LogCollectService( 3448): getUploadingFiles, file: /splash2/log/LogService/uploading/H60-L02_V100R001CHNC00B316_ibgZsLcTwUwjRUfS$bGYj62+s7PQIV7+$RXAj5TCoig=_20160915112655300__ALL_COMMERCIAL.zip
I/LogCollectService( 3448): getUploadingFiles, file: /splash2/log/LogService/uploading/H60-L02_V100R001CHNC00B316_ibgZsLcTwUwjRUfS$bGYj62+s7PQIV7+$RXAj5TCoig=_20170406070746175__ALL_COMMERCIAL.zip
I/LogCollectService( 3448): getUploadingFiles, file: /splash2/log/LogService/uploading/H60-L02_V100R001CHNC00B316_ibgZsLcTwUwjRUfS$bGYj62+s7PQIV7+$RXAj5TCoig=_20170410222608337__ALL_COMMERCIAL.zip
I/PackageLogInfoManager( 3448): checkPackageLogState
I/HwLauncher( 3556): DynamicIcon onWindowVisibilityChanged 4 - com.android.deskclock
I/HwLauncher( 3556): DynamicIcon onWindowVisibilityChanged 4 - com.huawei.android.totemweather
I/HwLauncher( 3556): Launcher onStart()
I/HwLauncher( 3556): Launcher dynamicIconsRegister
I/HwLauncher( 3556): DynamicUpdater registerReceiver
I/HwLauncher( 3556): DynamicUpdater call updateFolder
I/HwLauncher( 3556): DynamicIcon onResume  isvisible = false   mAttachedToWindow:true    mWindowVisible:falsecom.android.deskclock
I/HwLauncher( 3556): DynamicUpdater registerReceiver
I/HwLauncher( 3556): DynamicUpdater call updateFolder
I/HwLauncher( 3556): DynamicIcon onResume  isvisible = true   mAttachedToWindow:false    mWindowVisible:falsecom.android.calendar
I/HwLauncher( 3556): DynamicUpdater registerReceiver
I/HwLauncher( 3556): DynamicUpdater call updateFolder
I/HwLauncher( 3556): WeatherDynamicUpdaterpositiveUpdate at WeatherDynamicUpdater
I/HwLauncher( 3556): DynamicIcon onResume  isvisible = false   mAttachedToWindow:true    mWindowVisible:falsecom.huawei.android.totemweather
I/HwLauncher( 3556): Launcher onResume()
I/HwLauncher( 3556): Launcher doResumeWork()
W/MotionDetectionManager( 3556): startMotionAppsReco motionApps: 402 disabled
W/HwLauncher( 3556): Launcher.MotionManager failed to start TYPE_SHAKE_CHANGE_WALLPAPER
I/HwLauncher( 3556): Launcher.MotionManager startShakeMotion mIsShakeInHome=true
W/MotionDetectionManager( 3556): startMotionAppsReco motionApps: 404 disabled
W/HwLauncher( 3556): Launcher.MotionManager failed to start TYPE_SHAKE_START_PRIVACY
I/HwLauncher( 3556): Launcher changeNaviBarStatus
W/HwLauncher( 3556): Launcher  updateMarginLayoutParamsForView:the target view is null.
I/HwLauncher( 3556): Launcher  onResume mIsToUninstallApp = false
I/HwLauncher( 3556): DynamicIcon onVisibilityChanged 0 - com.android.deskclock
I/HwLauncher( 3556): DynamicIcon onVisibilityChanged 0 - com.huawei.android.totemweather
I/HwLauncher( 3556): DynamicIcon onWindowVisibilityChanged 0 - com.android.deskclock
I/HwLauncher( 3556): DynamicIcon onWindowVisibilityChanged 0 - com.huawei.android.totemweather
I/PhoneStatusBar( 3296): hw_status_bar_operators = true, setSystemUIVisibily(SHOW_OPERATOR = false)
I/HwLauncher( 3556): WeatherDynamicUpdaterreceive action = com.huawei.android.action.launcher_weather_icon_change
I/HwLauncher( 3556): WeatherDynamicUpdaterreceiver data is int[] = [0, 0]
I/HwLauncher( 3556):  stringArray[] [unknown]
W/Binder  ( 3411): Caught a RuntimeException from the binder stub implementation.
W/Binder  ( 3411): java.lang.NullPointerException
