int logctl_get(): open '/dev/hwlog_switch' fail -1, 13. Permission denied

Note: log switch off, only log_main and log_events will have logs!
--------- beginning of /dev/log/main
I/logserver( 2435): event->len=48, name=data_app_crash@1499850984708.txt
I/logserver( 2435): find_first_match: find match, plogs(type=1, pfile=/data/system/dropbox/, match=app_crash)
I/Process ( 3088): Sending signal. PID: 13450 SIG: 9
I/logserver( 2435): move_dir:src_path=/data/log/dbox/appdbg/logcache
I/logserver( 2435): move_dir:dst_path=/data/log/logcache/14677792/
I/logserver( 2435): is_all_ready, any file is ready in non-keyfile exception.
I/logserver( 2435): extract_appname, forward search, appname=com.example.monkey
I/logserver( 2435): archive_and_send, pos=0, type=crash, output=20170712171624_crash
I/logserver( 2435): ---copy_match_files enter!!--
I/logserver( 2435): [copy_match_files,829]: copy [/data/system/dropbox/data_app_crash@1499850984708.txt] to [/data/log/logcache/14677792/data_app_crash@1499850984708.txt]
I/logserver( 2435): internal_archive, argc=7
I/logserver( 2435): get_fault_appname, appname=com.example.monkey
I/logserver( 2435): handle_archive_exception, argc=7
I/logserver( 2435): get alarm time = 96073 (sec.)!
I/logserver( 2435): log_apr_add_record open file:/data/log/apr/H60-L02_V100R001CHNC00B316_DU2TAN15AJ049163_20170111211033_statistics
I/logserver( 2435): move_input_files, create dir [/data/log/unzip/H60-L02_V100R001CHNC00B316_DU2TAN15AJ049163_20170712171624_crash]
I/logserver( 2435): copy_file_to_dir, /data/log/logcache/14677792/data_app_crash@1499850981523.txt -> /data/log/unzip/H60-L02_V100R001CHNC00B316_DU2TAN15AJ049163_20170712171624_crash
I/logserver( 2435): copy_file_to_dir, /data/log/logcache/14677792/data_app_crash@1499850984708.txt -> /data/log/unzip/H60-L02_V100R001CHNC00B316_DU2TAN15AJ049163_20170712171624_crash
I/logserver( 2435): copy_file_to_dir, /data/log/logcache/14677792/finger.txt -> /data/log/unzip/H60-L02_V100R001CHNC00B316_DU2TAN15AJ049163_20170712171624_crash
I/logserver( 2435): init_notify_fifo, before change /data/log/logcontrol owner
I/logserver( 2435): Process 2586 opening FIFO for O_WRONLY
I/logserver( 2435): Process 2586 opened fifo(19)
I/logserver( 2435): notify_logcontrol, 2586 sent /data/log/unzip/H60-L02_V100R001CHNC00B316_DU2TAN15AJ049163_20170712171624_crash 
I/logserver( 2435): check_dir_size, dir[/data/log/coredump/] doesn't exist
I/logserver( 2435): thread_logcontrol, select ret = 1
I/logserver( 2435): clean_cur_cache:962, system(rm -r /data/log/logcache/14677792/* > /dev/null 2>&1)
I/logserver( 2435): handle_notify_event, read res = 324, client pid = 2586, data=/data/log/unzip/H60-L02_V100R001CHNC00B316_DU2TAN15AJ049163_20170712171624_crash
I/logserver( 2435): build_notify_string,ModuleName = com.example.monkey
I/logserver( 2435): build_notify_string,product name = H60-L02
I/logserver( 2435): handle_notify_event, send msg [submit:trigger=0,bugtype=2,modulename=com.example.monkey,level=1,testtype=NORMAL,path=/data/log/unzip/H60-L02_V100R001CHNC00B316_DU2TAN15AJ049163_20170712171624_crash;]
I/logserver( 2435): send_to_client, send to (18) res = 167
E/SubmitMessage( 3448): Submit string: submit:trigger=0,bugtype=2,modulename=com.example.monkey,level=1,testtype=NORMAL,path=/data/log/unzip/H60-L02_V100R001CHNC00B316_DU2TAN15AJ049163_20170712171624_crash
I/logserver( 2435): Object Path:/data/log/apr/, mask=0x00000008
I/logserver( 2435): event->len=80, name=H60-L02_V100R001CHNC00B316_DU2TAN15AJ049163_20170111211033_statistics
I/logserver( 2435): process_one_event, can not find this event(H60-L02_V100R001CHNC00B316_DU2TAN15AJ049163_20170111211033_statistics)
I/logserver( 2435): clean_cur_cache:962, system(rm -r /data/log/logcache/14677792/* > /dev/null 2>&1)
I/LogServiceSetting( 3448): checkMemorydumpByPath: filePath is /storage/emulated/legacy/bugreports/ramdump
I/LogServiceSetting( 3448): CheckMemorydumpByPath: /storage/emulated/legacy/bugreports/ramdumpis not exist.
I/LogServiceSetting( 3448): checkMemorydumpByPath: filePath is /storage/sdcard1/bugreports/ramdump
I/LogServiceSetting( 3448): CheckMemorydumpByPath: /storage/sdcard1/bugreports/ramdumpis not exist.
I/LogCollectService( 3448): getUploadingFiles, file: /splash2/log/LogService/uploading/H60-L02_V100R001CHNC00B316_ibgZsLcTwUwjRUfS$bGYj62+s7PQIV7+$RXAj5TCoig=_20160510234552428__ALL_COMMERCIAL.zip
I/LogCollectService( 3448): getUploadingFiles, file: /splash2/log/LogService/uploading/failed
I/LogCollectService( 3448): getUploadingFiles, file: /splash2/log/LogService/uploading/H60-L02_V100R001CHNC00B316_ibgZsLcTwUwjRUfS$bGYj62+s7PQIV7+$RXAj5TCoig=_20160915112655300__ALL_COMMERCIAL.zip
I/LogCollectService( 3448): getUploadingFiles, file: /splash2/log/LogService/uploading/H60-L02_V100R001CHNC00B316_ibgZsLcTwUwjRUfS$bGYj62+s7PQIV7+$RXAj5TCoig=_20170406070746175__ALL_COMMERCIAL.zip
I/LogCollectService( 3448): getUploadingFiles, file: /splash2/log/LogService/uploading/H60-L02_V100R001CHNC00B316_ibgZsLcTwUwjRUfS$bGYj62+s7PQIV7+$RXAj5TCoig=_20170410222608337__ALL_COMMERCIAL.zip
I/PackageLogInfoManager( 3448): checkPackageLogState
I/HwLauncher( 3556): DynamicIcon onWindowVisibilityChanged 4 - com.android.deskclock
I/HwLauncher( 3556): DynamicIcon onWindowVisibilityChanged 4 - com.huawei.android.totemweather
I/HwLauncher( 3556): Launcher onStart()
I/HwLauncher( 3556): Launcher dynamicIconsRegister
I/HwLauncher( 3556): DynamicUpdater registerReceiver
I/HwLauncher( 3556): DynamicIconData , getDrawableForDynamic begin, pkg = com.android.deskclock, picName = deskclock_bg
I/HwLauncher( 3556): DynamicIconData , getDrawableForDynamic end, pkg = com.android.deskclock, picName = deskclock_bg
I/HwLauncher( 3556): DynamicIconData , getDrawableForDynamic begin, pkg = com.android.deskclock, picName = deskclock_bg
I/HwLauncher( 3556): DynamicIconData , getDrawableForDynamic end, pkg = com.android.deskclock, picName = deskclock_bg
I/HwLauncher( 3556): Launcher.Utilities createIconBitmap sourceWidth = 180sourceHeight = 180
I/HwLauncher( 3556): ClockDynamicUpdater calender update folder at CalenderDynamicUpdater
I/HwLauncher( 3556): DynamicUpdater call updateFolder
I/HwLauncher( 3556): DynamicUpdater call updateFolder
I/HwLauncher( 3556): DynamicIcon onResume  isvisible = false   mAttachedToWindow:true    mWindowVisible:falsecom.android.deskclock
I/HwLauncher( 3556): DynamicUpdater registerReceiver
I/HwLauncher( 3556): DynamicUpdater call updateFolder
I/HwLauncher( 3556): DynamicIcon onResume  isvisible = true   mAttachedToWindow:false    mWindowVisible:falsecom.android.calendar
I/HwLauncher( 3556): DynamicUpdater registerReceiver
I/HwLauncher( 3556): DynamicUpdater call updateFolder
I/HwLauncher( 3556): WeatherDynamicUpdaterpositiveUpdate at WeatherDynamicUpdater
I/HwLauncher( 3556): DynamicIcon onResume  isvisible = false   mAttachedToWindow:true    mWindowVisible:falsecom.huawei.android.totemweather
I/HwLauncher( 3556): Launcher onResume()
I/HwLauncher( 3556): Launcher doResumeWork()
W/MotionDetectionManager( 3556): startMotionAppsReco motionApps: 402 disabled
W/HwLauncher( 3556): Launcher.MotionManager failed to start TYPE_SHAKE_CHANGE_WALLPAPER
I/HwLauncher( 3556): Launcher.MotionManager startShakeMotion mIsShakeInHome=true
W/MotionDetectionManager( 3556): startMotionAppsReco motionApps: 404 disabled
W/HwLauncher( 3556): Launcher.MotionManager failed to start TYPE_SHAKE_START_PRIVACY
I/HwLauncher( 3556): Launcher changeNaviBarStatus
W/HwLauncher( 3556): Launcher  updateMarginLayoutParamsForView:the target view is null.
I/HwLauncher( 3556): Launcher  onResume mIsToUninstallApp = false
I/HwLauncher( 3556): DynamicIcon onVisibilityChanged 0 - com.android.deskclock
I/HwLauncher( 3556): DynamicIcon onVisibilityChanged 0 - com.huawei.android.totemweather
I/HwLauncher( 3556): DynamicIcon onWindowVisibilityChanged 0 - com.android.deskclock
I/HwLauncher( 3556): DynamicIcon onWindowVisibilityChanged 0 - com.huawei.android.totemweather
I/PhoneStatusBar( 3296): hw_status_bar_operators = true, setSystemUIVisibily(SHOW_OPERATOR = false)
I/HwLauncher( 3556): WeatherDynamicUpdaterreceive action = com.huawei.android.action.launcher_weather_icon_change
I/HwLauncher( 3556): WeatherDynamicUpdaterreceiver data is int[] = [0, 0]
I/HwLauncher( 3556):  stringArray[] [unknown]
I/PhoneStatusBar( 3296): hw_status_bar_operators = true, setSystemUIVisibily(SHOW_OPERATOR = false)
W/Binder  ( 3411): Caught a RuntimeException from the binder stub implementation.
W/Binder  ( 3411): java.lang.NullPointerException
W/Binder  ( 3411): 	at android.inputmethodservice.IInputMethodWrapper.setSessionEnabled(IInputMethodWrapper.java:280)
W/Binder  ( 3411): 	at com.android.internal.view.IInputMethod$Stub.onTransact(IInputMethod.java:129)
W/Binder  ( 3411): 	at android.os.Binder.execTransact(Binder.java:404)
W/Binder  ( 3411): 	at dalvik.system.NativeStart.run(Native Method)
W/System.err( 3411): java.lang.NullPointerException
W/System.err( 3411): 	at android.inputmethodservice.IInputMethodWrapper.setSessionEnabled(IInputMethodWrapper.java:280)
W/System.err( 3411): 	at com.android.internal.view.IInputMethod$Stub.onTransact(IInputMethod.java:129)
W/System.err( 3411): 	at android.os.Binder.execTransact(Binder.java:404)
W/System.err( 3411): 	at dalvik.system.NativeStart.run(Native Method)
W/SearchManager( 3556): No global search activity found.
I/K3V3CpuGovernorPolicy( 3513): set scene Hmp policy : 300 , 150
I/HwVPlayer(13527): J<DbProvider> - onCreate()
I/HwVPlayer(13527): J<HwVPlayerApp> - Version : 1.0.58
W/ContextImpl(13527): Implicit intents with startService are not safe: Intent { act=com.huawei.android.airsharing.PLAYER_SERVICE } android.content.ContextWrapper.bindService:517 com.huawei.android.airsharing.client.PlayerClient.bindHwPlayerService:720 com.huawei.android.airsharing.client.PlayerClient.init:86 
W/PlayerManager(13541): [ PlayerManager.java: 88]clsHwSharingListener pid not found pid = 13527
W/DLNA_JNI(13541): Enter Java_com_huawei_android_multiscreen_dlna_sdk_jni_DlnaUniswitch_dlnaApiSetLogLevel, level: 0
I/VPP_DLNA_LOG(13541): [VPPDLNA][DlnaApiSetLogLevel][:2011]-:DlnaApiSetLogLevel is called with Param 0
I/VPP_DLNA_LOG(13541):  
W/DLNA_JNI(13541): Leave Java_com_huawei_android_multiscreen_dlna_sdk_jni_DlnaUniswitch_dlnaApiSetLogLevel
I/MusicApplication(13569): MusicApplication init...
I/Bootstrap(13569): Starting system startup ...
W/PlayerClient(13527): [ PlayerClient.java: 833]onEvent eventId = 2010 || EVENT_TYPE_PLAYER_SUBSCRIBE_SUCCESS
W/PlayerClient(13527): [ PlayerClient.java: 834]mEventListener = com.huawei.hwvplayer.service.multiscreen.AirShareUtils$EventListener@4371e4b8
I/Configurator(13569): onlineEnable :true, emotionVersion :3.0
W/DLNA_JNI(13541): Enter Java_com_huawei_android_multiscreen_dlna_sdk_jni_DlnaUniswitch_dlnaApiSetDeviceName
W/DLNA_JNI(13541): Leave Java_com_huawei_android_multiscreen_dlna_sdk_jni_DlnaUniswitch_dlnaApiSetDeviceName
W/DLNA_JNI(13541): Leave Java_com_huawei_android_multiscreen_dlna_sdk_jni_DlnaUniswitch_dlnaApiSetDeviceName
W/DLNA_JNI(13541): Enter Java_com_huawei_android_multiscreen_dlna_sdk_jni_DlnaUniswitch_dlnaApiStackInit
W/DLNA_JNI(13541): Enter FindCallback
W/DLNA_JNI(13541): Leave FindCallback
W/DLNA_JNI(13541): before DlnaApiRegisterSysCallback
W/DLNA_JNI(13541): JNI Enter DlnaGetIPAndMAC 
W/DLNA_JNI(13541):  
W/DLNA_JNI(13541): pucIpAddr id 192.168.201.3,lenght=13
W/DLNA_JNI(13541): pucIpAddr id a08d16f6c1f.
W/DLNA_JNI(13541): broadcast Addr  192.168.201.255,length=15
W/DLNA_JNI(13541): leave JNI  the DlnaGetIPAndMAC
W/DLNA_JNI(13541): Leave   DlnaGetIPAndMAC
E/VPP_DLNA_LOG(13541): [VPPDLNA][UpnpUpdateIpAndMac][:704]-: Get Mac after filt mac=a08d16f6c1f 
I/Bootstrap(13569): System startup in 62 ms.
I/MusicApplication(13569): MusicApplication init.
I/mediabutton(13569): keycode: 89 command: rewind eventtime: 76380942 RepeatCount:0
I/CAEngineHelper(13569): CA Swtich: true
I/MediaPlaybackService(13569): init.
I/BaseQueuePlaybackService(13569): init
I/APE_JNI (13569): native init sucessfully!
I/APE_JNI (13569): native_setup sucessfully!
I/PlayerProxy(13569): setAudioStreamType streamtype = 3
I/AndroidPlayer(13569): setAudioStreamType streamtype = 3
I/ApePlayer_JAVA(13569): setAudioStreamType streamtype = 3
W/System.err( 3088): java.lang.SecurityException: WifiService: Neither user 10050 nor current process has android.permission.CHANGE_WIFI_STATE.
W/System.err( 3088): 	at android.app.ContextImpl.enforce(ContextImpl.java:1775)
W/System.err( 3088): 	at android.app.ContextImpl.enforceCallingOrSelfPermission(ContextImpl.java:1804)
W/System.err( 3088): 	at com.android.server.wifi.WifiService.enforceChangePermission(WifiService.java:636)
W/System.err( 3088): 	at com.android.server.wifi.WifiService.getWifiServiceMessenger(WifiService.java:1285)
W/System.err( 3088): 	at android.net.wifi.IWifiManager$Stub.onTransact(IWifiManager.java:423)
W/System.err( 3088): 	at huawei.com.android.server.wifi.HwWifiService.onTransact(HwWifiService.java:58)
W/System.err( 3088): 	at android.os.Binder.execTransact(Binder.java:404)
W/System.err( 3088): 	at dalvik.system.NativeStart.run(Native Method)
W/dalvikvm(13569): VFY: unable to find class referenced in signature (Landroid/media/dolby/IDolbyMobileSystemInterface;)
W/dalvikvm(13569): VFY: unable to find class referenced in signature (Landroid/media/dolby/IDolbyMobileSystemInterface;)
W/dalvikvm(13569): VFY: unable to find class referenced in signature (Landroid/media/dolby/IDolbyMobileSystemInterface;)
W/dalvikvm(13569): VFY: unable to find class referenced in signature (Landroid/media/dolby/DolbyMobileAudioEffectClient;)
I/dalvikvm(13569): Could not find method android.media.dolby.DolbyMobileAudioEffectClient.getDolbyEffectOn, referenced from method com.android.mediacenter.components.playback.soundeffect.dolby.DolbyClient.isGlobalDolbyOn
W/dalvikvm(13569): VFY: unable to resolve virtual method 860: Landroid/media/dolby/DolbyMobileAudioEffectClient;.getDolbyEffectOn ()Z
I/dalvikvm(13569): Could not find method android.media.dolby.IDolbyMobileSystemInterface.currentPreset, referenced from method com.android.mediacenter.components.playback.soundeffect.dolby.DolbyClient.setDolbyPreset
W/dalvikvm(13569): VFY: unable to resolve interface method 865: Landroid/media/dolby/IDolbyMobileSystemInterface;.currentPreset ()I
I/dalvikvm(13569): Failed resolving Lcom/android/mediacenter/components/playback/soundeffect/dolby/DolbyClient$3; interface 181 'Landroid/media/dolby/DolbyMobileClientCallbacks;'
W/dalvikvm(13569): Link of class 'Lcom/android/mediacenter/components/playback/soundeffect/dolby/DolbyClient$3;' failed
E/dalvikvm(13569): Could not find class 'com.android.mediacenter.components.playback.soundeffect.dolby.DolbyClient$3', referenced from method com.android.mediacenter.components.playback.soundeffect.dolby.DolbyClient.bindDolbyService
W/dalvikvm(13569): VFY: unable to resolve new-instance 929 (Lcom/android/mediacenter/components/playback/soundeffect/dolby/DolbyClient$3;) in Lcom/android/mediacenter/components/playback/soundeffect/dolby/DolbyClient;
E/dalvikvm(13569): Could not find class 'android.media.dolby.DolbyMobileAudioEffectClient', referenced from method com.android.mediacenter.components.playback.soundeffect.dolby.DolbyClient.bindDolbyService
W/dalvikvm(13569): VFY: unable to resolve new-instance 180 (Landroid/media/dolby/DolbyMobileAudioEffectClient;) in Lcom/android/mediacenter/components/playback/soundeffect/dolby/DolbyClient;
I/dalvikvm(13569): Could not find method android.media.dolby.IDolbyMobileSystemInterface.getEffectOn, referenced from method com.android.mediacenter.components.playback.soundeffect.dolby.DolbyClient.getDolbyEffectOn
W/dalvikvm(13569): VFY: unable to resolve interface method 866: Landroid/media/dolby/IDolbyMobileSystemInterface;.getEffectOn ()Z
I/dalvikvm(13569): Could not find method android.media.dolby.IDolbyMobileSystemInterface.getEffectOn, referenced from method com.android.mediacenter.components.playback.soundeffect.dolby.DolbyClient.setDolbyEffectOn
W/dalvikvm(13569): VFY: unable to resolve interface method 866: Landroid/media/dolby/IDolbyMobileSystemInterface;.getEffectOn ()Z
I/dalvikvm(13569): Could not find method android.media.dolby.DolbyMobileAudioEffectClient.setDolbyEffectByPass, referenced from method com.android.mediacenter.components.playback.soundeffect.dolby.DolbyClient.setGlobleEffect
W/dalvikvm(13569): VFY: unable to resolve virtual method 862: Landroid/media/dolby/DolbyMobileAudioEffectClient;.setDolbyEffectByPass (Z)V
I/dalvikvm(13569): Could not find method android.media.dolby.IDolbyMobileSystemInterface.getEffectOn, referenced from method com.android.mediacenter.components.playback.soundeffect.dolby.DolbyClient.setGlobleEffect
W/dalvikvm(13569): VFY: unable to resolve interface method 866: Landroid/media/dolby/IDolbyMobileSystemInterface;.getEffectOn ()Z
I/dalvikvm(13569): Could not find method android.media.dolby.DolbyMobileAudioEffectClient.unBindFromRemoteRunningService, referenced from method com.android.mediacenter.components.playback.soundeffect.dolby.DolbyClient.unBindDolbyService
W/dalvikvm(13569): VFY: unable to resolve virtual method 864: Landroid/media/dolby/DolbyMobileAudioEffectClient;.unBindFromRemoteRunningService (Landroid/app/Service;)V
I/dalvikvm(13569): Failed resolving Lcom/android/mediacenter/components/playback/soundeffect/dolby/DolbyClient$3; interface 181 'Landroid/media/dolby/DolbyMobileClientCallbacks;'
W/dalvikvm(13569): Link of class 'Lcom/android/mediacenter/components/playback/soundeffect/dolby/DolbyClient$3;' failed
I/str_params( 2427): key: 'srs_cfg:lib_version' value: ''
I/MediaPlaybackService(13569): initWakeLock.
I/MediaPlaybackService(13569): initOnlineLogic
I/AudioFlinger( 2427): DTS_ERR_keyValuePairs (0) srs_cfg:trumedia_enable=1
E/AudioFlinger( 2427): setLppDtsGeq():invalid keyValue of dts geq.
I/PicAndLyricHelper(13569): PicAndLyricHelper...
I/PicAndLyricHelper(13569): PicAndLyricHelper.
I/AudioManager(13569): packageName = :    com.android.mediacenter
W/ContextImpl(13569): Implicit intents with startService are not safe: Intent { act=com.huawei.internetaudioservice.autoaction (has extras) } android.media.AudioManager.updateTargetInService:2212 android.media.AudioManager.registerMediaButtonEventReceiver:2193 com.android.mediacenter.components.playback.systeminteract.ScreenLockController.registerRemoteControlClient:207 
I/MediaFocusControl( 3088):   Remote Control   registerMediaButtonIntent() for PendingIntent{4482b1e0: PendingIntentRecord{445af2a0 com.android.mediacenter broadcastIntent}}
I/ScreenLockController(13569): Build.VERSION.SDK_INT: 19
I/MediaPlaybackService(13569): reloadQueue
I/QueueManager(13569): reloadQueue
I/QueueManager(13569): reloadQueue mCurrentPlayPlaylistId : -999
I/MusicProvider(13569): MediaCenterProvider       --------> mediacenter db create
I/MusicProvider(13569): MediaCenterProvider       -------->  tableName uri = content://mediacenter/external/audio/info
I/QueueManager(13569): reloadQueue mPlayListLen :13
I/QueueManager(13569): reloadQueue last played id :70847
I/MusicProvider(13569): MediaCenterProvider       -------->  tableName uri = content://mediacenter/external/audio
I/QueueManager(13569): create playlist end, id: 70847
I/MediaPlaybackService(13569): openCurrent pos:0, len :13
I/MediaPlaybackService(13569): stop removeIcon: false
I/MusicOnlinePlayer(13569): stopDownload
I/PlayerProxy(13569): reset
I/AndroidPlayer(13569): reset
I/PlayerProxy(13569): setAudioStreamType streamtype = 3
I/AndroidPlayer(13569): setAudioStreamType streamtype = 3
I/ApePlayer_JAVA(13569): setAudioStreamType streamtype = 3
I/PlayerProxy(13569): setDataSource path = /system/media/Pre-loaded/Music/Goldberg_Variations.mp3
I/AndroidPlayer(13569): setDataSource path = /system/media/Pre-loaded/Music/Goldberg_Variations.mp3
I/PlayerProxy(13569): prepare
I/AndroidPlayer(13569): prepare
I/MediaPlaybackService(13569): notifyChange :com.android.mediacenter.metachanged
I/dalvikvm-heap(13569): Grow heap (frag case) to 29.847MB for 1166416-byte allocation
I/MediaPlaybackService(13569): seek pos :3836
I/PlayerProxy(13569): seekTo msec = 3836
I/AndroidPlayer(13569): seekTo msec 3836
I/MediaPlaybackService(13569): gotoIdleState()
I/MediaPlaybackService(13569): notifyChange :com.android.mediacenter.playstatechanged
I/MediaPlaybackService(13569): notifyChange state:2
I/MediaPlaybackService(13569): onStartCommand  action: com.android.mediacenter.mediaplayerservicecommand, cmd: rewind
I/MediaPlaybackService(13569): seek pos :3836
I/PlayerProxy(13569): seekTo msec = 3836
I/AndroidPlayer(13569): seekTo msec 3836
I/MediaPlaybackService(13569): notifyChange :com.android.mediacenter.playstatechanged
I/MediaPlaybackService(13569): notifyChange state:5
I/BaseQueuePlaybackService(13569): mIntentReceiver onReceive action:com.android.mediacenter.mediaplayerservicecommand, cmd:rewind
I/mediabutton(13569): keycode: 89 command: rewind eventtime: 76380946 RepeatCount:0
E/MediaPlayer(13569): Should have subtitle controller already set
I/AndroidPlayer(13569): onPrepared
I/PicAndLyricHelper(13569): autoGetLyricForLocalSong duration: 122315, isPlayerInited: true
I/PicAndLyricHelper(13569): checkLocalPicAndLyric...
I/PicAndLyricHelper(13569): isAutoGet: false, isNetConn: true, hasLyric: false
I/PicAndLyricHelper(13569): checkLocalPicAndLyric.
I/MusicProvider(13616): MediaCenterProvider       --------> mediacenter db create
I/MusicApplication(13616): MusicApplication init...
I/Bootstrap(13616): Starting system startup ...
I/Configurator(13616): onlineEnable :true, emotionVersion :3.0
I/MediaSyncService(13569): onCreate,mScanning:false
I/Bootstrap(13616): System startup in 45 ms.
I/MusicApplication(13616): MusicApplication init.
I/DesktopLyricService(13569): receiver registered!
I/DesktopLyricService(13569): onStartCommand cmd = start_by_receiver action = null
I/DesktopLyricManager(13569): scheduleCheckPlayState!
I/MediaPlaybackService(13569): onStartCommand  action: null, cmd: null
I/MediaPlaybackService(13569): onBind
I/DownloadManagerService(13616): onCreate
W/System.err( 3088): java.lang.SecurityException: WifiService: Neither user 10050 nor current process has android.permission.CHANGE_WIFI_STATE.
W/System.err( 3088): 	at android.app.ContextImpl.enforce(ContextImpl.java:1775)
W/System.err( 3088): 	at android.app.ContextImpl.enforceCallingOrSelfPermission(ContextImpl.java:1804)
W/System.err( 3088): 	at com.android.server.wifi.WifiService.enforceChangePermission(WifiService.java:636)
W/System.err( 3088): 	at com.android.server.wifi.WifiService.getWifiServiceMessenger(WifiService.java:1285)
W/System.err( 3088): 	at android.net.wifi.IWifiManager$Stub.onTransact(IWifiManager.java:423)
W/System.err( 3088): 	at huawei.com.android.server.wifi.HwWifiService.onTransact(HwWifiService.java:58)
W/System.err( 3088): 	at android.os.Binder.execTransact(Binder.java:404)
W/System.err( 3088): 	at dalvik.system.NativeStart.run(Native Method)
I/DownloadingLogic(13616): downloadlogic start 
I/DownloadedSongHelperService(13616): startLoaderData start 
I/DownloadedSongHelperService(13616): onCreate.
I/DownloadingLogic(13616): download service connected
I/MusicProvider(13616): MediaCenterProvider       -------->  tableName uri = content://mediacenter/external/download/list
I/MusicProvider(13616): MediaCenterProvider       -------->  BaseProvider  is null  in query function!
I/MusicProvider(13616): MediaCenterProvider       -------->  tableName uri = content://mediacenter/external/audio/static
I/MusicProvider(13616): MediaCenterProvider       -------->  BaseProvider  is null  in query function!
I/DownloadedSongHelperService(13616): startLoaderData end 
I/InputDispatcher( 3088): maybe input dispatch timeout, send to pg
W/SearchManager( 3556): No global search activity found.
W/DLNA_JNI(13541): Leave Java_com_huawei_android_multiscreen_dlna_sdk_jni_DlnaUniswitch_dlnaApiStackInit
I/DesktopLyricManager(13569): checkStateChanged isOnlinePreparing = false isPlaying = false
I/DesktopLyricManager(13569): scheduleHideLyricView !
I/DesktopLyricManager(13569): performHideLyricView ! mIsLyricViewAdded = false
I/MediaSyncService(13569): synchronizeData() started
I/MediaSyncService(13569): sd file path=/storage/sdcard1/Music/Sarah Connor;Natural-Just One Last Dance.mp3 file.exists()=true
I/MediaSyncService(13569): update count=0||sdcardExists flag=1||prePath=/storage/sdcard1
I/MusicProvider(13569): MediaCenterProvider       -------->  tableName uri = content://mediacenter/external/audio/info/static
I/MusicProvider(13569): MediaCenterProvider       -------->  BaseProvider  is null  in query function!
I/MediaSyncService(13569): mSongCache.size()=13
I/MediaSyncService(13569): provider music count=13
I/MusicProvider(13569): MediaCenterProvider       -------->  tableName uri = content://mediacenter/external/playlist/1/members
I/MediaSyncService(13569): songs deleted size:0
I/MediaSyncService(13569): synchronizeData() end 2  deletedCount=0
I/MediaSyncService(13569): addAudios.length=0 deleteAudios.length=0 updateAudios.length=0
I/wpa_supplicant(27617): wlan0: HEART-BEAT-ACK: 161
E/Thermal-daemon( 2433): [ap] temp_new :36  temp_old :35
E/Thermal-daemon( 2433): Report temperature: [ap] temp :36  report_threshold:1
W/ResourceType( 3556): No known package when getting name for resource number 0x9c000003
I/HwLauncher( 3556): Launcher  onLongClick v = com.huawei.android.launcher.LauncherAppWidgetHostView{44e8e6c8 V.E....L R....... 0,957-1056,1515 #9c000003} isLand = false mWorkspaceLoading = false mIsFolderOpening = false isWorkspaceLocked() = false mIsInstallingApp = false mDragLayer.isMoveViewAnimating() = false mDragLayer.isAnimateViewToDrop() = false mIsToUninstallApp = false
W/ResourceType( 3556): No known package when getting name for resource number 0x9c000003
I/HwLauncher( 3556): Launcher  onLongClick allowLongPress = false mDragController.isDragging() = false itemUnderLongClick = com.huawei.android.launcher.LauncherAppWidgetHostView{44e8e6c8 V.E....L R....... 0,957-1056,1515 #9c000003}
I/DownloadedSongHelperService(13616): startLoaderData start 
I/MusicProvider(13616): MediaCenterProvider       -------->  tableName uri = content://mediacenter/external/audio/static
I/MusicProvider(13616): MediaCenterProvider       -------->  BaseProvider  is null  in query function!
I/DownloadedSongHelperService(13616): startLoaderData end 
I/DownloadedSongHelperService(13616): startLoaderData start 
I/MusicProvider(13616): MediaCenterProvider       -------->  tableName uri = content://mediacenter/external/audio/static
I/MusicProvider(13616): MediaCenterProvider       -------->  BaseProvider  is null  in query function!
I/DownloadedSongHelperService(13616): startLoaderData end 
I/PhoneStatusBar( 3296): hw_status_bar_operators = true, setSystemUIVisibily(SHOW_OPERATOR = false)
I/PhoneStatusBar( 3296): hw_status_bar_operators = true, setSystemUIVisibily(SHOW_OPERATOR = false)
I/InputDispatcher( 3088): maybe input dispatch timeout, send to pg
I/PhoneStatusBar( 3296): hw_status_bar_operators = true, setSystemUIVisibily(SHOW_OPERATOR = false)
I/AndroidRuntime(13415): VM exiting with result code 0.
I/K3V3CpuGovernorPolicy( 3513): close previously scene Hmp policy : 300 , 150
I/PhoneStatusBar( 3296): hw_status_bar_operators = true, setSystemUIVisibily(SHOW_OPERATOR = false)
I/K3V3CpuGovernorPolicy( 3513): set scene Hmp policy : 300 , 150
I/K3V3CpuGovernorPolicy( 3513): close previously scene Hmp policy : 300 , 150
I/HwLauncher( 3556): PagedView snapToPage.getChildOffset(): 1080
I/HwLauncher( 3556): PagedView snapToPageWithVelocity.getRelativeChildOffset(): 1080, 1080
E/Thermal-daemon( 2433): [flash_led] temp_new :34  temp_old :33
I/K3V3CpuGovernorPolicy( 3513): set scene Hmp policy : 300 , 150
E/CommandListener( 2419): readDefRoute call readDefRoute
E/SecondaryTablController( 2419): isWifiDefaultRouteExisted /system/bin/ip route
E/CommandListener( 2419): readDefRoute Rsp ok
I/wpa_supplicant(27617): wlan0: HEART-BEAT-ACK: 162
I/HwLauncher( 3556): ClockDynamicUpdater date changed!!!!!!
I/HwLauncher( 3556): DynamicIconData , getDrawableForDynamic begin, pkg = com.android.deskclock, picName = deskclock_bg
I/HwLauncher( 3556): DynamicIconData , getDrawableForDynamic end, pkg = com.android.deskclock, picName = deskclock_bg
I/HwLauncher( 3556): DynamicIconData , getDrawableForDynamic begin, pkg = com.android.deskclock, picName = deskclock_bg
I/HwLauncher( 3556): DynamicIconData , getDrawableForDynamic end, pkg = com.android.deskclock, picName = deskclock_bg
I/HwLauncher( 3556): Launcher.Utilities createIconBitmap sourceWidth = 180sourceHeight = 180
I/HwLauncher( 3556): ClockDynamicUpdater calender update folder at CalenderDynamicUpdater
I/HwLauncher( 3556): DynamicUpdater call updateFolder
I/HwLauncher( 3556): ClockDynamicUpdater Calender update and call updateFolder
I/HwLauncher( 3556): CalenderDynamicUpdater date changed!!!!!!
I/HwLauncher( 3556): CalenderDynamicUpdater Calender update and call updateFolder
I/wpa_supplicant(27617): wlan0: HEART-BEAT-ACK: 163
E/Thermal-daemon( 2433): [ap] temp_new :37  temp_old :36
E/Thermal-daemon( 2433): Report temperature: [ap] temp :37  report_threshold:1
E/android_hardware_fm.cpp(13826): register_android_hardware_fm_fmradio
E/FM_HAL  (13826): [FM_HAL], fm_dynamic_lib is libbcmfm_if
E/FM_HAL  (13826): [FM_HAL], libname is libbcmfm_if
E/fm_if.c (13826): find the id:libbcmfm_if and begins to open the devices
E/android_hardware_fm.cpp(13826): register_android_hardware_fm_fmradio, ret is 0
E/        (13826): ProtocolErrorLog wangkang test!!
I/HwLauncher( 3556): Launcher onPause()
W/HwLauncher( 3556): Launcher.MotionManager failed to stop TYPE_SHAKE_CHANGE_WALLPAPER
W/HwLauncher( 3556): Launcher.MotionManager failed to stop TYPE_SHAKE_START_PRIVACY
I/HwLauncher( 3556): Launcher onStop()
E/HwLauncher( 3556): Launcher dialog dismiss failed : java.lang.IllegalArgumentException: no dialog with id 1 was ever shown via Activity#showDialog
I/HwLauncher( 3556): Launcher dynamicIconsUnregister
I/HwLauncher( 3556): DynamicUpdater unregisterReceiver
I/HwLauncher( 3556): DynamicIcon onPause  isvisible = true   mAttachedToWindow:true    mWindowVisible:truecom.android.deskclock
I/HwLauncher( 3556): DynamicUpdater unregisterReceiver
I/HwLauncher( 3556): DynamicIcon onPause  isvisible = true   mAttachedToWindow:false    mWindowVisible:falsecom.android.calendar
I/HwLauncher( 3556): DynamicUpdater unregisterReceiver
I/HwLauncher( 3556): DynamicIcon onPause  isvisible = true   mAttachedToWindow:true    mWindowVisible:truecom.huawei.android.totemweather
I/HwLauncher( 3556): DynamicIcon onVisibilityChanged 4 - com.android.deskclock
I/HwLauncher( 3556): DynamicIcon onVisibilityChanged 4 - com.huawei.android.totemweather
I/HwLauncher( 3556): DynamicIcon onWindowVisibilityChanged 4 - com.android.deskclock
I/HwLauncher( 3556): DynamicIcon onWindowVisibilityChanged 4 - com.huawei.android.totemweather
I/PhoneStatusBar( 3296): hw_status_bar_operators = true, setSystemUIVisibily(SHOW_OPERATOR = false)
I/HwLauncher( 3556): DynamicIcon onWindowVisibilityChanged 8 - com.android.deskclock
I/HwLauncher( 3556): DynamicIcon onWindowVisibilityChanged 8 - com.huawei.android.totemweather
I/ActivityManager( 3088): Displayed com.example.monkey/.MainActivity: +356ms
E/android_hardware_fm.cpp(13872): register_android_hardware_fm_fmradio
E/FM_HAL  (13872): [FM_HAL], fm_dynamic_lib is libbcmfm_if
E/FM_HAL  (13872): [FM_HAL], libname is libbcmfm_if
E/fm_if.c (13872): find the id:libbcmfm_if and begins to open the devices
E/android_hardware_fm.cpp(13872): register_android_hardware_fm_fmradio, ret is 0
E/        (13872): ProtocolErrorLog wangkang test!!
I/K3V3CpuGovernorPolicy( 3513): close previously scene Hmp policy : 300 , 150
I/ActivityManager( 3088): Displayed com.example.monkey/.MainActivity: +157ms
I/InputDispatcher( 3088): maybe input dispatch timeout, send to pg
W/dalvikvm(13837): threadid=1: thread exiting with uncaught exception (group=0x41a63c50)
I/Process ( 3088): Sending signal. PID: 13837 SIG: 9
I/logserver( 2435): Object Path:/data/system/dropbox/, mask=0x00000080
I/logserver( 2435): event->len=48, name=data_app_crash@1499851027321.txt
I/logserver( 2435): find_first_match: find match, plogs(type=1, pfile=/data/system/dropbox/, match=app_crash)
I/logserver( 2435): move_dir:src_path=/data/log/dbox/appdbg/logcache
I/logserver( 2435): move_dir:dst_path=/data/log/logcache/14677792/
I/logserver( 2435): is_all_ready, any file is ready in non-keyfile exception.
I/logserver( 2435): extract_appname, forward search, appname=com.example.monkey
I/logserver( 2435): archive_and_send, pos=0, type=crash, output=20170712171707_crash
I/logserver( 2435): ---copy_match_files enter!!--
I/logserver( 2435): [copy_match_files,829]: copy [/data/system/dropbox/data_app_crash@1499851027321.txt] to [/data/log/logcache/14677792/data_app_crash@1499851027321.txt]
I/logserver( 2435): internal_archive, argc=7
I/logserver( 2435): get_fault_appname, appname=com.example.monkey
I/logserver( 2435): handle_archive_exception, argc=7
I/logserver( 2435): get alarm time = 96115 (sec.)!
I/logserver( 2435): log_apr_add_record open file:/data/log/apr/H60-L02_V100R001CHNC00B316_DU2TAN15AJ049163_20170111211033_statistics
I/logserver( 2435): move_input_files, create dir [/data/log/unzip/H60-L02_V100R001CHNC00B316_DU2TAN15AJ049163_20170712171707_crash]
I/logserver( 2435): copy_file_to_dir, /data/log/logcache/14677792/data_app_crash@1499851027321.txt -> /data/log/unzip/H60-L02_V100R001CHNC00B316_DU2TAN15AJ049163_20170712171707_crash
I/logserver( 2435): copy_file_to_dir, /data/log/logcache/14677792/finger.txt -> /data/log/unzip/H60-L02_V100R001CHNC00B316_DU2TAN15AJ049163_20170712171707_crash
I/logserver( 2435): init_notify_fifo, before change /data/log/logcontrol owner
I/logserver( 2435): Process 2586 opening FIFO for O_WRONLY
I/logserver( 2435): Process 2586 opened fifo(19)
I/logserver( 2435): notify_logcontrol, 2586 sent /data/log/unzip/H60-L02_V100R001CHNC00B316_DU2TAN15AJ049163_20170712171707_crash 
I/logserver( 2435): check_dir_size, dir[/data/log/coredump/] doesn't exist
I/logserver( 2435): thread_logcontrol, select ret = 1
I/logserver( 2435): clean_cur_cache:962, system(rm -r /data/log/logcache/14677792/* > /dev/null 2>&1)
I/logserver( 2435): handle_notify_event, read res = 324, client pid = 2586, data=/data/log/unzip/H60-L02_V100R001CHNC00B316_DU2TAN15AJ049163_20170712171707_crash
I/logserver( 2435): build_notify_string,ModuleName = com.example.monkey
I/logserver( 2435): build_notify_string,product name = H60-L02
I/logserver( 2435): handle_notify_event, send msg [submit:trigger=0,bugtype=2,modulename=com.example.monkey,level=1,testtype=NORMAL,path=/data/log/unzip/H60-L02_V100R001CHNC00B316_DU2TAN15AJ049163_20170712171707_crash;]
I/logserver( 2435): send_to_client, send to (18) res = 167
E/SubmitMessage( 3448): Submit string: submit:trigger=0,bugtype=2,modulename=com.example.monkey,level=1,testtype=NORMAL,path=/data/log/unzip/H60-L02_V100R001CHNC00B316_DU2TAN15AJ049163_20170712171707_crash
I/logserver( 2435): Object Path:/data/log/apr/, mask=0x00000008
I/logserver( 2435): event->len=80, name=H60-L02_V100R001CHNC00B316_DU2TAN15AJ049163_20170111211033_statistics
I/logserver( 2435): process_one_event, can not find this event(H60-L02_V100R001CHNC00B316_DU2TAN15AJ049163_20170111211033_statistics)
I/logserver( 2435): clean_cur_cache:962, system(rm -r /data/log/logcache/14677792/* > /dev/null 2>&1)
I/LogServiceSetting( 3448): checkMemorydumpByPath: filePath is /storage/emulated/legacy/bugreports/ramdump
I/LogServiceSetting( 3448): CheckMemorydumpByPath: /storage/emulated/legacy/bugreports/ramdumpis not exist.
I/LogServiceSetting( 3448): checkMemorydumpByPath: filePath is /storage/sdcard1/bugreports/ramdump
I/LogServiceSetting( 3448): CheckMemorydumpByPath: /storage/sdcard1/bugreports/ramdumpis not exist.
I/LogCollectService( 3448): getUploadingFiles, file: /splash2/log/LogService/uploading/H60-L02_V100R001CHNC00B316_ibgZsLcTwUwjRUfS$bGYj62+s7PQIV7+$RXAj5TCoig=_20160510234552428__ALL_COMMERCIAL.zip
I/LogCollectService( 3448): getUploadingFiles, file: /splash2/log/LogService/uploading/failed
I/LogCollectService( 3448): getUploadingFiles, file: /splash2/log/LogService/uploading/H60-L02_V100R001CHNC00B316_ibgZsLcTwUwjRUfS$bGYj62+s7PQIV7+$RXAj5TCoig=_20160915112655300__ALL_COMMERCIAL.zip
I/LogCollectService( 3448): getUploadingFiles, file: /splash2/log/LogService/uploading/H60-L02_V100R001CHNC00B316_ibgZsLcTwUwjRUfS$bGYj62+s7PQIV7+$RXAj5TCoig=_20170406070746175__ALL_COMMERCIAL.zip
I/LogCollectService( 3448): getUploadingFiles, file: /splash2/log/LogService/uploading/H60-L02_V100R001CHNC00B316_ibgZsLcTwUwjRUfS$bGYj62+s7PQIV7+$RXAj5TCoig=_20170410222608337__ALL_COMMERCIAL.zip
I/PackageLogInfoManager( 3448): checkPackageLogState
W/Binder  ( 3411): Caught a RuntimeException from the binder stub implementation.
W/Binder  ( 3411): java.lang.NullPointerException
W/Binder  ( 3411): 	at android.inputmethodservice.IInputMethodWrapper.setSessionEnabled(IInputMethodWrapper.java:280)
W/Binder  ( 3411): 	at com.android.internal.view.IInputMethod$Stub.onTransact(IInputMethod.java:129)
W/Binder  ( 3411): 	at android.os.Binder.execTransact(Binder.java:404)
W/Binder  ( 3411): 	at dalvik.system.NativeStart.run(Native Method)
W/System.err( 3411): java.lang.NullPointerException
W/System.err( 3411): 	at android.inputmethodservice.IInputMethodWrapper.setSessionEnabled(IInputMethodWrapper.java:280)
W/System.err( 3411): 	at com.android.internal.view.IInputMethod$Stub.onTransact(IInputMethod.java:129)
W/System.err( 3411): 	at android.os.Binder.execTransact(Binder.java:404)
W/System.err( 3411): 	at dalvik.system.NativeStart.run(Native Method)
I/ActivityManager( 3088): Displayed com.example.monkey/.MainActivity: +292ms (total +650ms)
W/dalvikvm(13927): threadid=1: thread exiting with uncaught exception (group=0x41a63c50)
I/Process ( 3088): Sending signal. PID: 13927 SIG: 9
I/logserver( 2435): Object Path:/data/system/dropbox/, mask=0x00000080
I/logserver( 2435): event->len=48, name=data_app_crash@1499851028867.txt
I/logserver( 2435): find_first_match: find match, plogs(type=1, pfile=/data/system/dropbox/, match=app_crash)
I/logserver( 2435): move_dir:src_path=/data/log/dbox/appdbg/logcache
I/logserver( 2435): move_dir:dst_path=/data/log/logcache/14677792/
I/logserver( 2435): is_all_ready, any file is ready in non-keyfile exception.
I/logserver( 2435): extract_appname, forward search, appname=com.example.monkey
I/logserver( 2435): archive_and_send, pos=0, type=crash, output=20170712171708_crash
I/logserver( 2435): ---copy_match_files enter!!--
I/logserver( 2435): [copy_match_files,829]: copy [/data/system/dropbox/data_app_crash@1499851028867.txt] to [/data/log/logcache/14677792/data_app_crash@1499851028867.txt]
I/logserver( 2435): internal_archive, argc=7
I/logserver( 2435): get_fault_appname, appname=com.example.monkey
I/logserver( 2435): handle_archive_exception, argc=7
I/logserver( 2435): get alarm time = 96117 (sec.)!
I/logserver( 2435): log_apr_add_record open file:/data/log/apr/H60-L02_V100R001CHNC00B316_DU2TAN15AJ049163_20170111211033_statistics
I/logserver( 2435): move_input_files, create dir [/data/log/unzip/H60-L02_V100R001CHNC00B316_DU2TAN15AJ049163_20170712171708_crash]
I/logserver( 2435): copy_file_to_dir, /data/log/logcache/14677792/data_app_crash@1499851027321.txt -> /data/log/unzip/H60-L02_V100R001CHNC00B316_DU2TAN15AJ049163_20170712171708_crash
I/logserver( 2435): copy_file_to_dir, /data/log/logcache/14677792/data_app_crash@1499851028867.txt -> /data/log/unzip/H60-L02_V100R001CHNC00B316_DU2TAN15AJ049163_20170712171708_crash
I/logserver( 2435): copy_file_to_dir, /data/log/logcache/14677792/finger.txt -> /data/log/unzip/H60-L02_V100R001CHNC00B316_DU2TAN15AJ049163_20170712171708_crash
I/logserver( 2435): init_notify_fifo, before change /data/log/logcontrol owner
I/logserver( 2435): Process 2586 opening FIFO for O_WRONLY
I/logserver( 2435): Process 2586 opened fifo(19)
I/logserver( 2435): notify_logcontrol, 2586 sent /data/log/unzip/H60-L02_V100R001CHNC00B316_DU2TAN15AJ049163_20170712171708_crash 
I/logserver( 2435): check_dir_size, dir[/data/log/coredump/] doesn't exist
I/logserver( 2435): thread_logcontrol, select ret = 1
I/logserver( 2435): clean_cur_cache:962, system(rm -r /data/log/logcache/14677792/* > /dev/null 2>&1)
I/logserver( 2435): handle_notify_event, read res = 324, client pid = 2586, data=/data/log/unzip/H60-L02_V100R001CHNC00B316_DU2TAN15AJ049163_20170712171708_crash
I/logserver( 2435): build_notify_string,ModuleName = com.example.monkey
I/logserver( 2435): build_notify_string,product name = H60-L02
I/logserver( 2435): handle_notify_event, send msg [submit:trigger=0,bugtype=2,modulename=com.example.monkey,level=1,testtype=NORMAL,path=/data/log/unzip/H60-L02_V100R001CHNC00B316_DU2TAN15AJ049163_20170712171708_crash;]
I/logserver( 2435): send_to_client, send to (18) res = 167
E/SubmitMessage( 3448): Submit string: submit:trigger=0,bugtype=2,modulename=com.example.monkey,level=1,testtype=NORMAL,path=/data/log/unzip/H60-L02_V100R001CHNC00B316_DU2TAN15AJ049163_20170712171708_crash
I/logserver( 2435): Object Path:/data/log/apr/, mask=0x00000008
I/logserver( 2435): event->len=80, name=H60-L02_V100R001CHNC00B316_DU2TAN15AJ049163_20170111211033_statistics
I/logserver( 2435): process_one_event, can not find this event(H60-L02_V100R001CHNC00B316_DU2TAN15AJ049163_20170111211033_statistics)
I/logserver( 2435): clean_cur_cache:962, system(rm -r /data/log/logcache/14677792/* > /dev/null 2>&1)
I/LogServiceSetting( 3448): checkMemorydumpByPath: filePath is /storage/emulated/legacy/bugreports/ramdump
I/LogServiceSetting( 3448): CheckMemorydumpByPath: /storage/emulated/legacy/bugreports/ramdumpis not exist.
I/LogServiceSetting( 3448): checkMemorydumpByPath: filePath is /storage/sdcard1/bugreports/ramdump
I/LogServiceSetting( 3448): CheckMemorydumpByPath: /storage/sdcard1/bugreports/ramdumpis not exist.
I/LogCollectService( 3448): getUploadingFiles, file: /splash2/log/LogService/uploading/H60-L02_V100R001CHNC00B316_ibgZsLcTwUwjRUfS$bGYj62+s7PQIV7+$RXAj5TCoig=_20160510234552428__ALL_COMMERCIAL.zip
I/LogCollectService( 3448): getUploadingFiles, file: /splash2/log/LogService/uploading/failed
I/LogCollectService( 3448): getUploadingFiles, file: /splash2/log/LogService/uploading/H60-L02_V100R001CHNC00B316_ibgZsLcTwUwjRUfS$bGYj62+s7PQIV7+$RXAj5TCoig=_20160915112655300__ALL_COMMERCIAL.zip
I/LogCollectService( 3448): getUploadingFiles, file: /splash2/log/LogService/uploading/H60-L02_V100R001CHNC00B316_ibgZsLcTwUwjRUfS$bGYj62+s7PQIV7+$RXAj5TCoig=_20170406070746175__ALL_COMMERCIAL.zip
I/LogCollectService( 3448): getUploadingFiles, file: /splash2/log/LogService/uploading/H60-L02_V100R001CHNC00B316_ibgZsLcTwUwjRUfS$bGYj62+s7PQIV7+$RXAj5TCoig=_20170410222608337__ALL_COMMERCIAL.zip
I/PackageLogInfoManager( 3448): checkPackageLogState
W/Binder  ( 3411): Caught a RuntimeException from the binder stub implementation.
W/Binder  ( 3411): java.lang.NullPointerException
W/Binder  ( 3411): 	at android.inputmethodservice.IInputMethodWrapper.setSessionEnabled(IInputMethodWrapper.java:280)
W/Binder  ( 3411): 	at com.android.internal.view.IInputMethod$Stub.onTransact(IInputMethod.java:129)
W/Binder  ( 3411): 	at android.os.Binder.execTransact(Binder.java:404)
W/Binder  ( 3411): 	at dalvik.system.NativeStart.run(Native Method)
W/System.err( 3411): java.lang.NullPointerException
W/System.err( 3411): 	at android.inputmethodservice.IInputMethodWrapper.setSessionEnabled(IInputMethodWrapper.java:280)
W/System.err( 3411): 	at com.android.internal.view.IInputMethod$Stub.onTransact(IInputMethod.java:129)
W/System.err( 3411): 	at android.os.Binder.execTransact(Binder.java:404)
W/System.err( 3411): 	at dalvik.system.NativeStart.run(Native Method)
I/ActivityManager( 3088): Displayed com.example.monkey/.MainActivity: +369ms
W/dalvikvm(13980): threadid=1: thread exiting with uncaught exception (group=0x41a63c50)
I/Process ( 3088): Sending signal. PID: 13980 SIG: 9
I/logserver( 2435): Object Path:/data/system/dropbox/, mask=0x00000080
I/logserver( 2435): event->len=48, name=data_app_crash@1499851030964.txt
I/logserver( 2435): find_first_match: find match, plogs(type=1, pfile=/data/system/dropbox/, match=app_crash)
I/logserver( 2435): move_dir:src_path=/data/log/dbox/appdbg/logcache
I/logserver( 2435): move_dir:dst_path=/data/log/logcache/14677792/
I/logserver( 2435): is_all_ready, any file is ready in non-keyfile exception.
I/logserver( 2435): extract_appname, forward search, appname=com.example.monkey
I/logserver( 2435): archive_and_send, pos=0, type=crash, output=20170712171710_crash
I/logserver( 2435): ---copy_match_files enter!!--
I/logserver( 2435): [copy_match_files,829]: copy [/data/system/dropbox/data_app_crash@1499851030964.txt] to [/data/log/logcache/14677792/data_app_crash@1499851030964.txt]
I/logserver( 2435): internal_archive, argc=7
I/logserver( 2435): get_fault_appname, appname=com.example.monkey
I/logserver( 2435): handle_archive_exception, argc=7
I/logserver( 2435): get alarm time = 96119 (sec.)!
I/logserver( 2435): log_apr_add_record open file:/data/log/apr/H60-L02_V100R001CHNC00B316_DU2TAN15AJ049163_20170111211033_statistics
I/logserver( 2435): move_input_files, create dir [/data/log/unzip/H60-L02_V100R001CHNC00B316_DU2TAN15AJ049163_20170712171710_crash]
I/logserver( 2435): copy_file_to_dir, /data/log/logcache/14677792/data_app_crash@1499851027321.txt -> /data/log/unzip/H60-L02_V100R001CHNC00B316_DU2TAN15AJ049163_20170712171710_crash
I/logserver( 2435): copy_file_to_dir, /data/log/logcache/14677792/data_app_crash@1499851028867.txt -> /data/log/unzip/H60-L02_V100R001CHNC00B316_DU2TAN15AJ049163_20170712171710_crash
I/logserver( 2435): copy_file_to_dir, /data/log/logcache/14677792/data_app_crash@1499851030964.txt -> /data/log/unzip/H60-L02_V100R001CHNC00B316_DU2TAN15AJ049163_20170712171710_crash
I/logserver( 2435): copy_file_to_dir, /data/log/logcache/14677792/finger.txt -> /data/log/unzip/H60-L02_V100R001CHNC00B316_DU2TAN15AJ049163_20170712171710_crash
I/logserver( 2435): init_notify_fifo, before change /data/log/logcontrol owner
I/logserver( 2435): Process 2586 opening FIFO for O_WRONLY
I/logserver( 2435): Process 2586 opened fifo(19)
I/logserver( 2435): notify_logcontrol, 2586 sent /data/log/unzip/H60-L02_V100R001CHNC00B316_DU2TAN15AJ049163_20170712171710_crash 
I/logserver( 2435): check_dir_size, dir[/data/log/coredump/] doesn't exist
I/logserver( 2435): clean_cur_cache:962, system(rm -r /data/log/logcache/14677792/* > /dev/null 2>&1)
I/logserver( 2435): thread_logcontrol, select ret = 1
I/logserver( 2435): handle_notify_event, read res = 324, client pid = 2586, data=/data/log/unzip/H60-L02_V100R001CHNC00B316_DU2TAN15AJ049163_20170712171710_crash
I/logserver( 2435): build_notify_string,ModuleName = com.example.monkey
I/logserver( 2435): build_notify_string,product name = H60-L02
I/logserver( 2435): handle_notify_event, send msg [submit:trigger=0,bugtype=2,modulename=com.example.monkey,level=1,testtype=NORMAL,path=/data/log/unzip/H60-L02_V100R001CHNC00B316_DU2TAN15AJ049163_20170712171710_crash;]
I/logserver( 2435): send_to_client, send to (18) res = 167
E/SubmitMessage( 3448): Submit string: submit:trigger=0,bugtype=2,modulename=com.example.monkey,level=1,testtype=NORMAL,path=/data/log/unzip/H60-L02_V100R001CHNC00B316_DU2TAN15AJ049163_20170712171710_crash
I/logserver( 2435): Object Path:/data/log/apr/, mask=0x00000008
I/logserver( 2435): event->len=80, name=H60-L02_V100R001CHNC00B316_DU2TAN15AJ049163_20170111211033_statistics
I/logserver( 2435): process_one_event, can not find this event(H60-L02_V100R001CHNC00B316_DU2TAN15AJ049163_20170111211033_statistics)
I/logserver( 2435): clean_cur_cache:962, system(rm -r /data/log/logcache/14677792/* > /dev/null 2>&1)
I/LogServiceSetting( 3448): checkMemorydumpByPath: filePath is /storage/emulated/legacy/bugreports/ramdump
I/LogServiceSetting( 3448): CheckMemorydumpByPath: /storage/emulated/legacy/bugreports/ramdumpis not exist.
I/LogServiceSetting( 3448): checkMemorydumpByPath: filePath is /storage/sdcard1/bugreports/ramdump
I/LogServiceSetting( 3448): CheckMemorydumpByPath: /storage/sdcard1/bugreports/ramdumpis not exist.
I/LogCollectService( 3448): getUploadingFiles, file: /splash2/log/LogService/uploading/H60-L02_V100R001CHNC00B316_ibgZsLcTwUwjRUfS$bGYj62+s7PQIV7+$RXAj5TCoig=_20160510234552428__ALL_COMMERCIAL.zip
I/LogCollectService( 3448): getUploadingFiles, file: /splash2/log/LogService/uploading/failed
I/LogCollectService( 3448): getUploadingFiles, file: /splash2/log/LogService/uploading/H60-L02_V100R001CHNC00B316_ibgZsLcTwUwjRUfS$bGYj62+s7PQIV7+$RXAj5TCoig=_20160915112655300__ALL_COMMERCIAL.zip
I/LogCollectService( 3448): getUploadingFiles, file: /splash2/log/LogService/uploading/H60-L02_V100R001CHNC00B316_ibgZsLcTwUwjRUfS$bGYj62+s7PQIV7+$RXAj5TCoig=_20170406070746175__ALL_COMMERCIAL.zip
I/LogCollectService( 3448): getUploadingFiles, file: /splash2/log/LogService/uploading/H60-L02_V100R001CHNC00B316_ibgZsLcTwUwjRUfS$bGYj62+s7PQIV7+$RXAj5TCoig=_20170410222608337__ALL_COMMERCIAL.zip
I/PackageLogInfoManager( 3448): checkPackageLogState
I/HwLauncher( 3556): DynamicIcon onWindowVisibilityChanged 4 - com.android.deskclock
I/HwLauncher( 3556): DynamicIcon onWindowVisibilityChanged 4 - com.huawei.android.totemweather
I/HwLauncher( 3556): Launcher onStart()
I/HwLauncher( 3556): Launcher dynamicIconsRegister
