int logctl_get(): open '/dev/hwlog_switch' fail -1, 13. Permission denied

Note: log switch off, only log_main and log_events will have logs!
--------- beginning of /dev/log/main
W/GooglePlayServicesUtil(15717): Google Play Store is missing.
I/DynamiteModule(15717): Considering local module com.google.android.gms.googlecertificates:0 and remote module com.google.android.gms.googlecertificates:0
E/GoogleCertificates(15717): Failed to load com.google.android.gms.googlecertificates: No acceptable module found. Local version is 0 and remote version is 0.
W/DynamiteModule(15717): Local module descriptor class for com.google.android.gms.googlecertificates not found.
W/GooglePlayServicesUtil(15717): Google Play Store is missing.
I/DynamiteModule(15717): Considering local module com.google.android.gms.googlecertificates:0 and remote module com.google.android.gms.googlecertificates:0
E/GoogleCertificates(15717): Failed to load com.google.android.gms.googlecertificates: No acceptable module found. Local version is 0 and remote version is 0.
E/chromium(15717): [ERROR:android_provider_backend.cc(860)] Can not find favicon's page url
E/chromium(15717): [ERROR:android_provider_backend.cc(860)] Can not find favicon's page url
E/chromium(15717): [ERROR:android_provider_backend.cc(860)] Can not find favicon's page url
E/chromium(15717): [ERROR:android_provider_backend.cc(860)] Can not find favicon's page url
E/chromium(15717): [ERROR:android_provider_backend.cc(860)] Can not find favicon's page url
E/chromium(15717): [ERROR:android_provider_backend.cc(860)] Can not find favicon's page url
I/HwLauncher( 3556): ShortcutsProvider updateData: search n in Contacts use time: 490 i 8 ComponentName: ComponentInfo{com.android.chrome/com.google.android.apps.chrome.Main}
W/System.err(23535): java.lang.SecurityException: permission denial for caller uid:10049 caller package:com.huawei.android.launcher uri: content://com.evernote.evernoteprovider/search_suggest_query/n?limit=50
W/System.err(23535): 	at com.evernote.provider.EvernoteProvider.a(EvernoteProvider.java:9658)
W/System.err(23535): 	at com.evernote.provider.EvernoteProvider.query(EvernoteProvider.java:1960)
W/System.err(23535): 	at android.content.ContentProvider.query(ContentProvider.java:857)
W/System.err(23535): 	at android.content.ContentProvider$Transport.query(ContentProvider.java:200)
W/System.err(23535): 	at android.content.ContentProviderNative.onTransact(ContentProviderNative.java:112)
W/System.err(23535): 	at android.os.Binder.execTransact(Binder.java:404)
W/System.err(23535): 	at dalvik.system.NativeStart.run(Native Method)
E/DatabaseUtils(23535): Writing exception to parcel
E/DatabaseUtils(23535): java.lang.SecurityException: permission denial for caller uid:10049 caller package:com.huawei.android.launcher uri: content://com.evernote.evernoteprovider/search_suggest_query/n?limit=50
E/DatabaseUtils(23535): 	at com.evernote.provider.EvernoteProvider.a(EvernoteProvider.java:9658)
E/DatabaseUtils(23535): 	at com.evernote.provider.EvernoteProvider.query(EvernoteProvider.java:1960)
E/DatabaseUtils(23535): 	at android.content.ContentProvider.query(ContentProvider.java:857)
E/DatabaseUtils(23535): 	at android.content.ContentProvider$Transport.query(ContentProvider.java:200)
E/DatabaseUtils(23535): 	at android.content.ContentProviderNative.onTransact(ContentProviderNative.java:112)
E/DatabaseUtils(23535): 	at android.os.Binder.execTransact(Binder.java:404)
E/DatabaseUtils(23535): 	at dalvik.system.NativeStart.run(Native Method)
E/HwLauncher( 3556): exception happen at getSuggestions, the sableInfo is com.evernote and the exception is java.lang.SecurityException: permission denial for caller uid:10049 caller package:com.huawei.android.launcher uri: content://com.evernote.evernoteprovider/search_suggest_query/n?limit=50
I/HwLauncher( 3556): ShortcutsProvider  BubbleInfo init com.huawei.android.launcher.search.ShortcutsProvider@44b57968 
I/HwLauncher( 3556): ShortcutsProvider updateData: search n in Contacts use time: 14 i 9 ComponentName: ComponentInfo{com.evernote/com.evernote.ui.GoogleSearchResultRedirectActivity}
I/wpa_supplicant(27617): wlan0: HEART-BEAT-ACK: 210
I/K3V3CpuGovernorPolicy( 3513): set scene Hmp policy : 300 , 150
I/InputDispatcher( 3088): maybe input dispatch timeout, send to pg
I/AndroidRuntime(18910): VM exiting with result code 0.
I/K3V3CpuGovernorPolicy( 3513): close previously scene Hmp policy : 300 , 150
E/android_hardware_fm.cpp(19131): register_android_hardware_fm_fmradio
E/FM_HAL  (19131): [FM_HAL], fm_dynamic_lib is libbcmfm_if
E/FM_HAL  (19131): [FM_HAL], libname is libbcmfm_if
E/fm_if.c (19131): find the id:libbcmfm_if and begins to open the devices
E/android_hardware_fm.cpp(19131): register_android_hardware_fm_fmradio, ret is 0
E/        (19131): ProtocolErrorLog wangkang test!!
E/Thermal-daemon( 2433): [flash_led] temp_new :35  temp_old :34
I/HwLauncher( 3556): ClockDynamicUpdater date changed!!!!!!
I/HwLauncher( 3556): DynamicIconData , getDrawableForDynamic begin, pkg = com.android.deskclock, picName = deskclock_bg
I/HwLauncher( 3556): DynamicIconData , getDrawableForDynamic end, pkg = com.android.deskclock, picName = deskclock_bg
I/HwLauncher( 3556): DynamicIconData , getDrawableForDynamic begin, pkg = com.android.deskclock, picName = deskclock_bg
I/HwLauncher( 3556): DynamicIconData , getDrawableForDynamic end, pkg = com.android.deskclock, picName = deskclock_bg
I/HwLauncher( 3556): Launcher.Utilities createIconBitmap sourceWidth = 180sourceHeight = 180
I/HwLauncher( 3556): ClockDynamicUpdater calender update folder at CalenderDynamicUpdater
I/HwLauncher( 3556): DynamicUpdater call updateFolder
I/HwLauncher( 3556): ClockDynamicUpdater Calender update and call updateFolder
I/HwLauncher( 3556): CalenderDynamicUpdater date changed!!!!!!
I/HwLauncher( 3556): CalenderDynamicUpdater Calender update and call updateFolder
I/wpa_supplicant(27617): wlan0: HEART-BEAT-ACK: 211
E/Thermal-daemon( 2433): [ap] temp_new :37  temp_old :38
E/Thermal-daemon( 2433): Report temperature: [ap] temp :37  report_threshold:1
E/CommandListener( 2419): readDefRoute call readDefRoute
E/SecondaryTablController( 2419): isWifiDefaultRouteExisted /system/bin/ip route
E/Thermal-daemon( 2433): [flash_led] temp_new :34  temp_old :35
E/Thermal-daemon( 2433): Report temperature: [flash_led] temp :34  report_threshold:1
E/CommandListener( 2419): readDefRoute Rsp ok
E/Thermal-daemon( 2433): [ap] temp_new :36  temp_old :37
E/Thermal-daemon( 2433): Report temperature: [ap] temp :36  report_threshold:1
I/wpa_supplicant(27617): wlan0: HEART-BEAT-ACK: 212
E/android_hardware_fm.cpp(19269): register_android_hardware_fm_fmradio
E/FM_HAL  (19269): [FM_HAL], fm_dynamic_lib is libbcmfm_if
E/FM_HAL  (19269): [FM_HAL], libname is libbcmfm_if
E/fm_if.c (19269): find the id:libbcmfm_if and begins to open the devices
E/android_hardware_fm.cpp(19269): register_android_hardware_fm_fmradio, ret is 0
E/        (19269): ProtocolErrorLog wangkang test!!
I/AndroidRuntime(19269): VM exiting with result code 0.
I/ctrlSocket( 2419): gethostbyname normal
E/android_hardware_fm.cpp(19316): register_android_hardware_fm_fmradio
E/FM_HAL  (19316): [FM_HAL], fm_dynamic_lib is libbcmfm_if
E/FM_HAL  (19316): [FM_HAL], libname is libbcmfm_if
E/fm_if.c (19316): find the id:libbcmfm_if and begins to open the devices
E/android_hardware_fm.cpp(19316): register_android_hardware_fm_fmradio, ret is 0
E/        (19316): ProtocolErrorLog wangkang test!!
I/K3V3CpuGovernorPolicy( 3513): set scene Hmp policy : 300 , 150
I/HwLauncher( 3556): Launcher onPause()
W/HwLauncher( 3556): Launcher.MotionManager failed to stop TYPE_SHAKE_CHANGE_WALLPAPER
W/HwLauncher( 3556): Launcher.MotionManager failed to stop TYPE_SHAKE_START_PRIVACY
I/HwLauncher( 3556): Launcher onStop()
E/HwLauncher( 3556): Launcher dialog dismiss failed : java.lang.IllegalArgumentException: no dialog with id 1 was ever shown via Activity#showDialog
I/HwLauncher( 3556): Launcher dynamicIconsUnregister
I/HwLauncher( 3556): DynamicUpdater unregisterReceiver
I/HwLauncher( 3556): DynamicIcon onPause  isvisible = false   mAttachedToWindow:true    mWindowVisible:truecom.android.deskclock
I/HwLauncher( 3556): DynamicUpdater unregisterReceiver
I/HwLauncher( 3556): DynamicIcon onPause  isvisible = true   mAttachedToWindow:false    mWindowVisible:falsecom.android.calendar
I/HwLauncher( 3556): DynamicUpdater unregisterReceiver
I/HwLauncher( 3556): DynamicIcon onPause  isvisible = true   mAttachedToWindow:true    mWindowVisible:truecom.huawei.android.totemweather
I/HwLauncher( 3556): DynamicIcon onVisibilityChanged 4 - com.android.deskclock
I/HwLauncher( 3556): DynamicIcon onVisibilityChanged 4 - com.huawei.android.totemweather
I/HwLauncher( 3556): DynamicIcon onWindowVisibilityChanged 4 - com.android.deskclock
I/HwLauncher( 3556): DynamicIcon onWindowVisibilityChanged 4 - com.huawei.android.totemweather
I/PhoneStatusBar( 3296): hw_status_bar_operators = true, setSystemUIVisibily(SHOW_OPERATOR = false)
I/HwLauncher( 3556): DynamicIcon onWindowVisibilityChanged 8 - com.android.deskclock
I/HwLauncher( 3556): DynamicIcon onWindowVisibilityChanged 8 - com.huawei.android.totemweather
I/ActivityManager( 3088): Displayed com.example.monkey/.MainActivity: +411ms
E/android_hardware_fm.cpp(19364): register_android_hardware_fm_fmradio
E/FM_HAL  (19364): [FM_HAL], fm_dynamic_lib is libbcmfm_if
E/FM_HAL  (19364): [FM_HAL], libname is libbcmfm_if
E/fm_if.c (19364): find the id:libbcmfm_if and begins to open the devices
E/android_hardware_fm.cpp(19364): register_android_hardware_fm_fmradio, ret is 0
E/        (19364): ProtocolErrorLog wangkang test!!
I/K3V3CpuGovernorPolicy( 3513): close previously scene Hmp policy : 300 , 150
I/ActivityManager( 3088): Displayed com.example.monkey/.MainActivity: +177ms
E/InputEventSender(19329): Exception dispatching finished signal.
E/MessageQueue-JNI(19329): Exception in MessageQueue callback: handleReceiveCallback
E/MessageQueue-JNI(19329): java.lang.NullPointerException
E/MessageQueue-JNI(19329): 	at com.example.monkey.MainActivity$1.onClick(MainActivity.java:23)
E/MessageQueue-JNI(19329): 	at android.view.View.performClick(View.java:4446)
E/MessageQueue-JNI(19329): 	at android.view.View.onKeyUp(View.java:8258)
E/MessageQueue-JNI(19329): 	at android.widget.TextView.onKeyUp(TextView.java:5726)
E/MessageQueue-JNI(19329): 	at android.view.KeyEvent.dispatch(KeyEvent.java:2708)
E/MessageQueue-JNI(19329): 	at android.view.View.dispatchKeyEvent(View.java:7682)
E/MessageQueue-JNI(19329): 	at android.view.ViewGroup.dispatchKeyEvent(ViewGroup.java:1408)
E/MessageQueue-JNI(19329): 	at android.view.ViewGroup.dispatchKeyEvent(ViewGroup.java:1408)
E/MessageQueue-JNI(19329): 	at android.view.ViewGroup.dispatchKeyEvent(ViewGroup.java:1408)
E/MessageQueue-JNI(19329): 	at android.view.ViewGroup.dispatchKeyEvent(ViewGroup.java:1408)
E/MessageQueue-JNI(19329): 	at com.android.internal.policy.impl.PhoneWindow$DecorView.superDispatchKeyEvent(PhoneWindow.java:2084)
E/MessageQueue-JNI(19329): 	at com.android.internal.policy.impl.PhoneWindow.superDispatchKeyEvent(PhoneWindow.java:1554)
E/MessageQueue-JNI(19329): 	at android.app.Activity.dispatchKeyEvent(Activity.java:2453)
E/MessageQueue-JNI(19329): 	at com.android.internal.policy.impl.PhoneWindow$DecorView.dispatchKeyEvent(PhoneWindow.java:2011)
E/MessageQueue-JNI(19329): 	at android.view.ViewRootImpl$ViewPostImeInputStage.processKeyEvent(ViewRootImpl.java:4086)
E/MessageQueue-JNI(19329): 	at android.view.ViewRootImpl$ViewPostImeInputStage.onProcess(ViewRootImpl.java:4060)
E/MessageQueue-JNI(19329): 	at android.view.ViewRootImpl$InputStage.deliver(ViewRootImpl.java:3624)
E/MessageQueue-JNI(19329): 	at android.view.ViewRootImpl$InputStage.onDeliverToNext(ViewRootImpl.java:3674)
E/MessageQueue-JNI(19329): 	at android.view.ViewRootImpl$InputStage.forward(ViewRootImpl.java:3643)
E/MessageQueue-JNI(19329): 	at android.view.ViewRootImpl$AsyncInputStage.forward(ViewRootImpl.java:3750)
E/MessageQueue-JNI(19329): 	at android.view.ViewRootImpl$InputStage.apply(ViewRootImpl.java:3651)
E/MessageQueue-JNI(19329): 	at android.view.ViewRootImpl$AsyncInputStage.apply(ViewRootImpl.java:3807)
E/MessageQueue-JNI(19329): 	at android.view.ViewRootImpl$InputStage.deliver(ViewRootImpl.java:3624)
E/MessageQueue-JNI(19329): 	at android.view.ViewRootImpl$InputStage.onDeliverToNext(ViewRootImpl.java:3674)
E/MessageQueue-JNI(19329): 	at android.view.ViewRootImpl$InputStage.forward(ViewRootImpl.java:3643)
E/MessageQueue-JNI(19329): 	at android.view.ViewRootImpl$InputStage.apply(ViewRootImpl.java:3651)
E/MessageQueue-JNI(19329): 	at android.view.ViewRootImpl$InputStage.deliver(ViewRootImpl.java:3624)
E/MessageQueue-JNI(19329): 	at android.view.ViewRootImpl$InputStage.onDeliverToNext(ViewRootImpl.java:3674)
E/MessageQueue-JNI(19329): 	at android.view.ViewRootImpl$InputStage.forward(ViewRootImpl.java:3643)
E/MessageQueue-JNI(19329): 	at android.view.ViewRootImpl$AsyncInputStage.forward(ViewRootImpl.java:3783)
E/MessageQueue-JNI(19329): 	at android.view.ViewRootImpl$ImeInputStage.onFinishedInputEvent(ViewRootImpl.java:3945)
E/MessageQueue-JNI(19329): 	at android.view.inputmethod.InputMethodManager$PendingEvent.run(InputMethodManager.java:2014)
E/MessageQueue-JNI(19329): 	at android.view.inputmethod.InputMethodManager.invokeFinishedInputEventCallback(InputMethodManager.java:1708)
E/MessageQueue-JNI(19329): 	at android.view.inputmethod.InputMethodManager.finishedInputEvent(InputMethodManager.java:1699)
E/MessageQueue-JNI(19329): 	at android.view.inputmethod.InputMethodManager$ImeInputEventSender.onInputEventFinished(InputMethodManager.java:1991)
E/MessageQueue-JNI(19329): 	at android.view.InputEventSender.dispatchInputEventFinished(InputEventSender.java:141)
E/MessageQueue-JNI(19329): 	at android.os.MessageQueue.nativePollOnce(Native Method)
E/MessageQueue-JNI(19329): 	at android.os.MessageQueue.next(MessageQueue.java:138)
E/MessageQueue-JNI(19329): 	at android.os.Looper.loop(Looper.java:123)
E/MessageQueue-JNI(19329): 	at android.app.ActivityThread.main(ActivityThread.java:5314)
E/MessageQueue-JNI(19329): 	at java.lang.reflect.Method.invokeNative(Native Method)
E/MessageQueue-JNI(19329): 	at java.lang.reflect.Method.invoke(Method.java:515)
E/MessageQueue-JNI(19329): 	at com.android.internal.os.ZygoteInit$MethodAndArgsCaller.run(ZygoteInit.java:864)
E/MessageQueue-JNI(19329): 	at com.android.internal.os.ZygoteInit.main(ZygoteInit.java:680)
E/MessageQueue-JNI(19329): 	at dalvik.system.NativeStart.main(Native Method)
W/dalvikvm(19329): threadid=1: thread exiting with uncaught exception (group=0x41a63c50)
I/Process ( 3088): Sending signal. PID: 19329 SIG: 9
I/logserver( 2435): Object Path:/data/system/dropbox/, mask=0x00000080
I/logserver( 2435): event->len=48, name=data_app_crash@1499851768481.txt
I/logserver( 2435): find_first_match: find match, plogs(type=1, pfile=/data/system/dropbox/, match=app_crash)
I/logserver( 2435): move_dir:src_path=/data/log/dbox/appdbg/logcache
I/logserver( 2435): move_dir:dst_path=/data/log/logcache/14677792/
I/logserver( 2435): is_all_ready, any file is ready in non-keyfile exception.
I/logserver( 2435): extract_appname, forward search, appname=com.example.monkey
I/logserver( 2435): archive_and_send, pos=0, type=crash, output=20170712172928_crash
I/logserver( 2435): ---copy_match_files enter!!--
I/logserver( 2435): [copy_match_files,829]: copy [/data/system/dropbox/data_app_crash@1499851768481.txt] to [/data/log/logcache/14677792/data_app_crash@1499851768481.txt]
I/logserver( 2435): internal_archive, argc=7
I/logserver( 2435): get_fault_appname, appname=com.example.monkey
I/logserver( 2435): handle_archive_exception, argc=7
I/logserver( 2435): get alarm time = 96856 (sec.)!
I/logserver( 2435): log_apr_add_record open file:/data/log/apr/H60-L02_V100R001CHNC00B316_DU2TAN15AJ049163_20170111211033_statistics
I/logserver( 2435): move_input_files, create dir [/data/log/unzip/H60-L02_V100R001CHNC00B316_DU2TAN15AJ049163_20170712172928_crash]
I/logserver( 2435): copy_file_to_dir, /data/log/logcache/14677792/data_app_crash@1499851768481.txt -> /data/log/unzip/H60-L02_V100R001CHNC00B316_DU2TAN15AJ049163_20170712172928_crash
I/logserver( 2435): copy_file_to_dir, /data/log/logcache/14677792/finger.txt -> /data/log/unzip/H60-L02_V100R001CHNC00B316_DU2TAN15AJ049163_20170712172928_crash
I/logserver( 2435): init_notify_fifo, before change /data/log/logcontrol owner
I/logserver( 2435): Process 2586 opening FIFO for O_WRONLY
I/logserver( 2435): Process 2586 opened fifo(19)
I/logserver( 2435): notify_logcontrol, 2586 sent /data/log/unzip/H60-L02_V100R001CHNC00B316_DU2TAN15AJ049163_20170712172928_crash 
I/logserver( 2435): thread_logcontrol, select ret = 1
I/logserver( 2435): check_dir_size, dir[/data/log/coredump/] doesn't exist
I/logserver( 2435): clean_cur_cache:962, system(rm -r /data/log/logcache/14677792/* > /dev/null 2>&1)
I/logserver( 2435): handle_notify_event, read res = 324, client pid = 2586, data=/data/log/unzip/H60-L02_V100R001CHNC00B316_DU2TAN15AJ049163_20170712172928_crash
I/logserver( 2435): build_notify_string,ModuleName = com.example.monkey
I/logserver( 2435): build_notify_string,product name = H60-L02
I/logserver( 2435): handle_notify_event, send msg [submit:trigger=0,bugtype=2,modulename=com.example.monkey,level=1,testtype=NORMAL,path=/data/log/unzip/H60-L02_V100R001CHNC00B316_DU2TAN15AJ049163_20170712172928_crash;]
I/logserver( 2435): send_to_client, send to (18) res = 167
E/SubmitMessage( 3448): Submit string: submit:trigger=0,bugtype=2,modulename=com.example.monkey,level=1,testtype=NORMAL,path=/data/log/unzip/H60-L02_V100R001CHNC00B316_DU2TAN15AJ049163_20170712172928_crash
I/logserver( 2435): Object Path:/data/log/apr/, mask=0x00000008
I/logserver( 2435): event->len=80, name=H60-L02_V100R001CHNC00B316_DU2TAN15AJ049163_20170111211033_statistics
I/logserver( 2435): process_one_event, can not find this event(H60-L02_V100R001CHNC00B316_DU2TAN15AJ049163_20170111211033_statistics)
I/logserver( 2435): clean_cur_cache:962, system(rm -r /data/log/logcache/14677792/* > /dev/null 2>&1)
I/LogServiceSetting( 3448): checkMemorydumpByPath: filePath is /storage/emulated/legacy/bugreports/ramdump
I/LogServiceSetting( 3448): CheckMemorydumpByPath: /storage/emulated/legacy/bugreports/ramdumpis not exist.
I/LogServiceSetting( 3448): checkMemorydumpByPath: filePath is /storage/sdcard1/bugreports/ramdump
I/LogServiceSetting( 3448): CheckMemorydumpByPath: /storage/sdcard1/bugreports/ramdumpis not exist.
I/LogCollectService( 3448): getUploadingFiles, file: /splash2/log/LogService/uploading/H60-L02_V100R001CHNC00B316_ibgZsLcTwUwjRUfS$bGYj62+s7PQIV7+$RXAj5TCoig=_20160510234552428__ALL_COMMERCIAL.zip
I/LogCollectService( 3448): getUploadingFiles, file: /splash2/log/LogService/uploading/failed
I/LogCollectService( 3448): getUploadingFiles, file: /splash2/log/LogService/uploading/H60-L02_V100R001CHNC00B316_ibgZsLcTwUwjRUfS$bGYj62+s7PQIV7+$RXAj5TCoig=_20160915112655300__ALL_COMMERCIAL.zip
I/LogCollectService( 3448): getUploadingFiles, file: /splash2/log/LogService/uploading/H60-L02_V100R001CHNC00B316_ibgZsLcTwUwjRUfS$bGYj62+s7PQIV7+$RXAj5TCoig=_20170406070746175__ALL_COMMERCIAL.zip
I/LogCollectService( 3448): getUploadingFiles, file: /splash2/log/LogService/uploading/H60-L02_V100R001CHNC00B316_ibgZsLcTwUwjRUfS$bGYj62+s7PQIV7+$RXAj5TCoig=_20170410222608337__ALL_COMMERCIAL.zip
I/PackageLogInfoManager( 3448): checkPackageLogState
I/InputDispatcher( 3088): maybe input dispatch timeout, send to pg
W/Binder  ( 3411): Caught a RuntimeException from the binder stub implementation.
W/Binder  ( 3411): java.lang.NullPointerException
W/Binder  ( 3411): 	at android.inputmethodservice.IInputMethodWrapper.setSessionEnabled(IInputMethodWrapper.java:280)
W/Binder  ( 3411): 	at com.android.internal.view.IInputMethod$Stub.onTransact(IInputMethod.java:129)
W/Binder  ( 3411): 	at android.os.Binder.execTransact(Binder.java:404)
W/Binder  ( 3411): 	at dalvik.system.NativeStart.run(Native Method)
W/System.err( 3411): java.lang.NullPointerException
W/System.err( 3411): 	at android.inputmethodservice.IInputMethodWrapper.setSessionEnabled(IInputMethodWrapper.java:280)
W/System.err( 3411): 	at com.android.internal.view.IInputMethod$Stub.onTransact(IInputMethod.java:129)
W/System.err( 3411): 	at android.os.Binder.execTransact(Binder.java:404)
W/System.err( 3411): 	at dalvik.system.NativeStart.run(Native Method)
W/dalvikvm(19393): threadid=1: thread exiting with uncaught exception (group=0x41a63c50)
I/logserver( 2435): Object Path:/data/system/dropbox/, mask=0x00000080
I/logserver( 2435): event->len=48, name=data_app_crash@1499851769175.txt
I/logserver( 2435): find_first_match: find match, plogs(type=1, pfile=/data/system/dropbox/, match=app_crash)
I/Process ( 3088): Sending signal. PID: 19393 SIG: 9
I/logserver( 2435): move_dir:src_path=/data/log/dbox/appdbg/logcache
I/logserver( 2435): move_dir:dst_path=/data/log/logcache/14677792/
I/logserver( 2435): is_all_ready, any file is ready in non-keyfile exception.
I/logserver( 2435): extract_appname, forward search, appname=com.example.monkey
I/logserver( 2435): archive_and_send, pos=0, type=crash, output=20170712172929_crash
I/logserver( 2435): ---copy_match_files enter!!--
I/logserver( 2435): [copy_match_files,829]: copy [/data/system/dropbox/data_app_crash@1499851769175.txt] to [/data/log/logcache/14677792/data_app_crash@1499851769175.txt]
I/logserver( 2435): internal_archive, argc=7
I/logserver( 2435): get_fault_appname, appname=com.example.monkey
I/logserver( 2435): handle_archive_exception, argc=7
I/logserver( 2435): get alarm time = 96857 (sec.)!
I/logserver( 2435): log_apr_add_record open file:/data/log/apr/H60-L02_V100R001CHNC00B316_DU2TAN15AJ049163_20170111211033_statistics
I/logserver( 2435): move_input_files, create dir [/data/log/unzip/H60-L02_V100R001CHNC00B316_DU2TAN15AJ049163_20170712172929_crash]
I/logserver( 2435): copy_file_to_dir, /data/log/logcache/14677792/data_app_crash@1499851768481.txt -> /data/log/unzip/H60-L02_V100R001CHNC00B316_DU2TAN15AJ049163_20170712172929_crash
I/logserver( 2435): copy_file_to_dir, /data/log/logcache/14677792/data_app_crash@1499851769175.txt -> /data/log/unzip/H60-L02_V100R001CHNC00B316_DU2TAN15AJ049163_20170712172929_crash
I/logserver( 2435): copy_file_to_dir, /data/log/logcache/14677792/finger.txt -> /data/log/unzip/H60-L02_V100R001CHNC00B316_DU2TAN15AJ049163_20170712172929_crash
I/logserver( 2435): init_notify_fifo, before change /data/log/logcontrol owner
I/logserver( 2435): Process 2586 opening FIFO for O_WRONLY
I/logserver( 2435): Process 2586 opened fifo(19)
I/logserver( 2435): notify_logcontrol, 2586 sent /data/log/unzip/H60-L02_V100R001CHNC00B316_DU2TAN15AJ049163_20170712172929_crash 
I/ActivityManager( 3088): Displayed com.example.monkey/.MainActivity: +616ms
I/logserver( 2435): thread_logcontrol, select ret = 1
I/logserver( 2435): check_dir_size, dir[/data/log/coredump/] doesn't exist
I/logserver( 2435): handle_notify_event, read res = 324, client pid = 2586, data=/data/log/unzip/H60-L02_V100R001CHNC00B316_DU2TAN15AJ049163_20170712172929_crash
I/logserver( 2435): clean_cur_cache:962, system(rm -r /data/log/logcache/14677792/* > /dev/null 2>&1)
I/logserver( 2435): build_notify_string,ModuleName = com.example.monkey
I/logserver( 2435): build_notify_string,product name = H60-L02
I/logserver( 2435): handle_notify_event, send msg [submit:trigger=0,bugtype=2,modulename=com.example.monkey,level=1,testtype=NORMAL,path=/data/log/unzip/H60-L02_V100R001CHNC00B316_DU2TAN15AJ049163_20170712172929_crash;]
I/logserver( 2435): send_to_client, send to (18) res = 167
E/SubmitMessage( 3448): Submit string: submit:trigger=0,bugtype=2,modulename=com.example.monkey,level=1,testtype=NORMAL,path=/data/log/unzip/H60-L02_V100R001CHNC00B316_DU2TAN15AJ049163_20170712172929_crash
I/logserver( 2435): Object Path:/data/log/apr/, mask=0x00000008
I/logserver( 2435): event->len=80, name=H60-L02_V100R001CHNC00B316_DU2TAN15AJ049163_20170111211033_statistics
I/logserver( 2435): process_one_event, can not find this event(H60-L02_V100R001CHNC00B316_DU2TAN15AJ049163_20170111211033_statistics)
I/logserver( 2435): clean_cur_cache:962, system(rm -r /data/log/logcache/14677792/* > /dev/null 2>&1)
I/LogServiceSetting( 3448): checkMemorydumpByPath: filePath is /storage/emulated/legacy/bugreports/ramdump
I/LogServiceSetting( 3448): CheckMemorydumpByPath: /storage/emulated/legacy/bugreports/ramdumpis not exist.
I/LogServiceSetting( 3448): checkMemorydumpByPath: filePath is /storage/sdcard1/bugreports/ramdump
I/LogServiceSetting( 3448): CheckMemorydumpByPath: /storage/sdcard1/bugreports/ramdumpis not exist.
I/LogCollectService( 3448): getUploadingFiles, file: /splash2/log/LogService/uploading/H60-L02_V100R001CHNC00B316_ibgZsLcTwUwjRUfS$bGYj62+s7PQIV7+$RXAj5TCoig=_20160510234552428__ALL_COMMERCIAL.zip
I/LogCollectService( 3448): getUploadingFiles, file: /splash2/log/LogService/uploading/failed
I/LogCollectService( 3448): getUploadingFiles, file: /splash2/log/LogService/uploading/H60-L02_V100R001CHNC00B316_ibgZsLcTwUwjRUfS$bGYj62+s7PQIV7+$RXAj5TCoig=_20160915112655300__ALL_COMMERCIAL.zip
I/LogCollectService( 3448): getUploadingFiles, file: /splash2/log/LogService/uploading/H60-L02_V100R001CHNC00B316_ibgZsLcTwUwjRUfS$bGYj62+s7PQIV7+$RXAj5TCoig=_20170406070746175__ALL_COMMERCIAL.zip
I/LogCollectService( 3448): getUploadingFiles, file: /splash2/log/LogService/uploading/H60-L02_V100R001CHNC00B316_ibgZsLcTwUwjRUfS$bGYj62+s7PQIV7+$RXAj5TCoig=_20170410222608337__ALL_COMMERCIAL.zip
I/PackageLogInfoManager( 3448): checkPackageLogState
I/HwLauncher( 3556): DynamicIcon onWindowVisibilityChanged 4 - com.android.deskclock
I/HwLauncher( 3556): DynamicIcon onWindowVisibilityChanged 4 - com.huawei.android.totemweather
I/HwLauncher( 3556): Launcher onStart()
I/HwLauncher( 3556): Launcher dynamicIconsRegister
I/HwLauncher( 3556): DynamicUpdater registerReceiver
I/HwLauncher( 3556): DynamicUpdater call updateFolder
I/HwLauncher( 3556): DynamicIcon onResume  isvisible = false   mAttachedToWindow:true    mWindowVisible:falsecom.android.deskclock
I/HwLauncher( 3556): DynamicUpdater registerReceiver
I/HwLauncher( 3556): DynamicUpdater call updateFolder
I/HwLauncher( 3556): DynamicIcon onResume  isvisible = true   mAttachedToWindow:false    mWindowVisible:falsecom.android.calendar
I/HwLauncher( 3556): DynamicUpdater registerReceiver
I/HwLauncher( 3556): DynamicUpdater call updateFolder
I/HwLauncher( 3556): WeatherDynamicUpdaterpositiveUpdate at WeatherDynamicUpdater
I/HwLauncher( 3556): DynamicIcon onResume  isvisible = false   mAttachedToWindow:true    mWindowVisible:falsecom.huawei.android.totemweather
I/HwLauncher( 3556): Launcher onResume()
I/HwLauncher( 3556): Launcher doResumeWork()
W/MotionDetectionManager( 3556): startMotionAppsReco motionApps: 402 disabled
W/HwLauncher( 3556): Launcher.MotionManager failed to start TYPE_SHAKE_CHANGE_WALLPAPER
I/HwLauncher( 3556): Launcher.MotionManager startShakeMotion mIsShakeInHome=true
W/MotionDetectionManager( 3556): startMotionAppsReco motionApps: 404 disabled
W/HwLauncher( 3556): Launcher.MotionManager failed to start TYPE_SHAKE_START_PRIVACY
I/HwLauncher( 3556): Launcher changeNaviBarStatus
W/HwLauncher( 3556): Launcher  updateMarginLayoutParamsForView:the target view is null.
I/HwLauncher( 3556): Launcher  onResume mIsToUninstallApp = false
I/HwLauncher( 3556): DynamicIcon onVisibilityChanged 0 - com.android.deskclock
I/HwLauncher( 3556): DynamicIcon onVisibilityChanged 0 - com.huawei.android.totemweather
I/HwLauncher( 3556): DynamicIcon onWindowVisibilityChanged 0 - com.android.deskclock
I/HwLauncher( 3556): DynamicIcon onWindowVisibilityChanged 0 - com.huawei.android.totemweather
I/PhoneStatusBar( 3296): hw_status_bar_operators = true, setSystemUIVisibily(SHOW_OPERATOR = false)
I/HwLauncher( 3556): ShortcutsProvider updateData: search n in Appliactions use time: 0
I/HwLauncher( 3556): ShortcutsProvider updateData: search n in Contacts use time: 25 i 0 ComponentName: ComponentInfo{com.android.contacts/com.android.contacts.activities.PeopleActivity}
I/PhoneStatusBar( 3296): hw_status_bar_operators = true, setSystemUIVisibily(SHOW_OPERATOR = false)
W/Binder  ( 3411): Caught a RuntimeException from the binder stub implementation.
W/Binder  ( 3411): java.lang.NullPointerException
W/Binder  ( 3411): 	at android.inputmethodservice.IInputMethodWrapper.setSessionEnabled(IInputMethodWrapper.java:280)
W/Binder  ( 3411): 	at com.android.internal.view.IInputMethod$Stub.onTransact(IInputMethod.java:129)
W/Binder  ( 3411): 	at android.os.Binder.execTransact(Binder.java:404)
W/Binder  ( 3411): 	at dalvik.system.NativeStart.run(Native Method)
W/System.err( 3411): java.lang.NullPointerException
W/System.err( 3411): 	at android.inputmethodservice.IInputMethodWrapper.setSessionEnabled(IInputMethodWrapper.java:280)
W/System.err( 3411): 	at com.android.internal.view.IInputMethod$Stub.onTransact(IInputMethod.java:129)
W/System.err( 3411): 	at android.os.Binder.execTransact(Binder.java:404)
W/System.err( 3411): 	at dalvik.system.NativeStart.run(Native Method)
I/HwLauncher( 3556): ShortcutsProvider updateData: search n in Contacts use time: 52 i 1 ComponentName: ComponentInfo{com.android.browser/com.android.browser.BookmarkSearch}
I/HwLauncher( 3556): WeatherDynamicUpdaterreceive action = com.huawei.android.action.launcher_weather_icon_change
I/HwLauncher( 3556): WeatherDynamicUpdaterreceiver data is int[] = [0, 0]
I/HwLauncher( 3556):  stringArray[] [unknown]
I/HwLauncher( 3556): ShortcutsProvider updateData: search n in Contacts use time: 124 i 2 ComponentName: ComponentInfo{com.android.contacts/com.android.mms.ui.SearchActivity}
I/HwEmailTag(23570): GlobalSearchProvider->handleGlobalSearch->uri:content://com.android.email.provider/globalSearch?limit=50&globalSearchKey=n;prefixglobalsearch
I/HwEmailTag(23570): EmailProvider->globalSearch:selection:n; limit:50;prefixglobalsearch
I/HwEmailTag(23570): EmailProvider->globalSearch:searchWhere:_id in () ;prefixglobalsearch
I/HwEmailTag(23570): EmailProvider->query->Query: content://com.android.email.provider/globalSearch?limit=50&globalSearchKey=n; start:1499851769622; consuming:4ms;ms;avg:17.77777777777778ms; max:182ms; counter:18
I/HwLauncher( 3556): ShortcutsProvider updateData: search n in Contacts use time: 18 i 3 ComponentName: ComponentInfo{com.android.email/com.android.email.activity.GlobalSearchDetail}
I/HwLauncher( 3556): ShortcutsProvider updateData: search n in Contacts use time: 19 i 4 ComponentName: ComponentInfo{com.android.calendar/com.android.calendar.hap.GlobalSearchSupport}
I/HwLauncher( 3556): ShortcutsProvider updateData: search n in Contacts use time: 27 i 5 ComponentName: ComponentInfo{com.android.mediacenter/com.android.mediacenter.ui.local.search.LocalSearchActivity}
I/HwLauncher( 3556): ShortcutsProvider updateData: search n in Contacts use time: 16 i 6 ComponentName: ComponentInfo{com.example.android.notepad/com.example.android.notepad.NoteEditor}
W/System.err( 3088): java.lang.SecurityException: Permission Denial: opening provider com.android.calendar.CalendarRecentSuggestionsProvider from ProcessRecord{440877b0 3556:com.huawei.android.launcher/u0a49} (pid=3556, uid=10049) that is not exported from uid 10027
W/System.err( 3088): 	at com.android.server.am.ActivityManagerService.getContentProviderImpl(ActivityManagerService.java:8158)
W/System.err( 3088): 	at com.android.server.am.ActivityManagerService.getContentProvider(ActivityManagerService.java:8335)
W/System.err( 3088): 	at android.app.ActivityManagerNative.onTransact(ActivityManagerNative.java:704)
W/System.err( 3088): 	at com.android.server.am.ActivityManagerService.onTransact(ActivityManagerService.java:2282)
W/System.err( 3088): 	at huawei.com.android.server.am.HwActivityManagerService.onTransact(HwActivityManagerService.java:173)
W/System.err( 3088): 	at android.os.Binder.execTransact(Binder.java:404)
W/System.err( 3088): 	at dalvik.system.NativeStart.run(Native Method)
E/HwLauncher( 3556): exception happen at getSuggestions, the sableInfo is com.android.calendar and the exception is java.lang.SecurityException: Permission Denial: opening provider com.android.calendar.CalendarRecentSuggestionsProvider from ProcessRecord{440877b0 3556:com.huawei.android.launcher/u0a49} (pid=3556, uid=10049) that is not exported from uid 10027
I/HwLauncher( 3556): ShortcutsProvider  BubbleInfo init com.huawei.android.launcher.search.ShortcutsProvider@448a46f0 
I/HwLauncher( 3556): ShortcutsProvider updateData: search n in Contacts use time: 5 i 7 ComponentName: ComponentInfo{com.android.calendar/com.android.calendar.SearchActivity}
W/DynamiteModule(15717): Local module descriptor class for com.google.android.gms.googlecertificates not found.
W/GooglePlayServicesUtil(15717): Google Play Store is missing.
I/DynamiteModule(15717): Considering local module com.google.android.gms.googlecertificates:0 and remote module com.google.android.gms.googlecertificates:0
E/GoogleCertificates(15717): Failed to load com.google.android.gms.googlecertificates: No acceptable module found. Local version is 0 and remote version is 0.
W/DynamiteModule(15717): Local module descriptor class for com.google.android.gms.googlecertificates not found.
W/GooglePlayServicesUtil(15717): Google Play Store is missing.
I/DynamiteModule(15717): Considering local module com.google.android.gms.googlecertificates:0 and remote module com.google.android.gms.googlecertificates:0
E/GoogleCertificates(15717): Failed to load com.google.android.gms.googlecertificates: No acceptable module found. Local version is 0 and remote version is 0.
E/chromium(15717): [ERROR:android_provider_backend.cc(860)] Can not find favicon's page url
E/chromium(15717): [ERROR:android_provider_backend.cc(860)] Can not find favicon's page url
E/chromium(15717): [ERROR:android_provider_backend.cc(860)] Can not find favicon's page url
E/chromium(15717): [ERROR:android_provider_backend.cc(860)] Can not find favicon's page url
E/chromium(15717): [ERROR:android_provider_backend.cc(860)] Can not find favicon's page url
E/chromium(15717): [ERROR:android_provider_backend.cc(860)] Can not find favicon's page url
I/K3V3CpuGovernorPolicy( 3513): set scene Hmp policy : 300 , 150
I/HwLauncher( 3556): ShortcutsProvider updateData: search n in Contacts use time: 434 i 8 ComponentName: ComponentInfo{com.android.chrome/com.google.android.apps.chrome.Main}
W/System.err(23535): java.lang.SecurityException: permission denial for caller uid:10049 caller package:com.huawei.android.launcher uri: content://com.evernote.evernoteprovider/search_suggest_query/n?limit=50
W/System.err(23535): 	at com.evernote.provider.EvernoteProvider.a(EvernoteProvider.java:9658)
W/System.err(23535): 	at com.evernote.provider.EvernoteProvider.query(EvernoteProvider.java:1960)
W/System.err(23535): 	at android.content.ContentProvider.query(ContentProvider.java:857)
W/System.err(23535): 	at android.content.ContentProvider$Transport.query(ContentProvider.java:200)
W/System.err(23535): 	at android.content.ContentProviderNative.onTransact(ContentProviderNative.java:112)
W/System.err(23535): 	at android.os.Binder.execTransact(Binder.java:404)
W/System.err(23535): 	at dalvik.system.NativeStart.run(Native Method)
E/DatabaseUtils(23535): Writing exception to parcel
E/DatabaseUtils(23535): java.lang.SecurityException: permission denial for caller uid:10049 caller package:com.huawei.android.launcher uri: content://com.evernote.evernoteprovider/search_suggest_query/n?limit=50
E/DatabaseUtils(23535): 	at com.evernote.provider.EvernoteProvider.a(EvernoteProvider.java:9658)
E/DatabaseUtils(23535): 	at com.evernote.provider.EvernoteProvider.query(EvernoteProvider.java:1960)
E/DatabaseUtils(23535): 	at android.content.ContentProvider.query(ContentProvider.java:857)
E/DatabaseUtils(23535): 	at android.content.ContentProvider$Transport.query(ContentProvider.java:200)
E/DatabaseUtils(23535): 	at android.content.ContentProviderNative.onTransact(ContentProviderNative.java:112)
E/DatabaseUtils(23535): 	at android.os.Binder.execTransact(Binder.java:404)
E/DatabaseUtils(23535): 	at dalvik.system.NativeStart.run(Native Method)
E/HwLauncher( 3556): exception happen at getSuggestions, the sableInfo is com.evernote and the exception is java.lang.SecurityException: permission denial for caller uid:10049 caller package:com.huawei.android.launcher uri: content://com.evernote.evernoteprovider/search_suggest_query/n?limit=50
I/HwLauncher( 3556): ShortcutsProvider  BubbleInfo init com.huawei.android.launcher.search.ShortcutsProvider@448a46f0 
I/HwLauncher( 3556): ShortcutsProvider updateData: search n in Contacts use time: 15 i 9 ComponentName: ComponentInfo{com.evernote/com.evernote.ui.GoogleSearchResultRedirectActivity}
I/HwLauncher( 3556): Launcher onPause()
W/HwLauncher( 3556): Launcher.MotionManager failed to stop TYPE_SHAKE_CHANGE_WALLPAPER
W/HwLauncher( 3556): Launcher.MotionManager failed to stop TYPE_SHAKE_START_PRIVACY
I/HwLauncher( 3556): Launcher onStop()
E/HwLauncher( 3556): Launcher dialog dismiss failed : java.lang.IllegalArgumentException: no dialog with id 1 was ever shown via Activity#showDialog
I/HwLauncher( 3556): Launcher dynamicIconsUnregister
I/HwLauncher( 3556): DynamicUpdater unregisterReceiver
I/HwLauncher( 3556): DynamicIcon onPause  isvisible = false   mAttachedToWindow:true    mWindowVisible:truecom.android.deskclock
I/HwLauncher( 3556): DynamicUpdater unregisterReceiver
I/PhoneStatusBar( 3296): hw_status_bar_operators = true, setSystemUIVisibily(SHOW_OPERATOR = false)
I/HwLauncher( 3556): DynamicIcon onPause  isvisible = true   mAttachedToWindow:false    mWindowVisible:falsecom.android.calendar
I/HwLauncher( 3556): DynamicUpdater unregisterReceiver
I/HwLauncher( 3556): DynamicIcon onPause  isvisible = true   mAttachedToWindow:true    mWindowVisible:truecom.huawei.android.totemweather
I/HwLauncher( 3556): DynamicIcon onVisibilityChanged 4 - com.android.deskclock
I/HwLauncher( 3556): DynamicIcon onVisibilityChanged 4 - com.huawei.android.totemweather
I/HwLauncher( 3556): DynamicIcon onWindowVisibilityChanged 4 - com.android.deskclock
I/HwLauncher( 3556): DynamicIcon onWindowVisibilityChanged 4 - com.huawei.android.totemweather
I/HwLauncher( 3556): DynamicIcon onWindowVisibilityChanged 8 - com.android.deskclock
I/HwLauncher( 3556): DynamicIcon onWindowVisibilityChanged 8 - com.huawei.android.totemweather
I/ActivityManager( 3088): Displayed com.example.monkey/.MainActivity: +351ms
W/dalvikvm(19464): threadid=1: thread exiting with uncaught exception (group=0x41a63c50)
I/Process ( 3088): Sending signal. PID: 19464 SIG: 9
I/logserver( 2435): Object Path:/data/system/dropbox/, mask=0x00000080
I/logserver( 2435): event->len=48, name=data_app_crash@1499851771086.txt
I/logserver( 2435): find_first_match: find match, plogs(type=1, pfile=/data/system/dropbox/, match=app_crash)
I/logserver( 2435): move_dir:src_path=/data/log/dbox/appdbg/logcache
I/logserver( 2435): move_dir:dst_path=/data/log/logcache/14677792/
I/logserver( 2435): is_all_ready, any file is ready in non-keyfile exception.
I/logserver( 2435): extract_appname, forward search, appname=com.example.monkey
I/logserver( 2435): archive_and_send, pos=0, type=crash, output=20170712172931_crash
I/logserver( 2435): ---copy_match_files enter!!--
I/logserver( 2435): [copy_match_files,829]: copy [/data/system/dropbox/data_app_crash@1499851771086.txt] to [/data/log/logcache/14677792/data_app_crash@1499851771086.txt]
I/logserver( 2435): internal_archive, argc=7
I/logserver( 2435): get_fault_appname, appname=com.example.monkey
I/logserver( 2435): handle_archive_exception, argc=7
I/logserver( 2435): get alarm time = 96859 (sec.)!
I/logserver( 2435): log_apr_add_record open file:/data/log/apr/H60-L02_V100R001CHNC00B316_DU2TAN15AJ049163_20170111211033_statistics
I/logserver( 2435): move_input_files, create dir [/data/log/unzip/H60-L02_V100R001CHNC00B316_DU2TAN15AJ049163_20170712172931_crash]
I/logserver( 2435): copy_file_to_dir, /data/log/logcache/14677792/data_app_crash@1499851768481.txt -> /data/log/unzip/H60-L02_V100R001CHNC00B316_DU2TAN15AJ049163_20170712172931_crash
I/logserver( 2435): copy_file_to_dir, /data/log/logcache/14677792/data_app_crash@1499851769175.txt -> /data/log/unzip/H60-L02_V100R001CHNC00B316_DU2TAN15AJ049163_20170712172931_crash
I/logserver( 2435): copy_file_to_dir, /data/log/logcache/14677792/data_app_crash@1499851771086.txt -> /data/log/unzip/H60-L02_V100R001CHNC00B316_DU2TAN15AJ049163_20170712172931_crash
I/logserver( 2435): copy_file_to_dir, /data/log/logcache/14677792/finger.txt -> /data/log/unzip/H60-L02_V100R001CHNC00B316_DU2TAN15AJ049163_20170712172931_crash
I/logserver( 2435): init_notify_fifo, before change /data/log/logcontrol owner
I/logserver( 2435): Process 2586 opening FIFO for O_WRONLY
I/logserver( 2435): Process 2586 opened fifo(19)
I/logserver( 2435): notify_logcontrol, 2586 sent /data/log/unzip/H60-L02_V100R001CHNC00B316_DU2TAN15AJ049163_20170712172931_crash 
I/logserver( 2435): thread_logcontrol, select ret = 1
I/logserver( 2435): check_dir_size, dir[/data/log/coredump/] doesn't exist
I/logserver( 2435): clean_cur_cache:962, system(rm -r /data/log/logcache/14677792/* > /dev/null 2>&1)
I/logserver( 2435): handle_notify_event, read res = 324, client pid = 2586, data=/data/log/unzip/H60-L02_V100R001CHNC00B316_DU2TAN15AJ049163_20170712172931_crash
I/logserver( 2435): build_notify_string,ModuleName = com.example.monkey
I/logserver( 2435): build_notify_string,product name = H60-L02
I/logserver( 2435): handle_notify_event, send msg [submit:trigger=0,bugtype=2,modulename=com.example.monkey,level=1,testtype=NORMAL,path=/data/log/unzip/H60-L02_V100R001CHNC00B316_DU2TAN15AJ049163_20170712172931_crash;]
I/logserver( 2435): send_to_client, send to (18) res = 167
E/SubmitMessage( 3448): Submit string: submit:trigger=0,bugtype=2,modulename=com.example.monkey,level=1,testtype=NORMAL,path=/data/log/unzip/H60-L02_V100R001CHNC00B316_DU2TAN15AJ049163_20170712172931_crash
I/logserver( 2435): Object Path:/data/log/apr/, mask=0x00000008
I/logserver( 2435): event->len=80, name=H60-L02_V100R001CHNC00B316_DU2TAN15AJ049163_20170111211033_statistics
I/logserver( 2435): process_one_event, can not find this event(H60-L02_V100R001CHNC00B316_DU2TAN15AJ049163_20170111211033_statistics)
I/logserver( 2435): clean_cur_cache:962, system(rm -r /data/log/logcache/14677792/* > /dev/null 2>&1)
I/LogServiceSetting( 3448): checkMemorydumpByPath: filePath is /storage/emulated/legacy/bugreports/ramdump
I/LogServiceSetting( 3448): CheckMemorydumpByPath: /storage/emulated/legacy/bugreports/ramdumpis not exist.
I/LogServiceSetting( 3448): checkMemorydumpByPath: filePath is /storage/sdcard1/bugreports/ramdump
I/LogServiceSetting( 3448): CheckMemorydumpByPath: /storage/sdcard1/bugreports/ramdumpis not exist.
I/LogCollectService( 3448): getUploadingFiles, file: /splash2/log/LogService/uploading/H60-L02_V100R001CHNC00B316_ibgZsLcTwUwjRUfS$bGYj62+s7PQIV7+$RXAj5TCoig=_20160510234552428__ALL_COMMERCIAL.zip
I/LogCollectService( 3448): getUploadingFiles, file: /splash2/log/LogService/uploading/failed
I/LogCollectService( 3448): getUploadingFiles, file: /splash2/log/LogService/uploading/H60-L02_V100R001CHNC00B316_ibgZsLcTwUwjRUfS$bGYj62+s7PQIV7+$RXAj5TCoig=_20160915112655300__ALL_COMMERCIAL.zip
I/LogCollectService( 3448): getUploadingFiles, file: /splash2/log/LogService/uploading/H60-L02_V100R001CHNC00B316_ibgZsLcTwUwjRUfS$bGYj62+s7PQIV7+$RXAj5TCoig=_20170406070746175__ALL_COMMERCIAL.zip
I/LogCollectService( 3448): getUploadingFiles, file: /splash2/log/LogService/uploading/H60-L02_V100R001CHNC00B316_ibgZsLcTwUwjRUfS$bGYj62+s7PQIV7+$RXAj5TCoig=_20170410222608337__ALL_COMMERCIAL.zip
I/PackageLogInfoManager( 3448): checkPackageLogState
E/JavaBinder( 3088): !!! FAILED BINDER TRANSACTION !!!
I/HwLauncher( 3556): DynamicIcon onWindowVisibilityChanged 4 - com.android.deskclock
I/HwLauncher( 3556): DynamicIcon onWindowVisibilityChanged 4 - com.huawei.android.totemweather
I/HwLauncher( 3556): Launcher onStart()
I/HwLauncher( 3556): Launcher dynamicIconsRegister
I/HwLauncher( 3556): DynamicUpdater registerReceiver
I/HwLauncher( 3556): DynamicUpdater call updateFolder
I/HwLauncher( 3556): DynamicIcon onResume  isvisible = false   mAttachedToWindow:true    mWindowVisible:falsecom.android.deskclock
I/HwLauncher( 3556): DynamicUpdater registerReceiver
I/HwLauncher( 3556): DynamicUpdater call updateFolder
I/HwLauncher( 3556): DynamicIcon onResume  isvisible = true   mAttachedToWindow:false    mWindowVisible:falsecom.android.calendar
I/HwLauncher( 3556): DynamicUpdater registerReceiver
I/HwLauncher( 3556): DynamicUpdater call updateFolder
I/HwLauncher( 3556): WeatherDynamicUpdaterpositiveUpdate at WeatherDynamicUpdater
I/HwLauncher( 3556): DynamicIcon onResume  isvisible = false   mAttachedToWindow:true    mWindowVisible:falsecom.huawei.android.totemweather
I/HwLauncher( 3556): Launcher onResume()
I/HwLauncher( 3556): Launcher doResumeWork()
W/MotionDetectionManager( 3556): startMotionAppsReco motionApps: 402 disabled
W/HwLauncher( 3556): Launcher.MotionManager failed to start TYPE_SHAKE_CHANGE_WALLPAPER
I/HwLauncher( 3556): Launcher.MotionManager startShakeMotion mIsShakeInHome=true
W/MotionDetectionManager( 3556): startMotionAppsReco motionApps: 404 disabled
W/HwLauncher( 3556): Launcher.MotionManager failed to start TYPE_SHAKE_START_PRIVACY
I/HwLauncher( 3556): Launcher changeNaviBarStatus
W/HwLauncher( 3556): Launcher  updateMarginLayoutParamsForView:the target view is null.
I/HwLauncher( 3556): Launcher  onResume mIsToUninstallApp = false
I/HwLauncher( 3556): DynamicIcon onVisibilityChanged 0 - com.android.deskclock
I/HwLauncher( 3556): DynamicIcon onVisibilityChanged 0 - com.huawei.android.totemweather
I/HwLauncher( 3556): DynamicIcon onWindowVisibilityChanged 0 - com.android.deskclock
I/HwLauncher( 3556): DynamicIcon onWindowVisibilityChanged 0 - com.huawei.android.totemweather
I/PhoneStatusBar( 3296): hw_status_bar_operators = true, setSystemUIVisibily(SHOW_OPERATOR = false)
I/HwLauncher( 3556): WeatherDynamicUpdaterreceive action = com.huawei.android.action.launcher_weather_icon_change
I/HwLauncher( 3556): WeatherDynamicUpdaterreceiver data is int[] = [0, 0]
I/HwLauncher( 3556):  stringArray[] [unknown]
I/HwLauncher( 3556): ShortcutsProvider updateData: search n in Appliactions use time: 0
W/Binder  ( 3411): Caught a RuntimeException from the binder stub implementation.
W/Binder  ( 3411): java.lang.NullPointerException
W/Binder  ( 3411): 	at android.inputmethodservice.IInputMethodWrapper.setSessionEnabled(IInputMethodWrapper.java:280)
W/Binder  ( 3411): 	at com.android.internal.view.IInputMethod$Stub.onTransact(IInputMethod.java:129)
W/Binder  ( 3411): 	at android.os.Binder.execTransact(Binder.java:404)
W/Binder  ( 3411): 	at dalvik.system.NativeStart.run(Native Method)
W/System.err( 3411): java.lang.NullPointerException
W/System.err( 3411): 	at android.inputmethodservice.IInputMethodWrapper.setSessionEnabled(IInputMethodWrapper.java:280)
W/System.err( 3411): 	at com.android.internal.view.IInputMethod$Stub.onTransact(IInputMethod.java:129)
W/System.err( 3411): 	at android.os.Binder.execTransact(Binder.java:404)
W/System.err( 3411): 	at dalvik.system.NativeStart.run(Native Method)
I/PhoneStatusBar( 3296): hw_status_bar_operators = true, setSystemUIVisibily(SHOW_OPERATOR = false)
I/HwLauncher( 3556): ShortcutsProvider updateData: search n in Contacts use time: 43 i 0 ComponentName: ComponentInfo{com.android.contacts/com.android.contacts.activities.PeopleActivity}
I/HwLauncher( 3556): ShortcutsProvider updateData: search n in Contacts use time: 27 i 1 ComponentName: ComponentInfo{com.android.browser/com.android.browser.BookmarkSearch}
I/HwLauncher( 3556): ShortcutsProvider updateData: search n in Contacts use time: 46 i 2 ComponentName: ComponentInfo{com.android.contacts/com.android.mms.ui.SearchActivity}
I/HwEmailTag(23570): GlobalSearchProvider->handleGlobalSearch->uri:content://com.android.email.provider/globalSearch?limit=50&globalSearchKey=n;prefixglobalsearch
I/HwEmailTag(23570): EmailProvider->globalSearch:selection:n; limit:50;prefixglobalsearch
I/HwEmailTag(23570): EmailProvider->globalSearch:searchWhere:_id in () ;prefixglobalsearch
I/HwEmailTag(23570): EmailProvider->query->Query: content://com.android.email.provider/globalSearch?limit=50&globalSearchKey=n; start:1499851771477; consuming:3ms;ms;avg:17.0ms; max:182ms; counter:19
I/HwLauncher( 3556): ShortcutsProvider updateData: search n in Contacts use time: 17 i 3 ComponentName: ComponentInfo{com.android.email/com.android.email.activity.GlobalSearchDetail}
I/HwLauncher( 3556): ShortcutsProvider updateData: search n in Contacts use time: 18 i 4 ComponentName: ComponentInfo{com.android.calendar/com.android.calendar.hap.GlobalSearchSupport}
I/HwLauncher( 3556): ShortcutsProvider updateData: search n in Contacts use time: 23 i 5 ComponentName: ComponentInfo{com.android.mediacenter/com.android.mediacenter.ui.local.search.LocalSearchActivity}
I/HwLauncher( 3556): ShortcutsProvider updateData: search n in Contacts use time: 12 i 6 ComponentName: ComponentInfo{com.example.android.notepad/com.example.android.notepad.NoteEditor}
W/System.err( 3088): java.lang.SecurityException: Permission Denial: opening provider com.android.calendar.CalendarRecentSuggestionsProvider from ProcessRecord{440877b0 3556:com.huawei.android.launcher/u0a49} (pid=3556, uid=10049) that is not exported from uid 10027
