I/HwLauncher( 3556): Workspace updateCustomizeShortcuts info.title = 
I/HwLauncher( 3556): Workspace updateCustomizeShortcuts info.title = WiseOper
I/HwLauncher( 3556): Workspace updateCustomizeShortcuts info.title = 
I/HwLauncher( 3556): Workspace updateCustomizeShortcuts info.title = 
I/HwLauncher( 3556): Launcher.Folder childCount: 9
I/HwLauncher( 3556): Launcher.Folder childCount: 8
I/HwLauncher( 3556): Launcher.Folder childCount: 2
I/HwLauncher( 3556): Launcher.Folder childCount: 7
I/HwLauncher( 3556): Workspace updateCustomizeShortcuts info.title = 
I/HwLauncher( 3556): Workspace updateCustomizeShortcuts info.title = 
I/HwLauncher( 3556): Workspace updateCustomizeShortcuts info.title = 
I/HwLauncher( 3556): Workspace updateCustomizeShortcuts info.title = RE
I/HwLauncher( 3556): Workspace updateCustomizeShortcuts info.title = 
I/HwLauncher( 3556): Workspace updateCustomizeShortcuts info.title = 
I/HwLauncher( 3556): Workspace updateCustomizeShortcuts info.title = Appium Settings
I/HwLauncher( 3556): Workspace updateCustomizeShortcuts info.title = Unlock
I/HwLauncher( 3556): Workspace updateCustomizeShortcuts info.title = 
I/HwLauncher( 3556): Workspace updateCustomizeShortcuts info.title = QQ
I/HwLauncher( 3556): Workspace updateCustomizeShortcuts info.title = 
I/HwLauncher( 3556): Workspace updateCustomizeShortcuts info.title = 
I/HwLauncher( 3556): Workspace updateCustomizeShortcuts info.title = 
I/HwLauncher( 3556): Workspace updateCustomizeShortcuts info.title = 
I/HwLauncher( 3556): Workspace updateCustomizeShortcuts info.title = 
I/HwLauncher( 3556): Workspace updateCustomizeShortcuts info.title = 
I/HwLauncher( 3556): Workspace updateCustomizeShortcuts info.title = 
I/HwLauncher( 3556): Workspace updateCustomizeShortcuts info.title = 
I/HwLauncher( 3556): Workspace updateCustomizeShortcuts info.title = 
I/HwLauncher( 3556): Workspace updateCustomizeShortcuts info.title = infosys
I/HwLauncher( 3556): Workspace updateCustomizeShortcuts info.title = KingRoot
I/HwLauncher( 3556): Workspace updateCustomizeShortcuts info.title = ios
I/HwLauncher( 3556): Workspace updateCustomizeShortcuts info.title = 
I/HwLauncher( 3556): Workspace updateCustomizeShortcuts info.title = 
I/HwLauncher( 3556): Workspace updateCustomizeShortcuts info.title = 
I/HwLauncher( 3556): Workspace updateCustomizeShortcuts info.title = 
I/HwLauncher( 3556): Workspace updateCustomizeShortcuts info.title = 
I/HwLauncher( 3556): Workspace updateCustomizeShortcuts info.title = 
I/HwLauncher( 3556): Workspace updateCustomizeShortcuts info.title = monkey
I/HwLauncher( 3556): Workspace updateCustomizeShortcuts info.title = 
I/HwLauncher( 3556): Workspace updateCustomizeShortcuts info.title = 
I/HwLauncher( 3556): Workspace updateCustomizeShortcuts info.title = 
I/HwLauncher( 3556): Workspace updateCustomizeShortcuts info.title = Chrome
I/HwLauncher( 3556): Workspace updateCustomizeShortcuts info.title = 
W/HwLauncher( 3556): UnreadContentObserver newUnreadCount:13,oldUnreadCount:12
I/HwLauncher( 3556): AllIdleAppsList  updatePackage : package[com.huawei.message] matched activity's size is 0 and data List size is 66
I/MediaFocusControl( 3088):  AudioFocus  abandonAudioFocus() from android.media.AudioManager@4466b590
W/MessageQueue( 3296): Handler (android.media.AudioManager$FocusEventHandlerDelegate$1) {461eb7e0} sending message to a Handler on a dead thread
W/MessageQueue( 3296): java.lang.RuntimeException: Handler (android.media.AudioManager$FocusEventHandlerDelegate$1) {461eb7e0} sending message to a Handler on a dead thread
W/MessageQueue( 3296): 	at android.os.MessageQueue.enqueueMessage(MessageQueue.java:320)
W/MessageQueue( 3296): 	at android.os.Handler.enqueueMessage(Handler.java:626)
W/MessageQueue( 3296): 	at android.os.Handler.sendMessageAtTime(Handler.java:595)
W/MessageQueue( 3296): 	at android.os.Handler.sendMessageDelayed(Handler.java:566)
W/MessageQueue( 3296): 	at android.os.Handler.sendMessage(Handler.java:503)
W/MessageQueue( 3296): 	at android.media.AudioManager$1.dispatchAudioFocusChange(AudioManager.java:2013)
W/MessageQueue( 3296): 	at android.media.IAudioFocusDispatcher$Stub.onTransact(IAudioFocusDispatcher.java:57)
W/MessageQueue( 3296): 	at android.os.Binder.execTransact(Binder.java:404)
W/MessageQueue( 3296): 	at dalvik.system.NativeStart.run(Native Method)
E/Thermal-daemon( 2433): [ap] temp_new :36  temp_old :35
E/Thermal-daemon( 2433): Report temperature: [ap] temp :36  report_threshold:1
I/wpa_supplicant(27617): wlan0: HEART-BEAT-ACK: 302
E/CommandListener( 2419): readDefRoute call readDefRoute
E/SecondaryTablController( 2419): isWifiDefaultRouteExisted /system/bin/ip route
E/CommandListener( 2419): readDefRoute Rsp ok
I/audio_hw_primary( 2427): [do_output_standby],do_output_standby-----out->standby_lpp : 1
E/Thermal-daemon( 2433): [ap] temp_new :35  temp_old :36
E/Thermal-daemon( 2433): Report temperature: [ap] temp :35  report_threshold:1
I/wpa_supplicant(27617): wlan0: HEART-BEAT-ACK: 303
E/omegasdk(  388): url:http://omgup.xiaojukeji.com/sync/android/com.sdu.didi.psnger response code:304.
E/omegasdk(  388): Sync sendAndGet fail. url:http://omgup.xiaojukeji.com/sync/android/com.sdu.didi.psnger response code:304.
E/Thermal-daemon( 2433): [flash_led] temp_new :33  temp_old :34
I/Feeds   (  619): [E]setFeedCount.olddata:friendfeed=32,myfeed=0
I/Feeds   (  619): [E]setFeedCount.friendfeed=32,myfeed=0,2=45,3=1017266564
W/Settings(  659): Setting airplane_mode_on has moved from android.provider.Settings.System to android.provider.Settings.Global, returning read-only value.
I/wpa_supplicant(27617): wlan0: HEART-BEAT-ACK: 304
E/CommandListener( 2419): readDefRoute call readDefRoute
E/SecondaryTablController( 2419): isWifiDefaultRouteExisted /system/bin/ip route
E/CommandListener( 2419): readDefRoute Rsp ok
E/android_hardware_fm.cpp(25336): register_android_hardware_fm_fmradio
E/FM_HAL  (25336): [FM_HAL], fm_dynamic_lib is libbcmfm_if
E/FM_HAL  (25336): [FM_HAL], libname is libbcmfm_if
E/fm_if.c (25336): find the id:libbcmfm_if and begins to open the devices
E/android_hardware_fm.cpp(25336): register_android_hardware_fm_fmradio, ret is 0
E/        (25336): ProtocolErrorLog wangkang test!!
W/Settings(  659): Setting airplane_mode_on has moved from android.provider.Settings.System to android.provider.Settings.Global, returning read-only value.
W/Settings(  659): Setting airplane_mode_on has moved from android.provider.Settings.System to android.provider.Settings.Global, returning read-only value.
W/Settings(  659): Setting airplane_mode_on has moved from android.provider.Settings.System to android.provider.Settings.Global, returning read-only value.
W/Settings(  659): Setting airplane_mode_on has moved from android.provider.Settings.System to android.provider.Settings.Global, returning read-only value.
I/wpa_supplicant(27617): wlan0: HEART-BEAT-ACK: 305
I/HwSystemManager( 3841): HoldService:preHoldShow start!
I/HwSystemManager( 3841): HoldService:The prePermissionType is: 1
E/Thermal-daemon( 2433): [ap] temp_new :34  temp_old :35
E/Thermal-daemon( 2433): Report temperature: [ap] temp :34  report_threshold:1
E/android_hardware_fm.cpp(25388): register_android_hardware_fm_fmradio
E/android_hardware_fm.cpp(25386): register_android_hardware_fm_fmradio
E/FM_HAL  (25386): [FM_HAL], fm_dynamic_lib is libbcmfm_if
E/FM_HAL  (25388): [FM_HAL], fm_dynamic_lib is libbcmfm_if
E/FM_HAL  (25386): [FM_HAL], libname is libbcmfm_if
E/FM_HAL  (25388): [FM_HAL], libname is libbcmfm_if
E/fm_if.c (25388): find the id:libbcmfm_if and begins to open the devices
E/fm_if.c (25386): find the id:libbcmfm_if and begins to open the devices
E/android_hardware_fm.cpp(25386): register_android_hardware_fm_fmradio, ret is 0
E/android_hardware_fm.cpp(25388): register_android_hardware_fm_fmradio, ret is 0
E/        (25388): ProtocolErrorLog wangkang test!!
E/        (25386): ProtocolErrorLog wangkang test!!
E/Thermal-daemon( 2433): [ap] temp_new :35  temp_old :34
I/wpa_supplicant(27617): wlan0: HEART-BEAT-ACK: 306
E/CommandListener( 2419): readDefRoute call readDefRoute
E/SecondaryTablController( 2419): isWifiDefaultRouteExisted /system/bin/ip route
E/CommandListener( 2419): readDefRoute Rsp ok
I/Feeds   (  619): [E]setFeedCount.olddata:friendfeed=32,myfeed=0
I/Feeds   (  619): [E]setFeedCount.friendfeed=32,myfeed=0,2=45,3=1017266564
W/Settings(  659): Setting airplane_mode_on has moved from android.provider.Settings.System to android.provider.Settings.Global, returning read-only value.
E/Thermal-daemon( 2433): [ap] temp_new :34  temp_old :35
E/Thermal-daemon( 2433): Report temperature: [ap] temp :34  report_threshold:1
I/wpa_supplicant(27617): wlan0: HEART-BEAT-ACK: 307
W/Settings( 6536): Setting auto_time has moved from android.provider.Settings.System to android.provider.Settings.Global, returning read-only value.
E/android_hardware_fm.cpp(25477): register_android_hardware_fm_fmradio
E/FM_HAL  (25477): [FM_HAL], fm_dynamic_lib is libbcmfm_if
E/FM_HAL  (25477): [FM_HAL], libname is libbcmfm_if
E/fm_if.c (25477): find the id:libbcmfm_if and begins to open the devices
E/android_hardware_fm.cpp(25477): register_android_hardware_fm_fmradio, ret is 0
E/        (25477): ProtocolErrorLog wangkang test!!
E/Thermal-daemon( 2433): [ap] temp_new :35  temp_old :34
I/PushLog2551( 6821): [ReceiverDispatcher-256]read to Send:DA(android/ConnectEntity.java:120)
E/Thermal-daemon( 2433): [ap] temp_new :34  temp_old :35
E/Thermal-daemon( 2433): Report temperature: [ap] temp :34  report_threshold:1
I/wpa_supplicant(27617): wlan0: HEART-BEAT-ACK: 308
I/KeepAlive( 5742): onCheckState
I/KeepAlive( 5742): Check Push Process Importance [130], isFocus [false].
I/KeepAlive( 5742): onCloseOffScreenActivity
E/CommandListener( 2419): readDefRoute call readDefRoute
E/SecondaryTablController( 2419): isWifiDefaultRouteExisted /system/bin/ip route
E/CommandListener( 2419): readDefRoute Rsp ok
I/wpa_supplicant(27617): wlan0: HEART-BEAT-ACK: 309
I/Feeds   (  619): [E]setFeedCount.olddata:friendfeed=32,myfeed=0
I/Feeds   (  619): [E]setFeedCount.friendfeed=32,myfeed=0,2=45,3=1017266564
W/Settings(  659): Setting airplane_mode_on has moved from android.provider.Settings.System to android.provider.Settings.Global, returning read-only value.
E/HwSystemManager( 3841): BgPowerManagerService: conusmPower = -23 result = -258 flag1 =false flag2 = false
I/wpa_supplicant(27617): wlan0: HEART-BEAT-ACK: 310
E/CommandListener( 2419): readDefRoute call readDefRoute
E/SecondaryTablController( 2419): isWifiDefaultRouteExisted /system/bin/ip route
E/CommandListener( 2419): readDefRoute Rsp ok
E/Thermal-daemon( 2433): [charger] temp_new :34  temp_old :35
E/Thermal-daemon( 2433): Report temperature: [charger] temp :34  report_threshold:1
I/wpa_supplicant(27617): wlan0: HEART-BEAT-ACK: 311
W/Settings( 6536): Setting auto_time has moved from android.provider.Settings.System to android.provider.Settings.Global, returning read-only value.
I/HwSystemManager( 3841): HoldService:preHoldShow start!
I/HwSystemManager( 3841): HoldService:The prePermissionType is: 1
I/omegasdk(  388): Save record:omega_e_1499853246105_ULYlRbHvT6-ii1hbfu9a4w_2169 success, packed 1 files, size:883B.
E/Thermal-daemon( 2433): [charger] temp_new :35  temp_old :34
E/Thermal-daemon( 2433): [charger] temp_new :34  temp_old :35
E/Thermal-daemon( 2433): Report temperature: [charger] temp :34  report_threshold:1
I/wpa_supplicant(27617): wlan0: HEART-BEAT-ACK: 312
I/Feeds   (  619): [E]setFeedCount.olddata:friendfeed=32,myfeed=0
I/Feeds   (  619): [E]setFeedCount.friendfeed=32,myfeed=0,2=45,3=1017266564
E/CommandListener( 2419): readDefRoute call readDefRoute
E/SecondaryTablController( 2419): isWifiDefaultRouteExisted /system/bin/ip route
E/CommandListener( 2419): readDefRoute Rsp ok
W/Settings(  659): Setting airplane_mode_on has moved from android.provider.Settings.System to android.provider.Settings.Global, returning read-only value.
I/wpa_supplicant(27617): wlan0: HEART-BEAT-ACK: 313
I/wpa_supplicant(27617): wlan0: HEART-BEAT-ACK: 314
E/CommandListener( 2419): readDefRoute call readDefRoute
E/SecondaryTablController( 2419): isWifiDefaultRouteExisted /system/bin/ip route
E/CommandListener( 2419): readDefRoute Rsp ok
I/wpa_supplicant(27617): wlan0: HEART-BEAT-ACK: 315
I/Feeds   (  619): [E]setFeedCount.olddata:friendfeed=32,myfeed=0
I/Feeds   (  619): [E]setFeedCount.friendfeed=32,myfeed=0,2=45,3=1017266564
W/Settings(  659): Setting airplane_mode_on has moved from android.provider.Settings.System to android.provider.Settings.Global, returning read-only value.
I/wpa_supplicant(27617): wlan0: HEART-BEAT-ACK: 316
E/CommandListener( 2419): readDefRoute call readDefRoute
E/SecondaryTablController( 2419): isWifiDefaultRouteExisted /system/bin/ip route
E/CommandListener( 2419): readDefRoute Rsp ok
I/wpa_supplicant(27617): wlan0: HEART-BEAT-ACK: 317
I/CAPALiteReceiver( 3513): USER STATE: STATIONARY SUB STATE: UNKNOWN
I/wpa_supplicant(27617): wlan0: HEART-BEAT-ACK: 318
I/Feeds   (  619): [E]setFeedCount.olddata:friendfeed=32,myfeed=0
I/Feeds   (  619): [E]setFeedCount.friendfeed=32,myfeed=0,2=45,3=1017266564
W/Settings(  659): Setting airplane_mode_on has moved from android.provider.Settings.System to android.provider.Settings.Global, returning read-only value.
E/CommandListener( 2419): readDefRoute call readDefRoute
E/SecondaryTablController( 2419): isWifiDefaultRouteExisted /system/bin/ip route
E/CommandListener( 2419): readDefRoute Rsp ok
E/Thermal-daemon( 2433): [pa_0] temp_new :33  temp_old :34
I/wpa_supplicant(27617): wlan0: HEART-BEAT-ACK: 319
I/HwSystemManager( 3841): HoldService:preHoldShow start!
I/HwSystemManager( 3841): HoldService:The prePermissionType is: 2
I/wpa_supplicant(27617): wlan0: HEART-BEAT-ACK: 320
E/CommandListener( 2419): readDefRoute call readDefRoute
E/SecondaryTablController( 2419): isWifiDefaultRouteExisted /system/bin/ip route
E/CommandListener( 2419): readDefRoute Rsp ok
W/PushLog2551( 6821): [main-1]no macAddress in device_info(android/CommFun.java:1209)
I/PushLog2551( 6821): [ReceiverDispatcher-256]read to Send:DA(android/ConnectEntity.java:120)
I/wpa_supplicant(27617): wlan0: HEART-BEAT-ACK: 321
I/Feeds   (  619): [E]setFeedCount.olddata:friendfeed=32,myfeed=0
I/Feeds   (  619): [E]setFeedCount.friendfeed=32,myfeed=0,2=45,3=1017266564
W/Settings(  659): Setting airplane_mode_on has moved from android.provider.Settings.System to android.provider.Settings.Global, returning read-only value.
I/wpa_supplicant(27617): wlan0: HEART-BEAT-ACK: 322
E/CommandListener( 2419): readDefRoute call readDefRoute
E/SecondaryTablController( 2419): isWifiDefaultRouteExisted /system/bin/ip route
E/CommandListener( 2419): readDefRoute Rsp ok
I/wpa_supplicant(27617): wlan0: HEART-BEAT-ACK: 323
I/wpa_supplicant(27617): wlan0: HEART-BEAT-ACK: 324
I/Feeds   (  619): [E]setFeedCount.olddata:friendfeed=32,myfeed=0
I/Feeds   (  619): [E]setFeedCount.friendfeed=32,myfeed=0,2=45,3=1017266564
E/android_hardware_fm.cpp(26110): register_android_hardware_fm_fmradio
E/FM_HAL  (26110): [FM_HAL], fm_dynamic_lib is libbcmfm_if
E/FM_HAL  (26110): [FM_HAL], libname is libbcmfm_if
E/fm_if.c (26110): find the id:libbcmfm_if and begins to open the devices
E/android_hardware_fm.cpp(26110): register_android_hardware_fm_fmradio, ret is 0
E/        (26110): ProtocolErrorLog wangkang test!!
W/Settings(  659): Setting airplane_mode_on has moved from android.provider.Settings.System to android.provider.Settings.Global, returning read-only value.
E/CommandListener( 2419): readDefRoute call readDefRoute
E/SecondaryTablController( 2419): isWifiDefaultRouteExisted /system/bin/ip route
E/CommandListener( 2419): readDefRoute Rsp ok
I/wpa_supplicant(27617): wlan0: HEART-BEAT-ACK: 325
E/android_hardware_fm.cpp(26158): register_android_hardware_fm_fmradio
E/FM_HAL  (26158): [FM_HAL], fm_dynamic_lib is libbcmfm_if
E/FM_HAL  (26158): [FM_HAL], libname is libbcmfm_if
E/fm_if.c (26158): find the id:libbcmfm_if and begins to open the devices
E/android_hardware_fm.cpp(26158): register_android_hardware_fm_fmradio, ret is 0
E/        (26158): ProtocolErrorLog wangkang test!!
E/android_hardware_fm.cpp(26156): register_android_hardware_fm_fmradio
E/FM_HAL  (26156): [FM_HAL], fm_dynamic_lib is libbcmfm_if
E/FM_HAL  (26156): [FM_HAL], libname is libbcmfm_if
E/fm_if.c (26156): find the id:libbcmfm_if and begins to open the devices
E/android_hardware_fm.cpp(26156): register_android_hardware_fm_fmradio, ret is 0
E/        (26156): ProtocolErrorLog wangkang test!!
E/Thermal-daemon( 2433): [flash_led] temp_new :32  temp_old :33
I/wpa_supplicant(27617): wlan0: HEART-BEAT-ACK: 326
E/Thermal-daemon( 2433): [flash_led] temp_new :33  temp_old :32
I/ActivityManager( 3088): Displayed com.tencent.qqlite/com.tencent.mobileqq.activity.ChatActivity: +251ms
I/dalvikvm(26211): Enabling JNI app bug workarounds for target SDK version 8...
E/DexLoad (26211): [E]Success
I/HwSystemManager( 3841): HoldService:preHoldShow start!
I/HwSystemManager( 3841): HoldService:The prePermissionType is: 1
I/HwSystemManager( 3841): HoldService:preHoldShow start!
I/HwSystemManager( 3841): HoldService:The prePermissionType is: 1
W/dalvikvm(26211): No implementation found for native Lcom/tencent/feedback/eup/jni/NativeExceptionUpload;.registNativeExceptionHandler2:(Ljava/lang/String;Ljava/lang/String;II)Ljava/lang/String;
I/native_eup(26211): Java_com_tencent_feedback_eup_jni_NativeExceptionUpload_registNativeExceptionHandler start
I/native_eup(26211): found native exception upload!
I/native_eup(26211): found native exception handler!
I/native_eup(26211): regist handler start procType 1 , level 19 , tombDir:/data/data/com.tencent.qqlite/app_tombs
I/native_eup(26211): registSignal start
I/native_eup(26211): registSignal end
I/native_eup(26211): regist handler end
I/native_eup(26211): Java_com_tencent_feedback_eup_jni_NativeExceptionUpload_registNativeExceptionHandler end
I/native_eup(26211): NativeRQDVersion:NRQD_1.7.1
I/native_eup(26211): Java_com_tencent_feedback_eup_jni_NativeExceptionUpload_enableHandler start
I/native_eup(26211): Java_com_tencent_feedback_eup_jni_NativeExceptionUpload_enableHandler end
I/native_eup(26211): setLogMode 5 current 4
W/ResourceType(26211): getEntry failing because entryIndex 198 is beyond type entryCount 198
W/ResourceType(26211): Failure getting entry for 0x7f0b00c6 (t=10 e=198) in package 0 (error -2147483647)
W/dalvikvm(26211): No implementation found for native Lcom/tencent/feedback/eup/jni/NativeExceptionUpload;.registNativeExceptionHandler2:(Ljava/lang/String;Ljava/lang/String;II)Ljava/lang/String;
I/HwSystemManager( 3841): HoldService:preHoldShow start!
I/HwSystemManager( 3841): HoldService:The prePermissionType is: 1
I/HwSystemManager( 3841): HoldService:preHoldShow start!
I/HwSystemManager( 3841): HoldService:The prePermissionType is: 1
I/HwSystemManager( 3841): HoldService:preHoldShow start!
I/HwSystemManager( 3841): HoldService:The prePermissionType is: 1
I/HwSystemManager( 3841): HoldService:preHoldShow start!
I/HwSystemManager( 3841): HoldService:The prePermissionType is: 1
I/HwSystemManager( 3841): HoldService:preHoldShow start!
I/HwSystemManager( 3841): HoldService:The prePermissionType is: 1
I/HwSystemManager( 3841): HoldService:preHoldShow start!
I/HwSystemManager( 3841): HoldService:The prePermissionType is: 1
I/HwSystemManager( 3841): HoldService:preHoldShow start!
I/HwSystemManager( 3841): HoldService:The prePermissionType is: 1
I/HwSystemManager( 3841): HoldService:preHoldShow start!
I/HwSystemManager( 3841): HoldService:The prePermissionType is: 1
W/Settings(  659): Setting airplane_mode_on has moved from android.provider.Settings.System to android.provider.Settings.Global, returning read-only value.
E/CommandListener( 2419): readDefRoute call readDefRoute
E/SecondaryTablController( 2419): isWifiDefaultRouteExisted /system/bin/ip route
E/Thermal-daemon( 2433): [pa_0] temp_new :34  temp_old :33
E/Thermal-daemon( 2433): [ap] temp_new :35  temp_old :34
I/wpa_supplicant(27617): wlan0: HEART-BEAT-ACK: 327
E/CommandListener( 2419): readDefRoute Rsp ok
I/HwSystemManager( 3841): HoldService:preHoldShow start!
I/HwSystemManager( 3841): HoldService:The prePermissionType is: 1
I/HwSystemManager( 3841): HoldService:preHoldShow start!
I/HwSystemManager( 3841): HoldService:The prePermissionType is: 1
W/Settings(  342): Setting auto_time has moved from android.provider.Settings.System to android.provider.Settings.Global, returning read-only value.
E/android_hardware_fm.cpp(26287): register_android_hardware_fm_fmradio
E/FM_HAL  (26287): [FM_HAL], fm_dynamic_lib is libbcmfm_if
E/FM_HAL  (26287): [FM_HAL], libname is libbcmfm_if
E/fm_if.c (26287): find the id:libbcmfm_if and begins to open the devices
E/android_hardware_fm.cpp(26287): register_android_hardware_fm_fmradio, ret is 0
E/        (26287): ProtocolErrorLog wangkang test!!
W/Settings(  659): Setting airplane_mode_on has moved from android.provider.Settings.System to android.provider.Settings.Global, returning read-only value.
I/Feeds   (  619): [E]setFeedCount.olddata:friendfeed=32,myfeed=0
I/Feeds   (  619): [E]setFeedCount.friendfeed=32,myfeed=0,2=45,3=1017266564
W/Settings(  659): Setting airplane_mode_on has moved from android.provider.Settings.System to android.provider.Settings.Global, returning read-only value.
E/Thermal-daemon( 2433): [ap] temp_new :34  temp_old :35
E/Thermal-daemon( 2433): Report temperature: [ap] temp :34  report_threshold:1
I/wpa_supplicant(27617): wlan0: HEART-BEAT-ACK: 328
E/Thermal-daemon( 2433): [ap] temp_new :35  temp_old :34
E/Thermal-daemon( 2433): [ap] temp_new :34  temp_old :35
E/Thermal-daemon( 2433): Report temperature: [ap] temp :34  report_threshold:1
I/wpa_supplicant(27617): wlan0: HEART-BEAT-ACK: 329
E/CommandListener( 2419): readDefRoute call readDefRoute
E/SecondaryTablController( 2419): isWifiDefaultRouteExisted /system/bin/ip route
E/CommandListener( 2419): readDefRoute Rsp ok
E/Thermal-daemon( 2433): [pa_0] temp_new :33  temp_old :34
E/Thermal-daemon( 2433): [flash_led] temp_new :32  temp_old :33
I/wpa_supplicant(27617): wlan0: HEART-BEAT-ACK: 330
I/Feeds   (  619): [E]setFeedCount.olddata:friendfeed=32,myfeed=0
I/Feeds   (  619): [E]setFeedCount.friendfeed=32,myfeed=0,2=45,3=1017266564
W/Settings(  659): Setting airplane_mode_on has moved from android.provider.Settings.System to android.provider.Settings.Global, returning read-only value.
W/Settings(  659): Setting airplane_mode_on has moved from android.provider.Settings.System to android.provider.Settings.Global, returning read-only value.
W/Settings(  659): Setting airplane_mode_on has moved from android.provider.Settings.System to android.provider.Settings.Global, returning read-only value.
I/wpa_supplicant(27617): wlan0: HEART-BEAT-ACK: 331
E/CommandListener( 2419): readDefRoute call readDefRoute
E/SecondaryTablController( 2419): isWifiDefaultRouteExisted /system/bin/ip route
E/CommandListener( 2419): readDefRoute Rsp ok
W/Settings(  659): Setting airplane_mode_on has moved from android.provider.Settings.System to android.provider.Settings.Global, returning read-only value.
W/Settings(  659): Setting airplane_mode_on has moved from android.provider.Settings.System to android.provider.Settings.Global, returning read-only value.
W/Settings(  659): Setting airplane_mode_on has moved from android.provider.Settings.System to android.provider.Settings.Global, returning read-only value.
W/Settings(  659): Setting airplane_mode_on has moved from android.provider.Settings.System to android.provider.Settings.Global, returning read-only value.
I/wpa_supplicant(27617): wlan0: HEART-BEAT-ACK: 332
E/HwSystemManager( 3841): BgPowerManagerService: conusmPower = -27 result = -316 flag1 =false flag2 = false
I/wpa_supplicant(27617): wlan0: HEART-BEAT-ACK: 333
E/CommandListener( 2419): readDefRoute call readDefRoute
E/SecondaryTablController( 2419): isWifiDefaultRouteExisted /system/bin/ip route
E/CommandListener( 2419): readDefRoute Rsp ok
I/Feeds   (  619): [E]setFeedCount.olddata:friendfeed=32,myfeed=0
I/Feeds   (  619): [E]setFeedCount.friendfeed=32,myfeed=0,2=45,3=1017266564
W/Settings(  659): Setting airplane_mode_on has moved from android.provider.Settings.System to android.provider.Settings.Global, returning read-only value.
I/wpa_supplicant(27617): wlan0: HEART-BEAT-ACK: 334
I/PushLog2551( 6821): [ReceiverDispatcher-256]read to Send:DA(android/ConnectEntity.java:120)
I/wpa_supplicant(27617): wlan0: HEART-BEAT-ACK: 335
E/CommandListener( 2419): readDefRoute call readDefRoute
E/SecondaryTablController( 2419): isWifiDefaultRouteExisted /system/bin/ip route
E/CommandListener( 2419): readDefRoute Rsp ok
E/Thermal-daemon( 2433): [ap] temp_new :33  temp_old :34
I/wpa_supplicant(27617): wlan0: HEART-BEAT-ACK: 336
I/Feeds   (  619): [E]setFeedCount.olddata:friendfeed=32,myfeed=0
I/Feeds   (  619): [E]setFeedCount.friendfeed=32,myfeed=0,2=45,3=1017266564
W/Settings(  659): Setting airplane_mode_on has moved from android.provider.Settings.System to android.provider.Settings.Global, returning read-only value.
I/wpa_supplicant(27617): wlan0: HEART-BEAT-ACK: 337
E/CommandListener( 2419): readDefRoute call readDefRoute
E/SecondaryTablController( 2419): isWifiDefaultRouteExisted /system/bin/ip route
E/CommandListener( 2419): readDefRoute Rsp ok
I/wpa_supplicant(27617): wlan0: HEART-BEAT-ACK: 338
I/wpa_supplicant(27617): wlan0: HEART-BEAT-ACK: 339
E/CommandListener( 2419): readDefRoute call readDefRoute
E/SecondaryTablController( 2419): isWifiDefaultRouteExisted /system/bin/ip route
I/Feeds   (  619): [E]setFeedCount.olddata:friendfeed=32,myfeed=0
I/Feeds   (  619): [E]setFeedCount.friendfeed=32,myfeed=0,2=45,3=1017266564
E/CommandListener( 2419): readDefRoute Rsp ok
W/Settings(  659): Setting airplane_mode_on has moved from android.provider.Settings.System to android.provider.Settings.Global, returning read-only value.
I/wpa_supplicant(27617): wlan0: HEART-BEAT-ACK: 340
I/CAPALiteReceiver( 3513): USER STATE: STATIONARY SUB STATE: UNKNOWN
I/wpa_supplicant(27617): wlan0: HEART-BEAT-ACK: 341
E/CommandListener( 2419): readDefRoute call readDefRoute
E/SecondaryTablController( 2419): isWifiDefaultRouteExisted /system/bin/ip route
E/CommandListener( 2419): readDefRoute Rsp ok
I/wpa_supplicant(27617): wlan0: HEART-BEAT-ACK: 342
I/Feeds   (  619): [E]setFeedCount.olddata:friendfeed=32,myfeed=0
I/Feeds   (  619): [E]setFeedCount.friendfeed=32,myfeed=0,2=45,3=1017266564
W/Settings(  659): Setting airplane_mode_on has moved from android.provider.Settings.System to android.provider.Settings.Global, returning read-only value.
I/wpa_supplicant(27617): wlan0: HEART-BEAT-ACK: 343
E/CommandListener( 2419): readDefRoute call readDefRoute
E/SecondaryTablController( 2419): isWifiDefaultRouteExisted /system/bin/ip route
E/CommandListener( 2419): readDefRoute Rsp ok
I/wpa_supplicant(27617): wlan0: HEART-BEAT-ACK: 344
E/android_hardware_fm.cpp(26962): register_android_hardware_fm_fmradio
E/FM_HAL  (26962): [FM_HAL], fm_dynamic_lib is libbcmfm_if
E/FM_HAL  (26962): [FM_HAL], libname is libbcmfm_if
E/fm_if.c (26962): find the id:libbcmfm_if and begins to open the devices
E/android_hardware_fm.cpp(26962): register_android_hardware_fm_fmradio, ret is 0
E/        (26962): ProtocolErrorLog wangkang test!!
E/android_hardware_fm.cpp(26981): register_android_hardware_fm_fmradio
E/FM_HAL  (26981): [FM_HAL], fm_dynamic_lib is libbcmfm_if
E/FM_HAL  (26981): [FM_HAL], libname is libbcmfm_if
E/fm_if.c (26981): find the id:libbcmfm_if and begins to open the devices
E/android_hardware_fm.cpp(26981): register_android_hardware_fm_fmradio, ret is 0
E/        (26981): ProtocolErrorLog wangkang test!!
I/K3V3CpuGovernorPolicy( 3513): set scene Hmp policy : 300 , 150
I/HwSystemManager( 3841): HoldService:preHoldShow start!
I/HwSystemManager( 3841): HoldService:The prePermissionType is: 1
I/HwSystemManager( 3841): HoldService:preHoldShow start!
I/HwSystemManager( 3841): HoldService:The prePermissionType is: 1
I/HwSystemManager( 3841): HoldService:preHoldShow start!
I/HwSystemManager( 3841): HoldService:The prePermissionType is: 1
I/HwSystemManager( 3841): HoldService:preHoldShow start!
I/HwSystemManager( 3841): HoldService:The prePermissionType is: 1
I/HwSystemManager( 3841): HoldService:preHoldShow start!
I/HwSystemManager( 3841): HoldService:The prePermissionType is: 1
