I/StatusBar.KeyButtonView( 3296): action=0, flags=0, when=77740172, repeatCount=0, mDownTime=77740172, mCode=4
I/StatusBar.KeyButtonView( 3296): action=1, flags=0, when=77740204, repeatCount=0, mDownTime=77740172, mCode=4
I/StatusBar.KeyButtonView( 3296): action=0, flags=0, when=77740334, repeatCount=0, mDownTime=77740334, mCode=4
I/StatusBar.KeyButtonView( 3296): action=1, flags=0, when=77740392, repeatCount=0, mDownTime=77740334, mCode=4
I/HwLauncher( 3556): DynamicIcon onWindowVisibilityChanged 4 - com.android.deskclock
I/HwLauncher( 3556): DynamicIcon onWindowVisibilityChanged 4 - com.huawei.android.totemweather
I/HwLauncher( 3556): Launcher onStart()
I/HwLauncher( 3556): Launcher dynamicIconsRegister
I/HwLauncher( 3556): DynamicUpdater registerReceiver
I/HwLauncher( 3556): DynamicIconData , getDrawableForDynamic begin, pkg = com.android.deskclock, picName = deskclock_bg
I/HwLauncher( 3556): DynamicIconData , getDrawableForDynamic end, pkg = com.android.deskclock, picName = deskclock_bg
I/HwLauncher( 3556): DynamicIconData , getDrawableForDynamic begin, pkg = com.android.deskclock, picName = deskclock_bg
I/HwLauncher( 3556): DynamicIconData , getDrawableForDynamic end, pkg = com.android.deskclock, picName = deskclock_bg
I/HwLauncher( 3556): Launcher.Utilities createIconBitmap sourceWidth = 180sourceHeight = 180
I/HwLauncher( 3556): ClockDynamicUpdater calender update folder at CalenderDynamicUpdater
I/HwLauncher( 3556): DynamicUpdater call updateFolder
I/HwLauncher( 3556): DynamicUpdater call updateFolder
I/HwLauncher( 3556): DynamicIcon onResume  isvisible = false   mAttachedToWindow:true    mWindowVisible:falsecom.android.deskclock
I/HwLauncher( 3556): DynamicUpdater registerReceiver
I/HwLauncher( 3556): DynamicUpdater call updateFolder
I/HwLauncher( 3556): DynamicIcon onResume  isvisible = true   mAttachedToWindow:false    mWindowVisible:falsecom.android.calendar
I/HwLauncher( 3556): DynamicUpdater registerReceiver
I/HwLauncher( 3556): DynamicUpdater call updateFolder
I/HwLauncher( 3556): WeatherDynamicUpdaterpositiveUpdate at WeatherDynamicUpdater
I/HwLauncher( 3556): DynamicIcon onResume  isvisible = false   mAttachedToWindow:true    mWindowVisible:falsecom.huawei.android.totemweather
I/HwLauncher( 3556): Launcher onResume()
I/HwLauncher( 3556): Launcher doResumeWork()
I/StatusBar.KeyButtonView( 3296): action=0, flags=0, when=77740493, repeatCount=0, mDownTime=77740493, mCode=4
W/MotionDetectionManager( 3556): startMotionAppsReco motionApps: 402 disabled
W/HwLauncher( 3556): Launcher.MotionManager failed to start TYPE_SHAKE_CHANGE_WALLPAPER
I/HwLauncher( 3556): Launcher.MotionManager startShakeMotion mIsShakeInHome=true
I/InputDispatcher( 3088): maybe input dispatch timeout, send to pg
I/StatusBar.KeyButtonView( 3296): action=1, flags=0, when=77740534, repeatCount=0, mDownTime=77740493, mCode=4
W/MotionDetectionManager( 3556): startMotionAppsReco motionApps: 404 disabled
W/HwLauncher( 3556): Launcher.MotionManager failed to start TYPE_SHAKE_START_PRIVACY
I/HwLauncher( 3556): Launcher changeNaviBarStatus
W/HwLauncher( 3556): Launcher  updateMarginLayoutParamsForView:the target view is null.
I/HwLauncher( 3556): Launcher  onResume mIsToUninstallApp = false
I/HwLauncher( 3556): DynamicIcon onVisibilityChanged 0 - com.android.deskclock
I/HwLauncher( 3556): DynamicIcon onVisibilityChanged 0 - com.huawei.android.totemweather
I/HwLauncher( 3556): DynamicIcon onWindowVisibilityChanged 0 - com.android.deskclock
I/HwLauncher( 3556): DynamicIcon onWindowVisibilityChanged 0 - com.huawei.android.totemweather
I/PhoneStatusBar( 3296): hw_status_bar_operators = true, setSystemUIVisibily(SHOW_OPERATOR = false)
I/HwLauncher( 3556): WeatherDynamicUpdaterreceive action = com.huawei.android.action.launcher_weather_icon_change
I/HwLauncher( 3556): WeatherDynamicUpdaterreceiver data is int[] = [0, 0]
I/HwLauncher( 3556):  stringArray[] [unknown]
I/PhoneStatusBar( 3296): hw_status_bar_operators = true, setSystemUIVisibily(SHOW_OPERATOR = false)
E/android_hardware_fm.cpp(22363): register_android_hardware_fm_fmradio
E/FM_HAL  (22363): [FM_HAL], fm_dynamic_lib is libbcmfm_if
E/FM_HAL  (22363): [FM_HAL], libname is libbcmfm_if
E/fm_if.c (22363): find the id:libbcmfm_if and begins to open the devices
E/android_hardware_fm.cpp(22363): register_android_hardware_fm_fmradio, ret is 0
E/        (22363): ProtocolErrorLog wangkang test!!
I/K3V3CpuGovernorPolicy( 3513): set scene Hmp policy : 300 , 150
I/HwLauncher( 3556): Launcher onPause()
W/HwLauncher( 3556): Launcher.MotionManager failed to stop TYPE_SHAKE_CHANGE_WALLPAPER
W/HwLauncher( 3556): Launcher.MotionManager failed to stop TYPE_SHAKE_START_PRIVACY
I/PhoneStatusBar( 3296): hw_status_bar_operators = true, setSystemUIVisibily(SHOW_OPERATOR = false)
I/PhoneStatusBar( 3296): hw_status_bar_operators = true, setSystemUIVisibily(SHOW_OPERATOR = false)
I/ActivityManager( 3088): Displayed com.jianshu.haruki/com.baiji.jianshu.account.SplashScreenActivity: +173ms
I/wpa_supplicant(27617): wlan0: HEART-BEAT-ACK: 252
I/HwLauncher( 3556): Launcher onStop()
E/HwLauncher( 3556): Launcher dialog dismiss failed : java.lang.IllegalArgumentException: no dialog with id 1 was ever shown via Activity#showDialog
I/HwLauncher( 3556): Launcher dynamicIconsUnregister
I/HwLauncher( 3556): DynamicUpdater unregisterReceiver
I/HwLauncher( 3556): DynamicIcon onPause  isvisible = true   mAttachedToWindow:true    mWindowVisible:truecom.android.deskclock
I/HwLauncher( 3556): DynamicUpdater unregisterReceiver
I/HwLauncher( 3556): DynamicIcon onPause  isvisible = true   mAttachedToWindow:false    mWindowVisible:falsecom.android.calendar
I/HwLauncher( 3556): DynamicUpdater unregisterReceiver
I/HwLauncher( 3556): DynamicIcon onPause  isvisible = true   mAttachedToWindow:true    mWindowVisible:truecom.huawei.android.totemweather
I/HwLauncher( 3556): DynamicIcon onVisibilityChanged 4 - com.android.deskclock
I/HwLauncher( 3556): DynamicIcon onVisibilityChanged 4 - com.huawei.android.totemweather
I/HwLauncher( 3556): DynamicIcon onWindowVisibilityChanged 4 - com.android.deskclock
I/HwLauncher( 3556): DynamicIcon onWindowVisibilityChanged 4 - com.huawei.android.totemweather
I/K3V3CpuGovernorPolicy( 3513): close previously scene Hmp policy : 300 , 150
E/android_hardware_fm.cpp(22388): register_android_hardware_fm_fmradio
E/FM_HAL  (22388): [FM_HAL], fm_dynamic_lib is libbcmfm_if
E/FM_HAL  (22388): [FM_HAL], libname is libbcmfm_if
E/fm_if.c (22388): find the id:libbcmfm_if and begins to open the devices
E/android_hardware_fm.cpp(22388): register_android_hardware_fm_fmradio, ret is 0
E/        (22388): ProtocolErrorLog wangkang test!!
I/HwLauncher( 3556): DynamicIcon onWindowVisibilityChanged 8 - com.android.deskclock
I/HwLauncher( 3556): DynamicIcon onWindowVisibilityChanged 8 - com.huawei.android.totemweather
I/ActivityManager( 3088): Displayed com.jianshu.haruki/com.baiji.jianshu.account.SplashScreenActivity: +320ms (total +669ms)
I/InputDispatcher( 3088): maybe input dispatch timeout, send to pg
I/HwLauncher( 3556): DynamicIcon onWindowVisibilityChanged 4 - com.android.deskclock
I/HwLauncher( 3556): DynamicIcon onWindowVisibilityChanged 4 - com.huawei.android.totemweather
I/HwLauncher( 3556): Launcher onStart()
I/HwLauncher( 3556): Launcher dynamicIconsRegister
I/HwLauncher( 3556): DynamicUpdater registerReceiver
I/HwLauncher( 3556): DynamicUpdater call updateFolder
I/HwLauncher( 3556): DynamicIcon onResume  isvisible = false   mAttachedToWindow:true    mWindowVisible:falsecom.android.deskclock
I/HwLauncher( 3556): DynamicUpdater registerReceiver
I/HwLauncher( 3556): DynamicUpdater call updateFolder
I/HwLauncher( 3556): DynamicIcon onResume  isvisible = true   mAttachedToWindow:false    mWindowVisible:falsecom.android.calendar
I/HwLauncher( 3556): DynamicUpdater registerReceiver
I/HwLauncher( 3556): DynamicUpdater call updateFolder
I/HwLauncher( 3556): WeatherDynamicUpdaterpositiveUpdate at WeatherDynamicUpdater
I/HwLauncher( 3556): DynamicIcon onResume  isvisible = false   mAttachedToWindow:true    mWindowVisible:falsecom.huawei.android.totemweather
I/HwLauncher( 3556): DynamicIcon onVisibilityChanged 0 - com.android.deskclock
I/HwLauncher( 3556): DynamicIcon onVisibilityChanged 0 - com.huawei.android.totemweather
I/HwLauncher( 3556): DynamicIcon onWindowVisibilityChanged 0 - com.android.deskclock
I/HwLauncher( 3556): DynamicIcon onWindowVisibilityChanged 0 - com.huawei.android.totemweather
I/HwLauncher( 3556): WeatherDynamicUpdaterreceive action = com.huawei.android.action.launcher_weather_icon_change
I/HwLauncher( 3556): WeatherDynamicUpdaterreceiver data is int[] = [0, 0]
I/HwLauncher( 3556):  stringArray[] [unknown]
I/HwLauncher( 3556): Launcher onStop()
E/HwLauncher( 3556): Launcher dialog dismiss failed : java.lang.IllegalArgumentException: no dialog with id 1 was ever shown via Activity#showDialog
I/HwLauncher( 3556): Launcher dynamicIconsUnregister
I/HwLauncher( 3556): DynamicUpdater unregisterReceiver
I/HwLauncher( 3556): DynamicIcon onPause  isvisible = true   mAttachedToWindow:true    mWindowVisible:truecom.android.deskclock
I/HwLauncher( 3556): DynamicUpdater unregisterReceiver
I/HwLauncher( 3556): DynamicIcon onPause  isvisible = true   mAttachedToWindow:false    mWindowVisible:falsecom.android.calendar
I/HwLauncher( 3556): DynamicUpdater unregisterReceiver
I/HwLauncher( 3556): DynamicIcon onPause  isvisible = true   mAttachedToWindow:true    mWindowVisible:truecom.huawei.android.totemweather
I/HwLauncher( 3556): DynamicIcon onVisibilityChanged 4 - com.android.deskclock
I/HwLauncher( 3556): DynamicIcon onVisibilityChanged 4 - com.huawei.android.totemweather
I/HwLauncher( 3556): DynamicIcon onWindowVisibilityChanged 4 - com.android.deskclock
I/HwLauncher( 3556): DynamicIcon onWindowVisibilityChanged 4 - com.huawei.android.totemweather
I/ActivityManager( 3088): Displayed com.jianshu.haruki/com.baiji.jianshu.ui.main.MainActivity: +456ms
I/HwLauncher( 3556): DynamicIcon onWindowVisibilityChanged 8 - com.android.deskclock
I/HwLauncher( 3556): DynamicIcon onWindowVisibilityChanged 8 - com.huawei.android.totemweather
I/ActivityManager( 3088): Displayed com.jianshu.haruki/com.baiji.jianshu.search.views.SearchActivity: +276ms
E/Thermal-daemon( 2433): [pa_0] temp_new :35  temp_old :34
E/Thermal-daemon( 2433): [ap] temp_new :37  temp_old :35
E/Thermal-daemon( 2433): Report temperature: [ap] temp :37  report_threshold:1
I/InputDispatcher( 3088): maybe input dispatch timeout, send to pg
E/CommandListener( 2419): readDefRoute call readDefRoute
E/SecondaryTablController( 2419): isWifiDefaultRouteExisted /system/bin/ip route
E/CommandListener( 2419): readDefRoute Rsp ok
W/Binder  ( 6550): Caught a RuntimeException from the binder stub implementation.
W/Binder  ( 6550): java.lang.NullPointerException
W/Binder  ( 6550): 	at android.view.WindowManagerGlobal.dumpGfxInfo(WindowManagerGlobal.java:447)
W/Binder  ( 6550): 	at android.app.ActivityThread$ApplicationThread.dumpGfxInfo(ActivityThread.java:1060)
W/Binder  ( 6550): 	at android.app.ApplicationThreadNative.onTransact(ApplicationThreadNative.java:550)
W/Binder  ( 6550): 	at android.os.Binder.execTransact(Binder.java:404)
W/Binder  ( 6550): 	at dalvik.system.NativeStart.run(Native Method)
W/System.err( 6550): java.lang.NullPointerException
W/System.err( 6550): 	at android.view.WindowManagerGlobal.dumpGfxInfo(WindowManagerGlobal.java:447)
W/System.err( 6550): 	at android.app.ActivityThread$ApplicationThread.dumpGfxInfo(ActivityThread.java:1060)
W/System.err( 6550): 	at android.app.ApplicationThreadNative.onTransact(ApplicationThreadNative.java:550)
W/System.err( 6550): 	at android.os.Binder.execTransact(Binder.java:404)
W/System.err( 6550): 	at dalvik.system.NativeStart.run(Native Method)
I/ActivityManager( 3088): Displayed com.jianshu.haruki/com.baiji.jianshu.account.SplashScreenActivity: +240ms
I/HwLauncher( 3556): DynamicIcon onWindowVisibilityChanged 4 - com.android.deskclock
I/HwLauncher( 3556): DynamicIcon onWindowVisibilityChanged 4 - com.huawei.android.totemweather
I/HwLauncher( 3556): Launcher onStart()
I/HwLauncher( 3556): Launcher dynamicIconsRegister
I/HwLauncher( 3556): DynamicUpdater registerReceiver
I/HwLauncher( 3556): DynamicUpdater call updateFolder
I/HwLauncher( 3556): DynamicIcon onResume  isvisible = false   mAttachedToWindow:true    mWindowVisible:falsecom.android.deskclock
I/HwLauncher( 3556): DynamicUpdater registerReceiver
I/HwLauncher( 3556): DynamicUpdater call updateFolder
I/HwLauncher( 3556): DynamicIcon onResume  isvisible = true   mAttachedToWindow:false    mWindowVisible:falsecom.android.calendar
I/HwLauncher( 3556): DynamicUpdater registerReceiver
I/HwLauncher( 3556): DynamicUpdater call updateFolder
I/HwLauncher( 3556): WeatherDynamicUpdaterpositiveUpdate at WeatherDynamicUpdater
I/HwLauncher( 3556): DynamicIcon onResume  isvisible = false   mAttachedToWindow:true    mWindowVisible:falsecom.huawei.android.totemweather
I/HwLauncher( 3556): DynamicIcon onVisibilityChanged 0 - com.android.deskclock
I/HwLauncher( 3556): DynamicIcon onVisibilityChanged 0 - com.huawei.android.totemweather
I/HwLauncher( 3556): DynamicIcon onWindowVisibilityChanged 0 - com.android.deskclock
I/HwLauncher( 3556): DynamicIcon onWindowVisibilityChanged 0 - com.huawei.android.totemweather
I/HwLauncher( 3556): WeatherDynamicUpdaterreceive action = com.huawei.android.action.launcher_weather_icon_change
I/HwLauncher( 3556): WeatherDynamicUpdaterreceiver data is int[] = [0, 0]
I/HwLauncher( 3556):  stringArray[] [unknown]
I/HwLauncher( 3556): Launcher onStop()
E/HwLauncher( 3556): Launcher dialog dismiss failed : java.lang.IllegalArgumentException: no dialog with id 1 was ever shown via Activity#showDialog
I/HwLauncher( 3556): Launcher dynamicIconsUnregister
I/HwLauncher( 3556): DynamicUpdater unregisterReceiver
I/HwLauncher( 3556): DynamicIcon onPause  isvisible = true   mAttachedToWindow:true    mWindowVisible:truecom.android.deskclock
I/HwLauncher( 3556): DynamicUpdater unregisterReceiver
I/HwLauncher( 3556): DynamicIcon onPause  isvisible = true   mAttachedToWindow:false    mWindowVisible:falsecom.android.calendar
I/HwLauncher( 3556): DynamicUpdater unregisterReceiver
I/HwLauncher( 3556): DynamicIcon onPause  isvisible = true   mAttachedToWindow:true    mWindowVisible:truecom.huawei.android.totemweather
I/HwLauncher( 3556): DynamicIcon onVisibilityChanged 4 - com.android.deskclock
I/HwLauncher( 3556): DynamicIcon onVisibilityChanged 4 - com.huawei.android.totemweather
I/HwLauncher( 3556): DynamicIcon onWindowVisibilityChanged 4 - com.android.deskclock
I/HwLauncher( 3556): DynamicIcon onWindowVisibilityChanged 4 - com.huawei.android.totemweather
I/InputDispatcher( 3088): maybe input dispatch timeout, send to pg
I/ActivityManager( 3088): Displayed com.jianshu.haruki/com.baiji.jianshu.ui.main.MainActivity: +574ms
I/HwLauncher( 3556): DynamicIcon onWindowVisibilityChanged 8 - com.android.deskclock
I/HwLauncher( 3556): DynamicIcon onWindowVisibilityChanged 8 - com.huawei.android.totemweather
E/AudioFlinger( 2427): setLppDtsGeq():invalid keyValue of dts geq.
E/AudioFlinger( 2427): setLppDtsGeq():invalid keyValue of dts geq.
E/AudioFlinger( 2427): setLppDtsGeq():invalid keyValue of dts geq.
I/audio_hw_primary( 2427): start_output_stream : mode=0, devices=2
I/wpa_supplicant(27617): wlan0: HEART-BEAT-ACK: 253
E/Thermal-daemon( 2433): [ap] temp_new :38  temp_old :37
E/Thermal-daemon( 2433): Report temperature: [ap] temp :38  report_threshold:1
I/InputDispatcher( 3088): maybe input dispatch timeout, send to pg
W/View    ( 6550): requestLayout() improperly called by android.support.v4.view.ViewPager{44bf43e0 VFED.... ......ID 0,512-1080,512 #7f0f0134 app:id/vp} during layout: running second layout pass
I/ActivityManager( 3088): Displayed com.jianshu.haruki/com.baiji.jianshu.ui.collection.CollectionActivity: +657ms
E/Thermal-daemon( 2433): [flash_led] temp_new :35  temp_old :34
I/ActivityManager( 3088): Displayed com.jianshu.haruki/com.baiji.jianshu.activity.ChatListActivity: +354ms
I/InputDispatcher( 3088): maybe input dispatch timeout, send to pg
I/audio_hw_primary( 2427): [do_output_standby],do_output_standby-----out->standby_lpp : 1
I/PushLog2551( 6821): [ReceiverDispatcher-256]read to Send:DA(android/ConnectEntity.java:120)
W/Binder  ( 6550): Caught a RuntimeException from the binder stub implementation.
W/Binder  ( 6550): java.lang.NullPointerException
W/Binder  ( 6550): 	at android.view.WindowManagerGlobal.dumpGfxInfo(WindowManagerGlobal.java:447)
W/Binder  ( 6550): 	at android.app.ActivityThread$ApplicationThread.dumpGfxInfo(ActivityThread.java:1060)
W/Binder  ( 6550): 	at android.app.ApplicationThreadNative.onTransact(ApplicationThreadNative.java:550)
W/Binder  ( 6550): 	at android.os.Binder.execTransact(Binder.java:404)
W/Binder  ( 6550): 	at dalvik.system.NativeStart.run(Native Method)
W/System.err( 6550): java.lang.NullPointerException
W/System.err( 6550): 	at android.view.WindowManagerGlobal.dumpGfxInfo(WindowManagerGlobal.java:447)
W/System.err( 6550): 	at android.app.ActivityThread$ApplicationThread.dumpGfxInfo(ActivityThread.java:1060)
W/System.err( 6550): 	at android.app.ApplicationThreadNative.onTransact(ApplicationThreadNative.java:550)
W/System.err( 6550): 	at android.os.Binder.execTransact(Binder.java:404)
W/System.err( 6550): 	at dalvik.system.NativeStart.run(Native Method)
I/ActivityManager( 3088): Displayed com.jianshu.haruki/com.baiji.jianshu.social.view.SubmissionRequestActivity: +196ms
I/AndroidRuntime(22388): VM exiting with result code 0.
E/android_hardware_fm.cpp(22693): register_android_hardware_fm_fmradio
E/FM_HAL  (22693): [FM_HAL], fm_dynamic_lib is libbcmfm_if
E/FM_HAL  (22693): [FM_HAL], libname is libbcmfm_if
E/fm_if.c (22693): find the id:libbcmfm_if and begins to open the devices
E/android_hardware_fm.cpp(22693): register_android_hardware_fm_fmradio, ret is 0
E/        (22693): ProtocolErrorLog wangkang test!!
I/wpa_supplicant(27617): wlan0: HEART-BEAT-ACK: 254
W/System.err( 6550): java.net.SocketTimeoutException: timeout
W/System.err( 6550): 	at c.m$3.a(Okio.java:212)
W/System.err( 6550): 	at c.a.a(AsyncTimeout.java:277)
W/System.err( 6550): 	at c.a$2.a(AsyncTimeout.java:244)
W/System.err( 6550): 	at c.o.a(RealBufferedSource.java:325)
W/System.err( 6550): 	at c.o.a(RealBufferedSource.java:314)
W/System.err( 6550): 	at c.o.s(RealBufferedSource.java:210)
W/System.err( 6550): 	at b.a.b.d.d(Http1xStream.java:184)
W/System.err( 6550): 	at b.a.b.d.b(Http1xStream.java:125)
W/System.err( 6550): 	at b.a.b.g.m(HttpEngine.java:775)
W/System.err( 6550): 	at b.a.b.g.b(HttpEngine.java:86)
W/System.err( 6550): 	at b.a.b.g$a.a(HttpEngine.java:760)
W/System.err( 6550): 	at b.a.b.g.h(HttpEngine.java:613)
W/System.err( 6550): 	at b.y.a(RealCall.java:244)
W/System.err( 6550): 	at b.y$a.a(RealCall.java:201)
W/System.err( 6550): 	at com.baiji.jianshu.api.b.j.a(TokenInterceptor.java:56)
W/System.err( 6550): 	at b.y$a.a(RealCall.java:190)
W/System.err( 6550): 	at com.baiji.jianshu.api.b.d.a(HeadInterceptor.java:56)
W/System.err( 6550): 	at b.y$a.a(RealCall.java:190)
W/System.err( 6550): 	at com.baiji.jianshu.api.b.k.a(UnknownHostInterceptor.java:28)
W/System.err( 6550): 	at b.y$a.a(RealCall.java:190)
W/System.err( 6550): 	at b.y.a(RealCall.java:163)
W/System.err( 6550): 	at b.y.a(RealCall.java:57)
W/System.err( 6550): 	at retrofit2.h.a(OkHttpCall.java:174)
W/System.err( 6550): 	at retrofit2.a.a.e$b.a(RxJavaCallAdapterFactory.java:171)
W/System.err( 6550): 	at rx.internal.a.q$1$1$1.a(OperatorSubscribeOn.java:80)
W/System.err( 6550): 	at rx.j.a(Subscriber.java:211)
W/System.err( 6550): 	at rx.internal.a.q$1$1.a(OperatorSubscribeOn.java:76)
W/System.err( 6550): 	at rx.j.a(Subscriber.java:205)
W/System.err( 6550): 	at retrofit2.a.a.e$a.a(RxJavaCallAdapterFactory.java:152)
W/System.err( 6550): 	at retrofit2.a.a.e$a.a(RxJavaCallAdapterFactory.java:138)
W/System.err( 6550): 	at rx.internal.a.g.a(OnSubscribeLift.java:48)
W/System.err( 6550): 	at rx.internal.a.g.a(OnSubscribeLift.java:30)
W/System.err( 6550): 	at rx.d.a(Observable.java:10151)
W/System.err( 6550): 	at rx.internal.a.q$1.a(OperatorSubscribeOn.java:94)
W/System.err( 6550): 	at rx.internal.c.a$b$1.a(CachedThreadScheduler.java:228)
W/System.err( 6550): 	at rx.internal.c.h.run(ScheduledAction.java:55)
W/System.err( 6550): 	at java.util.concurrent.Executors$RunnableAdapter.call(Executors.java:422)
W/System.err( 6550): 	at java.util.concurrent.FutureTask.run(FutureTask.java:237)
W/System.err( 6550): 	at java.util.concurrent.ScheduledThreadPoolExecutor$ScheduledFutureTask.access$201(ScheduledThreadPoolExecutor.java:152)
W/System.err( 6550): 	at java.util.concurrent.ScheduledThreadPoolExecutor$ScheduledFutureTask.run(ScheduledThreadPoolExecutor.java:265)
W/System.err( 6550): 	at java.util.concurrent.ThreadPoolExecutor.runWorker(ThreadPoolExecutor.java:1112)
W/System.err( 6550): 	at java.util.concurrent.ThreadPoolExecutor$Worker.run(ThreadPoolExecutor.java:587)
W/System.err( 6550): 	at java.lang.Thread.run(Thread.java:841)
E/CommandListener( 2419): readDefRoute call readDefRoute
E/SecondaryTablController( 2419): isWifiDefaultRouteExisted /system/bin/ip route
E/CommandListener( 2419): readDefRoute Rsp ok
I/wpa_supplicant(27617): wlan0: HEART-BEAT-ACK: 255
E/MtaSDK  ( 6550): 
E/MtaSDK  ( 6550): java.net.SocketTimeoutException
E/MtaSDK  ( 6550): 	at java.net.PlainSocketImpl.read(PlainSocketImpl.java:491)
E/MtaSDK  ( 6550): 	at java.net.PlainSocketImpl.access$000(PlainSocketImpl.java:46)
E/MtaSDK  ( 6550): 	at java.net.PlainSocketImpl$PlainSocketInputStream.read(PlainSocketImpl.java:240)
E/MtaSDK  ( 6550): 	at org.apache.http.impl.io.AbstractSessionInputBuffer.fillBuffer(AbstractSessionInputBuffer.java:103)
E/MtaSDK  ( 6550): 	at org.apache.http.impl.io.AbstractSessionInputBuffer.readLine(AbstractSessionInputBuffer.java:191)
E/MtaSDK  ( 6550): 	at org.apache.http.impl.conn.DefaultResponseParser.parseHead(DefaultResponseParser.java:82)
E/MtaSDK  ( 6550): 	at org.apache.http.impl.io.AbstractMessageParser.parse(AbstractMessageParser.java:174)
E/MtaSDK  ( 6550): 	at org.apache.http.impl.AbstractHttpClientConnection.receiveResponseHeader(AbstractHttpClientConnection.java:180)
E/MtaSDK  ( 6550): 	at org.apache.http.impl.conn.DefaultClientConnection.receiveResponseHeader(DefaultClientConnection.java:235)
E/MtaSDK  ( 6550): 	at org.apache.http.impl.conn.AbstractClientConnAdapter.receiveResponseHeader(AbstractClientConnAdapter.java:259)
E/MtaSDK  ( 6550): 	at org.apache.http.protocol.HttpRequestExecutor.doReceiveResponse(HttpRequestExecutor.java:279)
E/MtaSDK  ( 6550): 	at org.apache.http.protocol.HttpRequestExecutor.execute(HttpRequestExecutor.java:121)
E/MtaSDK  ( 6550): 	at org.apache.http.impl.client.DefaultRequestDirector.execute(DefaultRequestDirector.java:428)
E/MtaSDK  ( 6550): 	at org.apache.http.impl.client.AbstractHttpClient.execute(AbstractHttpClient.java:583)
E/MtaSDK  ( 6550): 	at org.apache.http.impl.client.AbstractHttpClient.execute(AbstractHttpClient.java:506)
E/MtaSDK  ( 6550): 	at org.apache.http.impl.client.AbstractHttpClient.execute(AbstractHttpClient.java:484)
E/MtaSDK  ( 6550): 	at com.tencent.stat.g.a(Unknown Source)
E/MtaSDK  ( 6550): 	at com.tencent.stat.i.run(Unknown Source)
E/MtaSDK  ( 6550): 	at java.util.concurrent.ThreadPoolExecutor.runWorker(ThreadPoolExecutor.java:1112)
E/MtaSDK  ( 6550): 	at java.util.concurrent.ThreadPoolExecutor$Worker.run(ThreadPoolExecutor.java:587)
E/MtaSDK  ( 6550): 	at java.lang.Thread.run(Thread.java:841)
E/Thermal-daemon( 2433): [ap] temp_new :37  temp_old :38
E/Thermal-daemon( 2433): Report temperature: [ap] temp :37  report_threshold:1
W/Settings(  342): Setting auto_time has moved from android.provider.Settings.System to android.provider.Settings.Global, returning read-only value.
W/Settings(  659): Setting airplane_mode_on has moved from android.provider.Settings.System to android.provider.Settings.Global, returning read-only value.
W/Settings(  659): Setting airplane_mode_on has moved from android.provider.Settings.System to android.provider.Settings.Global, returning read-only value.
I/wpa_supplicant(27617): wlan0: HEART-BEAT-ACK: 256
E/Thermal-daemon( 2433): [ap] temp_new :36  temp_old :37
E/Thermal-daemon( 2433): Report temperature: [ap] temp :36  report_threshold:1
E/Thermal-daemon( 2433): [flash_led] temp_new :34  temp_old :35
E/Thermal-daemon( 2433): Report temperature: [flash_led] temp :34  report_threshold:1
E/CommandListener( 2419): readDefRoute call readDefRoute
E/SecondaryTablController( 2419): isWifiDefaultRouteExisted /system/bin/ip route
E/CommandListener( 2419): readDefRoute Rsp ok
I/wpa_supplicant(27617): wlan0: HEART-BEAT-ACK: 257
W/Settings(  659): Setting airplane_mode_on has moved from android.provider.Settings.System to android.provider.Settings.Global, returning read-only value.
W/Settings(  659): Setting airplane_mode_on has moved from android.provider.Settings.System to android.provider.Settings.Global, returning read-only value.
I/wpa_supplicant(27617): wlan0: HEART-BEAT-ACK: 258
I/ctrlSocket( 2419): gethostbyname normal
E/CommandListener( 2419): readDefRoute call readDefRoute
E/SecondaryTablController( 2419): isWifiDefaultRouteExisted /system/bin/ip route
E/CommandListener( 2419): readDefRoute Rsp ok
W/Settings(  659): Setting airplane_mode_on has moved from android.provider.Settings.System to android.provider.Settings.Global, returning read-only value.
W/Settings(  659): Setting airplane_mode_on has moved from android.provider.Settings.System to android.provider.Settings.Global, returning read-only value.
W/Settings(  659): Setting airplane_mode_on has moved from android.provider.Settings.System to android.provider.Settings.Global, returning read-only value.
W/Settings(  659): Setting airplane_mode_on has moved from android.provider.Settings.System to android.provider.Settings.Global, returning read-only value.
I/wpa_supplicant(27617): wlan0: HEART-BEAT-ACK: 259
I/wpa_supplicant(27617): wlan0: HEART-BEAT-ACK: 260
E/Thermal-daemon( 2433): [ap] temp_new :35  temp_old :36
E/Thermal-daemon( 2433): Report temperature: [ap] temp :35  report_threshold:1
E/CommandListener( 2419): readDefRoute call readDefRoute
E/SecondaryTablController( 2419): isWifiDefaultRouteExisted /system/bin/ip route
E/CommandListener( 2419): readDefRoute Rsp ok
I/wpa_supplicant(27617): wlan0: HEART-BEAT-ACK: 261
E/Thermal-daemon( 2433): [pa_0] temp_new :34  temp_old :35
E/Thermal-daemon( 2433): Report temperature: [pa_0] temp :34  report_threshold:1
E/android_hardware_fm.cpp(23005): register_android_hardware_fm_fmradio
E/FM_HAL  (23005): [FM_HAL], fm_dynamic_lib is libbcmfm_if
E/FM_HAL  (23005): [FM_HAL], libname is libbcmfm_if
E/fm_if.c (23005): find the id:libbcmfm_if and begins to open the devices
E/android_hardware_fm.cpp(23005): register_android_hardware_fm_fmradio, ret is 0
E/        (23005): ProtocolErrorLog wangkang test!!
I/AndroidRuntime(23005): VM exiting with result code 0.
I/wpa_supplicant(27617): wlan0: HEART-BEAT-ACK: 262
E/HwSystemManager( 3841): BgPowerManagerService: conusmPower = -24 result = -281 flag1 =false flag2 = false
E/CommandListener( 2419): readDefRoute call readDefRoute
E/SecondaryTablController( 2419): isWifiDefaultRouteExisted /system/bin/ip route
I/wpa_supplicant(27617): wlan0: HEART-BEAT-ACK: 263
E/CommandListener( 2419): readDefRoute Rsp ok
W/Settings( 6536): Setting auto_time has moved from android.provider.Settings.System to android.provider.Settings.Global, returning read-only value.
W/Settings(  659): Setting airplane_mode_on has moved from android.provider.Settings.System to android.provider.Settings.Global, returning read-only value.
W/Settings(  659): Setting airplane_mode_on has moved from android.provider.Settings.System to android.provider.Settings.Global, returning read-only value.
W/Settings(  659): Setting airplane_mode_on has moved from android.provider.Settings.System to android.provider.Settings.Global, returning read-only value.
W/Settings(  659): Setting airplane_mode_on has moved from android.provider.Settings.System to android.provider.Settings.Global, returning read-only value.
I/wpa_supplicant(27617): wlan0: HEART-BEAT-ACK: 264
W/Settings(  659): Setting airplane_mode_on has moved from android.provider.Settings.System to android.provider.Settings.Global, returning read-only value.
W/Settings(  659): Setting airplane_mode_on has moved from android.provider.Settings.System to android.provider.Settings.Global, returning read-only value.
W/Settings(  659): Setting airplane_mode_on has moved from android.provider.Settings.System to android.provider.Settings.Global, returning read-only value.
W/Settings(  659): Setting airplane_mode_on has moved from android.provider.Settings.System to android.provider.Settings.Global, returning read-only value.
E/android_hardware_fm.cpp(23152): register_android_hardware_fm_fmradio
E/FM_HAL  (23152): [FM_HAL], fm_dynamic_lib is libbcmfm_if
E/FM_HAL  (23152): [FM_HAL], libname is libbcmfm_if
E/fm_if.c (23152): find the id:libbcmfm_if and begins to open the devices
E/android_hardware_fm.cpp(23152): register_android_hardware_fm_fmradio, ret is 0
E/        (23152): ProtocolErrorLog wangkang test!!
I/wpa_supplicant(27617): wlan0: HEART-BEAT-ACK: 265
E/CommandListener( 2419): readDefRoute call readDefRoute
E/SecondaryTablController( 2419): isWifiDefaultRouteExisted /system/bin/ip route
E/CommandListener( 2419): readDefRoute Rsp ok
E/android_hardware_fm.cpp(23204): register_android_hardware_fm_fmradio
E/android_hardware_fm.cpp(23202): register_android_hardware_fm_fmradio
E/FM_HAL  (23202): [FM_HAL], fm_dynamic_lib is libbcmfm_if
E/FM_HAL  (23204): [FM_HAL], fm_dynamic_lib is libbcmfm_if
E/FM_HAL  (23202): [FM_HAL], libname is libbcmfm_if
E/FM_HAL  (23204): [FM_HAL], libname is libbcmfm_if
E/fm_if.c (23204): find the id:libbcmfm_if and begins to open the devices
E/fm_if.c (23202): find the id:libbcmfm_if and begins to open the devices
E/android_hardware_fm.cpp(23204): register_android_hardware_fm_fmradio, ret is 0
E/android_hardware_fm.cpp(23202): register_android_hardware_fm_fmradio, ret is 0
E/        (23204): ProtocolErrorLog wangkang test!!
E/        (23202): ProtocolErrorLog wangkang test!!
I/wpa_supplicant(27617): wlan0: HEART-BEAT-ACK: 266
I/wpa_supplicant(27617): wlan0: HEART-BEAT-ACK: 267
E/CommandListener( 2419): readDefRoute call readDefRoute
E/SecondaryTablController( 2419): isWifiDefaultRouteExisted /system/bin/ip route
E/CommandListener( 2419): readDefRoute Rsp ok
E/android_hardware_fm.cpp(23277): register_android_hardware_fm_fmradio
E/FM_HAL  (23277): [FM_HAL], fm_dynamic_lib is libbcmfm_if
E/FM_HAL  (23277): [FM_HAL], libname is libbcmfm_if
E/fm_if.c (23277): find the id:libbcmfm_if and begins to open the devices
E/android_hardware_fm.cpp(23277): register_android_hardware_fm_fmradio, ret is 0
E/        (23277): ProtocolErrorLog wangkang test!!
I/PushLog2551( 6821): [ReceiverDispatcher-256]read to Send:DA(android/ConnectEntity.java:120)
I/wpa_supplicant(27617): wlan0: HEART-BEAT-ACK: 268
E/SocketPush( 5742): SocketLink Encounter An Exception While Looping, Server ip:(112.90.140.215), Error:java.net.SocketException: Read Invalid PacketData! (Size:-1) Probably Reason:[Unknown]
E/SocketPush( 5742): ============ Stack Start =============
E/SocketPush( 5742): java.net.SocketException: Read Invalid PacketData! (Size:-1) Probably Reason:[Unknown]
E/SocketPush( 5742): 	at com.tencent.news.push.socket.a.d.(SocketPacketReceiveHandler.java:56)
E/SocketPush( 5742): 	at com.tencent.news.push.socket.a.a.(SocketChannelController.java:88)
E/SocketPush( 5742): 	at com.tencent.news.push.socket.a.a.onChannelEvent(SocketChannelController.java:70)
E/SocketPush( 5742): 	at com.tencent.news.push.socket.a.(SocketLink.java:109)
E/SocketPush( 5742): 	at com.tencent.news.push.socket.a.(SocketLink.java:38)
E/SocketPush( 5742): 	at com.tencent.news.push.socket.b$a.run(SocketPush.java:99)
E/SocketPush( 5742): 
E/SocketPush( 5742): ============ Stack  End  =============
I/wpa_supplicant(27617): wlan0: HEART-BEAT-ACK: 269
E/CommandListener( 2419): readDefRoute call readDefRoute
E/SecondaryTablController( 2419): isWifiDefaultRouteExisted /system/bin/ip route
E/CommandListener( 2419): readDefRoute Rsp ok
I/wpa_supplicant(27617): wlan0: HEART-BEAT-ACK: 270
I/CAPALiteReceiver( 3513): USER STATE: STATIONARY SUB STATE: UNKNOWN
I/wpa_supplicant(27617): wlan0: HEART-BEAT-ACK: 271
E/CommandListener( 2419): readDefRoute call readDefRoute
E/SecondaryTablController( 2419): isWifiDefaultRouteExisted /system/bin/ip route
E/CommandListener( 2419): readDefRoute Rsp ok
I/wpa_supplicant(27617): wlan0: HEART-BEAT-ACK: 272
I/wpa_supplicant(27617): wlan0: HEART-BEAT-ACK: 273
E/Thermal-daemon( 2433): [flash_led] temp_new :33  temp_old :34
E/CommandListener( 2419): readDefRoute call readDefRoute
E/SecondaryTablController( 2419): isWifiDefaultRouteExisted /system/bin/ip route
E/CommandListener( 2419): readDefRoute Rsp ok
I/wpa_supplicant(27617): wlan0: HEART-BEAT-ACK: 274
E/Thermal-daemon( 2433): [ap] temp_new :34  temp_old :35
E/Thermal-daemon( 2433): Report temperature: [ap] temp :34  report_threshold:1
I/wpa_supplicant(27617): wlan0: HEART-BEAT-ACK: 275
E/CommandListener( 2419): readDefRoute call readDefRoute
E/SecondaryTablController( 2419): isWifiDefaultRouteExisted /system/bin/ip route
E/CommandListener( 2419): readDefRoute Rsp ok
I/wpa_supplicant(27617): wlan0: HEART-BEAT-ACK: 276
I/wpa_supplicant(27617): wlan0: HEART-BEAT-ACK: 277
E/CommandListener( 2419): readDefRoute call readDefRoute
E/SecondaryTablController( 2419): isWifiDefaultRouteExisted /system/bin/ip route
E/CommandListener( 2419): readDefRoute Rsp ok
I/wpa_supplicant(27617): wlan0: HEART-BEAT-ACK: 278
I/wpa_supplicant(27617): wlan0: HEART-BEAT-ACK: 279
W/Settings(  330): Setting auto_time has moved from android.provider.Settings.System to android.provider.Settings.Global, returning read-only value.
E/CommandListener( 2419): readDefRoute call readDefRoute
E/SecondaryTablController( 2419): isWifiDefaultRouteExisted /system/bin/ip route
E/CommandListener( 2419): readDefRoute Rsp ok
W/InstanceID/Rpc(23535): Backoff due to AUTHENTICATION_FAILED for 431104
I/wpa_supplicant(27617): wlan0: HEART-BEAT-ACK: 280
I/ctrlSocket( 2419): gethostbyname normal
W/PushLog2551( 6821): [main-1]no macAddress in device_info(android/CommFun.java:1209)
I/wpa_supplicant(27617): wlan0: HEART-BEAT-ACK: 281
I/PushLog2551( 6821): [ReceiverDispatcher-256]read to Send:DA(android/ConnectEntity.java:120)
E/CommandListener( 2419): readDefRoute call readDefRoute
E/SecondaryTablController( 2419): isWifiDefaultRouteExisted /system/bin/ip route
E/CommandListener( 2419): readDefRoute Rsp ok
I/wpa_supplicant(27617): wlan0: HEART-BEAT-ACK: 282
I/wpa_supplicant(27617): wlan0: HEART-BEAT-ACK: 283
E/android_hardware_fm.cpp(23944): register_android_hardware_fm_fmradio
E/FM_HAL  (23944): [FM_HAL], fm_dynamic_lib is libbcmfm_if
E/FM_HAL  (23944): [FM_HAL], libname is libbcmfm_if
E/fm_if.c (23944): find the id:libbcmfm_if and begins to open the devices
E/android_hardware_fm.cpp(23944): register_android_hardware_fm_fmradio, ret is 0
E/        (23944): ProtocolErrorLog wangkang test!!
I/AndroidRuntime(23944): VM exiting with result code 0.
I/ctrlSocket( 2419): gethostbyname normal
E/CommandListener( 2419): readDefRoute call readDefRoute
E/SecondaryTablController( 2419): isWifiDefaultRouteExisted /system/bin/ip route
E/Thermal-daemon( 2433): [ap] temp_new :35  temp_old :34
E/CommandListener( 2419): readDefRoute Rsp ok
I/wpa_supplicant(27617): wlan0: HEART-BEAT-ACK: 284
E/Thermal-daemon( 2433): [ap] temp_new :34  temp_old :35
E/Thermal-daemon( 2433): Report temperature: [ap] temp :34  report_threshold:1
I/logserver( 2435): get alarm time = 97931 (sec.)!
I/logserver( 2435): send_files, commercial version, send by other, return!
I/logserver( 2435): Timeout, apr update!
I/logserver( 2435): Object Path:/data/log/apr/, mask=0x00000008
I/logserver( 2435): event->len=80, name=H60-L02_V100R001CHNC00B316_DU2TAN15AJ049163_20170111211033_statistics
I/logserver( 2435): process_one_event, can not find this event(H60-L02_V100R001CHNC00B316_DU2TAN15AJ049163_20170111211033_statistics)
I/logserver( 2435): clean_cur_cache:962, system(rm -r /data/log/logcache/14677792/* > /dev/null 2>&1)
E/android_hardware_fm.cpp(24033): register_android_hardware_fm_fmradio
E/FM_HAL  (24033): [FM_HAL], fm_dynamic_lib is libbcmfm_if
E/FM_HAL  (24033): [FM_HAL], libname is libbcmfm_if
E/fm_if.c (24033): find the id:libbcmfm_if and begins to open the devices
E/android_hardware_fm.cpp(24033): register_android_hardware_fm_fmradio, ret is 0
E/        (24033): ProtocolErrorLog wangkang test!!
I/wpa_supplicant(27617): wlan0: HEART-BEAT-ACK: 285
E/CommandListener( 2419): readDefRoute call readDefRoute
E/SecondaryTablController( 2419): isWifiDefaultRouteExisted /system/bin/ip route
E/android_hardware_fm.cpp(24080): register_android_hardware_fm_fmradio
E/FM_HAL  (24080): [FM_HAL], fm_dynamic_lib is libbcmfm_if
E/FM_HAL  (24080): [FM_HAL], libname is libbcmfm_if
E/android_hardware_fm.cpp(24082): register_android_hardware_fm_fmradio
E/FM_HAL  (24082): [FM_HAL], fm_dynamic_lib is libbcmfm_if
E/FM_HAL  (24082): [FM_HAL], libname is libbcmfm_if
E/fm_if.c (24080): find the id:libbcmfm_if and begins to open the devices
E/fm_if.c (24082): find the id:libbcmfm_if and begins to open the devices
E/android_hardware_fm.cpp(24080): register_android_hardware_fm_fmradio, ret is 0
E/android_hardware_fm.cpp(24082): register_android_hardware_fm_fmradio, ret is 0
E/        (24080): ProtocolErrorLog wangkang test!!
E/        (24082): ProtocolErrorLog wangkang test!!
E/CommandListener( 2419): readDefRoute Rsp ok
E/android_hardware_fm.cpp(24106): register_android_hardware_fm_fmradio
E/FM_HAL  (24106): [FM_HAL], fm_dynamic_lib is libbcmfm_if
E/FM_HAL  (24106): [FM_HAL], libname is libbcmfm_if
E/fm_if.c (24106): find the id:libbcmfm_if and begins to open the devices
E/android_hardware_fm.cpp(24106): register_android_hardware_fm_fmradio, ret is 0
E/        (24106): ProtocolErrorLog wangkang test!!
I/AndroidRuntime(24106): VM exiting with result code 0.
I/wpa_supplicant(27617): wlan0: HEART-BEAT-ACK: 286
E/Thermal-daemon( 2433): [ap] temp_new :35  temp_old :34
E/Thermal-daemon( 2433): [ap] temp_new :34  temp_old :35
E/Thermal-daemon( 2433): Report temperature: [ap] temp :34  report_threshold:1
I/wpa_supplicant(27617): wlan0: HEART-BEAT-ACK: 287
E/android_hardware_fm.cpp(24171): register_android_hardware_fm_fmradio
E/FM_HAL  (24171): [FM_HAL], fm_dynamic_lib is libbcmfm_if
E/FM_HAL  (24171): [FM_HAL], libname is libbcmfm_if
E/fm_if.c (24171): find the id:libbcmfm_if and begins to open the devices
E/android_hardware_fm.cpp(24171): register_android_hardware_fm_fmradio, ret is 0
E/        (24171): ProtocolErrorLog wangkang test!!
E/HwSystemManager( 3841): BgPowerManagerService: conusmPower = -29 result = -305 flag1 =false flag2 = false
E/Thermal-daemon( 2433): [ap] temp_new :35  temp_old :34
E/CommandListener( 2419): readDefRoute call readDefRoute
E/SecondaryTablController( 2419): isWifiDefaultRouteExisted /system/bin/ip route
E/CommandListener( 2419): readDefRoute Rsp ok
I/wpa_supplicant(27617): wlan0: HEART-BEAT-ACK: 288
E/Thermal-daemon( 2433): [ap] temp_new :34  temp_old :35
E/Thermal-daemon( 2433): Report temperature: [ap] temp :34  report_threshold:1
W/Settings(  659): Setting airplane_mode_on has moved from android.provider.Settings.System to android.provider.Settings.Global, returning read-only value.
W/Settings(  659): Setting airplane_mode_on has moved from android.provider.Settings.System to android.provider.Settings.Global, returning read-only value.
I/wpa_supplicant(27617): wlan0: HEART-BEAT-ACK: 289
E/Thermal-daemon( 2433): [ap] temp_new :35  temp_old :34
E/CommandListener( 2419): readDefRoute call readDefRoute
E/SecondaryTablController( 2419): isWifiDefaultRouteExisted /system/bin/ip route
E/CommandListener( 2419): readDefRoute Rsp ok
E/Thermal-daemon( 2433): [ap] temp_new :34  temp_old :35
E/Thermal-daemon( 2433): Report temperature: [ap] temp :34  report_threshold:1
I/wpa_supplicant(27617): wlan0: HEART-BEAT-ACK: 290
I/wpa_supplicant(27617): wlan0: HEART-BEAT-ACK: 291
I/TDLOG   (  342): postData()#Send data to server.
I/TDLOG   (  342): Send()# success : true
E/CommandListener( 2419): readDefRoute call readDefRoute
E/SecondaryTablController( 2419): isWifiDefaultRouteExisted /system/bin/ip route
E/CommandListener( 2419): readDefRoute Rsp ok
I/wpa_supplicant(27617): wlan0: HEART-BEAT-ACK: 292
I/StatusBar.KeyButtonView( 3296): action=0, flags=0, when=78356585, repeatCount=0, mDownTime=78356585, mCode=3
I/StatusBar.KeyButtonView( 3296): action=1, flags=0, when=78356670, repeatCount=0, mDownTime=78356585, mCode=3
E/HwLauncher( 3556): Launcher dialog dismiss failed : java.lang.IllegalArgumentException: no dialog with id 1 was ever shown via Activity#showDialog
I/K3V3CpuGovernorPolicy( 3513): set scene Hmp policy : 300 , 150
I/HwLauncher( 3556): DynamicIcon onWindowVisibilityChanged 4 - com.android.deskclock
I/HwLauncher( 3556): DynamicIcon onWindowVisibilityChanged 4 - com.huawei.android.totemweather
I/HwLauncher( 3556): Launcher  onNewIntent mIsToUninstallApp = false
E/HwLauncher( 3556): Launcher dialog dismiss failed : java.lang.IllegalArgumentException: no dialog with id 1 was ever shown via Activity#showDialog
W/HwLauncher( 3556): Launcher null folder is animating process
I/HwLauncher( 3556): Launcher onStart()
I/HwLauncher( 3556): Launcher dynamicIconsRegister
I/HwLauncher( 3556): DynamicUpdater registerReceiver
I/HwLauncher( 3556): DynamicIconData , getDrawableForDynamic begin, pkg = com.android.deskclock, picName = deskclock_bg
I/HwLauncher( 3556): DynamicIconData , getDrawableForDynamic end, pkg = com.android.deskclock, picName = deskclock_bg
I/HwLauncher( 3556): DynamicIconData , getDrawableForDynamic begin, pkg = com.android.deskclock, picName = deskclock_bg
I/HwLauncher( 3556): DynamicIconData , getDrawableForDynamic end, pkg = com.android.deskclock, picName = deskclock_bg
I/HwLauncher( 3556): Launcher.Utilities createIconBitmap sourceWidth = 180sourceHeight = 180
I/HwLauncher( 3556): ClockDynamicUpdater calender update folder at CalenderDynamicUpdater
I/HwLauncher( 3556): DynamicUpdater call updateFolder
I/HwLauncher( 3556): DynamicUpdater call updateFolder
I/HwLauncher( 3556): DynamicIcon onResume  isvisible = false   mAttachedToWindow:true    mWindowVisible:falsecom.android.deskclock
I/HwLauncher( 3556): DynamicUpdater registerReceiver
I/HwLauncher( 3556): DynamicUpdater call updateFolder
I/HwLauncher( 3556): DynamicIcon onResume  isvisible = true   mAttachedToWindow:false    mWindowVisible:falsecom.android.calendar
I/HwLauncher( 3556): DynamicUpdater registerReceiver
I/HwLauncher( 3556): DynamicUpdater call updateFolder
I/HwLauncher( 3556): DynamicIcon onResume  isvisible = false   mAttachedToWindow:true    mWindowVisible:falsecom.huawei.android.totemweather
I/HwLauncher( 3556): Launcher onResume()
I/HwLauncher( 3556): Launcher doResumeWork()
I/HwLauncher( 3556): WeatherDynamicUpdaterpositiveUpdate at WeatherDynamicUpdater
W/MotionDetectionManager( 3556): startMotionAppsReco motionApps: 402 disabled
W/HwLauncher( 3556): Launcher.MotionManager failed to start TYPE_SHAKE_CHANGE_WALLPAPER
I/HwLauncher( 3556): Launcher.MotionManager startShakeMotion mIsShakeInHome=true
W/MotionDetectionManager( 3556): startMotionAppsReco motionApps: 404 disabled
W/HwLauncher( 3556): Launcher.MotionManager failed to start TYPE_SHAKE_START_PRIVACY
I/HwLauncher( 3556): Launcher changeNaviBarStatus
W/HwLauncher( 3556): Launcher  updateMarginLayoutParamsForView:the target view is null.
I/HwLauncher( 3556): Launcher  onResume mIsToUninstallApp = false
I/HwLauncher( 3556): DynamicIcon onVisibilityChanged 0 - com.android.deskclock
I/HwLauncher( 3556): DynamicIcon onVisibilityChanged 0 - com.huawei.android.totemweather
I/HwLauncher( 3556): DynamicIcon onWindowVisibilityChanged 0 - com.android.deskclock
I/HwLauncher( 3556): DynamicIcon onWindowVisibilityChanged 0 - com.huawei.android.totemweather
I/PhoneStatusBar( 3296): hw_status_bar_operators = true, setSystemUIVisibily(SHOW_OPERATOR = false)
I/HwLauncher( 3556): WeatherDynamicUpdaterreceive action = com.huawei.android.action.launcher_weather_icon_change
I/HwLauncher( 3556): WeatherDynamicUpdaterreceiver data is int[] = [0, 0]
I/HwLauncher( 3556):  stringArray[] [unknown]
I/PhoneStatusBar( 3296): hw_status_bar_operators = true, setSystemUIVisibily(SHOW_OPERATOR = false)
I/K3V3CpuGovernorPolicy( 3513): close previously scene Hmp policy : 300 , 150
W/Settings( 3088): Setting device_provisioned has moved from android.provider.Settings.Secure to android.provider.Settings.Global.
I/PhoneStatusBar( 3296): hw_status_bar_operators = true, setSystemUIVisibily(SHOW_OPERATOR = false)
I/HwLauncher( 3556): Launcher onPause()
I/K3V3CpuGovernorPolicy( 3513): set scene Hmp policy : 300 , 150
W/HwLauncher( 3556): Launcher.MotionManager failed to stop TYPE_SHAKE_CHANGE_WALLPAPER
W/HwLauncher( 3556): Launcher.MotionManager failed to stop TYPE_SHAKE_START_PRIVACY
W/KeyguardViewMediator( 3264): verifyUnlock called when not externally disabled
I/Feeds   (  619): [E]setFeedCount.olddata:friendfeed=33,myfeed=0
I/Feeds   (  619): [E]setFeedCount.friendfeed=32,myfeed=0,2=45,3=1017266564
I/QZConfigProviderUtil(  619): [E]saveConfig mainkey:2
I/QZConfigProviderUtil(  619): [E]saveConfig mainKey:ExtraConfig
I/QZConfigProviderUtil(  619): [E]saveConfig mainKey:PhotoSvrList
I/QZConfigProviderUtil(  619): [E]content://com.tencent.qqlite.common.config.provider.QZoneConfigProvider/qz_cookie/1228 saveConfigCookie done.
I/PhoneStatusBar( 3296): hw_status_bar_operators = true, setSystemUIVisibily(SHOW_OPERATOR = false)
I/HwLauncher( 3556): DynamicIcon onWindowVisibilityChanged 8 - com.android.deskclock
I/HwLauncher( 3556): DynamicIcon onWindowVisibilityChanged 8 - com.huawei.android.totemweather
I/HwLauncher( 3556): Launcher onStop()
E/HwLauncher( 3556): Launcher dialog dismiss failed : java.lang.IllegalArgumentException: no dialog with id 1 was ever shown via Activity#showDialog
I/HwLauncher( 3556): Launcher dynamicIconsUnregister
I/HwLauncher( 3556): DynamicUpdater unregisterReceiver
I/HwLauncher( 3556): DynamicIcon onPause  isvisible = true   mAttachedToWindow:true    mWindowVisible:falsecom.android.deskclock
I/HwLauncher( 3556): DynamicUpdater unregisterReceiver
I/HwLauncher( 3556): DynamicIcon onPause  isvisible = true   mAttachedToWindow:false    mWindowVisible:falsecom.android.calendar
I/HwLauncher( 3556): DynamicUpdater unregisterReceiver
I/HwLauncher( 3556): DynamicIcon onPause  isvisible = true   mAttachedToWindow:true    mWindowVisible:falsecom.huawei.android.totemweather
I/HwLauncher( 3556): DynamicIcon onVisibilityChanged 4 - com.android.deskclock
I/HwLauncher( 3556): DynamicIcon onVisibilityChanged 4 - com.huawei.android.totemweather
I/K3V3CpuGovernorPolicy( 3513): close previously scene Hmp policy : 300 , 150
E/Thermal-daemon( 2433): [ap] temp_new :35  temp_old :34
I/AutoMonitor(  619): nullTabSwitch, cost=78360585
I/StatusBar.KeyButtonView( 3296): action=0, flags=0, when=78362023, repeatCount=0, mDownTime=78362023, mCode=3
I/StatusBar.KeyButtonView( 3296): action=1, flags=0, when=78362054, repeatCount=0, mDownTime=78362023, mCode=3
E/HwLauncher( 3556): Launcher dialog dismiss failed : java.lang.IllegalArgumentException: no dialog with id 1 was ever shown via Activity#showDialog
I/K3V3CpuGovernorPolicy( 3513): set scene Hmp policy : 300 , 150
I/HwLauncher( 3556): DynamicIcon onWindowVisibilityChanged 4 - com.android.deskclock
I/HwLauncher( 3556): DynamicIcon onWindowVisibilityChanged 4 - com.huawei.android.totemweather
I/HwLauncher( 3556): Launcher  onNewIntent mIsToUninstallApp = false
E/HwLauncher( 3556): Launcher dialog dismiss failed : java.lang.IllegalArgumentException: no dialog with id 1 was ever shown via Activity#showDialog
W/HwLauncher( 3556): Launcher null folder is animating process
I/HwLauncher( 3556): Launcher onStart()
I/HwLauncher( 3556): Launcher dynamicIconsRegister
I/HwLauncher( 3556): DynamicUpdater registerReceiver
I/HwLauncher( 3556): DynamicUpdater call updateFolder
I/HwLauncher( 3556): DynamicIcon onResume  isvisible = false   mAttachedToWindow:true    mWindowVisible:falsecom.android.deskclock
I/HwLauncher( 3556): DynamicUpdater registerReceiver
I/HwLauncher( 3556): DynamicUpdater call updateFolder
I/HwLauncher( 3556): DynamicIcon onResume  isvisible = true   mAttachedToWindow:false    mWindowVisible:falsecom.android.calendar
I/HwLauncher( 3556): DynamicUpdater registerReceiver
I/HwLauncher( 3556): DynamicUpdater call updateFolder
I/HwLauncher( 3556): WeatherDynamicUpdaterpositiveUpdate at WeatherDynamicUpdater
I/HwLauncher( 3556): DynamicIcon onResume  isvisible = false   mAttachedToWindow:true    mWindowVisible:falsecom.huawei.android.totemweather
I/HwLauncher( 3556): Launcher onResume()
I/HwLauncher( 3556): Launcher doResumeWork()
W/MotionDetectionManager( 3556): startMotionAppsReco motionApps: 402 disabled
W/HwLauncher( 3556): Launcher.MotionManager failed to start TYPE_SHAKE_CHANGE_WALLPAPER
I/HwLauncher( 3556): Launcher.MotionManager startShakeMotion mIsShakeInHome=true
W/MotionDetectionManager( 3556): startMotionAppsReco motionApps: 404 disabled
W/HwLauncher( 3556): Launcher.MotionManager failed to start TYPE_SHAKE_START_PRIVACY
