I/ActivityManager( 3088): Displayed com.jianshu.haruki/com.baiji.jianshu.account.SplashScreenActivity: +942ms
I/HwLauncher( 3556): DynamicIcon onWindowVisibilityChanged 8 - com.android.deskclock
I/HwLauncher( 3556): DynamicIcon onWindowVisibilityChanged 8 - com.huawei.android.totemweather
I/HwLauncher( 3556): Launcher onStop()
E/HwLauncher( 3556): Launcher dialog dismiss failed : java.lang.IllegalArgumentException: no dialog with id 1 was ever shown via Activity#showDialog
I/HwLauncher( 3556): Launcher dynamicIconsUnregister
I/HwLauncher( 3556): DynamicUpdater unregisterReceiver
I/HwLauncher( 3556): DynamicIcon onPause  isvisible = true   mAttachedToWindow:true    mWindowVisible:falsecom.android.deskclock
I/HwLauncher( 3556): DynamicUpdater unregisterReceiver
I/HwLauncher( 3556): DynamicIcon onPause  isvisible = true   mAttachedToWindow:false    mWindowVisible:falsecom.android.calendar
I/HwLauncher( 3556): DynamicUpdater unregisterReceiver
I/HwLauncher( 3556): DynamicIcon onPause  isvisible = true   mAttachedToWindow:true    mWindowVisible:falsecom.huawei.android.totemweather
I/HwLauncher( 3556): DynamicIcon onVisibilityChanged 4 - com.android.deskclock
I/HwLauncher( 3556): DynamicIcon onVisibilityChanged 4 - com.huawei.android.totemweather
I/InputDispatcher( 3088): maybe input dispatch timeout, send to pg
I/ActivityManager( 3088): Displayed com.jianshu.haruki/com.baiji.jianshu.ui.main.MainActivity: +953ms
W/Settings(  659): Setting airplane_mode_on has moved from android.provider.Settings.System to android.provider.Settings.Global, returning read-only value.
W/Settings(  659): Setting airplane_mode_on has moved from android.provider.Settings.System to android.provider.Settings.Global, returning read-only value.
W/Settings(  659): Setting airplane_mode_on has moved from android.provider.Settings.System to android.provider.Settings.Global, returning read-only value.
W/Settings(  659): Setting airplane_mode_on has moved from android.provider.Settings.System to android.provider.Settings.Global, returning read-only value.
W/View    ( 6550): requestLayout() improperly called by android.support.v4.view.ViewPager{44e37700 VFED.... ......ID 0,512-1080,512 #7f0f0134 app:id/vp} during layout: running second layout pass
I/ActivityManager( 3088): Displayed com.jianshu.haruki/com.baiji.jianshu.ui.collection.CollectionActivity: +332ms
E/Thermal-daemon( 2433): [ap] temp_new :36  temp_old :35
E/Thermal-daemon( 2433): Report temperature: [ap] temp :36  report_threshold:1
W/View    ( 6550): requestLayout() improperly called by android.support.v4.view.ViewPager{43e2eb38 VFED.... ......ID 0,512-1080,512 #7f0f0134 app:id/vp} during layout: running second layout pass
I/ActivityManager( 3088): Displayed com.jianshu.haruki/com.baiji.jianshu.ui.collection.CollectionActivity: +283ms
I/InputDispatcher( 3088): maybe input dispatch timeout, send to pg
E/AudioManager( 6550): majun stream = -2147483648
I/AudioService( 3088): set 1 to persist.sys.ringmode.index
I/wpa_supplicant(27617): wlan0: HEART-BEAT-ACK: 240
E/Thermal-daemon( 2433): [pa_0] temp_new :35  temp_old :34
E/Thermal-daemon( 2433): [ap] temp_new :37  temp_old :36
E/Thermal-daemon( 2433): Report temperature: [ap] temp :37  report_threshold:1
I/TextToSpeech( 6550): Sucessfully bound to com.svox.pico
E/SelfBrailleClient( 6550): Failed to bind to service
E/RecyclerView( 6550): No adapter attached; skipping layout
I/TextToSpeech( 6550): Connected to ComponentInfo{com.svox.pico/com.svox.pico.PicoService}
I/TextToSpeech( 6550): Set up connection to ComponentInfo{com.svox.pico/com.svox.pico.PicoService}
I/ActivityManager( 3088): Displayed com.jianshu.haruki/com.baiji.jianshu.ui.articledetail.ArticleDetailActivity: +502ms
E/SelfBrailleClient( 6550): Failed to bind to service
W/UnimplementedWebViewApi( 6550): Unimplemented WebView method onKeyDown called from: android.webkit.WebView.onKeyDown(WebView.java:2224)
W/AwContents( 6550): nativeOnDraw failed; clearing to background color.
I/chromium( 6550): [INFO:CONSOLE(0)] "The page at https://www.jianshu.com/ ran insecure content from http://static0.jianshu.io/mobile-app-page-v1.js.
I/chromium( 6550): ", source: https://www.jianshu.com/ (0)
I/chromium( 6550): [INFO:web_contents_impl.cc(2308)] https://www.jianshu.com ran insecure content from http://static0.jianshu.io/mobile-app-page-v1.js
E/SelfBrailleClient( 6550): Failed to bind to service
I/chromium( 6550): [INFO:CONSOLE(1)] "imageListener initialization begin", source: https://www.jianshu.com/ (1)
I/chromium( 6550): [INFO:CONSOLE(1)] "imageListener initialization end", source: https://www.jianshu.com/ (1)
I/chromium( 6550): [INFO:CONSOLE(1)] "onSelectedHtmlListener initialization begin", source: https://www.jianshu.com/ (1)
I/chromium( 6550): [INFO:CONSOLE(1)] "onSelectedHtmlListener initialization end", source: https://www.jianshu.com/ (1)
I/chromium( 6550): [INFO:CONSOLE(1)] "onDeSelectHtmlListener initialization begin", source: https://www.jianshu.com/ (1)
I/chromium( 6550): [INFO:CONSOLE(1)] "onDeSelectHtmlListener initialization end", source: https://www.jianshu.com/ (1)
E/CommandListener( 2419): readDefRoute call readDefRoute
E/SecondaryTablController( 2419): isWifiDefaultRouteExisted /system/bin/ip route
I/InputDispatcher( 3088): maybe input dispatch timeout, send to pg
I/chromium( 6550): [INFO:CONSOLE(1)] "Uncaught TypeError: Cannot call method 'getContentHeight' of undefined", source: https://www.jianshu.com/ (1)
W/dalvikvm( 6550): method Landroid/support/v7/widget/am;.lookForSelectablePosition incorrectly overrides package-private method with same name in Landroid/widget/ListView;
I/dalvikvm( 6550): Could not find method android.support.v7.widget.ag.drawableHotspotChanged, referenced from method android.support.v7.widget.ag.a
W/dalvikvm( 6550): VFY: unable to resolve virtual method 10901: Landroid/support/v7/widget/ag;.drawableHotspotChanged (FF)V
I/dalvikvm( 6550): Could not find method android.view.View.drawableHotspotChanged, referenced from method android.support.v7.widget.ag.a
W/dalvikvm( 6550): VFY: unable to resolve virtual method 12414: Landroid/view/View;.drawableHotspotChanged (FF)V
E/CommandListener( 2419): readDefRoute Rsp ok
W/InputEventReceiver( 6550): Attempted to finish an input event but the input event receiver has already been disposed.
E/Thermal-daemon( 2433): [ap] temp_new :38  temp_old :37
E/Thermal-daemon( 2433): Report temperature: [ap] temp :38  report_threshold:1
E/SelfBrailleClient( 6550): Failed to bind to service
W/InputEventReceiver( 6550): Attempted to finish an input event but the input event receiver has already been disposed.
W/InputEventReceiver( 6550): Attempted to finish an input event but the input event receiver has already been disposed.
W/InputEventReceiver( 6550): Attempted to finish an input event but the input event receiver has already been disposed.
W/InputEventReceiver( 6550): Attempted to finish an input event but the input event receiver has already been disposed.
W/InputEventReceiver( 6550): Attempted to finish an input event but the input event receiver has already been disposed.
I/AccessSchedulerImpl( 3395): onAccessSchedulerTriggered... try to addTask
I/AccessSchedulerImpl( 3395): addTask...
I/AccessSchedulerImpl( 3395): scheduler...begin
I/DataAccessDBImpl( 3395): updateApnUseTime... for apn:ssid_"my1"5a:63:bf:01:87:ae,updateRet:1
I/AccessSchedulerStorageManager( 3395): updateApnUseTime... apnName:ssid_"my1"5a:63:bf:01:87:ae
I/AccessSchedulerStorageManager( 3395): isNeedScheduler... 
I/AccessSchedulerStorageManager( 3395): same apn. no need update.
I/AccessSchedulerImpl( 3395): scheduler...no need scheduler. return
W/StubController(32614): calendar access!
I/AndroidRuntime(21364): VM exiting with result code 0.
I/HwSystemManager( 3841): HoldService:preHoldShow start!
I/HwSystemManager( 3841): HoldService:The prePermissionType is: 1
E/HwOUC   (21560): [main-1]load system config caught FileNotFoundException(/HwOucConfig.java:1259)
E/HwOUC   (21560): [main-1]method invoke failed: com.huawei.pad.Product(/HwOucUtility.java:471)
I/HwOUC   (21560): [main-1]isTablet() = false(/HwOucUtility.java:473)
E/HwOUC   (21578): [main-1]load system config caught FileNotFoundException(/HwOucConfig.java:1259)
I/HwOUC   (21560): [main-1]baseVersionOfNewVersion is H60-L02V100R001CHNC00B316;isInstallingStatus is false(/HwOucUtility.java:2098)
I/HiWiServiceBD(21560): Trigger action: START_UP_HIWIBD_BI
I/HiWiServiceBD(21560): hour = 17
E/HwOUC   (21578): [main-1]method invoke failed: com.huawei.pad.Product(/HwOucUtility.java:471)
I/HwOUC   (21578): [main-1]isTablet() = false(/HwOucUtility.java:473)
I/HwOUC   (21578): [main-1]baseVersionOfNewVersion is H60-L02V100R001CHNC00B316;isInstallingStatus is false(/HwOucUtility.java:2098)
I/HwSystemManager( 3975): SavingSettingUtil:setAlarm and high_level_standard is 10 msg_send_interval is 240 count_frequency is 60 dangerous_level_standard is 25 dangerous_current_level is 30 min_interval_time is 3 average_current_fg is 350 count_frequency_fg is 5 app_show_level is 1
W/PushLog2551( 6821): [main-1]no macAddress in device_info(android/CommFun.java:1209)
E/HwOUC   (21593): [main-1]load system config caught FileNotFoundException(/HwOucConfig.java:1259)
I/PushLog2551( 6821): [ReceiverDispatcher-256]read to Send:DA(android/ConnectEntity.java:120)
E/HwOUC   (21593): [main-1]method invoke failed: com.huawei.pad.Product(/HwOucUtility.java:471)
I/HwOUC   (21593): [main-1]isTablet() = false(/HwOucUtility.java:473)
I/HwOUC   (21593): [main-1]baseVersionOfNewVersion is H60-L02V100R001CHNC00B316;isInstallingStatus is false(/HwOucUtility.java:2098)
I/HiWiServiceBD(21593): hiwiservice onCreate
I/HiWiServiceBD(21593): User Involved=1
I/HiWiServiceBD(21593): network is not roaming
I/HiWiServiceBD(21593): network TYPE_WIFI
I/HiWiServiceBD(21593): not over 180
I/HiWiServiceBD(21593): hiwiservice onDestroy
I/HwSystemManager( 3975): BootBroadcastReceiver:======  notificationShowJudger begin =======
I/HwSystemManager( 3975): BootBroadcastReceiver:new appConsumption size is 15
I/HwSystemManager( 3975): BootBroadcastReceiver:old appConsumption is {lastNotifyTime=0}
I/HwSystemManager( 3975): BootBroadcastReceiver:interval_time_unit is 60000
I/HwSystemManager( 3975): BootBroadcastReceiver:intervalHour is 240
I/HwSystemManager( 3975): BootBroadcastReceiver:mAhValue is 10
I/HwSystemManager( 3975): BootBroadcastReceiver:mNowTime is 1499852185134
I/HwSystemManager( 3975): BootBroadcastReceiver:mLastNotifyTime is 0
I/HwSystemManager( 3975): BootBroadcastReceiver:uap.uid is 10004
I/HwSystemManager( 3975): BootBroadcastReceiver:uap.power is 158.55
I/HwSystemManager( 3975): BootBroadcastReceiver:isOldContain is false
I/HwSystemManager( 3975): SavingSettingUtil:the pkgname = com.android.providers.downloads is exist!
I/HwSystemManager( 3975): SavingSettingUtil:the pkgname = com.android.providers.media is exist!
I/HwSystemManager( 3975): SavingSettingUtil:the pkgname = com.android.providers.downloads.ui is exist!
I/HwSystemManager( 3975): BootBroadcastReceiver:uap.uid is 10031
I/HwSystemManager( 3975): BootBroadcastReceiver:uap.power is 529.41
I/HwSystemManager( 3975): BootBroadcastReceiver:isOldContain is false
I/HwSystemManager( 3975): SavingSettingUtil:the pkgname = com.kingroot.kinguser is exist!
I/HwSystemManager( 3975): BootBroadcastReceiver:uap.uid is 10079
I/HwSystemManager( 3975): BootBroadcastReceiver:uap.power is 3976.665
I/HwSystemManager( 3975): BootBroadcastReceiver:isOldContain is false
I/HwSystemManager( 3975): SavingSettingUtil:the pkgname = com.mobike.mobikeapp is exist!
I/HwSystemManager( 3975): BootBroadcastReceiver:uap.uid is 10081
I/HwSystemManager( 3975): BootBroadcastReceiver:uap.power is 489.3
I/HwSystemManager( 3975): BootBroadcastReceiver:isOldContain is false
I/HwSystemManager( 3975): SavingSettingUtil:the pkgname = com.evernote is exist!
I/HwSystemManager( 3975): BootBroadcastReceiver:uap.uid is 10085
I/HwSystemManager( 3975): BootBroadcastReceiver:uap.power is 383.355
I/HwSystemManager( 3975): BootBroadcastReceiver:isOldContain is false
I/HwSystemManager( 3975): SavingSettingUtil:the pkgname = sogou.mobile.explorer is exist!
I/HwSystemManager( 3975): BootBroadcastReceiver:uap.uid is 10102
I/HwSystemManager( 3975): BootBroadcastReceiver:uap.power is 169.575
I/HwSystemManager( 3975): BootBroadcastReceiver:isOldContain is false
I/HwSystemManager( 3975): SavingSettingUtil:the pkgname = cn.etouch.ecalendar is exist!
I/HwSystemManager( 3975): BootBroadcastReceiver:uap.uid is 10104
I/HwSystemManager( 3975): BootBroadcastReceiver:uap.power is 1585.605
I/HwSystemManager( 3975): BootBroadcastReceiver:isOldContain is false
I/HwSystemManager( 3975): SavingSettingUtil:the pkgname = com.eg.android.AlipayGphone is exist!
I/HwSystemManager( 3975): BootBroadcastReceiver:uap.uid is 10112
I/HwSystemManager( 3975): BootBroadcastReceiver:uap.power is 39.9
I/HwSystemManager( 3975): BootBroadcastReceiver:isOldContain is false
I/HwSystemManager( 3975): SavingSettingUtil:the pkgname = com.sohu.inputmethod.sogou is exist!
I/HwSystemManager( 3975): BootBroadcastReceiver:uap.uid is 10132
I/HwSystemManager( 3975): BootBroadcastReceiver:uap.power is 21.105
I/HwSystemManager( 3975): BootBroadcastReceiver:isOldContain is false
I/HwSystemManager( 3975): SavingSettingUtil:the pkgname = com.android.chrome is exist!
I/HwSystemManager( 3975): BootBroadcastReceiver:uap.uid is 10141
I/HwSystemManager( 3975): BootBroadcastReceiver:uap.power is 5982.9
I/HwSystemManager( 3975): BootBroadcastReceiver:isOldContain is false
I/HwSystemManager( 3975): SavingSettingUtil:the pkgname = cn.com.cmbc.newmbank is exist!
I/HwSystemManager( 3975): BootBroadcastReceiver:uap.uid is 10149
I/HwSystemManager( 3975): BootBroadcastReceiver:uap.power is 576.765
I/HwSystemManager( 3975): BootBroadcastReceiver:isOldContain is false
I/HwSystemManager( 3975): SavingSettingUtil:the pkgname = com.sdu.didi.psnger is exist!
I/HwSystemManager( 3975): BootBroadcastReceiver:uap.uid is 10156
I/HwSystemManager( 3975): BootBroadcastReceiver:uap.power is 997.71
I/HwSystemManager( 3975): BootBroadcastReceiver:isOldContain is false
I/HwSystemManager( 3975): SavingSettingUtil:the pkgname = com.jianshu.haruki is exist!
I/HwSystemManager( 3975): BootBroadcastReceiver:uap.uid is 10168
I/HwSystemManager( 3975): BootBroadcastReceiver:uap.power is 5036.115
I/HwSystemManager( 3975): BootBroadcastReceiver:isOldContain is false
I/HwSystemManager( 3975): SavingSettingUtil:the pkgname = com.tencent.qqlite is exist!
I/HwSystemManager( 3975): BootBroadcastReceiver:uap.uid is 10170
I/HwSystemManager( 3975): BootBroadcastReceiver:uap.power is 771.75
I/HwSystemManager( 3975): BootBroadcastReceiver:isOldContain is false
I/HwSystemManager( 3975): SavingSettingUtil:the pkgname = com.taobao.taobao is exist!
I/HwSystemManager( 3975): BootBroadcastReceiver:uap.uid is 10172
I/HwSystemManager( 3975): BootBroadcastReceiver:uap.power is 178.71
I/HwSystemManager( 3975): BootBroadcastReceiver:isOldContain is false
I/HwSystemManager( 3975): SavingSettingUtil:the pkgname = com.tencent.news is exist!
I/HwSystemManager( 3975): HsmIntentService:destroyed. this:com.huawei.systemmanager.util.content.HsmIntentService_ui@436d74f0
E/android_hardware_fm.cpp(21614): register_android_hardware_fm_fmradio
E/FM_HAL  (21614): [FM_HAL], fm_dynamic_lib is libbcmfm_if
E/FM_HAL  (21614): [FM_HAL], libname is libbcmfm_if
E/fm_if.c (21614): find the id:libbcmfm_if and begins to open the devices
E/android_hardware_fm.cpp(21614): register_android_hardware_fm_fmradio, ret is 0
E/        (21614): ProtocolErrorLog wangkang test!!
E/HwSystemManager( 3841): BgPowerManagerService: conusmPower = -24 result = -276 flag1 =false flag2 = false
E/SelfBrailleClient( 6550): Failed to bind to service
I/wpa_supplicant(27617): wlan0: HEART-BEAT-ACK: 241
E/SelfBrailleClient( 6550): Failed to bind to service
E/Thermal-daemon( 2433): [ap] temp_new :37  temp_old :38
E/Thermal-daemon( 2433): Report temperature: [ap] temp :37  report_threshold:1
E/Thermal-daemon( 2433): [ap] temp_new :36  temp_old :37
E/Thermal-daemon( 2433): Report temperature: [ap] temp :36  report_threshold:1
I/wpa_supplicant(27617): wlan0: HEART-BEAT-ACK: 242
E/CommandListener( 2419): readDefRoute call readDefRoute
E/SecondaryTablController( 2419): isWifiDefaultRouteExisted /system/bin/ip route
E/CommandListener( 2419): readDefRoute Rsp ok
I/wpa_supplicant(27617): wlan0: HEART-BEAT-ACK: 243
I/HwSystemManager( 3841): HoldService:preHoldShow start!
I/HwSystemManager( 3841): HoldService:The prePermissionType is: 1
I/omegasdk(  388): Save record:omega_e_1499852226106_nMUay-wZSuau-kUG4cpmtg_2168 success, packed 1 files, size:885B.
I/wpa_supplicant(27617): wlan0: HEART-BEAT-ACK: 244
E/Thermal-daemon( 2433): [ap] temp_new :35  temp_old :36
E/Thermal-daemon( 2433): Report temperature: [ap] temp :35  report_threshold:1
E/android_hardware_fm.cpp(21775): register_android_hardware_fm_fmradio
E/FM_HAL  (21775): [FM_HAL], fm_dynamic_lib is libbcmfm_if
E/FM_HAL  (21775): [FM_HAL], libname is libbcmfm_if
E/fm_if.c (21775): find the id:libbcmfm_if and begins to open the devices
E/android_hardware_fm.cpp(21775): register_android_hardware_fm_fmradio, ret is 0
E/        (21775): ProtocolErrorLog wangkang test!!
I/K3V3CpuGovernorPolicy( 3513): set scene Hmp policy : 300 , 150
E/android_hardware_fm.cpp(21799): register_android_hardware_fm_fmradio
E/FM_HAL  (21799): [FM_HAL], fm_dynamic_lib is libbcmfm_if
E/FM_HAL  (21799): [FM_HAL], libname is libbcmfm_if
E/fm_if.c (21799): find the id:libbcmfm_if and begins to open the devices
E/android_hardware_fm.cpp(21799): register_android_hardware_fm_fmradio, ret is 0
E/        (21799): ProtocolErrorLog wangkang test!!
I/HwSystemManager( 3841): OptimizeProvider:startup allow delete is executed for Uri:content://com.huawei.android.batteryspriteprovider/startupallowapps
I/K3V3CpuGovernorPolicy( 3513): close previously scene Hmp policy : 300 , 150
E/android_hardware_fm.cpp(21810): register_android_hardware_fm_fmradio
E/FM_HAL  (21810): [FM_HAL], fm_dynamic_lib is libbcmfm_if
E/FM_HAL  (21810): [FM_HAL], libname is libbcmfm_if
E/fm_if.c (21810): find the id:libbcmfm_if and begins to open the devices
E/android_hardware_fm.cpp(21810): register_android_hardware_fm_fmradio, ret is 0
E/        (21810): ProtocolErrorLog wangkang test!!
E/android_hardware_fm.cpp(21822): register_android_hardware_fm_fmradio
E/FM_HAL  (21822): [FM_HAL], fm_dynamic_lib is libbcmfm_if
E/FM_HAL  (21822): [FM_HAL], libname is libbcmfm_if
E/fm_if.c (21822): find the id:libbcmfm_if and begins to open the devices
E/android_hardware_fm.cpp(21822): register_android_hardware_fm_fmradio, ret is 0
E/        (21822): ProtocolErrorLog wangkang test!!
E/Thermal-daemon( 2433): [ap] temp_new :36  temp_old :35
E/Thermal-daemon( 2433): Report temperature: [ap] temp :36  report_threshold:1
E/CommandListener( 2419): readDefRoute call readDefRoute
E/SecondaryTablController( 2419): isWifiDefaultRouteExisted /system/bin/ip route
E/CommandListener( 2419): readDefRoute Rsp ok
E/android_hardware_fm.cpp(21857): register_android_hardware_fm_fmradio
E/FM_HAL  (21857): [FM_HAL], fm_dynamic_lib is libbcmfm_if
E/FM_HAL  (21857): [FM_HAL], libname is libbcmfm_if
E/fm_if.c (21857): find the id:libbcmfm_if and begins to open the devices
E/android_hardware_fm.cpp(21857): register_android_hardware_fm_fmradio, ret is 0
E/        (21857): ProtocolErrorLog wangkang test!!
I/wpa_supplicant(27617): wlan0: HEART-BEAT-ACK: 245
E/Thermal-daemon( 2433): [ap] temp_new :35  temp_old :36
E/Thermal-daemon( 2433): Report temperature: [ap] temp :35  report_threshold:1
E/android_hardware_fm.cpp(21910): register_android_hardware_fm_fmradio
E/android_hardware_fm.cpp(21912): register_android_hardware_fm_fmradio
E/FM_HAL  (21912): [FM_HAL], fm_dynamic_lib is libbcmfm_if
E/FM_HAL  (21910): [FM_HAL], fm_dynamic_lib is libbcmfm_if
E/FM_HAL  (21912): [FM_HAL], libname is libbcmfm_if
E/FM_HAL  (21910): [FM_HAL], libname is libbcmfm_if
E/fm_if.c (21910): find the id:libbcmfm_if and begins to open the devices
E/fm_if.c (21912): find the id:libbcmfm_if and begins to open the devices
E/android_hardware_fm.cpp(21910): register_android_hardware_fm_fmradio, ret is 0
E/android_hardware_fm.cpp(21912): register_android_hardware_fm_fmradio, ret is 0
E/        (21912): ProtocolErrorLog wangkang test!!
E/        (21910): ProtocolErrorLog wangkang test!!
I/wpa_supplicant(27617): wlan0: HEART-BEAT-ACK: 246
E/CommandListener( 2419): readDefRoute call readDefRoute
E/SecondaryTablController( 2419): isWifiDefaultRouteExisted /system/bin/ip route
E/CommandListener( 2419): readDefRoute Rsp ok
W/Settings(  659): Setting airplane_mode_on has moved from android.provider.Settings.System to android.provider.Settings.Global, returning read-only value.
W/Settings(  659): Setting airplane_mode_on has moved from android.provider.Settings.System to android.provider.Settings.Global, returning read-only value.
E/Thermal-daemon( 2433): [pa_0] temp_new :34  temp_old :35
E/Thermal-daemon( 2433): Report temperature: [pa_0] temp :34  report_threshold:1
I/wpa_supplicant(27617): wlan0: HEART-BEAT-ACK: 247
E/android_hardware_fm.cpp(21998): register_android_hardware_fm_fmradio
E/FM_HAL  (21998): [FM_HAL], fm_dynamic_lib is libbcmfm_if
E/FM_HAL  (21998): [FM_HAL], libname is libbcmfm_if
E/fm_if.c (21998): find the id:libbcmfm_if and begins to open the devices
E/android_hardware_fm.cpp(21998): register_android_hardware_fm_fmradio, ret is 0
E/        (21998): ProtocolErrorLog wangkang test!!
I/dalvikvm-heap(  619): Grow heap (frag case) to 50.992MB for 4948960-byte allocation
I/CAPALiteReceiver( 3513): USER STATE: STATIONARY SUB STATE: UNKNOWN
W/Settings(  659): Setting airplane_mode_on has moved from android.provider.Settings.System to android.provider.Settings.Global, returning read-only value.
W/Settings(  659): Setting airplane_mode_on has moved from android.provider.Settings.System to android.provider.Settings.Global, returning read-only value.
E/android_hardware_fm.cpp(22028): register_android_hardware_fm_fmradio
E/FM_HAL  (22028): [FM_HAL], fm_dynamic_lib is libbcmfm_if
E/FM_HAL  (22028): [FM_HAL], libname is libbcmfm_if
E/fm_if.c (22028): find the id:libbcmfm_if and begins to open the devices
E/android_hardware_fm.cpp(22028): register_android_hardware_fm_fmradio, ret is 0
E/        (22028): ProtocolErrorLog wangkang test!!
I/dalvikvm-heap( 6550): Grow heap (frag case) to 53.333MB for 8294416-byte allocation
I/HwLauncher( 3556): DynamicIcon onWindowVisibilityChanged 4 - com.android.deskclock
I/HwLauncher( 3556): DynamicIcon onWindowVisibilityChanged 4 - com.huawei.android.totemweather
I/HwLauncher( 3556): Launcher onStart()
I/HwLauncher( 3556): Launcher dynamicIconsRegister
I/HwLauncher( 3556): DynamicUpdater registerReceiver
I/ActivityManager( 3088): Displayed com.jianshu.haruki/com.baiji.jianshu.account.SplashScreenActivity: +561ms (total +56s869ms)
I/HwLauncher( 3556): DynamicIconData , getDrawableForDynamic begin, pkg = com.android.deskclock, picName = deskclock_bg
I/HwLauncher( 3556): DynamicIconData , getDrawableForDynamic end, pkg = com.android.deskclock, picName = deskclock_bg
I/HwLauncher( 3556): DynamicIconData , getDrawableForDynamic begin, pkg = com.android.deskclock, picName = deskclock_bg
I/HwLauncher( 3556): DynamicIconData , getDrawableForDynamic end, pkg = com.android.deskclock, picName = deskclock_bg
I/HwLauncher( 3556): Launcher.Utilities createIconBitmap sourceWidth = 180sourceHeight = 180
I/HwLauncher( 3556): ClockDynamicUpdater calender update folder at CalenderDynamicUpdater
I/HwLauncher( 3556): DynamicUpdater call updateFolder
I/HwLauncher( 3556): DynamicUpdater call updateFolder
I/HwLauncher( 3556): DynamicIcon onResume  isvisible = false   mAttachedToWindow:true    mWindowVisible:falsecom.android.deskclock
I/HwLauncher( 3556): DynamicUpdater registerReceiver
I/HwLauncher( 3556): DynamicUpdater call updateFolder
I/HwLauncher( 3556): DynamicIcon onResume  isvisible = true   mAttachedToWindow:false    mWindowVisible:falsecom.android.calendar
I/HwLauncher( 3556): DynamicUpdater registerReceiver
I/HwLauncher( 3556): DynamicUpdater call updateFolder
I/HwLauncher( 3556): WeatherDynamicUpdaterpositiveUpdate at WeatherDynamicUpdater
I/HwLauncher( 3556): DynamicIcon onResume  isvisible = false   mAttachedToWindow:true    mWindowVisible:falsecom.huawei.android.totemweather
I/HwLauncher( 3556): DynamicIcon onVisibilityChanged 0 - com.android.deskclock
I/HwLauncher( 3556): DynamicIcon onVisibilityChanged 0 - com.huawei.android.totemweather
I/HwLauncher( 3556): DynamicIcon onWindowVisibilityChanged 0 - com.android.deskclock
I/HwLauncher( 3556): DynamicIcon onWindowVisibilityChanged 0 - com.huawei.android.totemweather
E/android_hardware_fm.cpp(22051): register_android_hardware_fm_fmradio
E/FM_HAL  (22051): [FM_HAL], fm_dynamic_lib is libbcmfm_if
E/FM_HAL  (22051): [FM_HAL], libname is libbcmfm_if
E/fm_if.c (22051): find the id:libbcmfm_if and begins to open the devices
E/android_hardware_fm.cpp(22051): register_android_hardware_fm_fmradio, ret is 0
E/        (22051): ProtocolErrorLog wangkang test!!
I/HwLauncher( 3556): WeatherDynamicUpdaterreceive action = com.huawei.android.action.launcher_weather_icon_change
I/HwLauncher( 3556): WeatherDynamicUpdaterreceiver data is int[] = [0, 0]
I/HwLauncher( 3556):  stringArray[] [unknown]
I/HwLauncher( 3556): Launcher onStop()
E/HwLauncher( 3556): Launcher dialog dismiss failed : java.lang.IllegalArgumentException: no dialog with id 1 was ever shown via Activity#showDialog
I/HwLauncher( 3556): Launcher dynamicIconsUnregister
I/HwLauncher( 3556): DynamicUpdater unregisterReceiver
I/HwLauncher( 3556): DynamicIcon onPause  isvisible = true   mAttachedToWindow:true    mWindowVisible:truecom.android.deskclock
I/HwLauncher( 3556): DynamicUpdater unregisterReceiver
I/HwLauncher( 3556): DynamicIcon onPause  isvisible = true   mAttachedToWindow:false    mWindowVisible:falsecom.android.calendar
I/HwLauncher( 3556): DynamicUpdater unregisterReceiver
I/HwLauncher( 3556): DynamicIcon onPause  isvisible = true   mAttachedToWindow:true    mWindowVisible:truecom.huawei.android.totemweather
I/HwLauncher( 3556): DynamicIcon onVisibilityChanged 4 - com.android.deskclock
I/HwLauncher( 3556): DynamicIcon onVisibilityChanged 4 - com.huawei.android.totemweather
I/HwLauncher( 3556): DynamicIcon onWindowVisibilityChanged 4 - com.android.deskclock
I/HwLauncher( 3556): DynamicIcon onWindowVisibilityChanged 4 - com.huawei.android.totemweather
I/ActivityManager( 3088): Displayed com.jianshu.haruki/com.baiji.jianshu.ui.main.MainActivity: +492ms
I/HwLauncher( 3556): DynamicIcon onWindowVisibilityChanged 8 - com.android.deskclock
I/HwLauncher( 3556): DynamicIcon onWindowVisibilityChanged 8 - com.huawei.android.totemweather
I/InputDispatcher( 3088): maybe input dispatch timeout, send to pg
I/wpa_supplicant(27617): wlan0: HEART-BEAT-ACK: 248
E/Thermal-daemon( 2433): [ap] temp_new :36  temp_old :35
E/Thermal-daemon( 2433): Report temperature: [ap] temp :36  report_threshold:1
I/InputDispatcher( 3088): maybe input dispatch timeout, send to pg
E/Thermal-daemon( 2433): [pa_0] temp_new :35  temp_old :34
E/CommandListener( 2419): readDefRoute call readDefRoute
E/SecondaryTablController( 2419): isWifiDefaultRouteExisted /system/bin/ip route
E/CommandListener( 2419): readDefRoute Rsp ok
I/InputDispatcher( 3088): maybe input dispatch timeout, send to pg
I/AndroidRuntime(22051): VM exiting with result code 0.
E/android_hardware_fm.cpp(22205): register_android_hardware_fm_fmradio
E/FM_HAL  (22205): [FM_HAL], fm_dynamic_lib is libbcmfm_if
E/FM_HAL  (22205): [FM_HAL], libname is libbcmfm_if
E/fm_if.c (22205): find the id:libbcmfm_if and begins to open the devices
E/android_hardware_fm.cpp(22205): register_android_hardware_fm_fmradio, ret is 0
E/        (22205): ProtocolErrorLog wangkang test!!
I/wpa_supplicant(27617): wlan0: HEART-BEAT-ACK: 249
W/System.err( 3088): java.net.SocketTimeoutException: failed to connect to www.google.com/93.46.8.89 (port 80) after 4000ms
W/System.err( 3088): 	at libcore.io.IoBridge.connectErrno(IoBridge.java:159)
W/System.err( 3088): 	at libcore.io.IoBridge.connect(IoBridge.java:112)
W/System.err( 3088): 	at java.net.PlainSocketImpl.connect(PlainSocketImpl.java:192)
W/System.err( 3088): 	at java.net.PlainSocketImpl.connect(PlainSocketImpl.java:459)
W/System.err( 3088): 	at java.net.Socket.connect(Socket.java:843)
W/System.err( 3088): 	at com.android.okhttp.internal.Platform.connectSocket(Platform.java:152)
W/System.err( 3088): 	at com.android.okhttp.Connection.connect(Connection.java:101)
W/System.err( 3088): 	at com.android.okhttp.internal.http.HttpEngine.connect(HttpEngine.java:294)
W/System.err( 3088): 	at com.android.okhttp.internal.http.HttpEngine.sendSocketRequest(HttpEngine.java:255)
W/System.err( 3088): 	at com.android.okhttp.internal.http.HttpEngine.sendRequest(HttpEngine.java:206)
W/System.err( 3088): 	at com.android.okhttp.internal.http.HttpURLConnectionImpl.execute(HttpURLConnectionImpl.java:345)
W/System.err( 3088): 	at com.android.okhttp.internal.http.HttpURLConnectionImpl.connect(HttpURLConnectionImpl.java:89)
W/System.err( 3088): 	at com.android.server.power.PowerManagerService.isGoogleConnectOK(PowerManagerService.java:3208)
W/System.err( 3088): 	at com.android.server.power.PowerManagerService.access$4000(PowerManagerService.java:108)
W/System.err( 3088): 	at com.android.server.power.PowerManagerService$5$1.run(PowerManagerService.java:3181)
I/wpa_supplicant(27617): wlan0: HEART-BEAT-ACK: 250
E/CommandListener( 2419): readDefRoute call readDefRoute
E/SecondaryTablController( 2419): isWifiDefaultRouteExisted /system/bin/ip route
E/CommandListener( 2419): readDefRoute Rsp ok
E/Thermal-daemon( 2433): [ap] temp_new :35  temp_old :36
E/Thermal-daemon( 2433): Report temperature: [ap] temp :35  report_threshold:1
I/wpa_supplicant(27617): wlan0: HEART-BEAT-ACK: 251
W/Settings(  330): Setting auto_time has moved from android.provider.Settings.System to android.provider.Settings.Global, returning read-only value.
E/Thermal-daemon( 2433): [pa_0] temp_new :34  temp_old :35
E/Thermal-daemon( 2433): Report temperature: [pa_0] temp :34  report_threshold:1
I/StatusBar.KeyButtonView( 3296): action=0, flags=0, when=77740172, repeatCount=0, mDownTime=77740172, mCode=4
I/StatusBar.KeyButtonView( 3296): action=1, flags=0, when=77740204, repeatCount=0, mDownTime=77740172, mCode=4
I/StatusBar.KeyButtonView( 3296): action=0, flags=0, when=77740334, repeatCount=0, mDownTime=77740334, mCode=4
I/StatusBar.KeyButtonView( 3296): action=1, flags=0, when=77740392, repeatCount=0, mDownTime=77740334, mCode=4
I/HwLauncher( 3556): DynamicIcon onWindowVisibilityChanged 4 - com.android.deskclock
I/HwLauncher( 3556): DynamicIcon onWindowVisibilityChanged 4 - com.huawei.android.totemweather
I/HwLauncher( 3556): Launcher onStart()
I/HwLauncher( 3556): Launcher dynamicIconsRegister
I/HwLauncher( 3556): DynamicUpdater registerReceiver
I/HwLauncher( 3556): DynamicIconData , getDrawableForDynamic begin, pkg = com.android.deskclock, picName = deskclock_bg
I/HwLauncher( 3556): DynamicIconData , getDrawableForDynamic end, pkg = com.android.deskclock, picName = deskclock_bg
I/HwLauncher( 3556): DynamicIconData , getDrawableForDynamic begin, pkg = com.android.deskclock, picName = deskclock_bg
I/HwLauncher( 3556): DynamicIconData , getDrawableForDynamic end, pkg = com.android.deskclock, picName = deskclock_bg
I/HwLauncher( 3556): Launcher.Utilities createIconBitmap sourceWidth = 180sourceHeight = 180
I/HwLauncher( 3556): ClockDynamicUpdater calender update folder at CalenderDynamicUpdater
I/HwLauncher( 3556): DynamicUpdater call updateFolder
I/HwLauncher( 3556): DynamicUpdater call updateFolder
I/HwLauncher( 3556): DynamicIcon onResume  isvisible = false   mAttachedToWindow:true    mWindowVisible:falsecom.android.deskclock
I/HwLauncher( 3556): DynamicUpdater registerReceiver
I/HwLauncher( 3556): DynamicUpdater call updateFolder
I/HwLauncher( 3556): DynamicIcon onResume  isvisible = true   mAttachedToWindow:false    mWindowVisible:falsecom.android.calendar
I/HwLauncher( 3556): DynamicUpdater registerReceiver
I/HwLauncher( 3556): DynamicUpdater call updateFolder
I/HwLauncher( 3556): WeatherDynamicUpdaterpositiveUpdate at WeatherDynamicUpdater
I/HwLauncher( 3556): DynamicIcon onResume  isvisible = false   mAttachedToWindow:true    mWindowVisible:falsecom.huawei.android.totemweather
I/HwLauncher( 3556): Launcher onResume()
I/HwLauncher( 3556): Launcher doResumeWork()
I/StatusBar.KeyButtonView( 3296): action=0, flags=0, when=77740493, repeatCount=0, mDownTime=77740493, mCode=4
W/MotionDetectionManager( 3556): startMotionAppsReco motionApps: 402 disabled
W/HwLauncher( 3556): Launcher.MotionManager failed to start TYPE_SHAKE_CHANGE_WALLPAPER
I/HwLauncher( 3556): Launcher.MotionManager startShakeMotion mIsShakeInHome=true
I/InputDispatcher( 3088): maybe input dispatch timeout, send to pg
I/StatusBar.KeyButtonView( 3296): action=1, flags=0, when=77740534, repeatCount=0, mDownTime=77740493, mCode=4
W/MotionDetectionManager( 3556): startMotionAppsReco motionApps: 404 disabled
W/HwLauncher( 3556): Launcher.MotionManager failed to start TYPE_SHAKE_START_PRIVACY
I/HwLauncher( 3556): Launcher changeNaviBarStatus
W/HwLauncher( 3556): Launcher  updateMarginLayoutParamsForView:the target view is null.
I/HwLauncher( 3556): Launcher  onResume mIsToUninstallApp = false
I/HwLauncher( 3556): DynamicIcon onVisibilityChanged 0 - com.android.deskclock
I/HwLauncher( 3556): DynamicIcon onVisibilityChanged 0 - com.huawei.android.totemweather
I/HwLauncher( 3556): DynamicIcon onWindowVisibilityChanged 0 - com.android.deskclock
I/HwLauncher( 3556): DynamicIcon onWindowVisibilityChanged 0 - com.huawei.android.totemweather
I/PhoneStatusBar( 3296): hw_status_bar_operators = true, setSystemUIVisibily(SHOW_OPERATOR = false)
I/HwLauncher( 3556): WeatherDynamicUpdaterreceive action = com.huawei.android.action.launcher_weather_icon_change
I/HwLauncher( 3556): WeatherDynamicUpdaterreceiver data is int[] = [0, 0]
I/HwLauncher( 3556):  stringArray[] [unknown]
I/PhoneStatusBar( 3296): hw_status_bar_operators = true, setSystemUIVisibily(SHOW_OPERATOR = false)
E/android_hardware_fm.cpp(22363): register_android_hardware_fm_fmradio
E/FM_HAL  (22363): [FM_HAL], fm_dynamic_lib is libbcmfm_if
E/FM_HAL  (22363): [FM_HAL], libname is libbcmfm_if
E/fm_if.c (22363): find the id:libbcmfm_if and begins to open the devices
E/android_hardware_fm.cpp(22363): register_android_hardware_fm_fmradio, ret is 0
E/        (22363): ProtocolErrorLog wangkang test!!
I/K3V3CpuGovernorPolicy( 3513): set scene Hmp policy : 300 , 150
I/HwLauncher( 3556): Launcher onPause()
W/HwLauncher( 3556): Launcher.MotionManager failed to stop TYPE_SHAKE_CHANGE_WALLPAPER
W/HwLauncher( 3556): Launcher.MotionManager failed to stop TYPE_SHAKE_START_PRIVACY
I/PhoneStatusBar( 3296): hw_status_bar_operators = true, setSystemUIVisibily(SHOW_OPERATOR = false)
I/PhoneStatusBar( 3296): hw_status_bar_operators = true, setSystemUIVisibily(SHOW_OPERATOR = false)
I/ActivityManager( 3088): Displayed com.jianshu.haruki/com.baiji.jianshu.account.SplashScreenActivity: +173ms
I/wpa_supplicant(27617): wlan0: HEART-BEAT-ACK: 252
I/HwLauncher( 3556): Launcher onStop()
E/HwLauncher( 3556): Launcher dialog dismiss failed : java.lang.IllegalArgumentException: no dialog with id 1 was ever shown via Activity#showDialog
I/HwLauncher( 3556): Launcher dynamicIconsUnregister
I/HwLauncher( 3556): DynamicUpdater unregisterReceiver
I/HwLauncher( 3556): DynamicIcon onPause  isvisible = true   mAttachedToWindow:true    mWindowVisible:truecom.android.deskclock
I/HwLauncher( 3556): DynamicUpdater unregisterReceiver
I/HwLauncher( 3556): DynamicIcon onPause  isvisible = true   mAttachedToWindow:false    mWindowVisible:falsecom.android.calendar
I/HwLauncher( 3556): DynamicUpdater unregisterReceiver
I/HwLauncher( 3556): DynamicIcon onPause  isvisible = true   mAttachedToWindow:true    mWindowVisible:truecom.huawei.android.totemweather
I/HwLauncher( 3556): DynamicIcon onVisibilityChanged 4 - com.android.deskclock
I/HwLauncher( 3556): DynamicIcon onVisibilityChanged 4 - com.huawei.android.totemweather
I/HwLauncher( 3556): DynamicIcon onWindowVisibilityChanged 4 - com.android.deskclock
I/HwLauncher( 3556): DynamicIcon onWindowVisibilityChanged 4 - com.huawei.android.totemweather
