int logctl_get(): open '/dev/hwlog_switch' fail -1, 13. Permission denied

Note: log switch off, only log_main and log_events will have logs!
--------- beginning of /dev/log/main
E/UsbSettings( 3816): UsbAccessoryMode false
E/textview( 3816): initAddtionalStyle default
I/StatusBar.KeyButtonView( 3296): action=1, flags=0, when=75238455, repeatCount=0, mDownTime=75238270, mCode=4
I/HWSERVICES( 3649): hwnative_get_component  comes...
I/StagefrightMediaScannerEx( 3649): StagefrightMediaScanner Constructor
I/HWSERVICES( 3649): hwnative_get_component_mtpServer  comes...
I/HwMtpServerExJNI( 3649): Finish to setup MtpServer
E/HwMtpServerExJNI( 3649): void android_mtp_MtpServerEx_add_storage(JNIEnv*, jobject, jobject), line 138: descriptionStr = 内存设备
I/HWSERVICES( 3649): hwnative_get_component_mtpStorage  comes...
E/HwMtpServerExJNI( 3649): void android_mtp_MtpServerEx_add_storage(JNIEnv*, jobject, jobject), line 138: descriptionStr = SD 卡
I/HWSERVICES( 3649): hwnative_get_component_mtpStorage  comes...
E/textview( 3816): initAddtionalStyle default
E/android_hardware_fm.cpp( 7089): register_android_hardware_fm_fmradio
E/FM_HAL  ( 7089): [FM_HAL], fm_dynamic_lib is libbcmfm_if
E/FM_HAL  ( 7089): [FM_HAL], libname is libbcmfm_if
E/fm_if.c ( 7089): find the id:libbcmfm_if and begins to open the devices
E/android_hardware_fm.cpp( 7089): register_android_hardware_fm_fmradio, ret is 0
E/        ( 7089): ProtocolErrorLog wangkang test!!
I/ActivityManager( 3088): Displayed com.android.settings/.deviceinfo.UsbSettingsActivity: +392ms
I/K3V3CpuGovernorPolicy( 3513): close previously scene Hmp policy : 300 , 150
I/StatusBar.KeyButtonView( 3296): action=0, flags=0, when=75239189, repeatCount=0, mDownTime=75239189, mCode=4
I/StatusBar.KeyButtonView( 3296): action=1, flags=0, when=75239247, repeatCount=0, mDownTime=75239189, mCode=4
W/Tinker.TinkerLoader( 7135): tryLoadPatchFiles:patch dir not exist:/data/data/cn.etouch.ecalendar/tinker
I/MultiDex( 7135): VM with version 1.6.0 does not have multidex support
I/MultiDex( 7135): install
I/MultiDex( 7135): MultiDexExtractor.load(/data/app/cn.etouch.ecalendar-1.apk, false)
I/MultiDex( 7135): loading existing secondary dex files
I/MultiDex( 7135): load found 1 secondary dex files
I/MultiDex( 7135): install done
I/dalvikvm( 7135): Could not find method android.app.AlarmManager.setExactAndAllowWhileIdle, referenced from method cn.etouch.ecalendar.manager.ad.a
W/dalvikvm( 7135): VFY: unable to resolve virtual method 426: Landroid/app/AlarmManager;.setExactAndAllowWhileIdle (IJLandroid/app/PendingIntent;)V
I/Process ( 7135): Sending signal. PID: 7135 SIG: 9
I/HwOUC   ( 9412): [main-1]WifiAutoDownloadManageService ServiceHandler(hwouc/WifiAutoDownloadManageService.java:161)
I/HwOUC   ( 9412): [main-1]WifiAutoDownloadManageService ServiceHandler stop service(hwouc/WifiAutoDownloadManageService.java:164)
I/HwOUC   ( 9412): [main-1]WifiAutoDownloadManageService onDestroy()(hwouc/WifiAutoDownloadManageService.java:103)
I/StatusBar.KeyButtonView( 3296): action=0, flags=0, when=75240792, repeatCount=0, mDownTime=75240792, mCode=4
W/Tinker.TinkerLoader( 7163): tryLoadPatchFiles:patch dir not exist:/data/data/cn.etouch.ecalendar/tinker
I/StatusBar.KeyButtonView( 3296): action=1, flags=0, when=75240847, repeatCount=0, mDownTime=75240792, mCode=4
I/MultiDex( 7163): VM with version 1.6.0 does not have multidex support
I/MultiDex( 7163): install
I/MultiDex( 7163): MultiDexExtractor.load(/data/app/cn.etouch.ecalendar-1.apk, false)
I/MultiDex( 7163): loading existing secondary dex files
I/MultiDex( 7163): load found 1 secondary dex files
I/MultiDex( 7163): install done
I/dalvikvm( 7163): Could not find method android.app.AlarmManager.setExactAndAllowWhileIdle, referenced from method cn.etouch.ecalendar.manager.ad.a
W/dalvikvm( 7163): VFY: unable to resolve virtual method 426: Landroid/app/AlarmManager;.setExactAndAllowWhileIdle (IJLandroid/app/PendingIntent;)V
I/Process ( 7163): Sending signal. PID: 7163 SIG: 9
I/wpa_supplicant(27617): wlan0: HEART-BEAT-ACK: 85
I/AutoMonitor(  619): nullTabSwitch, cost=75241757
E/Thermal-daemon( 2433): [pa_0] temp_new :38  temp_old :37
E/Thermal-daemon( 2433): Report temperature: [pa_0] temp :38  report_threshold:1
E/Thermal-daemon( 2433): [ap] temp_new :39  temp_old :38
E/Thermal-daemon( 2433): Report temperature: [ap] temp :39  report_threshold:1
I/HwSystemManager( 3841): HoldService:preHoldShow start!
I/HwSystemManager( 3841): HoldService:The prePermissionType is: 1
I/HwSystemManager( 3841): HoldService:preHoldShow start!
I/HwSystemManager( 3841): HoldService:The prePermissionType is: 1
E/CommandListener( 2419): readDefRoute call readDefRoute
E/SecondaryTablController( 2419): isWifiDefaultRouteExisted /system/bin/ip route
E/Thermal-daemon( 2433): [charger] temp_new :37  temp_old :36
E/Thermal-daemon( 2433): Report temperature: [charger] temp :37  report_threshold:1
I/ActivityManager( 3088): pkg:[cn.etouch.ecalendar:pushservice] pid:[0]  maybe timeout , send to PG
E/CommandListener( 2419): readDefRoute Rsp ok
I/ActivityManager( 3088): pkg:[cn.etouch.ecalendar:pushservice] pid:[0]  maybe timeout , send to PG
I/ActivityManager( 3088): pkg:[cn.etouch.ecalendar:pushservice] pid:[0]  maybe timeout , send to PG
E/android_hardware_fm.cpp( 7246): register_android_hardware_fm_fmradio
E/android_hardware_fm.cpp( 7248): register_android_hardware_fm_fmradio
E/FM_HAL  ( 7248): [FM_HAL], fm_dynamic_lib is libbcmfm_if
E/FM_HAL  ( 7246): [FM_HAL], fm_dynamic_lib is libbcmfm_if
E/FM_HAL  ( 7248): [FM_HAL], libname is libbcmfm_if
E/FM_HAL  ( 7246): [FM_HAL], libname is libbcmfm_if
E/fm_if.c ( 7248): find the id:libbcmfm_if and begins to open the devices
E/fm_if.c ( 7246): find the id:libbcmfm_if and begins to open the devices
E/android_hardware_fm.cpp( 7246): register_android_hardware_fm_fmradio, ret is 0
E/android_hardware_fm.cpp( 7248): register_android_hardware_fm_fmradio, ret is 0
E/        ( 7246): ProtocolErrorLog wangkang test!!
E/        ( 7248): ProtocolErrorLog wangkang test!!
I/wpa_supplicant(27617): wlan0: HEART-BEAT-ACK: 86
E/Thermal-daemon( 2433): [pa_0] temp_new :37  temp_old :38
E/Thermal-daemon( 2433): Report temperature: [pa_0] temp :37  report_threshold:1
I/HwSystemManager( 3841): HoldService:preHoldShow start!
I/HwSystemManager( 3841): HoldService:The prePermissionType is: 1
E/Thermal-daemon( 2433): [pa_0] temp_new :38  temp_old :37
E/Thermal-daemon( 2433): Report temperature: [pa_0] temp :38  report_threshold:1
E/Thermal-daemon( 2433): [ap] temp_new :38  temp_old :39
E/Thermal-daemon( 2433): Report temperature: [ap] temp :38  report_threshold:1
E/Thermal-daemon( 2433): [pa_0] temp_new :37  temp_old :38
E/Thermal-daemon( 2433): Report temperature: [pa_0] temp :37  report_threshold:1
I/wpa_supplicant(27617): wlan0: HEART-BEAT-ACK: 87
E/CommandListener( 2419): readDefRoute call readDefRoute
E/SecondaryTablController( 2419): isWifiDefaultRouteExisted /system/bin/ip route
E/CommandListener( 2419): readDefRoute Rsp ok
E/android_hardware_fm.cpp( 7399): register_android_hardware_fm_fmradio
E/FM_HAL  ( 7399): [FM_HAL], fm_dynamic_lib is libbcmfm_if
E/FM_HAL  ( 7399): [FM_HAL], libname is libbcmfm_if
E/fm_if.c ( 7399): find the id:libbcmfm_if and begins to open the devices
E/android_hardware_fm.cpp( 7399): register_android_hardware_fm_fmradio, ret is 0
E/        ( 7399): ProtocolErrorLog wangkang test!!
I/Feeds   (  619): [E]setFeedCount.olddata:friendfeed=33,myfeed=0
I/Feeds   (  619): [E]setFeedCount.friendfeed=33,myfeed=0,2=45,3=1017266564
W/Settings(  659): Setting airplane_mode_on has moved from android.provider.Settings.System to android.provider.Settings.Global, returning read-only value.
E/Thermal-daemon( 2433): [flash_led] temp_new :35  temp_old :36
E/Thermal-daemon( 2433): Report temperature: [flash_led] temp :35  report_threshold:1
E/Thermal-daemon( 2433): [ap] temp_new :37  temp_old :38
E/Thermal-daemon( 2433): Report temperature: [ap] temp :37  report_threshold:1
I/wpa_supplicant(27617): wlan0: HEART-BEAT-ACK: 88
E/Thermal-daemon( 2433): [pa_0] temp_new :36  temp_old :37
E/Thermal-daemon( 2433): Report temperature: [pa_0] temp :36  report_threshold:1
E/Thermal-daemon( 2433): [charger] temp_new :36  temp_old :37
E/Thermal-daemon( 2433): Report temperature: [charger] temp :36  report_threshold:1
I/CAPALiteReceiver( 3513): USER STATE: STATIONARY SUB STATE: UNKNOWN
I/PGManager( 3513): current power level: 403
I/wpa_supplicant(27617): wlan0: HEART-BEAT-ACK: 89
E/CommandListener( 2419): readDefRoute call readDefRoute
E/SecondaryTablController( 2419): isWifiDefaultRouteExisted /system/bin/ip route
E/CommandListener( 2419): readDefRoute Rsp ok
E/Thermal-daemon( 2433): [ap] temp_new :36  temp_old :37
E/Thermal-daemon( 2433): Report temperature: [ap] temp :36  report_threshold:1
I/CAPALiteReceiver( 3513): USER STATE: STATIONARY SUB STATE: UNKNOWN
I/wpa_supplicant(27617): wlan0: HEART-BEAT-ACK: 90
I/Feeds   (  619): [E]setFeedCount.olddata:friendfeed=33,myfeed=0
I/Feeds   (  619): [E]setFeedCount.friendfeed=33,myfeed=0,2=45,3=1017266564
W/Settings(  659): Setting airplane_mode_on has moved from android.provider.Settings.System to android.provider.Settings.Global, returning read-only value.
I/wpa_supplicant(27617): wlan0: HEART-BEAT-ACK: 91
I/CAPALiteReceiver( 3513): USER STATE: STATIONARY SUB STATE: UNKNOWN
E/Thermal-daemon( 2433): [flash_led] temp_new :34  temp_old :35
E/Thermal-daemon( 2433): Report temperature: [flash_led] temp :34  report_threshold:1
E/Thermal-daemon( 2433): [pa_0] temp_new :35  temp_old :36
E/Thermal-daemon( 2433): Report temperature: [pa_0] temp :35  report_threshold:1
E/CommandListener( 2419): readDefRoute call readDefRoute
E/SecondaryTablController( 2419): isWifiDefaultRouteExisted /system/bin/ip route
E/CommandListener( 2419): readDefRoute Rsp ok
I/wpa_supplicant(27617): wlan0: HEART-BEAT-ACK: 92
I/PushLog2551( 6821): [ReceiverDispatcher-256]read to Send:DA(android/ConnectEntity.java:120)
W/InstanceID/Rpc( 6550): Backoff due to AUTHENTICATION_FAILED for 1641472
I/CAPALiteReceiver( 3513): USER STATE: STATIONARY SUB STATE: UNKNOWN
I/wpa_supplicant(27617): wlan0: HEART-BEAT-ACK: 93
I/Feeds   (  619): [E]setFeedCount.olddata:friendfeed=33,myfeed=0
I/Feeds   (  619): [E]setFeedCount.friendfeed=33,myfeed=0,2=45,3=1017266564
E/CommandListener( 2419): readDefRoute call readDefRoute
E/SecondaryTablController( 2419): isWifiDefaultRouteExisted /system/bin/ip route
W/Settings(  659): Setting airplane_mode_on has moved from android.provider.Settings.System to android.provider.Settings.Global, returning read-only value.
E/CommandListener( 2419): readDefRoute Rsp ok
I/wpa_supplicant(27617): wlan0: HEART-BEAT-ACK: 94
E/Thermal-daemon( 2433): [ap] temp_new :35  temp_old :36
E/Thermal-daemon( 2433): Report temperature: [ap] temp :35  report_threshold:1
I/CAPALiteReceiver( 3513): USER STATE: STATIONARY SUB STATE: UNKNOWN
I/wpa_supplicant(27617): wlan0: HEART-BEAT-ACK: 95
W/Settings(  330): Setting auto_time has moved from android.provider.Settings.System to android.provider.Settings.Global, returning read-only value.
W/Settings(  305): Setting auto_time has moved from android.provider.Settings.System to android.provider.Settings.Global, returning read-only value.
E/CommandListener( 2419): readDefRoute call readDefRoute
E/SecondaryTablController( 2419): isWifiDefaultRouteExisted /system/bin/ip route
E/CommandListener( 2419): readDefRoute Rsp ok
I/wpa_supplicant(27617): wlan0: HEART-BEAT-ACK: 96
I/dalvikvm-heap(  619): Grow heap (frag case) to 47.651MB for 529756-byte allocation
W/Settings(  659): Setting airplane_mode_on has moved from android.provider.Settings.System to android.provider.Settings.Global, returning read-only value.
W/Settings(  659): Setting airplane_mode_on has moved from android.provider.Settings.System to android.provider.Settings.Global, returning read-only value.
E/Thermal-daemon( 2433): [ap] temp_new :36  temp_old :35
E/Thermal-daemon( 2433): Report temperature: [ap] temp :36  report_threshold:1
I/Feeds   (  619): [E]setFeedCount.olddata:friendfeed=33,myfeed=0
I/Feeds   (  619): [E]setFeedCount.friendfeed=33,myfeed=0,2=45,3=1017266564
W/Settings(  659): Setting airplane_mode_on has moved from android.provider.Settings.System to android.provider.Settings.Global, returning read-only value.
W/Settings(  659): Setting airplane_mode_on has moved from android.provider.Settings.System to android.provider.Settings.Global, returning read-only value.
W/Settings(  659): Setting airplane_mode_on has moved from android.provider.Settings.System to android.provider.Settings.Global, returning read-only value.
W/Settings(  659): Setting airplane_mode_on has moved from android.provider.Settings.System to android.provider.Settings.Global, returning read-only value.
W/Settings(  659): Setting airplane_mode_on has moved from android.provider.Settings.System to android.provider.Settings.Global, returning read-only value.
I/wpa_supplicant(27617): wlan0: HEART-BEAT-ACK: 97
I/CAPALiteReceiver( 3513): USER STATE: STATIONARY SUB STATE: UNKNOWN
I/HwSystemManager( 3841): HoldService:In holdservice, to get pending intent:Intent { act=com.huawei.notificationmanager.notification.allow.forAPK (has extras) }
I/HwSystemManager( 3841): HoldService:In holdservice, to get pending intent:Intent { act=com.huawei.notificationmanager.notification.refuse (has extras) }
I/HwLauncher( 3556): Launcher.LauncherProvider  begin check permission at checkPermission 
W/System.err( 3556): java.lang.SecurityException: Permission Denial: reading com.huawei.android.launcher.LauncherProvider from pid=5742, uid=10172 requires com.huawei.android.launcher.permission.WRITE_SETTINGS: uid 10172 does not have com.huawei.android.launcher.permission.WRITE_SETTINGS.
W/System.err( 3556): 	at android.app.ContextImpl.enforce(ContextImpl.java:1775)
W/System.err( 3556): 	at android.app.ContextImpl.enforcePermission(ContextImpl.java:1787)
W/System.err( 3556): 	at android.content.ContextWrapper.enforcePermission(ContextWrapper.java:561)
W/System.err( 3556): 	at com.huawei.android.launcher.LauncherProvider.checkPermission(LauncherProvider.java:560)
W/System.err( 3556): 	at com.huawei.android.launcher.LauncherProvider.call(LauncherProvider.java:575)
W/System.err( 3556): 	at android.content.ContentProvider$Transport.call(ContentProvider.java:325)
W/System.err( 3556): 	at android.content.ContentProviderNative.onTransact(ContentProviderNative.java:284)
W/System.err( 3556): 	at android.os.Binder.execTransact(Binder.java:404)
W/System.err( 3556): 	at dalvik.system.NativeStart.run(Native Method)
E/DatabaseUtils( 3556): Writing exception to parcel
E/DatabaseUtils( 3556): java.lang.SecurityException: Permission Denial: reading com.huawei.android.launcher.LauncherProvider from pid=5742, uid=10172 requires com.huawei.android.launcher.permission.WRITE_SETTINGS: uid 10172 does not have com.huawei.android.launcher.permission.WRITE_SETTINGS.
E/DatabaseUtils( 3556): 	at android.app.ContextImpl.enforce(ContextImpl.java:1775)
E/DatabaseUtils( 3556): 	at android.app.ContextImpl.enforcePermission(ContextImpl.java:1787)
E/DatabaseUtils( 3556): 	at android.content.ContextWrapper.enforcePermission(ContextWrapper.java:561)
E/DatabaseUtils( 3556): 	at com.huawei.android.launcher.LauncherProvider.checkPermission(LauncherProvider.java:560)
E/DatabaseUtils( 3556): 	at com.huawei.android.launcher.LauncherProvider.call(LauncherProvider.java:575)
E/DatabaseUtils( 3556): 	at android.content.ContentProvider$Transport.call(ContentProvider.java:325)
E/DatabaseUtils( 3556): 	at android.content.ContentProviderNative.onTransact(ContentProviderNative.java:284)
E/DatabaseUtils( 3556): 	at android.os.Binder.execTransact(Binder.java:404)
E/DatabaseUtils( 3556): 	at dalvik.system.NativeStart.run(Native Method)
I/MediaFocusControl( 3088):  AudioFocus  requestAudioFocus() from android.media.AudioManager@439103e0
W/MessageQueue( 3296): Handler (android.media.AudioManager$FocusEventHandlerDelegate$1) {461eb7e0} sending message to a Handler on a dead thread
W/MessageQueue( 3296): java.lang.RuntimeException: Handler (android.media.AudioManager$FocusEventHandlerDelegate$1) {461eb7e0} sending message to a Handler on a dead thread
W/MessageQueue( 3296): 	at android.os.MessageQueue.enqueueMessage(MessageQueue.java:320)
W/MessageQueue( 3296): 	at android.os.Handler.enqueueMessage(Handler.java:626)
W/MessageQueue( 3296): 	at android.os.Handler.sendMessageAtTime(Handler.java:595)
W/MessageQueue( 3296): 	at android.os.Handler.sendMessageDelayed(Handler.java:566)
W/MessageQueue( 3296): 	at android.os.Handler.sendMessage(Handler.java:503)
W/MessageQueue( 3296): 	at android.media.AudioManager$1.dispatchAudioFocusChange(AudioManager.java:2013)
W/MessageQueue( 3296): 	at android.media.IAudioFocusDispatcher$Stub.onTransact(IAudioFocusDispatcher.java:57)
W/MessageQueue( 3296): 	at android.os.Binder.execTransact(Binder.java:404)
W/MessageQueue( 3296): 	at dalvik.system.NativeStart.run(Native Method)
I/AudioManager( 3296): requestAudioFocus() status : 1
I/AudioManager( 3296): requestAudioFocus() apk    : com.android.systemui
I/AudioFlinger( 2427): [setLowPowerApk]mLowPowerApk[0]
I/str_params( 2427): key: 'auto_test' value: 'mode'
I/AudioFlinger( 2427): [getLowPowerApk]mLowPowerApk[0]
I/AwesomePlayer( 2427): [isLowPowerMode] isLowPowerApk[0]
I/AwesomePlayer( 2427): is not Low Power Apk.
I/SoftVorbis( 2427): ====== pcmchannel = 2 ====
E/AudioFlinger( 2427): setLppDtsGeq():invalid keyValue of dts geq.
E/AudioFlinger( 2427): setLppDtsGeq():invalid keyValue of dts geq.
E/AudioFlinger( 2427): setLppDtsGeq():invalid keyValue of dts geq.
E/AudioFlinger( 2427): setLppDtsGeq():invalid keyValue of dts geq.
E/MediaPlayer( 3296): Should have subtitle controller already set
I/audio_hw_primary( 2427): start_output_stream : mode=0, devices=2
E/AudioSink( 2427): received unknown event type: 1 inside CallbackWrapper !
E/AudioSink( 2427): received unknown event type: 1 inside CallbackWrapper !
E/Thermal-daemon( 2433): [pa_0] temp_new :36  temp_old :35
E/Thermal-daemon( 2433): Report temperature: [pa_0] temp :36  report_threshold:1
I/MediaFocusControl( 3088):  AudioFocus  abandonAudioFocus() from android.media.AudioManager@439103e0
W/MessageQueue( 3296): Handler (android.media.AudioManager$FocusEventHandlerDelegate$1) {461eb7e0} sending message to a Handler on a dead thread
W/MessageQueue( 3296): java.lang.RuntimeException: Handler (android.media.AudioManager$FocusEventHandlerDelegate$1) {461eb7e0} sending message to a Handler on a dead thread
W/MessageQueue( 3296): 	at android.os.MessageQueue.enqueueMessage(MessageQueue.java:320)
W/MessageQueue( 3296): 	at android.os.Handler.enqueueMessage(Handler.java:626)
W/MessageQueue( 3296): 	at android.os.Handler.sendMessageAtTime(Handler.java:595)
W/MessageQueue( 3296): 	at android.os.Handler.sendMessageDelayed(Handler.java:566)
W/MessageQueue( 3296): 	at android.os.Handler.sendMessage(Handler.java:503)
W/MessageQueue( 3296): 	at android.media.AudioManager$1.dispatchAudioFocusChange(AudioManager.java:2013)
W/MessageQueue( 3296): 	at android.media.IAudioFocusDispatcher$Stub.onTransact(IAudioFocusDispatcher.java:57)
W/MessageQueue( 3296): 	at android.os.Binder.execTransact(Binder.java:404)
W/MessageQueue( 3296): 	at dalvik.system.NativeStart.run(Native Method)
E/CommandListener( 2419): readDefRoute call readDefRoute
E/SecondaryTablController( 2419): isWifiDefaultRouteExisted /system/bin/ip route
E/CommandListener( 2419): readDefRoute Rsp ok
I/wpa_supplicant(27617): wlan0: HEART-BEAT-ACK: 98
E/Thermal-daemon( 2433): [ap] temp_new :37  temp_old :36
E/Thermal-daemon( 2433): Report temperature: [ap] temp :37  report_threshold:1
I/audio_hw_primary( 2427): [do_output_standby],do_output_standby-----out->standby_lpp : 1
E/Thermal-daemon( 2433): [ap] temp_new :36  temp_old :37
E/Thermal-daemon( 2433): Report temperature: [ap] temp :36  report_threshold:1
I/wpa_supplicant(27617): wlan0: HEART-BEAT-ACK: 99
E/Thermal-daemon( 2433): [pa_0] temp_new :35  temp_old :36
E/Thermal-daemon( 2433): Report temperature: [pa_0] temp :35  report_threshold:1
I/Feeds   (  619): [E]setFeedCount.olddata:friendfeed=33,myfeed=0
I/Feeds   (  619): [E]setFeedCount.friendfeed=33,myfeed=0,2=45,3=1017266564
W/Settings(  659): Setting airplane_mode_on has moved from android.provider.Settings.System to android.provider.Settings.Global, returning read-only value.
E/omegasdk(  388): url:http://omgup.xiaojukeji.com/sync/android/com.sdu.didi.psnger response code:304.
E/omegasdk(  388): Sync sendAndGet fail. url:http://omgup.xiaojukeji.com/sync/android/com.sdu.didi.psnger response code:304.
E/CommandListener( 2419): readDefRoute call readDefRoute
E/SecondaryTablController( 2419): isWifiDefaultRouteExisted /system/bin/ip route
E/CommandListener( 2419): readDefRoute Rsp ok
I/wpa_supplicant(27617): wlan0: HEART-BEAT-ACK: 100
E/Thermal-daemon( 2433): [ap] temp_new :35  temp_old :36
E/Thermal-daemon( 2433): Report temperature: [ap] temp :35  report_threshold:1
E/Thermal-daemon( 2433): [charger] temp_new :35  temp_old :36
E/Thermal-daemon( 2433): Report temperature: [charger] temp :35  report_threshold:1
I/wpa_supplicant(27617): wlan0: HEART-BEAT-ACK: 101
I/CAPALiteReceiver( 3513): USER STATE: STATIONARY SUB STATE: UNKNOWN
E/CommandListener( 2419): readDefRoute call readDefRoute
E/SecondaryTablController( 2419): isWifiDefaultRouteExisted /system/bin/ip route
E/CommandListener( 2419): readDefRoute Rsp ok
I/wpa_supplicant(27617): wlan0: HEART-BEAT-ACK: 102
E/Thermal-daemon( 2433): [pa_0] temp_new :34  temp_old :35
E/Thermal-daemon( 2433): Report temperature: [pa_0] temp :34  report_threshold:1
I/Feeds   (  619): [E]setFeedCount.olddata:friendfeed=33,myfeed=0
I/Feeds   (  619): [E]setFeedCount.friendfeed=33,myfeed=0,2=45,3=1017266564
W/Settings(  659): Setting airplane_mode_on has moved from android.provider.Settings.System to android.provider.Settings.Global, returning read-only value.
I/wpa_supplicant(27617): wlan0: HEART-BEAT-ACK: 103
E/CommandListener( 2419): readDefRoute call readDefRoute
E/SecondaryTablController( 2419): isWifiDefaultRouteExisted /system/bin/ip route
I/wpa_supplicant(27617): wlan0: HEART-BEAT-ACK: 104
E/CommandListener( 2419): readDefRoute Rsp ok
E/Thermal-daemon( 2433): [flash_led] temp_new :33  temp_old :34
E/android_hardware_fm.cpp( 8679): register_android_hardware_fm_fmradio
E/FM_HAL  ( 8679): [FM_HAL], fm_dynamic_lib is libbcmfm_if
E/FM_HAL  ( 8679): [FM_HAL], libname is libbcmfm_if
E/fm_if.c ( 8679): find the id:libbcmfm_if and begins to open the devices
E/android_hardware_fm.cpp( 8679): register_android_hardware_fm_fmradio, ret is 0
E/        ( 8679): ProtocolErrorLog wangkang test!!
W/Settings(  659): Setting airplane_mode_on has moved from android.provider.Settings.System to android.provider.Settings.Global, returning read-only value.
W/Settings(  659): Setting airplane_mode_on has moved from android.provider.Settings.System to android.provider.Settings.Global, returning read-only value.
W/Settings(  659): Setting airplane_mode_on has moved from android.provider.Settings.System to android.provider.Settings.Global, returning read-only value.
W/Settings(  659): Setting airplane_mode_on has moved from android.provider.Settings.System to android.provider.Settings.Global, returning read-only value.
I/wpa_supplicant(27617): wlan0: HEART-BEAT-ACK: 105
E/Thermal-daemon( 2433): [flash_led] temp_new :34  temp_old :33
E/HwSystemManager( 3841): BgPowerManagerService: conusmPower = -23 result = -269 flag1 =false flag2 = false
E/Thermal-daemon( 2433): [flash_led] temp_new :33  temp_old :34
I/Feeds   (  619): [E]setFeedCount.olddata:friendfeed=33,myfeed=0
I/Feeds   (  619): [E]setFeedCount.friendfeed=33,myfeed=0,2=45,3=1017266564
W/Settings(  659): Setting airplane_mode_on has moved from android.provider.Settings.System to android.provider.Settings.Global, returning read-only value.
I/PushLog2551( 6821): [ReceiverDispatcher-256]read to Send:DA(android/ConnectEntity.java:120)
E/Thermal-daemon( 2433): [flash_led] temp_new :34  temp_old :33
E/android_hardware_fm.cpp( 8764): register_android_hardware_fm_fmradio
E/FM_HAL  ( 8764): [FM_HAL], fm_dynamic_lib is libbcmfm_if
E/FM_HAL  ( 8764): [FM_HAL], libname is libbcmfm_if
E/fm_if.c ( 8764): find the id:libbcmfm_if and begins to open the devices
E/android_hardware_fm.cpp( 8764): register_android_hardware_fm_fmradio, ret is 0
E/        ( 8764): ProtocolErrorLog wangkang test!!
E/android_hardware_fm.cpp( 8767): register_android_hardware_fm_fmradio
E/FM_HAL  ( 8767): [FM_HAL], fm_dynamic_lib is libbcmfm_if
E/FM_HAL  ( 8767): [FM_HAL], libname is libbcmfm_if
E/fm_if.c ( 8767): find the id:libbcmfm_if and begins to open the devices
E/android_hardware_fm.cpp( 8767): register_android_hardware_fm_fmradio, ret is 0
E/        ( 8767): ProtocolErrorLog wangkang test!!
I/wpa_supplicant(27617): wlan0: HEART-BEAT-ACK: 106
E/CommandListener( 2419): readDefRoute call readDefRoute
E/SecondaryTablController( 2419): isWifiDefaultRouteExisted /system/bin/ip route
E/CommandListener( 2419): readDefRoute Rsp ok
E/Thermal-daemon( 2433): [flash_led] temp_new :33  temp_old :34
I/wpa_supplicant(27617): wlan0: HEART-BEAT-ACK: 107
I/CAPALiteReceiver( 3513): USER STATE: STATIONARY SUB STATE: UNKNOWN
I/HwSystemManager( 3841): HoldService:preHoldShow start!
I/HwSystemManager( 3841): HoldService:The prePermissionType is: 1
I/omegasdk(  388): Save record:omega_e_1499850186111_q64F9qjNSNOs-9ku-LDKww_2166 success, packed 1 files, size:1.9K.
I/dalvikvm(  388): Could not find method java.net.HttpURLConnection.getContentLengthLong, referenced from method didihttp.internal.huc.b.getContentLengthLong
W/dalvikvm(  388): VFY: unable to resolve virtual method 16216: Ljava/net/HttpURLConnection;.getContentLengthLong ()J
I/dalvikvm(  388): Could not find method java.net.HttpURLConnection.getHeaderFieldLong, referenced from method didihttp.internal.huc.b.getHeaderFieldLong
W/dalvikvm(  388): VFY: unable to resolve virtual method 16229: Ljava/net/HttpURLConnection;.getHeaderFieldLong (Ljava/lang/String;J)J
E/android_hardware_fm.cpp( 8904): register_android_hardware_fm_fmradio
E/FM_HAL  ( 8904): [FM_HAL], fm_dynamic_lib is libbcmfm_if
E/FM_HAL  ( 8904): [FM_HAL], libname is libbcmfm_if
E/fm_if.c ( 8904): find the id:libbcmfm_if and begins to open the devices
E/android_hardware_fm.cpp( 8904): register_android_hardware_fm_fmradio, ret is 0
E/        ( 8904): ProtocolErrorLog wangkang test!!
I/wpa_supplicant(27617): wlan0: HEART-BEAT-ACK: 108
E/CommandListener( 2419): readDefRoute call readDefRoute
E/SecondaryTablController( 2419): isWifiDefaultRouteExisted /system/bin/ip route
E/CommandListener( 2419): readDefRoute Rsp ok
I/Feeds   (  619): [E]setFeedCount.olddata:friendfeed=33,myfeed=0
I/Feeds   (  619): [E]setFeedCount.friendfeed=33,myfeed=0,2=45,3=1017266564
W/Settings(  659): Setting airplane_mode_on has moved from android.provider.Settings.System to android.provider.Settings.Global, returning read-only value.
I/wpa_supplicant(27617): wlan0: HEART-BEAT-ACK: 109
W/InstanceID/Rpc(23535): Backoff due to AUTHENTICATION_FAILED for 215552
I/wpa_supplicant(27617): wlan0: HEART-BEAT-ACK: 110
E/CommandListener( 2419): readDefRoute call readDefRoute
E/SecondaryTablController( 2419): isWifiDefaultRouteExisted /system/bin/ip route
E/CommandListener( 2419): readDefRoute Rsp ok
E/Thermal-daemon( 2433): [ap] temp_new :34  temp_old :35
E/Thermal-daemon( 2433): Report temperature: [ap] temp :34  report_threshold:1
I/wpa_supplicant(27617): wlan0: HEART-BEAT-ACK: 111
I/Feeds   (  619): [E]setFeedCount.olddata:friendfeed=33,myfeed=0
I/Feeds   (  619): [E]setFeedCount.friendfeed=33,myfeed=0,2=45,3=1017266564
W/Settings(  659): Setting airplane_mode_on has moved from android.provider.Settings.System to android.provider.Settings.Global, returning read-only value.
I/wpa_supplicant(27617): wlan0: HEART-BEAT-ACK: 112
E/CommandListener( 2419): readDefRoute call readDefRoute
E/SecondaryTablController( 2419): isWifiDefaultRouteExisted /system/bin/ip route
E/CommandListener( 2419): readDefRoute Rsp ok
I/wpa_supplicant(27617): wlan0: HEART-BEAT-ACK: 113
I/wpa_supplicant(27617): wlan0: HEART-BEAT-ACK: 114
E/CommandListener( 2419): readDefRoute call readDefRoute
E/SecondaryTablController( 2419): isWifiDefaultRouteExisted /system/bin/ip route
E/CommandListener( 2419): readDefRoute Rsp ok
I/dalvikvm-heap(  619): Grow heap (frag case) to 47.548MB for 443896-byte allocation
I/Feeds   (  619): [E]setFeedCount.olddata:friendfeed=33,myfeed=0
I/Feeds   (  619): [E]setFeedCount.friendfeed=33,myfeed=0,2=45,3=1017266564
W/Settings(  659): Setting airplane_mode_on has moved from android.provider.Settings.System to android.provider.Settings.Global, returning read-only value.
W/Settings(  659): Setting airplane_mode_on has moved from android.provider.Settings.System to android.provider.Settings.Global, returning read-only value.
W/Settings(  659): Setting airplane_mode_on has moved from android.provider.Settings.System to android.provider.Settings.Global, returning read-only value.
I/wpa_supplicant(27617): wlan0: HEART-BEAT-ACK: 115
W/Settings( 6536): Setting auto_time has moved from android.provider.Settings.System to android.provider.Settings.Global, returning read-only value.
W/Settings(  659): Setting airplane_mode_on has moved from android.provider.Settings.System to android.provider.Settings.Global, returning read-only value.
W/Settings(  659): Setting airplane_mode_on has moved from android.provider.Settings.System to android.provider.Settings.Global, returning read-only value.
I/wpa_supplicant(27617): wlan0: HEART-BEAT-ACK: 116
W/Settings(  659): Setting airplane_mode_on has moved from android.provider.Settings.System to android.provider.Settings.Global, returning read-only value.
W/Settings(  659): Setting airplane_mode_on has moved from android.provider.Settings.System to android.provider.Settings.Global, returning read-only value.
E/CommandListener( 2419): readDefRoute call readDefRoute
E/SecondaryTablController( 2419): isWifiDefaultRouteExisted /system/bin/ip route
E/CommandListener( 2419): readDefRoute Rsp ok
I/CAPALiteReceiver( 3513): USER STATE: STATIONARY SUB STATE: UNKNOWN
I/wpa_supplicant(27617): wlan0: HEART-BEAT-ACK: 117
I/Feeds   (  619): [E]setFeedCount.olddata:friendfeed=33,myfeed=0
I/Feeds   (  619): [E]setFeedCount.friendfeed=33,myfeed=0,2=45,3=1017266564
W/Settings(  659): Setting airplane_mode_on has moved from android.provider.Settings.System to android.provider.Settings.Global, returning read-only value.
W/Settings(  659): Setting airplane_mode_on has moved from android.provider.Settings.System to android.provider.Settings.Global, returning read-only value.
W/Settings(  659): Setting airplane_mode_on has moved from android.provider.Settings.System to android.provider.Settings.Global, returning read-only value.
W/Settings(  659): Setting airplane_mode_on has moved from android.provider.Settings.System to android.provider.Settings.Global, returning read-only value.
W/Settings(  659): Setting airplane_mode_on has moved from android.provider.Settings.System to android.provider.Settings.Global, returning read-only value.
I/wpa_supplicant(27617): wlan0: HEART-BEAT-ACK: 118
W/Settings(  659): Setting airplane_mode_on has moved from android.provider.Settings.System to android.provider.Settings.Global, returning read-only value.
W/Settings(  659): Setting airplane_mode_on has moved from android.provider.Settings.System to android.provider.Settings.Global, returning read-only value.
W/HwSystemManager( 3841): SMCSProvider:Call: Invalid call method = execSQLS
W/HwSystemManager( 3841): SMCSProvider:Call: Invalid call method = execSQLS
W/HwSystemManager( 3841): SMCSProvider:Call: Invalid call method = execSQLS
E/CommandListener( 2419): readDefRoute call readDefRoute
E/SecondaryTablController( 2419): isWifiDefaultRouteExisted /system/bin/ip route
E/CommandListener( 2419): readDefRoute Rsp ok
I/AccessSchedulerImpl( 3395): onAccessSchedulerTriggered... try to addTask
I/AccessSchedulerImpl( 3395): addTask...
I/AccessSchedulerImpl( 3395): scheduler...begin
I/DataAccessDBImpl( 3395): updateApnUseTime... for apn:ssid_"my1"5a:63:bf:01:87:ae,updateRet:1
I/AccessSchedulerStorageManager( 3395): updateApnUseTime... apnName:ssid_"my1"5a:63:bf:01:87:ae
I/AccessSchedulerStorageManager( 3395): isNeedScheduler... 
I/AccessSchedulerStorageManager( 3395): same apn. no need update.
I/AccessSchedulerImpl( 3395): scheduler...no need scheduler. return
W/StubController(32614): calendar access!
I/HwSystemManager( 3841): HoldService:preHoldShow start!
I/HwSystemManager( 3841): HoldService:The prePermissionType is: 1
I/wpa_supplicant(27617): wlan0: HEART-BEAT-ACK: 119
W/PushLog2551( 6821): [main-1]no macAddress in device_info(android/CommFun.java:1209)
I/PushLog2551( 6821): [ReceiverDispatcher-256]read to Send:DA(android/ConnectEntity.java:120)
I/wpa_supplicant(27617): wlan0: HEART-BEAT-ACK: 120
E/CommandListener( 2419): readDefRoute call readDefRoute
E/SecondaryTablController( 2419): isWifiDefaultRouteExisted /system/bin/ip route
E/CommandListener( 2419): readDefRoute Rsp ok
I/Feeds   (  619): [E]setFeedCount.olddata:friendfeed=33,myfeed=0
I/Feeds   (  619): [E]setFeedCount.friendfeed=33,myfeed=0,2=45,3=1017266564
W/Settings(  659): Setting airplane_mode_on has moved from android.provider.Settings.System to android.provider.Settings.Global, returning read-only value.
I/ctrlSocket( 2419): gethostbyname normal
I/wpa_supplicant(27617): wlan0: HEART-BEAT-ACK: 121
I/wpa_supplicant(27617): wlan0: HEART-BEAT-ACK: 122
E/Thermal-daemon( 2433): [charger] temp_new :34  temp_old :35
E/Thermal-daemon( 2433): Report temperature: [charger] temp :34  report_threshold:1
E/CommandListener( 2419): readDefRoute call readDefRoute
E/SecondaryTablController( 2419): isWifiDefaultRouteExisted /system/bin/ip route
E/CommandListener( 2419): readDefRoute Rsp ok
I/wpa_supplicant(27617): wlan0: HEART-BEAT-ACK: 123
E/android_hardware_fm.cpp( 9997): register_android_hardware_fm_fmradio
E/FM_HAL  ( 9997): [FM_HAL], fm_dynamic_lib is libbcmfm_if
E/FM_HAL  ( 9997): [FM_HAL], libname is libbcmfm_if
E/fm_if.c ( 9997): find the id:libbcmfm_if and begins to open the devices
E/android_hardware_fm.cpp( 9997): register_android_hardware_fm_fmradio, ret is 0
E/        ( 9997): ProtocolErrorLog wangkang test!!
I/AndroidRuntime( 9997): VM exiting with result code 0.
I/ctrlSocket( 2419): gethostbyname normal
I/Feeds   (  619): [E]setFeedCount.olddata:friendfeed=33,myfeed=0
I/Feeds   (  619): [E]setFeedCount.friendfeed=33,myfeed=0,2=45,3=1017266564
W/Settings(  659): Setting airplane_mode_on has moved from android.provider.Settings.System to android.provider.Settings.Global, returning read-only value.
W/Settings(  659): Setting airplane_mode_on has moved from android.provider.Settings.System to android.provider.Settings.Global, returning read-only value.
W/Settings(  659): Setting airplane_mode_on has moved from android.provider.Settings.System to android.provider.Settings.Global, returning read-only value.
I/wpa_supplicant(27617): wlan0: HEART-BEAT-ACK: 124
E/android_hardware_fm.cpp(10069): register_android_hardware_fm_fmradio
E/FM_HAL  (10069): [FM_HAL], fm_dynamic_lib is libbcmfm_if
E/FM_HAL  (10069): [FM_HAL], libname is libbcmfm_if
E/fm_if.c (10069): find the id:libbcmfm_if and begins to open the devices
E/android_hardware_fm.cpp(10069): register_android_hardware_fm_fmradio, ret is 0
E/        (10069): ProtocolErrorLog wangkang test!!
I/K3V3CpuGovernorPolicy( 3513): set scene Hmp policy : 300 , 150
E/android_hardware_fm.cpp(10094): register_android_hardware_fm_fmradio
E/FM_HAL  (10094): [FM_HAL], fm_dynamic_lib is libbcmfm_if
E/FM_HAL  (10094): [FM_HAL], libname is libbcmfm_if
E/fm_if.c (10094): find the id:libbcmfm_if and begins to open the devices
E/android_hardware_fm.cpp(10094): register_android_hardware_fm_fmradio, ret is 0
E/        (10094): ProtocolErrorLog wangkang test!!
I/HwSystemManager( 3841): OptimizeProvider:startup allow delete is executed for Uri:content://com.huawei.android.batteryspriteprovider/startupallowapps
I/K3V3CpuGovernorPolicy( 3513): close previously scene Hmp policy : 300 , 150
I/AutoMonitor(  619): nullTabSwitch, cost=75830699
E/android_hardware_fm.cpp(10106): register_android_hardware_fm_fmradio
E/FM_HAL  (10106): [FM_HAL], fm_dynamic_lib is libbcmfm_if
E/FM_HAL  (10106): [FM_HAL], libname is libbcmfm_if
E/fm_if.c (10106): find the id:libbcmfm_if and begins to open the devices
E/android_hardware_fm.cpp(10106): register_android_hardware_fm_fmradio, ret is 0
E/        (10106): ProtocolErrorLog wangkang test!!
E/android_hardware_fm.cpp(10119): register_android_hardware_fm_fmradio
E/FM_HAL  (10119): [FM_HAL], fm_dynamic_lib is libbcmfm_if
E/FM_HAL  (10119): [FM_HAL], libname is libbcmfm_if
E/fm_if.c (10119): find the id:libbcmfm_if and begins to open the devices
E/android_hardware_fm.cpp(10119): register_android_hardware_fm_fmradio, ret is 0
E/        (10119): ProtocolErrorLog wangkang test!!
W/Settings(  659): Setting airplane_mode_on has moved from android.provider.Settings.System to android.provider.Settings.Global, returning read-only value.
W/Settings(  659): Setting airplane_mode_on has moved from android.provider.Settings.System to android.provider.Settings.Global, returning read-only value.
W/Settings(  659): Setting airplane_mode_on has moved from android.provider.Settings.System to android.provider.Settings.Global, returning read-only value.
W/Settings(  659): Setting airplane_mode_on has moved from android.provider.Settings.System to android.provider.Settings.Global, returning read-only value.
E/Thermal-daemon( 2433): [ap] temp_new :35  temp_old :34
I/logserver( 2435): get alarm time = 95531 (sec.)!
I/logserver( 2435): send_files, commercial version, send by other, return!
I/logserver( 2435): Timeout, apr update!
I/logserver( 2435): Object Path:/data/log/apr/, mask=0x00000008
I/logserver( 2435): event->len=80, name=H60-L02_V100R001CHNC00B316_DU2TAN15AJ049163_20170111211033_statistics
I/logserver( 2435): process_one_event, can not find this event(H60-L02_V100R001CHNC00B316_DU2TAN15AJ049163_20170111211033_statistics)
I/logserver( 2435): clean_cur_cache:962, system(rm -r /data/log/logcache/14677792/* > /dev/null 2>&1)
E/CommandListener( 2419): readDefRoute call readDefRoute
E/SecondaryTablController( 2419): isWifiDefaultRouteExisted /system/bin/ip route
E/CommandListener( 2419): readDefRoute Rsp ok
E/android_hardware_fm.cpp(10170): register_android_hardware_fm_fmradio
E/FM_HAL  (10170): [FM_HAL], fm_dynamic_lib is libbcmfm_if
E/FM_HAL  (10170): [FM_HAL], libname is libbcmfm_if
E/fm_if.c (10170): find the id:libbcmfm_if and begins to open the devices
E/android_hardware_fm.cpp(10170): register_android_hardware_fm_fmradio, ret is 0
E/        (10170): ProtocolErrorLog wangkang test!!
I/wpa_supplicant(27617): wlan0: HEART-BEAT-ACK: 125
E/Thermal-daemon( 2433): [ap] temp_new :34  temp_old :35
E/Thermal-daemon( 2433): Report temperature: [ap] temp :34  report_threshold:1
E/android_hardware_fm.cpp(10254): register_android_hardware_fm_fmradio
E/FM_HAL  (10254): [FM_HAL], fm_dynamic_lib is libbcmfm_if
E/FM_HAL  (10254): [FM_HAL], libname is libbcmfm_if
E/fm_if.c (10254): find the id:libbcmfm_if and begins to open the devices
E/android_hardware_fm.cpp(10254): register_android_hardware_fm_fmradio, ret is 0
E/        (10254): ProtocolErrorLog wangkang test!!
E/android_hardware_fm.cpp(10256): register_android_hardware_fm_fmradio
E/FM_HAL  (10256): [FM_HAL], fm_dynamic_lib is libbcmfm_if
E/FM_HAL  (10256): [FM_HAL], libname is libbcmfm_if
E/fm_if.c (10256): find the id:libbcmfm_if and begins to open the devices
E/android_hardware_fm.cpp(10256): register_android_hardware_fm_fmradio, ret is 0
E/        (10256): ProtocolErrorLog wangkang test!!
I/wpa_supplicant(27617): wlan0: HEART-BEAT-ACK: 126
E/android_hardware_fm.cpp(10285): register_android_hardware_fm_fmradio
E/FM_HAL  (10285): [FM_HAL], fm_dynamic_lib is libbcmfm_if
E/FM_HAL  (10285): [FM_HAL], libname is libbcmfm_if
E/fm_if.c (10285): find the id:libbcmfm_if and begins to open the devices
E/android_hardware_fm.cpp(10285): register_android_hardware_fm_fmradio, ret is 0
E/        (10285): ProtocolErrorLog wangkang test!!
I/AndroidRuntime(10285): VM exiting with result code 0.
E/Thermal-daemon( 2433): [charger] temp_new :35  temp_old :34
E/Thermal-daemon( 2433): [ap] temp_new :35  temp_old :34
I/Process ( 6982): Sending signal. PID: 6982 SIG: 9
E/Thermal-daemon( 2433): [charger] temp_new :34  temp_old :35
E/Thermal-daemon( 2433): Report temperature: [charger] temp :34  report_threshold:1
I/Feeds   (  619): [E]setFeedCount.olddata:friendfeed=33,myfeed=0
I/Feeds   (  619): [E]setFeedCount.friendfeed=33,myfeed=0,2=45,3=1017266564
E/CommandListener( 2419): readDefRoute call readDefRoute
E/SecondaryTablController( 2419): isWifiDefaultRouteExisted /system/bin/ip route
W/Settings(  659): Setting airplane_mode_on has moved from android.provider.Settings.System to android.provider.Settings.Global, returning read-only value.
E/CommandListener( 2419): readDefRoute Rsp ok
I/wpa_supplicant(27617): wlan0: HEART-BEAT-ACK: 127
E/Thermal-daemon( 2433): [ap] temp_new :34  temp_old :35
E/Thermal-daemon( 2433): Report temperature: [ap] temp :34  report_threshold:1
E/android_hardware_fm.cpp(10393): register_android_hardware_fm_fmradio
E/FM_HAL  (10393): [FM_HAL], fm_dynamic_lib is libbcmfm_if
E/FM_HAL  (10393): [FM_HAL], libname is libbcmfm_if
E/fm_if.c (10393): find the id:libbcmfm_if and begins to open the devices
E/android_hardware_fm.cpp(10393): register_android_hardware_fm_fmradio, ret is 0
E/        (10393): ProtocolErrorLog wangkang test!!
E/HwSystemManager( 3841): BgPowerManagerService: conusmPower = -25 result = -292 flag1 =false flag2 = false
I/wpa_supplicant(27617): wlan0: HEART-BEAT-ACK: 128
I/KeepAlive( 5742): onCheckState
I/KeepAlive( 5742): Check Push Process Importance [130], isFocus [false].
I/KeepAlive( 5742): onCloseOffScreenActivity
E/CommandListener( 2419): readDefRoute call readDefRoute
E/SecondaryTablController( 2419): isWifiDefaultRouteExisted /system/bin/ip route
E/CommandListener( 2419): readDefRoute Rsp ok
I/wpa_supplicant(27617): wlan0: HEART-BEAT-ACK: 129
W/Settings(  659): Setting airplane_mode_on has moved from android.provider.Settings.System to android.provider.Settings.Global, returning read-only value.
W/Settings(  659): Setting airplane_mode_on has moved from android.provider.Settings.System to android.provider.Settings.Global, returning read-only value.
W/Settings(  659): Setting airplane_mode_on has moved from android.provider.Settings.System to android.provider.Settings.Global, returning read-only value.
W/Settings(  659): Setting airplane_mode_on has moved from android.provider.Settings.System to android.provider.Settings.Global, returning read-only value.
I/Feeds   (  619): [E]setFeedCount.olddata:friendfeed=33,myfeed=0
I/Feeds   (  619): [E]setFeedCount.friendfeed=33,myfeed=0,2=45,3=1017266564
W/Settings(  659): Setting airplane_mode_on has moved from android.provider.Settings.System to android.provider.Settings.Global, returning read-only value.
W/System.err( 3088): java.net.SocketTimeoutException: failed to connect to www.google.com/59.24.3.173 (port 80) after 4000ms
W/System.err( 3088): 	at libcore.io.IoBridge.connectErrno(IoBridge.java:159)
W/System.err( 3088): 	at libcore.io.IoBridge.connect(IoBridge.java:112)
W/System.err( 3088): 	at java.net.PlainSocketImpl.connect(PlainSocketImpl.java:192)
W/System.err( 3088): 	at java.net.PlainSocketImpl.connect(PlainSocketImpl.java:459)
W/System.err( 3088): 	at java.net.Socket.connect(Socket.java:843)
W/System.err( 3088): 	at com.android.okhttp.internal.Platform.connectSocket(Platform.java:152)
W/System.err( 3088): 	at com.android.okhttp.Connection.connect(Connection.java:101)
W/System.err( 3088): 	at com.android.okhttp.internal.http.HttpEngine.connect(HttpEngine.java:294)
W/System.err( 3088): 	at com.android.okhttp.internal.http.HttpEngine.sendSocketRequest(HttpEngine.java:255)
W/System.err( 3088): 	at com.android.okhttp.internal.http.HttpEngine.sendRequest(HttpEngine.java:206)
W/System.err( 3088): 	at com.android.okhttp.internal.http.HttpURLConnectionImpl.execute(HttpURLConnectionImpl.java:345)
W/System.err( 3088): 	at com.android.okhttp.internal.http.HttpURLConnectionImpl.connect(HttpURLConnectionImpl.java:89)
W/System.err( 3088): 	at com.android.server.power.PowerManagerService.isGoogleConnectOK(PowerManagerService.java:3208)
W/System.err( 3088): 	at com.android.server.power.PowerManagerService.access$4000(PowerManagerService.java:108)
W/System.err( 3088): 	at com.android.server.power.PowerManagerService$5$1.run(PowerManagerService.java:3181)
I/wpa_supplicant(27617): wlan0: HEART-BEAT-ACK: 130
E/CommandListener( 2419): readDefRoute call readDefRoute
E/SecondaryTablController( 2419): isWifiDefaultRouteExisted /system/bin/ip route
E/CommandListener( 2419): readDefRoute Rsp ok
I/wpa_supplicant(27617): wlan0: HEART-BEAT-ACK: 131
I/CAPALiteReceiver( 3513): USER STATE: STATIONARY SUB STATE: UNKNOWN
I/wpa_supplicant(27617): wlan0: HEART-BEAT-ACK: 132
I/PushLog2551( 6821): [ReceiverDispatcher-256]read to Send:DA(android/ConnectEntity.java:120)
I/Feeds   (  619): [E]setFeedCount.olddata:friendfeed=33,myfeed=0
I/Feeds   (  619): [E]setFeedCount.friendfeed=33,myfeed=0,2=45,3=1017266564
W/Settings(  659): Setting airplane_mode_on has moved from android.provider.Settings.System to android.provider.Settings.Global, returning read-only value.
E/CommandListener( 2419): readDefRoute call readDefRoute
E/SecondaryTablController( 2419): isWifiDefaultRouteExisted /system/bin/ip route
E/CommandListener( 2419): readDefRoute Rsp ok
I/wpa_supplicant(27617): wlan0: HEART-BEAT-ACK: 133
W/Settings(  659): Setting airplane_mode_on has moved from android.provider.Settings.System to android.provider.Settings.Global, returning read-only value.
W/Settings(  659): Setting airplane_mode_on has moved from android.provider.Settings.System to android.provider.Settings.Global, returning read-only value.
W/Settings(  659): Setting airplane_mode_on has moved from android.provider.Settings.System to android.provider.Settings.Global, returning read-only value.
W/Settings(  659): Setting airplane_mode_on has moved from android.provider.Settings.System to android.provider.Settings.Global, returning read-only value.
I/wpa_supplicant(27617): wlan0: HEART-BEAT-ACK: 134
E/CommandListener( 2419): readDefRoute call readDefRoute
E/SecondaryTablController( 2419): isWifiDefaultRouteExisted /system/bin/ip route
E/CommandListener( 2419): readDefRoute Rsp ok
I/wpa_supplicant(27617): wlan0: HEART-BEAT-ACK: 135
W/Settings(  342): Setting auto_time has moved from android.provider.Settings.System to android.provider.Settings.Global, returning read-only value.
I/Feeds   (  619): [E]setFeedCount.olddata:friendfeed=33,myfeed=0
I/Feeds   (  619): [E]setFeedCount.friendfeed=33,myfeed=0,2=45,3=1017266564
W/Settings(  659): Setting airplane_mode_on has moved from android.provider.Settings.System to android.provider.Settings.Global, returning read-only value.
W/Settings(  659): Setting airplane_mode_on has moved from android.provider.Settings.System to android.provider.Settings.Global, returning read-only value.
W/Settings(  659): Setting airplane_mode_on has moved from android.provider.Settings.System to android.provider.Settings.Global, returning read-only value.
W/Settings(  659): Setting airplane_mode_on has moved from android.provider.Settings.System to android.provider.Settings.Global, returning read-only value.
W/Settings(  659): Setting airplane_mode_on has moved from android.provider.Settings.System to android.provider.Settings.Global, returning read-only value.
I/wpa_supplicant(27617): wlan0: HEART-BEAT-ACK: 136
W/Settings(  659): Setting airplane_mode_on has moved from android.provider.Settings.System to android.provider.Settings.Global, returning read-only value.
W/Settings(  659): Setting airplane_mode_on has moved from android.provider.Settings.System to android.provider.Settings.Global, returning read-only value.
W/Settings(  659): Setting airplane_mode_on has moved from android.provider.Settings.System to android.provider.Settings.Global, returning read-only value.
W/Settings(  659): Setting airplane_mode_on has moved from android.provider.Settings.System to android.provider.Settings.Global, returning read-only value.
E/CommandListener( 2419): readDefRoute call readDefRoute
E/SecondaryTablController( 2419): isWifiDefaultRouteExisted /system/bin/ip route
I/wpa_supplicant(27617): wlan0: HEART-BEAT-ACK: 137
W/Settings(  659): Setting airplane_mode_on has moved from android.provider.Settings.System to android.provider.Settings.Global, returning read-only value.
W/Settings(  659): Setting airplane_mode_on has moved from android.provider.Settings.System to android.provider.Settings.Global, returning read-only value.
W/Settings(  659): Setting airplane_mode_on has moved from android.provider.Settings.System to android.provider.Settings.Global, returning read-only value.
W/Settings(  659): Setting airplane_mode_on has moved from android.provider.Settings.System to android.provider.Settings.Global, returning read-only value.
E/CommandListener( 2419): readDefRoute Rsp ok
I/wpa_supplicant(27617): wlan0: HEART-BEAT-ACK: 138
I/Feeds   (  619): [E]setFeedCount.olddata:friendfeed=33,myfeed=0
