I/PlayerManager(20741): FadeInNormalPlay start
I/PlayerProxy(20741): setVolume leftVolume = 0.0 rightVolume = 0.0
I/AndroidPlayer(20741): setVolume leftVolume = 0.0 rightVolume = 0.0
I/ApePlayer_JAVA(20741): setVolume leftVolume = 0.0 rightVolume = 0.0
I/PlayerProxy(20741): start
I/AndroidPlayer(20741): start
I/str_params( 2427): key: 'auto_test' value: 'mode'
I/AudioFlinger( 2427): [getLowPowerApk]mLowPowerApk[1]
I/AwesomePlayer( 2427): [isLowPowerMode] isLowPowerApk[1]
I/AudioFlinger( 2427): [setLowPowerApk]mLowPowerApk[0]
E/AudioFlinger( 2427): setLppDtsGeq():invalid keyValue of dts geq.
E/AudioFlinger( 2427): setLppDtsGeq():invalid keyValue of dts geq.
W/ContextImpl(20741): Implicit intents with startService are not safe: Intent { act=com.huawei.android.airsharing.PLAYER_SERVICE } android.content.ContextWrapper.bindService:517 com.huawei.android.airsharing.client.PlayerClient.bindHwPlayerService:738 com.huawei.android.airsharing.client.PlayerClient.init:86 
E/AudioFlinger( 2427): setLppDtsGeq():invalid keyValue of dts geq.
E/AudioFlinger( 2427): setLppDtsGeq():invalid keyValue of dts geq.
I/Configurator(20770): onlineEnable :true, emotionVersion :3.0
I/PlayTimeAnalyticsHelper(20741): lastPlayTime=-1
I/audio_hw_primary( 2427): start_output_stream : mode=0, devices=2
I/PlayerProxy(20741): isPlaying = true
I/PlayerProxy(20741): setVolume leftVolume = 0.1 rightVolume = 0.1
I/AndroidPlayer(20741): setVolume leftVolume = 0.1 rightVolume = 0.1
I/ApePlayer_JAVA(20741): setVolume leftVolume = 0.1 rightVolume = 0.1
I/Mp3Tag2Info(20741): get bitmap from mp3 start 
I/MediaPlaybackService(20741): notifyChange :com.android.mediacenter.playstatechanged
I/MediaPlaybackService(20741): notifyChange state:3
I/Mp3Tag2Info(20741): get bitmap from mp3 start 
I/PlayerProxy(20741): isPlaying = true
I/PlayerProxy(20741): setVolume leftVolume = 0.2 rightVolume = 0.2
I/AndroidPlayer(20741): setVolume leftVolume = 0.2 rightVolume = 0.2
I/ApePlayer_JAVA(20741): setVolume leftVolume = 0.2 rightVolume = 0.2
E/AudioSink( 2427): received unknown event type: 1 inside CallbackWrapper !
I/MediaPlaybackService(20741): play.
I/PicAndLyricHelper(20741): autoGetLyricForLocalSong duration: 1000, isPlayerInited: true
I/PicAndLyricHelper(20741): notifyNoLyric
I/Bootstrap(20770): System startup in 104 ms.
W/PlayerManager(13541): [ PlayerManager.java: 88]clsHwSharingListener pid not found pid = 20741
I/Mp3Tag2Info(20741): get bitmap from mp3 start 
W/PlayerClient(20741): [ PlayerClient.java: 849]onEvent eventId = 2010 || EVENT_TYPE_PLAYER_SUBSCRIBE_SUCCESS
I/MusicApplication(20770): MusicApplication init.
I/Mp3Tag2Info(20741): get bitmap from mp3 start 
I/DesktopLyricService(20741): receiver registered!
I/PlayerProxy(20741): setVolume leftVolume = 1.0 rightVolume = 1.0
I/AndroidPlayer(20741): setVolume leftVolume = 1.0 rightVolume = 1.0
W/PlayerClient(20741): [ PlayerClient.java: 849]onEvent eventId = 2002 || EVENT_TYPE_PLAYER_MEDIA_STOP_PUSH_FAILED
I/DesktopLyricService(20741): onStartCommand cmd = start_by_receiver action = null
I/DesktopLyricManager(20741): scheduleCheckPlayState!
I/MediaPlaybackService(20741): onStartCommand  action: null, cmd: null
I/MediaPlaybackService(20741): onBind
I/ApePlayer_JAVA(20741): setVolume leftVolume = 1.0 rightVolume = 1.0
I/PlayerProxy(20741): start
I/AndroidPlayer(20741): start
I/PlayTimeAnalyticsHelper(20741): lastPlayTime=1499852025399
I/PlayTimeAnalyticsHelper(20741): usingTimeStr:0.21
I/DownloadManagerService(20770): onCreate
W/System.err( 3088): java.lang.SecurityException: WifiService: Neither user 10050 nor current process has android.permission.CHANGE_WIFI_STATE.
W/System.err( 3088): 	at android.app.ContextImpl.enforce(ContextImpl.java:1775)
W/System.err( 3088): 	at android.app.ContextImpl.enforceCallingOrSelfPermission(ContextImpl.java:1804)
W/System.err( 3088): 	at com.android.server.wifi.WifiService.enforceChangePermission(WifiService.java:636)
W/System.err( 3088): 	at com.android.server.wifi.WifiService.getWifiServiceMessenger(WifiService.java:1285)
W/System.err( 3088): 	at android.net.wifi.IWifiManager$Stub.onTransact(IWifiManager.java:423)
W/System.err( 3088): 	at huawei.com.android.server.wifi.HwWifiService.onTransact(HwWifiService.java:58)
W/System.err( 3088): 	at android.os.Binder.execTransact(Binder.java:404)
W/System.err( 3088): 	at dalvik.system.NativeStart.run(Native Method)
I/DownloadingLogic(20770): downloadlogic start 
I/DownloadedSongHelperService(20770): startLoaderData start 
I/DownloadedSongHelperService(20770): onCreate.
I/DownloadingLogic(20770): download service connected
I/MusicProvider(20770): MediaCenterProvider       -------->  tableName uri = content://mediacenter/external/download/list
I/MusicProvider(20770): MediaCenterProvider       -------->  BaseProvider  is null  in query function!
I/MusicProvider(20770): MediaCenterProvider       -------->  tableName uri = content://mediacenter/external/audio/static
I/MusicProvider(20770): MediaCenterProvider       -------->  BaseProvider  is null  in query function!
I/DownloadedSongHelperService(20770): startLoaderData end 
I/MediaSyncService(20741): synchronizeData() started
I/MediaSyncService(20741): sd file path=/storage/sdcard1/Music/Sarah Connor;Natural-Just One Last Dance.mp3 file.exists()=true
I/MediaSyncService(20741): update count=0||sdcardExists flag=1||prePath=/storage/sdcard1
I/MusicProvider(20741): MediaCenterProvider       -------->  tableName uri = content://mediacenter/external/audio/info/static
I/MusicProvider(20741): MediaCenterProvider       -------->  BaseProvider  is null  in query function!
I/MediaSyncService(20741): mSongCache.size()=13
I/MediaSyncService(20741): provider music count=13
I/MusicProvider(20741): MediaCenterProvider       -------->  tableName uri = content://mediacenter/external/playlist/1/members
I/DesktopLyricManager(20741): checkStateChanged isOnlinePreparing = false isPlaying = true
I/DesktopLyricManager(20741): scheduleHideLyricView !
I/DesktopLyricProcessor(20741): scheduleRefreshLyric song = goldfallen
I/DesktopLyricManager(20741): performHideLyricView ! mIsLyricViewAdded = false
I/MediaSyncService(20741): songs deleted size:0
I/MediaSyncService(20741): synchronizeData() end 2  deletedCount=0
I/MediaSyncService(20741): addAudios.length=0 deleteAudios.length=0 updateAudios.length=0
E/Lyric   (20741): parseLyricFile null == file
E/DesktopLyricProcessorTrc(20741): get lyric failed song = goldfallen
I/DesktopLyricManager(20741): scheduleShowLyricView delay = false
I/DesktopLyricManager(20741): canShowLyric switchOn = false isBackGround = true mIsLyricViewAdded = false isPlaying = true isPreparing = false isUserPresent = true
E/CommandListener( 2419): readDefRoute call readDefRoute
E/SecondaryTablController( 2419): isWifiDefaultRouteExisted /system/bin/ip route
I/MediaPlaybackService(20741): track end next oneshot :false, isPlaying:true
I/BaseQueuePlaybackService(20741): next, force:false
I/BaseQueueManager(20741): next force:false
I/PlayerProxy(20741): isPlaying = false
I/MediaPlaybackService(20741): handleMessage TRACK_ENDED, send PlayActions.PLAYBACK_COMPLETE 3
I/MediaPlaybackService(20741): notifyChange :com.android.mediacenter.playbackcomplete
I/DesktopLyricService(20741): received broadcast action = com.android.mediacenter.playbackcomplete
I/DesktopLyricManager(20741): scheduleHideLyricView !
I/DesktopLyricManager(20741): performHideLyricView ! mIsLyricViewAdded = false
I/MediaPlaybackService(20741):  OPEN_PLAY
I/MediaPlaybackService(20741): openWithDlnaCheck
I/PlayerProxy(20741): isPlaying = false
I/MediaPlaybackService(20741): stop removeIcon: false
I/MusicOnlinePlayer(20741): stopDownload
I/PlayerProxy(20741): reset
I/AndroidPlayer(20741): reset
I/MediaPlaybackService(20741): openCurrent pos:2, len :13
I/MediaPlaybackService(20741): stop removeIcon: false
I/MusicOnlinePlayer(20741): stopDownload
I/PlayerProxy(20741): reset
I/AndroidPlayer(20741): reset
I/PlayerProxy(20741): setAudioStreamType streamtype = 3
I/AndroidPlayer(20741): setAudioStreamType streamtype = 3
I/ApePlayer_JAVA(20741): setAudioStreamType streamtype = 3
I/PlayerProxy(20741): setDataSource path = /system/media/Pre-loaded/Music/Hit_Da_Stylin.mp3
I/AndroidPlayer(20741): setDataSource path = /system/media/Pre-loaded/Music/Hit_Da_Stylin.mp3
I/PlayerProxy(20741): prepareAsync
I/AndroidPlayer(20741): prepareAsync
I/MediaPlaybackService(20741): notifyChange :com.android.mediacenter.metachanged
E/MediaPlayer(20741): Should have subtitle controller already set
I/AndroidPlayer(20741): onPrepared
I/MediaPlaybackService(20741): autoPlay
I/MediaPlaybackService(20741): play...
I/MediaFocusControl( 3088):  AudioFocus  requestAudioFocus() from android.media.AudioManager@4375faf0com.android.mediacenter.localmusic.services.BasePlaybackService$1@4374b6b8
I/AudioManager(20741): requestAudioFocus() status : 1
I/AudioManager(20741): requestAudioFocus() apk    : com.android.mediacenter
I/AudioManager(20741): requestAudioFocus() isLpa true
I/AudioFlinger( 2427): [setLowPowerApk]mLowPowerApk[1]
I/AudioManager(20741): packageName = :    com.android.mediacenter
W/ContextImpl(20741): Implicit intents with startService are not safe: Intent { act=com.huawei.internetaudioservice.autoaction (has extras) } android.media.AudioManager.updateTargetInService:2212 android.media.AudioManager.registerMediaButtonEventReceiver:2193 com.android.mediacenter.localmusic.services.BasePlaybackService.start:269 
I/MediaFocusControl( 3088):   Remote Control   registerMediaButtonIntent() for PendingIntent{44ca5170: PendingIntentRecord{445af2a0 com.android.mediacenter broadcastIntent}}
W/dalvikvm(20698): threadid=1: thread exiting with uncaught exception (group=0x41a63c50)
I/Process ( 3088): Sending signal. PID: 20698 SIG: 9
I/logserver( 2435): Object Path:/data/system/dropbox/, mask=0x00000080
I/logserver( 2435): event->len=48, name=data_app_crash@1499852026722.txt
I/logserver( 2435): find_first_match: find match, plogs(type=1, pfile=/data/system/dropbox/, match=app_crash)
I/logserver( 2435): move_dir:src_path=/data/log/dbox/appdbg/logcache
I/logserver( 2435): move_dir:dst_path=/data/log/logcache/14677792/
I/logserver( 2435): is_all_ready, any file is ready in non-keyfile exception.
I/logserver( 2435): extract_appname, forward search, appname=com.example.monkey
I/logserver( 2435): archive_and_send, pos=0, type=crash, output=20170712173346_crash
I/logserver( 2435): ---copy_match_files enter!!--
I/logserver( 2435): [copy_match_files,829]: copy [/data/system/dropbox/data_app_crash@1499852026722.txt] to [/data/log/logcache/14677792/data_app_crash@1499852026722.txt]
I/logserver( 2435): internal_archive, argc=7
I/logserver( 2435): get_fault_appname, appname=com.example.monkey
I/logserver( 2435): handle_archive_exception, argc=7
I/logserver( 2435): get alarm time = 97115 (sec.)!
I/logserver( 2435): log_apr_add_record open file:/data/log/apr/H60-L02_V100R001CHNC00B316_DU2TAN15AJ049163_20170111211033_statistics
I/logserver( 2435): move_input_files, create dir [/data/log/unzip/H60-L02_V100R001CHNC00B316_DU2TAN15AJ049163_20170712173346_crash]
I/logserver( 2435): copy_file_to_dir, /data/log/logcache/14677792/data_app_crash@1499852023642.txt -> /data/log/unzip/H60-L02_V100R001CHNC00B316_DU2TAN15AJ049163_20170712173346_crash
I/logserver( 2435): copy_file_to_dir, /data/log/logcache/14677792/data_app_crash@1499852026722.txt -> /data/log/unzip/H60-L02_V100R001CHNC00B316_DU2TAN15AJ049163_20170712173346_crash
I/logserver( 2435): copy_file_to_dir, /data/log/logcache/14677792/finger.txt -> /data/log/unzip/H60-L02_V100R001CHNC00B316_DU2TAN15AJ049163_20170712173346_crash
I/logserver( 2435): init_notify_fifo, before change /data/log/logcontrol owner
I/logserver( 2435): Process 2586 opening FIFO for O_WRONLY
I/logserver( 2435): Process 2586 opened fifo(19)
I/logserver( 2435): notify_logcontrol, 2586 sent /data/log/unzip/H60-L02_V100R001CHNC00B316_DU2TAN15AJ049163_20170712173346_crash 
I/logserver( 2435): check_dir_size, dir[/data/log/coredump/] doesn't exist
I/logserver( 2435): thread_logcontrol, select ret = 1
I/logserver( 2435): clean_cur_cache:962, system(rm -r /data/log/logcache/14677792/* > /dev/null 2>&1)
I/logserver( 2435): handle_notify_event, read res = 324, client pid = 2586, data=/data/log/unzip/H60-L02_V100R001CHNC00B316_DU2TAN15AJ049163_20170712173346_crash
I/logserver( 2435): build_notify_string,ModuleName = com.example.monkey
I/logserver( 2435): build_notify_string,product name = H60-L02
I/logserver( 2435): handle_notify_event, send msg [submit:trigger=0,bugtype=2,modulename=com.example.monkey,level=1,testtype=NORMAL,path=/data/log/unzip/H60-L02_V100R001CHNC00B316_DU2TAN15AJ049163_20170712173346_crash;]
I/logserver( 2435): send_to_client, send to (18) res = 167
E/SubmitMessage( 3448): Submit string: submit:trigger=0,bugtype=2,modulename=com.example.monkey,level=1,testtype=NORMAL,path=/data/log/unzip/H60-L02_V100R001CHNC00B316_DU2TAN15AJ049163_20170712173346_crash
I/logserver( 2435): Object Path:/data/log/apr/, mask=0x00000008
I/logserver( 2435): event->len=80, name=H60-L02_V100R001CHNC00B316_DU2TAN15AJ049163_20170111211033_statistics
I/logserver( 2435): process_one_event, can not find this event(H60-L02_V100R001CHNC00B316_DU2TAN15AJ049163_20170111211033_statistics)
I/logserver( 2435): clean_cur_cache:962, system(rm -r /data/log/logcache/14677792/* > /dev/null 2>&1)
I/MediaPlaybackService(20741): notifyChange :com.android.mediacenter.playstatechanged
I/MediaPlaybackService(20741): notifyChange state:3
W/PlayerClient(20741): [ PlayerClient.java: 849]onEvent eventId = 2002 || EVENT_TYPE_PLAYER_MEDIA_STOP_PUSH_FAILED
I/LogServiceSetting( 3448): checkMemorydumpByPath: filePath is /storage/emulated/legacy/bugreports/ramdump
I/LogServiceSetting( 3448): CheckMemorydumpByPath: /storage/emulated/legacy/bugreports/ramdumpis not exist.
I/LogServiceSetting( 3448): checkMemorydumpByPath: filePath is /storage/sdcard1/bugreports/ramdump
I/LogServiceSetting( 3448): CheckMemorydumpByPath: /storage/sdcard1/bugreports/ramdumpis not exist.
I/dalvikvm-heap(20741): Grow heap (frag case) to 31.152MB for 1166416-byte allocation
I/LogCollectService( 3448): getUploadingFiles, file: /splash2/log/LogService/uploading/H60-L02_V100R001CHNC00B316_ibgZsLcTwUwjRUfS$bGYj62+s7PQIV7+$RXAj5TCoig=_20160510234552428__ALL_COMMERCIAL.zip
I/LogCollectService( 3448): getUploadingFiles, file: /splash2/log/LogService/uploading/failed
I/LogCollectService( 3448): getUploadingFiles, file: /splash2/log/LogService/uploading/H60-L02_V100R001CHNC00B316_ibgZsLcTwUwjRUfS$bGYj62+s7PQIV7+$RXAj5TCoig=_20160915112655300__ALL_COMMERCIAL.zip
I/LogCollectService( 3448): getUploadingFiles, file: /splash2/log/LogService/uploading/H60-L02_V100R001CHNC00B316_ibgZsLcTwUwjRUfS$bGYj62+s7PQIV7+$RXAj5TCoig=_20170406070746175__ALL_COMMERCIAL.zip
I/LogCollectService( 3448): getUploadingFiles, file: /splash2/log/LogService/uploading/H60-L02_V100R001CHNC00B316_ibgZsLcTwUwjRUfS$bGYj62+s7PQIV7+$RXAj5TCoig=_20170410222608337__ALL_COMMERCIAL.zip
I/PackageLogInfoManager( 3448): checkPackageLogState
I/PlayerProxy(20741): setVolume leftVolume = 1.0 rightVolume = 1.0
I/AndroidPlayer(20741): setVolume leftVolume = 1.0 rightVolume = 1.0
I/ApePlayer_JAVA(20741): setVolume leftVolume = 1.0 rightVolume = 1.0
I/PlayerProxy(20741): start
I/AndroidPlayer(20741): start
I/str_params( 2427): key: 'auto_test' value: 'mode'
I/AudioFlinger( 2427): [getLowPowerApk]mLowPowerApk[1]
I/AwesomePlayer( 2427): [isLowPowerMode] isLowPowerApk[1]
I/AudioFlinger( 2427): [setLowPowerApk]mLowPowerApk[0]
I/LowPowerPlayer( 2427): AudioFlingerLPPlayerClient()
I/LowPowerPlayer( 2427): Registering client with AudioFlinger
I/AudioFlinger( 2427): registerClient pid 20741 exit, removeold -1210210240
I/LowPowerPlayer( 2427): mime = audio/mpeg
I/LowPowerPlayer( 2427): create MP3FileExtractor
I/LowPowerPlayer( 2427): isSeeking()
I/LowPowerPlayer( 2427): start()
I/LowPowerPlayer( 2427): startHiFiPlay():startPosUs is 0
I/LowPowerPlayer( 2427): readAudioFile():mMemFileSize = 524288,mMemStartPosUs = 0, mMemEndPosUs = 16384000, startPosUs = 0
I/LowPowerPlayer( 2427): startHiFiPlay():startOutput
E/AudioFlinger( 2427): setLppDtsGeq():invalid keyValue of dts geq.
I/audio_hw_primary( 2427): do_output_startup_lpp-----out->standby_lpp: 1, out->standby: 0
I/LowPowerPlayer( 2427): [startHiFiPlay]line[651]startLowPowerOutput,error[0]
I/LowPowerPlayer( 2427): startHiFiPlay():send data to HiFi! size = 524288
I/LowPowerPlayer( 2427): startHiFiPlay():cpyInfo: memAddr = 0xb218a000
I/LowPowerPlayer( 2427): startHiFiPlay():startInfo: startPosSize = 0, hasSecondMem = 0, mime = 0
I/LowPowerPlayer( 2427): startHiFiPlay():sampleRate = 44100, outputDevices = 2, totalFileSize = 6089432
I/LowPowerPlayer( 2427): HiFi listening thread [b7e29e98] create success !
I/PlayTimeAnalyticsHelper(20741): lastPlayTime=1499852025609
I/PlayTimeAnalyticsHelper(20741): usingTimeStr:1.26
I/LowPowerPlayer( 2427): ThreadEntry(): threadID[b7e29e98] locked
I/HwLauncher( 3556): DynamicIcon onWindowVisibilityChanged 4 - com.android.deskclock
I/HwLauncher( 3556): DynamicIcon onWindowVisibilityChanged 4 - com.huawei.android.totemweather
I/HwLauncher( 3556): Launcher onStart()
I/HwLauncher( 3556): Launcher dynamicIconsRegister
I/HwLauncher( 3556): DynamicUpdater registerReceiver
I/HwLauncher( 3556): DynamicUpdater call updateFolder
I/HwLauncher( 3556): DynamicIcon onResume  isvisible = false   mAttachedToWindow:true    mWindowVisible:falsecom.android.deskclock
I/HwLauncher( 3556): DynamicUpdater registerReceiver
I/HwLauncher( 3556): DynamicUpdater call updateFolder
I/HwLauncher( 3556): DynamicIcon onResume  isvisible = true   mAttachedToWindow:false    mWindowVisible:falsecom.android.calendar
I/HwLauncher( 3556): DynamicUpdater registerReceiver
I/HwLauncher( 3556): DynamicUpdater call updateFolder
I/HwLauncher( 3556): WeatherDynamicUpdaterpositiveUpdate at WeatherDynamicUpdater
I/HwLauncher( 3556): DynamicIcon onResume  isvisible = false   mAttachedToWindow:true    mWindowVisible:falsecom.huawei.android.totemweather
I/HwLauncher( 3556): Launcher onResume()
I/HwLauncher( 3556): Launcher doResumeWork()
W/MotionDetectionManager( 3556): startMotionAppsReco motionApps: 402 disabled
W/HwLauncher( 3556): Launcher.MotionManager failed to start TYPE_SHAKE_CHANGE_WALLPAPER
I/HwLauncher( 3556): Launcher.MotionManager startShakeMotion mIsShakeInHome=true
W/MotionDetectionManager( 3556): startMotionAppsReco motionApps: 404 disabled
W/HwLauncher( 3556): Launcher.MotionManager failed to start TYPE_SHAKE_START_PRIVACY
I/HwLauncher( 3556): Launcher changeNaviBarStatus
W/HwLauncher( 3556): Launcher  updateMarginLayoutParamsForView:the target view is null.
I/HwLauncher( 3556): Launcher  onResume mIsToUninstallApp = false
I/HwLauncher( 3556): DynamicIcon onVisibilityChanged 0 - com.android.deskclock
I/HwLauncher( 3556): DynamicIcon onVisibilityChanged 0 - com.huawei.android.totemweather
I/HwLauncher( 3556): DynamicIcon onWindowVisibilityChanged 0 - com.android.deskclock
I/HwLauncher( 3556): DynamicIcon onWindowVisibilityChanged 0 - com.huawei.android.totemweather
I/MediaPlaybackService(20741): play.
I/PicAndLyricHelper(20741): autoGetLyricForLocalSong duration: 127130, isPlayerInited: true
I/PicAndLyricHelper(20741): checkLocalPicAndLyric...
I/DesktopLyricService(20741): received broadcast action = com.android.mediacenter.metachanged
I/DesktopLyricService(20741): received broadcast action = com.android.mediacenter.playstatechanged
I/DesktopLyricManager(20741): checkStateChanged isOnlinePreparing = false isPlaying = true
I/DesktopLyricManager(20741): scheduleHideLyricView !
I/DesktopLyricProcessor(20741): scheduleRefreshLyric song = Hit Da Stylin'
I/DesktopLyricManager(20741): performHideLyricView ! mIsLyricViewAdded = false
I/HwLauncher( 3556): WeatherDynamicUpdaterreceive action = com.huawei.android.action.launcher_weather_icon_change
I/HwLauncher( 3556): WeatherDynamicUpdaterreceiver data is int[] = [0, 0]
I/HwLauncher( 3556):  stringArray[] [unknown]
I/HwLauncher( 3556): ShortcutsProvider updateData: search n in Appliactions use time: 0
I/PicAndLyricHelper(20741): isAutoGet: false, isNetConn: true, hasLyric: false
I/PicAndLyricHelper(20741): checkLocalPicAndLyric.
W/Binder  ( 3411): Caught a RuntimeException from the binder stub implementation.
W/Binder  ( 3411): java.lang.NullPointerException
W/Binder  ( 3411): 	at android.inputmethodservice.IInputMethodWrapper.setSessionEnabled(IInputMethodWrapper.java:280)
W/Binder  ( 3411): 	at com.android.internal.view.IInputMethod$Stub.onTransact(IInputMethod.java:129)
W/Binder  ( 3411): 	at android.os.Binder.execTransact(Binder.java:404)
W/Binder  ( 3411): 	at dalvik.system.NativeStart.run(Native Method)
W/System.err( 3411): java.lang.NullPointerException
W/System.err( 3411): 	at android.inputmethodservice.IInputMethodWrapper.setSessionEnabled(IInputMethodWrapper.java:280)
W/System.err( 3411): 	at com.android.internal.view.IInputMethod$Stub.onTransact(IInputMethod.java:129)
W/System.err( 3411): 	at android.os.Binder.execTransact(Binder.java:404)
W/System.err( 3411): 	at dalvik.system.NativeStart.run(Native Method)
E/Lyric   (20741): parseLyricFile null == file
E/DesktopLyricProcessorTrc(20741): get lyric failed song = Hit Da Stylin'
I/DesktopLyricManager(20741): scheduleShowLyricView delay = false
I/DesktopLyricManager(20741): canShowLyric switchOn = false isBackGround = true mIsLyricViewAdded = false isPlaying = true isPreparing = false isUserPresent = true
I/HwLauncher( 3556): ShortcutsProvider updateData: search n in Contacts use time: 36 i 0 ComponentName: ComponentInfo{com.android.contacts/com.android.contacts.activities.PeopleActivity}
I/HwLauncher( 3556): ShortcutsProvider updateData: search n in Contacts use time: 27 i 1 ComponentName: ComponentInfo{com.android.browser/com.android.browser.BookmarkSearch}
W/Settings(  659): Setting airplane_mode_on has moved from android.provider.Settings.System to android.provider.Settings.Global, returning read-only value.
I/HwLauncher( 3556): ShortcutsProvider updateData: search n in Contacts use time: 49 i 2 ComponentName: ComponentInfo{com.android.contacts/com.android.mms.ui.SearchActivity}
I/HwEmailTag(23570): GlobalSearchProvider->handleGlobalSearch->uri:content://com.android.email.provider/globalSearch?limit=50&globalSearchKey=n;prefixglobalsearch
I/HwEmailTag(23570): EmailProvider->globalSearch:selection:n; limit:50;prefixglobalsearch
I/HwEmailTag(23570): EmailProvider->globalSearch:searchWhere:_id in () ;prefixglobalsearch
I/HwEmailTag(23570): EmailProvider->query->Query: content://com.android.email.provider/globalSearch?limit=50&globalSearchKey=n; start:1499852027137; consuming:3ms;ms;avg:15.666666666666666ms; max:182ms; counter:21
I/HwLauncher( 3556): ShortcutsProvider updateData: search n in Contacts use time: 17 i 3 ComponentName: ComponentInfo{com.android.email/com.android.email.activity.GlobalSearchDetail}
I/HwLauncher( 3556): ShortcutsProvider updateData: search n in Contacts use time: 15 i 4 ComponentName: ComponentInfo{com.android.calendar/com.android.calendar.hap.GlobalSearchSupport}
I/HwLauncher( 3556): ShortcutsProvider updateData: search n in Contacts use time: 84 i 5 ComponentName: ComponentInfo{com.android.mediacenter/com.android.mediacenter.ui.local.search.LocalSearchActivity}
E/CommandListener( 2419): readDefRoute Rsp ok
I/HwLauncher( 3556): ShortcutsProvider updateData: search n in Contacts use time: 181 i 6 ComponentName: ComponentInfo{com.example.android.notepad/com.example.android.notepad.NoteEditor}
W/System.err( 3088): java.lang.SecurityException: Permission Denial: opening provider com.android.calendar.CalendarRecentSuggestionsProvider from ProcessRecord{440877b0 3556:com.huawei.android.launcher/u0a49} (pid=3556, uid=10049) that is not exported from uid 10027
W/System.err( 3088): 	at com.android.server.am.ActivityManagerService.getContentProviderImpl(ActivityManagerService.java:8158)
W/System.err( 3088): 	at com.android.server.am.ActivityManagerService.getContentProvider(ActivityManagerService.java:8335)
W/System.err( 3088): 	at android.app.ActivityManagerNative.onTransact(ActivityManagerNative.java:704)
W/System.err( 3088): 	at com.android.server.am.ActivityManagerService.onTransact(ActivityManagerService.java:2282)
W/System.err( 3088): 	at huawei.com.android.server.am.HwActivityManagerService.onTransact(HwActivityManagerService.java:173)
W/System.err( 3088): 	at android.os.Binder.execTransact(Binder.java:404)
W/System.err( 3088): 	at dalvik.system.NativeStart.run(Native Method)
E/HwLauncher( 3556): exception happen at getSuggestions, the sableInfo is com.android.calendar and the exception is java.lang.SecurityException: Permission Denial: opening provider com.android.calendar.CalendarRecentSuggestionsProvider from ProcessRecord{440877b0 3556:com.huawei.android.launcher/u0a49} (pid=3556, uid=10049) that is not exported from uid 10027
I/HwLauncher( 3556): ShortcutsProvider  BubbleInfo init com.huawei.android.launcher.search.ShortcutsProvider@43973058 
I/HwLauncher( 3556): ShortcutsProvider updateData: search n in Contacts use time: 15 i 7 ComponentName: ComponentInfo{com.android.calendar/com.android.calendar.SearchActivity}
W/DynamiteModule(15717): Local module descriptor class for com.google.android.gms.googlecertificates not found.
W/GooglePlayServicesUtil(15717): Google Play Store is missing.
I/DynamiteModule(15717): Considering local module com.google.android.gms.googlecertificates:0 and remote module com.google.android.gms.googlecertificates:0
E/GoogleCertificates(15717): Failed to load com.google.android.gms.googlecertificates: No acceptable module found. Local version is 0 and remote version is 0.
W/DynamiteModule(15717): Local module descriptor class for com.google.android.gms.googlecertificates not found.
W/GooglePlayServicesUtil(15717): Google Play Store is missing.
I/DynamiteModule(15717): Considering local module com.google.android.gms.googlecertificates:0 and remote module com.google.android.gms.googlecertificates:0
E/GoogleCertificates(15717): Failed to load com.google.android.gms.googlecertificates: No acceptable module found. Local version is 0 and remote version is 0.
I/PhoneStatusBar( 3296): hw_status_bar_operators = true, setSystemUIVisibily(SHOW_OPERATOR = false)
I/wpa_supplicant(27617): wlan0: HEART-BEAT-ACK: 230
E/chromium(15717): [ERROR:android_provider_backend.cc(860)] Can not find favicon's page url
I/InputDispatcher( 3088): maybe input dispatch timeout, send to pg
E/chromium(15717): [ERROR:android_provider_backend.cc(860)] Can not find favicon's page url
E/chromium(15717): [ERROR:android_provider_backend.cc(860)] Can not find favicon's page url
E/chromium(15717): [ERROR:android_provider_backend.cc(860)] Can not find favicon's page url
E/chromium(15717): [ERROR:android_provider_backend.cc(860)] Can not find favicon's page url
E/chromium(15717): [ERROR:android_provider_backend.cc(860)] Can not find favicon's page url
W/Settings( 3088): Setting device_provisioned has moved from android.provider.Settings.Secure to android.provider.Settings.Global.
E/Thermal-daemon( 2433): [pa_0] temp_new :35  temp_old :34
E/Thermal-daemon( 2433): [ap] temp_new :37  temp_old :36
E/Thermal-daemon( 2433): Report temperature: [ap] temp :37  report_threshold:1
I/HwLauncher( 3556): ShortcutsProvider updateData: search n in Contacts use time: 498 i 8 ComponentName: ComponentInfo{com.android.chrome/com.google.android.apps.chrome.Main}
W/System.err(23535): java.lang.SecurityException: permission denial for caller uid:10049 caller package:com.huawei.android.launcher uri: content://com.evernote.evernoteprovider/search_suggest_query/n?limit=50
W/System.err(23535): 	at com.evernote.provider.EvernoteProvider.a(EvernoteProvider.java:9658)
W/System.err(23535): 	at com.evernote.provider.EvernoteProvider.query(EvernoteProvider.java:1960)
W/System.err(23535): 	at android.content.ContentProvider.query(ContentProvider.java:857)
W/System.err(23535): 	at android.content.ContentProvider$Transport.query(ContentProvider.java:200)
W/System.err(23535): 	at android.content.ContentProviderNative.onTransact(ContentProviderNative.java:112)
W/System.err(23535): 	at android.os.Binder.execTransact(Binder.java:404)
W/System.err(23535): 	at dalvik.system.NativeStart.run(Native Method)
E/DatabaseUtils(23535): Writing exception to parcel
E/DatabaseUtils(23535): java.lang.SecurityException: permission denial for caller uid:10049 caller package:com.huawei.android.launcher uri: content://com.evernote.evernoteprovider/search_suggest_query/n?limit=50
E/DatabaseUtils(23535): 	at com.evernote.provider.EvernoteProvider.a(EvernoteProvider.java:9658)
E/DatabaseUtils(23535): 	at com.evernote.provider.EvernoteProvider.query(EvernoteProvider.java:1960)
E/DatabaseUtils(23535): 	at android.content.ContentProvider.query(ContentProvider.java:857)
E/DatabaseUtils(23535): 	at android.content.ContentProvider$Transport.query(ContentProvider.java:200)
E/DatabaseUtils(23535): 	at android.content.ContentProviderNative.onTransact(ContentProviderNative.java:112)
E/DatabaseUtils(23535): 	at android.os.Binder.execTransact(Binder.java:404)
E/DatabaseUtils(23535): 	at dalvik.system.NativeStart.run(Native Method)
E/HwLauncher( 3556): exception happen at getSuggestions, the sableInfo is com.evernote and the exception is java.lang.SecurityException: permission denial for caller uid:10049 caller package:com.huawei.android.launcher uri: content://com.evernote.evernoteprovider/search_suggest_query/n?limit=50
I/HwLauncher( 3556): ShortcutsProvider  BubbleInfo init com.huawei.android.launcher.search.ShortcutsProvider@43973058 
I/HwLauncher( 3556): ShortcutsProvider updateData: search n in Contacts use time: 32 i 9 ComponentName: ComponentInfo{com.evernote/com.evernote.ui.GoogleSearchResultRedirectActivity}
I/PhoneStatusBar( 3296): hw_status_bar_operators = true, setSystemUIVisibily(SHOW_OPERATOR = false)
W/Settings( 3296): Setting airplane_mode_on has moved from android.provider.Settings.System to android.provider.Settings.Global, returning read-only value.
I/AndroidRuntime(20648): VM exiting with result code 0.
I/PhoneStatusBar( 3296): hw_status_bar_operators = true, setSystemUIVisibily(SHOW_OPERATOR = false)
I/DownloadedSongHelperService(20770): startLoaderData start 
I/MusicProvider(20770): MediaCenterProvider       -------->  tableName uri = content://mediacenter/external/audio/static
I/MusicProvider(20770): MediaCenterProvider       -------->  BaseProvider  is null  in query function!
I/DownloadedSongHelperService(20770): startLoaderData end 
I/DownloadedSongHelperService(20770): startLoaderData start 
I/MusicProvider(20770): MediaCenterProvider       -------->  tableName uri = content://mediacenter/external/audio/static
I/MusicProvider(20770): MediaCenterProvider       -------->  BaseProvider  is null  in query function!
I/DownloadedSongHelperService(20770): startLoaderData end 
W/Settings( 3296): Setting airplane_mode_on has moved from android.provider.Settings.System to android.provider.Settings.Global, returning read-only value.
W/Settings( 3088): Setting device_provisioned has moved from android.provider.Settings.Secure to android.provider.Settings.Global.
I/PhoneStatusBar( 3296): hw_status_bar_operators = true, setSystemUIVisibily(SHOW_OPERATOR = false)
W/Settings( 3296): Setting airplane_mode_on has moved from android.provider.Settings.System to android.provider.Settings.Global, returning read-only value.
E/android_hardware_fm.cpp(20895): register_android_hardware_fm_fmradio
E/FM_HAL  (20895): [FM_HAL], fm_dynamic_lib is libbcmfm_if
E/FM_HAL  (20895): [FM_HAL], libname is libbcmfm_if
E/fm_if.c (20895): find the id:libbcmfm_if and begins to open the devices
E/android_hardware_fm.cpp(20895): register_android_hardware_fm_fmradio, ret is 0
E/        (20895): ProtocolErrorLog wangkang test!!
I/MediaPlaybackService(20741): onStartCommand  action: com.android.mediacenter.musicservicecommand.close, cmd: null
I/MusicApplication(20741): Exit Music client...
I/MusicApplication(20741): Exit Music client.
I/BaseQueuePlaybackService(20741): mIntentReceiver onReceive action:com.android.mediacenter.musicservicecommand.close, cmd:null
I/MediaPlaybackService(20741): onUnbind
I/QueueManager(20741): saveQueue playlistId : mCurrentPlayPlaylistId :-999, savedCount :13, playingId :70848
I/MusicApplication(20770): Stop current process...
I/MusicApplication(20770): Stop current process.
I/BaseQueuePlaybackService(20741): doClean
I/MediaPlaybackService(20741): doClean
I/MediaPlaybackService(20741): stop removeIcon: true
I/MusicOnlinePlayer(20741): stopDownload
I/PlayerProxy(20741): reset
I/AndroidPlayer(20741): reset
I/LowPowerPlayer( 2427): ~LowPowerPlayer()
I/LowPowerPlayer( 2427): reset():begin, mReachedEOS: 0
I/LowPowerPlayer( 2427): reset():pauseHiFiPlay
I/LowPowerPlayer( 2427): pauseHiFiPlay()
I/LowPowerPlayer( 2427): pauseHiFiPlay():playPendingSamples = 1, pauseSizePos = 118700, mPauseTimeUs = 3709375
I/AudioFlinger( 2427): stopLowPowerOutput():setParameters
I/LowPowerPlayer( 2427): [pauseHiFiPlay]line[729]stopLowPowerOutput,error[0]
I/LowPowerPlayer( 2427): ThreadEntry():msgId = dd56 ,noticeType = 3 ,threadID[-1209885032]
I/LowPowerPlayer( 2427): ThreadEntry(): threadID[b7e29e98] unlocked
I/AudioFlinger( 2427): registerClient pid 20741 exit, removeold -1210234960
I/MediaPlaybackService(20741): gotoIdleState()
I/MediaPlaybackService(20741): notifyChange :com.android.mediacenter.closeplayback
I/CAEngineHelper(20741): CAEngine unregister CAEngineReceiver
I/MediaFocusControl( 3088):   Remote Control   unregisterMediaButtonIntent() for PendingIntent{44719bf8: PendingIntentRecord{445af2a0 com.android.mediacenter broadcastIntent}}
I/MediaFocusControl( 3088):  AudioFocus  abandonAudioFocus() from android.media.AudioManager@4375faf0com.android.mediacenter.localmusic.services.BasePlaybackService$1@4374b6b8
W/MessageQueue( 3296): Handler (android.media.AudioManager$FocusEventHandlerDelegate$1) {461eb7e0} sending message to a Handler on a dead thread
W/MessageQueue( 3296): java.lang.RuntimeException: Handler (android.media.AudioManager$FocusEventHandlerDelegate$1) {461eb7e0} sending message to a Handler on a dead thread
W/MessageQueue( 3296): 	at android.os.MessageQueue.enqueueMessage(MessageQueue.java:320)
W/MessageQueue( 3296): 	at android.os.Handler.enqueueMessage(Handler.java:626)
W/MessageQueue( 3296): 	at android.os.Handler.sendMessageAtTime(Handler.java:595)
W/MessageQueue( 3296): 	at android.os.Handler.sendMessageDelayed(Handler.java:566)
W/MessageQueue( 3296): 	at android.os.Handler.sendMessage(Handler.java:503)
W/MessageQueue( 3296): 	at android.media.AudioManager$1.dispatchAudioFocusChange(AudioManager.java:2013)
W/MessageQueue( 3296): 	at android.media.IAudioFocusDispatcher$Stub.onTransact(IAudioFocusDispatcher.java:57)
W/MessageQueue( 3296): 	at android.os.Binder.execTransact(Binder.java:404)
W/MessageQueue( 3296): 	at dalvik.system.NativeStart.run(Native Method)
I/MusicOnlinePlayer(20741): stopDownload
I/PlayerProxy(20741): release
I/AndroidPlayer(20741): release
I/ApePlayer_JAVA(20741): release!
I/APE_JNI (20741): release
I/PlayTimeAnalyticsHelper(20741): lastPlayTime=1499852026869
I/PlayTimeAnalyticsHelper(20741): usingTimeStr:3.70
I/DesktopLyricService(20741): receiver unRegistered!
I/MusicApplication(20741): Stop current process...
I/MusicApplication(20741): Stop current process.
I/Process (20770): Sending signal. PID: 20770 SIG: 9
I/logserver( 2435): Object Path:/data/system/dropbox/, mask=0x00000080
I/logserver( 2435): event->len=48, name=system_server_wtf@1499852030926.txt
I/logserver( 2435): find_first_match: find match, plogs(type=2, pfile=/data/system/dropbox/, match=_wtf)
I/logserver( 2435): move_dir:src_path=/data/log/dbox/appdbg/logcache
I/logserver( 2435): move_dir:dst_path=/data/log/logcache/14677792/
I/logserver( 2435): is_all_ready, all key files were ready.
I/logserver( 2435): find_fault_appname, 1433, type is not ANR/FC/VMREBOOT.
I/logserver( 2435): is_only_tombstone, not force close type, return.
I/logserver( 2435): archive_and_send, pos=3, type=wtf, output=20170712173350_wtf
I/logserver( 2435): get alarm time = 97119 (sec.)!
I/logserver( 2435): log_apr_add_record open file:/data/log/apr/H60-L02_V100R001CHNC00B316_DU2TAN15AJ049163_20170111211033_statistics
I/logserver( 2435): archive_and_send, don't tar and send (wtf)
I/logserver( 2435): clean_cur_cache:962, system(rm -r /data/log/logcache/14677792/* > /dev/null 2>&1)
I/logserver( 2435): Object Path:/data/log/apr/, mask=0x00000008
I/logserver( 2435): event->len=80, name=H60-L02_V100R001CHNC00B316_DU2TAN15AJ049163_20170111211033_statistics
I/logserver( 2435): process_one_event, can not find this event(H60-L02_V100R001CHNC00B316_DU2TAN15AJ049163_20170111211033_statistics)
I/logserver( 2435): clean_cur_cache:962, system(rm -r /data/log/logcache/14677792/* > /dev/null 2>&1)
I/Process (20741): Sending signal. PID: 20741 SIG: 9
I/StatusBar.KeyButtonView( 3296): action=0, flags=0, when=77423773, repeatCount=0, mDownTime=77423773, mCode=4
I/StatusBar.KeyButtonView( 3296): action=1, flags=0, when=77423812, repeatCount=0, mDownTime=77423773, mCode=4
I/PhoneStatusBar( 3296): hw_status_bar_operators = true, setSystemUIVisibily(SHOW_OPERATOR = false)
E/Thermal-daemon( 2433): [ap] temp_new :38  temp_old :37
E/Thermal-daemon( 2433): Report temperature: [ap] temp :38  report_threshold:1
I/audio_hw_primary( 2427): [do_output_standby],do_output_standby-----out->standby_lpp : 0
E/Thermal-daemon( 2433): [ap] temp_new :37  temp_old :38
E/Thermal-daemon( 2433): Report temperature: [ap] temp :37  report_threshold:1
I/HwLauncher( 3556): ClockDynamicUpdater date changed!!!!!!
I/HwLauncher( 3556): DynamicIconData , getDrawableForDynamic begin, pkg = com.android.deskclock, picName = deskclock_bg
I/HwLauncher( 3556): DynamicIconData , getDrawableForDynamic end, pkg = com.android.deskclock, picName = deskclock_bg
I/HwLauncher( 3556): DynamicIconData , getDrawableForDynamic begin, pkg = com.android.deskclock, picName = deskclock_bg
I/HwLauncher( 3556): DynamicIconData , getDrawableForDynamic end, pkg = com.android.deskclock, picName = deskclock_bg
I/HwLauncher( 3556): Launcher.Utilities createIconBitmap sourceWidth = 180sourceHeight = 180
I/HwLauncher( 3556): ClockDynamicUpdater calender update folder at CalenderDynamicUpdater
I/HwLauncher( 3556): DynamicUpdater call updateFolder
I/HwLauncher( 3556): ClockDynamicUpdater Calender update and call updateFolder
I/HwLauncher( 3556): CalenderDynamicUpdater date changed!!!!!!
I/HwLauncher( 3556): CalenderDynamicUpdater Calender update and call updateFolder
I/AudioFlinger( 2427): LppThread::threadLoop: set lowpower=off
I/AudioFlinger( 2427): setHalParameter according playback thread
I/audio_hw_primary( 2427): do_output_standby_lpp-----out->standby_lpp: 0, out->standby: 1
I/wpa_supplicant(27617): wlan0: HEART-BEAT-ACK: 231
E/Thermal-daemon( 2433): [ap] temp_new :36  temp_old :37
E/Thermal-daemon( 2433): Report temperature: [ap] temp :36  report_threshold:1
E/CommandListener( 2419): readDefRoute call readDefRoute
E/SecondaryTablController( 2419): isWifiDefaultRouteExisted /system/bin/ip route
I/wpa_supplicant(27617): wlan0: HEART-BEAT-ACK: 232
E/CommandListener( 2419): readDefRoute Rsp ok
E/Thermal-daemon( 2433): [ap] temp_new :35  temp_old :36
E/Thermal-daemon( 2433): Report temperature: [ap] temp :35  report_threshold:1
I/wpa_supplicant(27617): wlan0: HEART-BEAT-ACK: 233
W/Settings(  659): Setting airplane_mode_on has moved from android.provider.Settings.System to android.provider.Settings.Global, returning read-only value.
W/Settings(  659): Setting airplane_mode_on has moved from android.provider.Settings.System to android.provider.Settings.Global, returning read-only value.
W/Settings(  659): Setting airplane_mode_on has moved from android.provider.Settings.System to android.provider.Settings.Global, returning read-only value.
W/Settings(  659): Setting airplane_mode_on has moved from android.provider.Settings.System to android.provider.Settings.Global, returning read-only value.
E/Thermal-daemon( 2433): [ap] temp_new :36  temp_old :35
E/Thermal-daemon( 2433): Report temperature: [ap] temp :36  report_threshold:1
I/StatusBar.KeyButtonView( 3296): action=0, flags=0, when=77476225, repeatCount=0, mDownTime=77476225, mCode=4
I/StatusBar.KeyButtonView( 3296): action=1, flags=0, when=77476283, repeatCount=0, mDownTime=77476225, mCode=4
I/HwLauncher( 3556): Launcher onBackPressed zoomEnable=true
I/HwLauncher( 3556): DynamicIcon onVisibilityChanged 0 - com.android.deskclock
I/HwLauncher( 3556): PagedView snapToPage.getChildOffset(): 0
I/HwLauncher( 3556): PagedView snapToPage.getRelativeChildOffset(): 1080, 1080
I/StatusBar.KeyButtonView( 3296): action=0, flags=0, when=77476418, repeatCount=0, mDownTime=77476418, mCode=4
I/StatusBar.KeyButtonView( 3296): action=1, flags=0, when=77476459, repeatCount=0, mDownTime=77476418, mCode=4
I/HwLauncher( 3556): Launcher onBackPressed zoomEnable=true
I/HwLauncher( 3556): PagedView snapToPage.getChildOffset(): 0
I/HwLauncher( 3556): PagedView snapToPage.getRelativeChildOffset(): 1080, 1080
I/HwLauncher( 3556): DropSearchView cleanSearchView change true
I/StatusBar.KeyButtonView( 3296): action=0, flags=0, when=77476579, repeatCount=0, mDownTime=77476579, mCode=4
I/StatusBar.KeyButtonView( 3296): action=1, flags=0, when=77476618, repeatCount=0, mDownTime=77476579, mCode=4
I/HwLauncher( 3556): Launcher onBackPressed zoomEnable=true
I/HwLauncher( 3556): DropSearchView cleanSearchView change true
I/StatusBar.KeyButtonView( 3296): action=0, flags=0, when=77476737, repeatCount=0, mDownTime=77476737, mCode=4
I/StatusBar.KeyButtonView( 3296): action=1, flags=0, when=77476778, repeatCount=0, mDownTime=77476737, mCode=4
I/HwLauncher( 3556): Launcher onBackPressed zoomEnable=true
I/StatusBar.KeyButtonView( 3296): action=0, flags=0, when=77476924, repeatCount=0, mDownTime=77476924, mCode=4
I/StatusBar.KeyButtonView( 3296): action=1, flags=0, when=77476963, repeatCount=0, mDownTime=77476924, mCode=4
I/HwLauncher( 3556): Launcher onBackPressed zoomEnable=true
I/StatusBar.KeyButtonView( 3296): action=0, flags=0, when=77477116, repeatCount=0, mDownTime=77477116, mCode=4
I/StatusBar.KeyButtonView( 3296): action=1, flags=0, when=77477156, repeatCount=0, mDownTime=77477116, mCode=4
I/HwLauncher( 3556): Launcher onBackPressed zoomEnable=true
I/StatusBar.KeyButtonView( 3296): action=0, flags=0, when=77477301, repeatCount=0, mDownTime=77477301, mCode=4
I/StatusBar.KeyButtonView( 3296): action=1, flags=0, when=77477323, repeatCount=0, mDownTime=77477301, mCode=4
I/HwLauncher( 3556): Launcher onBackPressed zoomEnable=true
I/StatusBar.KeyButtonView( 3296): action=0, flags=0, when=77477442, repeatCount=0, mDownTime=77477442, mCode=4
I/StatusBar.KeyButtonView( 3296): action=1, flags=0, when=77477500, repeatCount=0, mDownTime=77477442, mCode=4
I/HwLauncher( 3556): Launcher onBackPressed zoomEnable=true
I/StatusBar.KeyButtonView( 3296): action=0, flags=0, when=77477611, repeatCount=0, mDownTime=77477611, mCode=4
I/StatusBar.KeyButtonView( 3296): action=1, flags=0, when=77477676, repeatCount=0, mDownTime=77477611, mCode=4
I/HwLauncher( 3556): Launcher onBackPressed zoomEnable=true
I/StatusBar.KeyButtonView( 3296): action=0, flags=0, when=77477788, repeatCount=0, mDownTime=77477788, mCode=4
I/StatusBar.KeyButtonView( 3296): action=1, flags=0, when=77477844, repeatCount=0, mDownTime=77477788, mCode=4
I/HwLauncher( 3556): Launcher onBackPressed zoomEnable=true
I/StatusBar.KeyButtonView( 3296): action=0, flags=0, when=77477980, repeatCount=0, mDownTime=77477980, mCode=4
I/StatusBar.KeyButtonView( 3296): action=1, flags=0, when=77478020, repeatCount=0, mDownTime=77477980, mCode=4
I/HwLauncher( 3556): Launcher onBackPressed zoomEnable=true
I/wpa_supplicant(27617): wlan0: HEART-BEAT-ACK: 234
E/CommandListener( 2419): readDefRoute call readDefRoute
E/SecondaryTablController( 2419): isWifiDefaultRouteExisted /system/bin/ip route
E/CommandListener( 2419): readDefRoute Rsp ok
E/Thermal-daemon( 2433): [ap] temp_new :35  temp_old :36
E/Thermal-daemon( 2433): Report temperature: [ap] temp :35  report_threshold:1
I/HwLauncher( 3556): ClockDynamicUpdater date changed!!!!!!
I/HwLauncher( 3556): DynamicIconData , getDrawableForDynamic begin, pkg = com.android.deskclock, picName = deskclock_bg
I/HwLauncher( 3556): DynamicIconData , getDrawableForDynamic end, pkg = com.android.deskclock, picName = deskclock_bg
I/HwLauncher( 3556): DynamicIconData , getDrawableForDynamic begin, pkg = com.android.deskclock, picName = deskclock_bg
I/HwLauncher( 3556): DynamicIconData , getDrawableForDynamic end, pkg = com.android.deskclock, picName = deskclock_bg
I/HwLauncher( 3556): Launcher.Utilities createIconBitmap sourceWidth = 180sourceHeight = 180
I/HwLauncher( 3556): ClockDynamicUpdater calender update folder at CalenderDynamicUpdater
I/HwLauncher( 3556): DynamicUpdater call updateFolder
I/HwLauncher( 3556): ClockDynamicUpdater Calender update and call updateFolder
I/HwLauncher( 3556): CalenderDynamicUpdater date changed!!!!!!
I/HwLauncher( 3556): CalenderDynamicUpdater Calender update and call updateFolder
W/Settings(  659): Setting airplane_mode_on has moved from android.provider.Settings.System to android.provider.Settings.Global, returning read-only value.
I/wpa_supplicant(27617): wlan0: HEART-BEAT-ACK: 235
E/omegasdk(  388): url:http://omgup.xiaojukeji.com/sync/android/com.sdu.didi.psnger response code:304.
E/omegasdk(  388): Sync sendAndGet fail. url:http://omgup.xiaojukeji.com/sync/android/com.sdu.didi.psnger response code:304.
I/wpa_supplicant(27617): wlan0: HEART-BEAT-ACK: 236
E/CommandListener( 2419): readDefRoute call readDefRoute
E/SecondaryTablController( 2419): isWifiDefaultRouteExisted /system/bin/ip route
E/CommandListener( 2419): readDefRoute Rsp ok
E/Thermal-daemon( 2433): [pa_0] temp_new :34  temp_old :35
E/Thermal-daemon( 2433): Report temperature: [pa_0] temp :34  report_threshold:1
I/wpa_supplicant(27617): wlan0: HEART-BEAT-ACK: 237
I/wpa_supplicant(27617): wlan0: HEART-BEAT-ACK: 238
E/CommandListener( 2419): readDefRoute call readDefRoute
E/SecondaryTablController( 2419): isWifiDefaultRouteExisted /system/bin/ip route
E/CommandListener( 2419): readDefRoute Rsp ok
I/HwLauncher( 3556): ClockDynamicUpdater date changed!!!!!!
I/HwLauncher( 3556): DynamicIconData , getDrawableForDynamic begin, pkg = com.android.deskclock, picName = deskclock_bg
I/HwLauncher( 3556): DynamicIconData , getDrawableForDynamic end, pkg = com.android.deskclock, picName = deskclock_bg
I/HwLauncher( 3556): DynamicIconData , getDrawableForDynamic begin, pkg = com.android.deskclock, picName = deskclock_bg
I/HwLauncher( 3556): DynamicIconData , getDrawableForDynamic end, pkg = com.android.deskclock, picName = deskclock_bg
I/HwLauncher( 3556): Launcher.Utilities createIconBitmap sourceWidth = 180sourceHeight = 180
I/HwLauncher( 3556): ClockDynamicUpdater calender update folder at CalenderDynamicUpdater
I/HwLauncher( 3556): DynamicUpdater call updateFolder
I/HwLauncher( 3556): ClockDynamicUpdater Calender update and call updateFolder
I/HwLauncher( 3556): CalenderDynamicUpdater date changed!!!!!!
I/HwLauncher( 3556): CalenderDynamicUpdater Calender update and call updateFolder
I/wpa_supplicant(27617): wlan0: HEART-BEAT-ACK: 239
E/android_hardware_fm.cpp(21347): register_android_hardware_fm_fmradio
E/FM_HAL  (21347): [FM_HAL], fm_dynamic_lib is libbcmfm_if
E/FM_HAL  (21347): [FM_HAL], libname is libbcmfm_if
E/fm_if.c (21347): find the id:libbcmfm_if and begins to open the devices
E/android_hardware_fm.cpp(21347): register_android_hardware_fm_fmradio, ret is 0
E/        (21347): ProtocolErrorLog wangkang test!!
I/HwLauncher( 3556): Launcher onPause()
I/K3V3CpuGovernorPolicy( 3513): set scene Hmp policy : 300 , 150
W/HwLauncher( 3556): Launcher.MotionManager failed to stop TYPE_SHAKE_CHANGE_WALLPAPER
W/HwLauncher( 3556): Launcher.MotionManager failed to stop TYPE_SHAKE_START_PRIVACY
I/dalvikvm-heap( 6550): Grow heap (frag case) to 56.071MB for 8294416-byte allocation
I/HwSystemManager( 3841): HoldService:preHoldShow start!
I/HwSystemManager( 3841): HoldService:The prePermissionType is: 1
I/PhoneStatusBar( 3296): hw_status_bar_operators = true, setSystemUIVisibily(SHOW_OPERATOR = false)
E/android_hardware_fm.cpp(21364): register_android_hardware_fm_fmradio
E/FM_HAL  (21364): [FM_HAL], fm_dynamic_lib is libbcmfm_if
E/FM_HAL  (21364): [FM_HAL], libname is libbcmfm_if
E/fm_if.c (21364): find the id:libbcmfm_if and begins to open the devices
E/android_hardware_fm.cpp(21364): register_android_hardware_fm_fmradio, ret is 0
E/        (21364): ProtocolErrorLog wangkang test!!
I/HwSystemManager( 3841): HoldService:preHoldShow start!
I/HwSystemManager( 3841): HoldService:The prePermissionType is: 1
I/HwSystemManager( 3841): HoldService:preHoldShow start!
I/HwSystemManager( 3841): HoldService:The prePermissionType is: 1
I/HwSystemManager( 3841): HoldService:preHoldShow start!
I/HwSystemManager( 3841): HoldService:The prePermissionType is: 1
I/HwSystemManager( 3841): HoldService:preHoldShow start!
I/HwSystemManager( 3841): HoldService:The prePermissionType is: 1
I/K3V3CpuGovernorPolicy( 3513): close previously scene Hmp policy : 300 , 150
W/IInputConnectionWrapper( 3556): showStatusIcon on inactive InputConnection
I/PhoneStatusBar( 3296): hw_status_bar_operators = true, setSystemUIVisibily(SHOW_OPERATOR = false)
