I/HwLauncher( 3556): ShortcutsProvider updateData: search n in Contacts use time: 242 i 6 ComponentName: ComponentInfo{com.example.android.notepad/com.example.android.notepad.NoteEditor}
W/System.err( 3088): java.lang.SecurityException: Permission Denial: opening provider com.android.calendar.CalendarRecentSuggestionsProvider from ProcessRecord{440877b0 3556:com.huawei.android.launcher/u0a49} (pid=3556, uid=10049) that is not exported from uid 10027
W/System.err( 3088): 	at com.android.server.am.ActivityManagerService.getContentProviderImpl(ActivityManagerService.java:8158)
W/System.err( 3088): 	at com.android.server.am.ActivityManagerService.getContentProvider(ActivityManagerService.java:8335)
W/System.err( 3088): 	at android.app.ActivityManagerNative.onTransact(ActivityManagerNative.java:704)
W/System.err( 3088): 	at com.android.server.am.ActivityManagerService.onTransact(ActivityManagerService.java:2282)
W/System.err( 3088): 	at huawei.com.android.server.am.HwActivityManagerService.onTransact(HwActivityManagerService.java:173)
W/System.err( 3088): 	at android.os.Binder.execTransact(Binder.java:404)
W/System.err( 3088): 	at dalvik.system.NativeStart.run(Native Method)
E/HwLauncher( 3556): exception happen at getSuggestions, the sableInfo is com.android.calendar and the exception is java.lang.SecurityException: Permission Denial: opening provider com.android.calendar.CalendarRecentSuggestionsProvider from ProcessRecord{440877b0 3556:com.huawei.android.launcher/u0a49} (pid=3556, uid=10049) that is not exported from uid 10027
I/HwLauncher( 3556): ShortcutsProvider  BubbleInfo init com.huawei.android.launcher.search.ShortcutsProvider@441537b8 
I/HwLauncher( 3556): ShortcutsProvider updateData: search n in Contacts use time: 11 i 7 ComponentName: ComponentInfo{com.android.calendar/com.android.calendar.SearchActivity}
W/dalvikvm(15717): VFY: unable to resolve static field 4898 (common_full_open_on_phone) in Lcom/google/android/gms/R$drawable;
I/dalvikvm(15717): Could not find method android.content.pm.PackageManager.getPackageInstaller, referenced from method com.google.android.gms.common.L.v
W/dalvikvm(15717): VFY: unable to resolve virtual method 777: Landroid/content/pm/PackageManager;.getPackageInstaller ()Landroid/content/pm/PackageInstaller;
W/GooglePlayServicesUtil(15717): Google Play Store is missing.
I/dalvikvm(15717): Could not find method java.util.Locale.forLanguageTag, referenced from method org.chromium.base.LocaleUtils.forLanguageTag
W/dalvikvm(15717): VFY: unable to resolve static method 24329: Ljava/util/Locale;.forLanguageTag (Ljava/lang/String;)Ljava/util/Locale;
I/dalvikvm(15717): Could not find method android.os.LocaleList.getDefault, referenced from method org.chromium.base.LocaleUtils.getDefaultLocaleListString
W/dalvikvm(15717): VFY: unable to resolve static method 2044: Landroid/os/LocaleList;.getDefault ()Landroid/os/LocaleList;
I/cr_LibraryLoader(15717): Using linker: org.chromium.base.library_loader.LegacyLinker
I/cr_LibraryLoader(15717): Loading chrome
I/StatusBar.KeyButtonView( 3296): action=0, flags=0, when=76667818, repeatCount=0, mDownTime=76667818, mCode=4
I/StatusBar.KeyButtonView( 3296): action=1, flags=0, when=76667877, repeatCount=0, mDownTime=76667818, mCode=4
I/cr_LibraryLoader(15717): Time to load native libraries: 277 ms (timestamps 7624-7901)
I/cr_LibraryLoader(15717): Expected native library version number "56.0.2924.87", actual native library version number "56.0.2924.87"
I/chromium(15717): [INFO:library_loader_hooks.cc(163)] Chromium logging enabled: level = 0, default verbosity = 0
I/cr_BrowserStartup(15717): Initializing chromium process, singleProcess=false
W/GooglePlayServicesUtil(15717): Google Play Store is missing.
W/GooglePlayServicesUtil(15717): Google Play Store is missing.
I/dalvikvm(15717): Could not find method android.app.RemoteInput.getResultsFromIntent, referenced from method org.chromium.chrome.browser.notifications.NotificationPlatformBridge.dispatchNotificationEvent
W/dalvikvm(15717): VFY: unable to resolve static method 425: Landroid/app/RemoteInput;.getResultsFromIntent (Landroid/content/Intent;)Landroid/os/Bundle;
I/cr_ChildProcessService(15761): Creating new ChildProcessService pid=15761
I/wpa_supplicant(27617): wlan0: HEART-BEAT-ACK: 180
W/GooglePlayServicesUtil(15717): Google Play Store is missing.
I/cr_SnippetsLauncher(15717): Disabling SnippetsLauncher because Play Services is not up to date.
W/dalvikvm(15717): Unable to resolve superclass of Lorg/chromium/net/NetworkChangeNotifierAutoDetect$MyNetworkCallback; (377)
W/dalvikvm(15717): Link of class 'Lorg/chromium/net/NetworkChangeNotifierAutoDetect$MyNetworkCallback;' failed
W/dalvikvm(15717): Unable to resolve superclass of Lorg/chromium/net/NetworkChangeNotifierAutoDetect$MyNetworkCallback; (377)
W/dalvikvm(15717): Link of class 'Lorg/chromium/net/NetworkChangeNotifierAutoDetect$MyNetworkCallback;' failed
W/dalvikvm(15717): Unable to resolve superclass of Lorg/chromium/net/NetworkChangeNotifierAutoDetect$MyNetworkCallback; (377)
W/dalvikvm(15717): Link of class 'Lorg/chromium/net/NetworkChangeNotifierAutoDetect$MyNetworkCallback;' failed
W/dalvikvm(15717): VFY: unable to resolve instance field 21022
W/dalvikvm(15717): Unable to resolve superclass of Lorg/chromium/net/NetworkChangeNotifierAutoDetect$MyNetworkCallback; (377)
W/dalvikvm(15717): Link of class 'Lorg/chromium/net/NetworkChangeNotifierAutoDetect$MyNetworkCallback;' failed
W/dalvikvm(15717): Unable to resolve superclass of Lorg/chromium/net/NetworkChangeNotifierAutoDetect$MyNetworkCallback; (377)
W/dalvikvm(15717): Link of class 'Lorg/chromium/net/NetworkChangeNotifierAutoDetect$MyNetworkCallback;' failed
I/dalvikvm(15717): DexOpt: unable to optimize instance field ref 0x521d at 0x37 in Lorg/chromium/net/NetworkChangeNotifierAutoDetect$RegistrationPolicy;.register
W/dalvikvm(15717): Unable to resolve superclass of Lorg/chromium/net/NetworkChangeNotifierAutoDetect$MyNetworkCallback; (377)
W/dalvikvm(15717): Link of class 'Lorg/chromium/net/NetworkChangeNotifierAutoDetect$MyNetworkCallback;' failed
I/dalvikvm(15717): DexOpt: unable to optimize instance field ref 0x521e at 0x3c in Lorg/chromium/net/NetworkChangeNotifierAutoDetect$RegistrationPolicy;.register
W/dalvikvm(15717): Unable to resolve superclass of Lorg/chromium/net/NetworkChangeNotifierAutoDetect$MyNetworkCallback; (377)
W/dalvikvm(15717): Link of class 'Lorg/chromium/net/NetworkChangeNotifierAutoDetect$MyNetworkCallback;' failed
I/dalvikvm(15717): DexOpt: unable to optimize instance field ref 0x521d at 0x51 in Lorg/chromium/net/NetworkChangeNotifierAutoDetect$RegistrationPolicy;.register
W/dalvikvm(15717): Unable to resolve superclass of Lorg/chromium/net/NetworkChangeNotifierAutoDetect$MyNetworkCallback; (377)
W/dalvikvm(15717): Link of class 'Lorg/chromium/net/NetworkChangeNotifierAutoDetect$MyNetworkCallback;' failed
E/dalvikvm(15717): Could not find class 'org.chromium.net.NetworkChangeNotifierAutoDetect$MyNetworkCallback', referenced from method org.chromium.net.NetworkChangeNotifierAutoDetect.<init>
W/dalvikvm(15717): VFY: unable to resolve new-instance 8113 (Lorg/chromium/net/NetworkChangeNotifierAutoDetect$MyNetworkCallback;) in Lorg/chromium/net/NetworkChangeNotifierAutoDetect;
W/dalvikvm(15717): Unable to resolve superclass of Lorg/chromium/net/NetworkChangeNotifierAutoDetect$MyNetworkCallback; (377)
W/dalvikvm(15717): Link of class 'Lorg/chromium/net/NetworkChangeNotifierAutoDetect$MyNetworkCallback;' failed
W/dalvikvm(15717): VFY: unable to find class referenced in signature (Landroid/net/Network;)
I/dalvikvm(15717): Could not find method android.net.ConnectivityManager.getAllNetworks, referenced from method org.chromium.net.NetworkChangeNotifierAutoDetect.getAllNetworksFiltered
W/dalvikvm(15717): VFY: unable to resolve virtual method 1794: Landroid/net/ConnectivityManager;.getAllNetworks ()[Landroid/net/Network;
W/dalvikvm(15717): VFY: unable to find class referenced in signature (Landroid/net/Network;)
I/dalvikvm(15717): Could not find method android.net.Network.getNetworkHandle, referenced from method org.chromium.net.NetworkChangeNotifierAutoDetect.networkToNetId
W/dalvikvm(15717): VFY: unable to resolve virtual method 1805: Landroid/net/Network;.getNetworkHandle ()J
I/dalvikvm(15717): Could not find method android.net.Network.toString, referenced from method org.chromium.net.NetworkChangeNotifierAutoDetect.networkToNetId
W/dalvikvm(15717): VFY: unable to resolve virtual method 1807: Landroid/net/Network;.toString ()Ljava/lang/String;
W/dalvikvm(15717): Unable to resolve superclass of Lorg/chromium/net/NetworkChangeNotifierAutoDetect$MyNetworkCallback; (377)
W/dalvikvm(15717): Link of class 'Lorg/chromium/net/NetworkChangeNotifierAutoDetect$MyNetworkCallback;' failed
W/dalvikvm(15717): Unable to resolve superclass of Lorg/chromium/net/NetworkChangeNotifierAutoDetect$MyNetworkCallback; (377)
W/dalvikvm(15717): Link of class 'Lorg/chromium/net/NetworkChangeNotifierAutoDetect$MyNetworkCallback;' failed
I/dalvikvm(15717): Could not find method android.net.ConnectivityManager.unregisterNetworkCallback, referenced from method org.chromium.net.NetworkChangeNotifierAutoDetect.unregister
W/dalvikvm(15717): VFY: unable to resolve virtual method 1800: Landroid/net/ConnectivityManager;.unregisterNetworkCallback (Landroid/net/ConnectivityManager$NetworkCallback;)V
W/dalvikvm(15717): Unable to resolve superclass of Lorg/chromium/net/NetworkChangeNotifierAutoDetect$MyNetworkCallback; (377)
W/dalvikvm(15717): Link of class 'Lorg/chromium/net/NetworkChangeNotifierAutoDetect$MyNetworkCallback;' failed
W/dalvikvm(15717): VFY: unable to find class referenced in signature (Landroid/net/Network;)
I/dalvikvm(15717): Could not find method android.net.Network.getSocketFactory, referenced from method org.chromium.net.NetworkChangeNotifierAutoDetect$ConnectivityManagerDelegate.vpnAccessible
W/dalvikvm(15717): VFY: unable to resolve virtual method 1806: Landroid/net/Network;.getSocketFactory ()Ljavax/net/SocketFactory;
W/dalvikvm(15717): VFY: unable to find class referenced in signature (Landroid/net/Network;)
W/dalvikvm(15717): VFY: unable to find class referenced in signature (Landroid/net/Network;)
W/dalvikvm(15717): VFY: unable to find class referenced in signature (Landroid/net/Network;)
I/dalvikvm(15717): Could not find method android.net.ConnectivityManager.getNetworkCapabilities, referenced from method org.chromium.net.NetworkChangeNotifierAutoDetect$ConnectivityManagerDelegate.getNetworkCapabilities
W/dalvikvm(15717): VFY: unable to resolve virtual method 1795: Landroid/net/ConnectivityManager;.getNetworkCapabilities (Landroid/net/Network;)Landroid/net/NetworkCapabilities;
W/dalvikvm(15717): VFY: unable to find class referenced in signature (Landroid/net/Network;)
I/dalvikvm(15717): Could not find method android.net.ConnectivityManager.getNetworkInfo, referenced from method org.chromium.net.NetworkChangeNotifierAutoDetect$ConnectivityManagerDelegate.getNetworkInfo
W/dalvikvm(15717): VFY: unable to resolve virtual method 1797: Landroid/net/ConnectivityManager;.getNetworkInfo (Landroid/net/Network;)Landroid/net/NetworkInfo;
I/dalvikvm(15717): Could not find method android.net.ConnectivityManager.getNetworkInfo, referenced from method org.chromium.net.NetworkChangeNotifierAutoDetect$ConnectivityManagerDelegate.getNetworkInfo
W/dalvikvm(15717): VFY: unable to resolve virtual method 1797: Landroid/net/ConnectivityManager;.getNetworkInfo (Landroid/net/Network;)Landroid/net/NetworkInfo;
W/cr_KnoxSettingsProvider(15717): Permission to read device policy denied.
W/GooglePlayServicesUtil(15717): Cannot find Google Play services package name.
W/GooglePlayServicesUtil(15717): android.content.pm.PackageManager$NameNotFoundException: com.google.android.gms
W/GooglePlayServicesUtil(15717): 	at android.app.ApplicationPackageManager.getPackageInfo(ApplicationPackageManager.java:84)
W/GooglePlayServicesUtil(15717): 	at com.google.android.gms.t.PNP.D(Unknown Source)
W/GooglePlayServicesUtil(15717): 	at com.google.android.gms.common.L.y(Unknown Source)
W/GooglePlayServicesUtil(15717): 	at com.google.android.gms.common.C.M(Unknown Source)
W/GooglePlayServicesUtil(15717): 	at com.google.android.apps.chrome.externalauth.ExternalAuthUtilsInternal.checkIsPackageGoogleSigned$5166KOBMC4NMOOBECSNL6T3ID5N6EEQCC5N68SJFD5I2UORFDPQ6ARJK5TO6QBQGC5HMMOB7CL6M2RJ1CTIN4EQCCDNMQBR7DTNMER355TGMSP3IDTKM8BR7DLPIUORFDLMMURHF8TNMUPRCCL9MIPREC5Q7ASJ5APIN4QB6D5IN4EP9B8______(ExternalAuthUtilsInternal.java:72)
W/GooglePlayServicesUtil(15717): 	at com.google.android.apps.chrome.externalauth.ExternalAuthUtilsInternal.isGoogleSignedInternal(ExternalAuthUtilsInternal.java:55)
W/GooglePlayServicesUtil(15717): 	at com.google.android.apps.chrome.externalauth.ExternalAuthUtilsInternal.isGoogleSigned$51662RJ4E9NMIP1FCDNMST35DPQ2UGRFDPQ6AU3K7D66KOBMC4NMOOBECSNL6T3ID5N6EEP9B8______(ExternalAuthUtilsInternal.java:45)
W/GooglePlayServicesUtil(15717): 	at org.chromium.chrome.browser.externalauth.ExternalAuthUtils.isCallerValid(ExternalAuthUtils.java:134)
W/GooglePlayServicesUtil(15717): 	at org.chromium.chrome.browser.externalauth.ExternalAuthUtils.isCallerValid(ExternalAuthUtils.java:165)
W/GooglePlayServicesUtil(15717): 	at org.chromium.chrome.browser.provider.ChromeBrowserProvider.hasPermission(ChromeBrowserProvider.java:1194)
W/GooglePlayServicesUtil(15717): 	at org.chromium.chrome.browser.provider.ChromeBrowserProvider.query(ChromeBrowserProvider.java:1653)
W/GooglePlayServicesUtil(15717): 	at android.content.ContentProvider.query(ContentProvider.java:857)
W/GooglePlayServicesUtil(15717): 	at android.content.ContentProvider$Transport.query(ContentProvider.java:200)
W/GooglePlayServicesUtil(15717): 	at android.content.ContentProviderNative.onTransact(ContentProviderNative.java:112)
W/GooglePlayServicesUtil(15717): 	at android.os.Binder.execTransact(Binder.java:404)
W/GooglePlayServicesUtil(15717): 	at dalvik.system.NativeStart.run(Native Method)
W/DynamiteModule(15717): Local module descriptor class for com.google.android.gms.googlecertificates not found.
W/GooglePlayServicesUtil(15717): Google Play Store is missing.
I/DynamiteModule(15717): Considering local module com.google.android.gms.googlecertificates:0 and remote module com.google.android.gms.googlecertificates:0
E/GoogleCertificates(15717): Failed to load com.google.android.gms.googlecertificates: No acceptable module found. Local version is 0 and remote version is 0.
W/DynamiteModule(15717): Local module descriptor class for com.google.android.gms.googlecertificates not found.
W/GooglePlayServicesUtil(15717): Google Play Store is missing.
I/DynamiteModule(15717): Considering local module com.google.android.gms.googlecertificates:0 and remote module com.google.android.gms.googlecertificates:0
E/GoogleCertificates(15717): Failed to load com.google.android.gms.googlecertificates: No acceptable module found. Local version is 0 and remote version is 0.
W/GooglePlayServicesUtil(15717): Google Play Store is missing.
I/dalvikvm(15717): Could not find method android.app.Activity.finishAndRemoveTask, referenced from method org.chromium.base.ApiCompatibilityUtils.finishAndRemoveTask
W/dalvikvm(15717): VFY: unable to resolve virtual method 95: Landroid/app/Activity;.finishAndRemoveTask ()V
I/dalvikvm(15717): Could not find method android.content.res.Resources.getColor, referenced from method org.chromium.base.ApiCompatibilityUtils.getColor
W/dalvikvm(15717): VFY: unable to resolve virtual method 829: Landroid/content/res/Resources;.getColor (ILandroid/content/res/Resources$Theme;)I
I/dalvikvm(15717): Could not find method android.content.res.Resources.getColorStateList, referenced from method org.chromium.base.ApiCompatibilityUtils.getColorStateList
W/dalvikvm(15717): VFY: unable to resolve virtual method 831: Landroid/content/res/Resources;.getColorStateList (ILandroid/content/res/Resources$Theme;)Landroid/content/res/ColorStateList;
I/dalvikvm(15717): Could not find method android.content.res.Resources.getDrawable, referenced from method org.chromium.base.ApiCompatibilityUtils.getDrawable
W/dalvikvm(15717): VFY: unable to resolve virtual method 838: Landroid/content/res/Resources;.getDrawable (ILandroid/content/res/Resources$Theme;)Landroid/graphics/drawable/Drawable;
I/dalvikvm(15717): Could not find method android.os.PowerManager.isInteractive, referenced from method org.chromium.base.ApiCompatibilityUtils.isInteractive
W/dalvikvm(15717): VFY: unable to resolve virtual method 2143: Landroid/os/PowerManager;.isInteractive ()Z
I/dalvikvm(15717): Could not find method android.view.Window.getNavigationBarColor, referenced from method org.chromium.base.ApiCompatibilityUtils.setStatusBarColor
W/dalvikvm(15717): VFY: unable to resolve virtual method 12222: Landroid/view/Window;.getNavigationBarColor ()I
I/dalvikvm(15717): Could not find method android.view.Window.setStatusBarColor, referenced from method org.chromium.base.ApiCompatibilityUtils.setStatusBarColor
W/dalvikvm(15717): VFY: unable to resolve virtual method 12235: Landroid/view/Window;.setStatusBarColor (I)V
E/dalvikvm(15717): Could not find class 'android.app.ActivityManager$TaskDescription', referenced from method org.chromium.base.ApiCompatibilityUtils.setTaskDescription
W/dalvikvm(15717): VFY: unable to resolve new-instance 37 (Landroid/app/ActivityManager$TaskDescription;) in Lorg/chromium/base/ApiCompatibilityUtils;
I/dalvikvm(15717): Could not find method android.widget.TextView.setTextAppearance, referenced from method org.chromium.base.ApiCompatibilityUtils.setTextAppearance
W/dalvikvm(15717): VFY: unable to resolve virtual method 13356: Landroid/widget/TextView;.setTextAppearance (I)V
W/Settings(  659): Setting airplane_mode_on has moved from android.provider.Settings.System to android.provider.Settings.Global, returning read-only value.
W/GooglePlayServicesUtil(15717): Google Play Store is missing.
I/cr_BgSyncLauncher(15717): Disabling Background Sync because Play Services is not up to date.
W/Settings(  659): Setting airplane_mode_on has moved from android.provider.Settings.System to android.provider.Settings.Global, returning read-only value.
W/Settings(  659): Setting airplane_mode_on has moved from android.provider.Settings.System to android.provider.Settings.Global, returning read-only value.
I/cr_LibraryLoader(15761): Using linker: org.chromium.base.library_loader.LegacyLinker
W/Settings(  659): Setting airplane_mode_on has moved from android.provider.Settings.System to android.provider.Settings.Global, returning read-only value.
I/cr_LibraryLoader(15761): Loading chrome
I/HwLauncher( 3556): PagedView snapToPage.getChildOffset(): 1080
I/HwLauncher( 3556): PagedView snapToPage.getRelativeChildOffset(): 1080, 1080
I/HwLauncher( 3556): PagedView snapToPage.getChildOffset(): 1080
I/HwLauncher( 3556): PagedView snapToPage.getRelativeChildOffset(): 1080, 1080
I/HwLauncher( 3556): PagedView snapToPage.getChildOffset(): 1080
I/HwLauncher( 3556): PagedView snapToPage.getRelativeChildOffset(): 1080, 1080
I/HwLauncher( 3556): PagedView snapToPage.getChildOffset(): 1080
I/HwLauncher( 3556): PagedView snapToPage.getRelativeChildOffset(): 1080, 1080
I/cr_LibraryLoader(15761): Time to load native libraries: 136 ms (timestamps 8714-8850)
I/cr_LibraryLoader(15761): Expected native library version number "56.0.2924.87", actual native library version number "56.0.2924.87"
I/chromium(15761): [INFO:library_loader_hooks.cc(163)] Chromium logging enabled: level = 0, default verbosity = 0
I/AndroidRuntime(15481): VM exiting with result code 0.
E/libEGL  (15761): validate_display:254 error 3008 (EGL_BAD_DISPLAY)
I/dalvikvm(15761): Could not find method android.media.MediaCodecList.<init>, referenced from method org.chromium.media.MediaCodecUtil$MediaCodecListHelper.<init>
W/dalvikvm(15761): VFY: unable to resolve direct method 1566: Landroid/media/MediaCodecList;.<init> (I)V
E/chromium(15717): [ERROR:android_provider_backend.cc(860)] Can not find favicon's page url
E/chromium(15717): [ERROR:android_provider_backend.cc(860)] Can not find favicon's page url
E/chromium(15717): [ERROR:android_provider_backend.cc(860)] Can not find favicon's page url
E/chromium(15717): [ERROR:android_provider_backend.cc(860)] Can not find favicon's page url
E/chromium(15717): [ERROR:android_provider_backend.cc(860)] Can not find favicon's page url
E/chromium(15717): [ERROR:android_provider_backend.cc(860)] Can not find favicon's page url
I/HwLauncher( 3556): ShortcutsProvider updateData: search n in Contacts use time: 1991 i 8 ComponentName: ComponentInfo{com.android.chrome/com.google.android.apps.chrome.Main}
W/System.err(23535): java.lang.SecurityException: permission denial for caller uid:10049 caller package:com.huawei.android.launcher uri: content://com.evernote.evernoteprovider/search_suggest_query/n?limit=50
W/System.err(23535): 	at com.evernote.provider.EvernoteProvider.a(EvernoteProvider.java:9658)
W/System.err(23535): 	at com.evernote.provider.EvernoteProvider.query(EvernoteProvider.java:1960)
W/System.err(23535): 	at android.content.ContentProvider.query(ContentProvider.java:857)
W/System.err(23535): 	at android.content.ContentProvider$Transport.query(ContentProvider.java:200)
W/System.err(23535): 	at android.content.ContentProviderNative.onTransact(ContentProviderNative.java:112)
W/System.err(23535): 	at android.os.Binder.execTransact(Binder.java:404)
W/System.err(23535): 	at dalvik.system.NativeStart.run(Native Method)
E/DatabaseUtils(23535): Writing exception to parcel
E/DatabaseUtils(23535): java.lang.SecurityException: permission denial for caller uid:10049 caller package:com.huawei.android.launcher uri: content://com.evernote.evernoteprovider/search_suggest_query/n?limit=50
E/DatabaseUtils(23535): 	at com.evernote.provider.EvernoteProvider.a(EvernoteProvider.java:9658)
E/DatabaseUtils(23535): 	at com.evernote.provider.EvernoteProvider.query(EvernoteProvider.java:1960)
E/DatabaseUtils(23535): 	at android.content.ContentProvider.query(ContentProvider.java:857)
E/DatabaseUtils(23535): 	at android.content.ContentProvider$Transport.query(ContentProvider.java:200)
E/DatabaseUtils(23535): 	at android.content.ContentProviderNative.onTransact(ContentProviderNative.java:112)
E/DatabaseUtils(23535): 	at android.os.Binder.execTransact(Binder.java:404)
E/DatabaseUtils(23535): 	at dalvik.system.NativeStart.run(Native Method)
E/HwLauncher( 3556): exception happen at getSuggestions, the sableInfo is com.evernote and the exception is java.lang.SecurityException: permission denial for caller uid:10049 caller package:com.huawei.android.launcher uri: content://com.evernote.evernoteprovider/search_suggest_query/n?limit=50
I/HwLauncher( 3556): ShortcutsProvider  BubbleInfo init com.huawei.android.launcher.search.ShortcutsProvider@441537b8 
I/HwLauncher( 3556): ShortcutsProvider updateData: search n in Contacts use time: 40 i 9 ComponentName: ComponentInfo{com.evernote/com.evernote.ui.GoogleSearchResultRedirectActivity}
I/StatusBar.KeyButtonView( 3296): action=0, flags=0, when=76669641, repeatCount=0, mDownTime=76669641, mCode=4
I/StatusBar.KeyButtonView( 3296): action=1, flags=0, when=76669695, repeatCount=0, mDownTime=76669641, mCode=4
I/K3V3CpuGovernorPolicy( 3513): set scene Hmp policy : 300 , 150
I/HwLauncher( 3556): Launcher onPause()
W/HwLauncher( 3556): Launcher.MotionManager failed to stop TYPE_SHAKE_CHANGE_WALLPAPER
W/HwLauncher( 3556): Launcher.MotionManager failed to stop TYPE_SHAKE_START_PRIVACY
I/PhoneStatusBar( 3296): hw_status_bar_operators = true, setSystemUIVisibily(SHOW_OPERATOR = false)
I/HwLauncher( 3556): Launcher onStop()
E/HwLauncher( 3556): Launcher dialog dismiss failed : java.lang.IllegalArgumentException: no dialog with id 1 was ever shown via Activity#showDialog
I/HwLauncher( 3556): Launcher dynamicIconsUnregister
I/HwLauncher( 3556): DynamicUpdater unregisterReceiver
I/HwLauncher( 3556): DynamicIcon onPause  isvisible = false   mAttachedToWindow:true    mWindowVisible:truecom.android.deskclock
I/HwLauncher( 3556): DynamicUpdater unregisterReceiver
I/HwLauncher( 3556): DynamicIcon onPause  isvisible = true   mAttachedToWindow:false    mWindowVisible:falsecom.android.calendar
I/HwLauncher( 3556): DynamicUpdater unregisterReceiver
I/HwLauncher( 3556): DynamicIcon onPause  isvisible = true   mAttachedToWindow:true    mWindowVisible:truecom.huawei.android.totemweather
I/HwLauncher( 3556): DynamicIcon onVisibilityChanged 4 - com.android.deskclock
I/HwLauncher( 3556): DynamicIcon onVisibilityChanged 4 - com.huawei.android.totemweather
I/HwLauncher( 3556): DynamicIcon onWindowVisibilityChanged 8 - com.android.deskclock
I/HwLauncher( 3556): DynamicIcon onWindowVisibilityChanged 8 - com.huawei.android.totemweather
I/ActivityManager( 3088): Displayed com.example.monkey/.MainActivity: +468ms
E/android_hardware_fm.cpp(15851): register_android_hardware_fm_fmradio
E/FM_HAL  (15851): [FM_HAL], fm_dynamic_lib is libbcmfm_if
E/FM_HAL  (15851): [FM_HAL], libname is libbcmfm_if
E/fm_if.c (15851): find the id:libbcmfm_if and begins to open the devices
E/android_hardware_fm.cpp(15851): register_android_hardware_fm_fmradio, ret is 0
E/        (15851): ProtocolErrorLog wangkang test!!
I/K3V3CpuGovernorPolicy( 3513): close previously scene Hmp policy : 300 , 150
E/CommandListener( 2419): readDefRoute call readDefRoute
E/SecondaryTablController( 2419): isWifiDefaultRouteExisted /system/bin/ip route
E/CommandListener( 2419): readDefRoute Rsp ok
E/Thermal-daemon( 2433): [flash_led] temp_new :35  temp_old :34
I/wpa_supplicant(27617): wlan0: HEART-BEAT-ACK: 181
E/Thermal-daemon( 2433): [ap] temp_new :37  temp_old :38
E/Thermal-daemon( 2433): Report temperature: [ap] temp :37  report_threshold:1
E/Thermal-daemon( 2433): [flash_led] temp_new :34  temp_old :35
E/Thermal-daemon( 2433): Report temperature: [flash_led] temp :34  report_threshold:1
E/Thermal-daemon( 2433): [ap] temp_new :36  temp_old :37
E/Thermal-daemon( 2433): Report temperature: [ap] temp :36  report_threshold:1
I/wpa_supplicant(27617): wlan0: HEART-BEAT-ACK: 182
E/CommandListener( 2419): readDefRoute call readDefRoute
E/SecondaryTablController( 2419): isWifiDefaultRouteExisted /system/bin/ip route
E/CommandListener( 2419): readDefRoute Rsp ok
I/wpa_supplicant(27617): wlan0: HEART-BEAT-ACK: 183
W/Settings(  305): Setting auto_time has moved from android.provider.Settings.System to android.provider.Settings.Global, returning read-only value.
I/wpa_supplicant(27617): wlan0: HEART-BEAT-ACK: 184
E/Thermal-daemon( 2433): [ap] temp_new :35  temp_old :36
E/Thermal-daemon( 2433): Report temperature: [ap] temp :35  report_threshold:1
E/CommandListener( 2419): readDefRoute call readDefRoute
E/SecondaryTablController( 2419): isWifiDefaultRouteExisted /system/bin/ip route
E/CommandListener( 2419): readDefRoute Rsp ok
E/android_hardware_fm.cpp(16198): register_android_hardware_fm_fmradio
E/FM_HAL  (16198): [FM_HAL], fm_dynamic_lib is libbcmfm_if
E/FM_HAL  (16198): [FM_HAL], libname is libbcmfm_if
E/fm_if.c (16198): find the id:libbcmfm_if and begins to open the devices
E/android_hardware_fm.cpp(16198): register_android_hardware_fm_fmradio, ret is 0
E/        (16198): ProtocolErrorLog wangkang test!!
E/android_hardware_fm.cpp(16223): register_android_hardware_fm_fmradio
E/FM_HAL  (16223): [FM_HAL], fm_dynamic_lib is libbcmfm_if
E/FM_HAL  (16223): [FM_HAL], libname is libbcmfm_if
E/fm_if.c (16223): find the id:libbcmfm_if and begins to open the devices
E/android_hardware_fm.cpp(16223): register_android_hardware_fm_fmradio, ret is 0
E/        (16223): ProtocolErrorLog wangkang test!!
I/ActivityManager( 3088): Displayed com.example.monkey/.MainActivity: +163ms
E/android_hardware_fm.cpp(16238): register_android_hardware_fm_fmradio
E/FM_HAL  (16238): [FM_HAL], fm_dynamic_lib is libbcmfm_if
E/FM_HAL  (16238): [FM_HAL], libname is libbcmfm_if
E/fm_if.c (16238): find the id:libbcmfm_if and begins to open the devices
E/android_hardware_fm.cpp(16238): register_android_hardware_fm_fmradio, ret is 0
E/        (16238): ProtocolErrorLog wangkang test!!
I/wpa_supplicant(27617): wlan0: HEART-BEAT-ACK: 185
I/InputDispatcher( 3088): maybe input dispatch timeout, send to pg
E/Thermal-daemon( 2433): [pa_0] temp_new :34  temp_old :35
E/Thermal-daemon( 2433): Report temperature: [pa_0] temp :34  report_threshold:1
E/Thermal-daemon( 2433): [ap] temp_new :36  temp_old :35
E/Thermal-daemon( 2433): Report temperature: [ap] temp :36  report_threshold:1
W/dalvikvm(15835): threadid=1: thread exiting with uncaught exception (group=0x41a63c50)
I/Process ( 3088): Sending signal. PID: 15835 SIG: 9
I/logserver( 2435): Object Path:/data/system/dropbox/, mask=0x00000080
I/logserver( 2435): event->len=48, name=data_app_crash@1499851354755.txt
I/logserver( 2435): find_first_match: find match, plogs(type=1, pfile=/data/system/dropbox/, match=app_crash)
I/logserver( 2435): move_dir:src_path=/data/log/dbox/appdbg/logcache
I/logserver( 2435): move_dir:dst_path=/data/log/logcache/14677792/
I/logserver( 2435): is_all_ready, any file is ready in non-keyfile exception.
I/logserver( 2435): extract_appname, forward search, appname=com.example.monkey
I/logserver( 2435): archive_and_send, pos=0, type=crash, output=20170712172234_crash
I/logserver( 2435): ---copy_match_files enter!!--
I/logserver( 2435): [copy_match_files,829]: copy [/data/system/dropbox/data_app_crash@1499851354755.txt] to [/data/log/logcache/14677792/data_app_crash@1499851354755.txt]
I/logserver( 2435): internal_archive, argc=7
I/logserver( 2435): get_fault_appname, appname=com.example.monkey
I/logserver( 2435): handle_archive_exception, argc=7
I/logserver( 2435): get alarm time = 96443 (sec.)!
I/logserver( 2435): log_apr_add_record open file:/data/log/apr/H60-L02_V100R001CHNC00B316_DU2TAN15AJ049163_20170111211033_statistics
I/logserver( 2435): move_input_files, create dir [/data/log/unzip/H60-L02_V100R001CHNC00B316_DU2TAN15AJ049163_20170712172234_crash]
I/logserver( 2435): copy_file_to_dir, /data/log/logcache/14677792/data_app_crash@1499851354755.txt -> /data/log/unzip/H60-L02_V100R001CHNC00B316_DU2TAN15AJ049163_20170712172234_crash
I/logserver( 2435): copy_file_to_dir, /data/log/logcache/14677792/finger.txt -> /data/log/unzip/H60-L02_V100R001CHNC00B316_DU2TAN15AJ049163_20170712172234_crash
I/logserver( 2435): init_notify_fifo, before change /data/log/logcontrol owner
I/logserver( 2435): Process 2586 opening FIFO for O_WRONLY
I/logserver( 2435): Process 2586 opened fifo(19)
I/logserver( 2435): notify_logcontrol, 2586 sent /data/log/unzip/H60-L02_V100R001CHNC00B316_DU2TAN15AJ049163_20170712172234_crash 
I/logserver( 2435): check_dir_size, dir[/data/log/coredump/] doesn't exist
I/logserver( 2435): thread_logcontrol, select ret = 1
I/logserver( 2435): clean_cur_cache:962, system(rm -r /data/log/logcache/14677792/* > /dev/null 2>&1)
I/logserver( 2435): handle_notify_event, read res = 324, client pid = 2586, data=/data/log/unzip/H60-L02_V100R001CHNC00B316_DU2TAN15AJ049163_20170712172234_crash
I/logserver( 2435): build_notify_string,ModuleName = com.example.monkey
I/logserver( 2435): build_notify_string,product name = H60-L02
I/logserver( 2435): handle_notify_event, send msg [submit:trigger=0,bugtype=2,modulename=com.example.monkey,level=1,testtype=NORMAL,path=/data/log/unzip/H60-L02_V100R001CHNC00B316_DU2TAN15AJ049163_20170712172234_crash;]
I/logserver( 2435): send_to_client, send to (18) res = 167
E/SubmitMessage( 3448): Submit string: submit:trigger=0,bugtype=2,modulename=com.example.monkey,level=1,testtype=NORMAL,path=/data/log/unzip/H60-L02_V100R001CHNC00B316_DU2TAN15AJ049163_20170712172234_crash
I/logserver( 2435): Object Path:/data/log/apr/, mask=0x00000008
I/logserver( 2435): event->len=80, name=H60-L02_V100R001CHNC00B316_DU2TAN15AJ049163_20170111211033_statistics
I/logserver( 2435): process_one_event, can not find this event(H60-L02_V100R001CHNC00B316_DU2TAN15AJ049163_20170111211033_statistics)
I/logserver( 2435): clean_cur_cache:962, system(rm -r /data/log/logcache/14677792/* > /dev/null 2>&1)
I/LogServiceSetting( 3448): checkMemorydumpByPath: filePath is /storage/emulated/legacy/bugreports/ramdump
I/LogServiceSetting( 3448): CheckMemorydumpByPath: /storage/emulated/legacy/bugreports/ramdumpis not exist.
I/LogServiceSetting( 3448): checkMemorydumpByPath: filePath is /storage/sdcard1/bugreports/ramdump
I/LogServiceSetting( 3448): CheckMemorydumpByPath: /storage/sdcard1/bugreports/ramdumpis not exist.
I/LogCollectService( 3448): getUploadingFiles, file: /splash2/log/LogService/uploading/H60-L02_V100R001CHNC00B316_ibgZsLcTwUwjRUfS$bGYj62+s7PQIV7+$RXAj5TCoig=_20160510234552428__ALL_COMMERCIAL.zip
I/LogCollectService( 3448): getUploadingFiles, file: /splash2/log/LogService/uploading/failed
I/LogCollectService( 3448): getUploadingFiles, file: /splash2/log/LogService/uploading/H60-L02_V100R001CHNC00B316_ibgZsLcTwUwjRUfS$bGYj62+s7PQIV7+$RXAj5TCoig=_20160915112655300__ALL_COMMERCIAL.zip
I/LogCollectService( 3448): getUploadingFiles, file: /splash2/log/LogService/uploading/H60-L02_V100R001CHNC00B316_ibgZsLcTwUwjRUfS$bGYj62+s7PQIV7+$RXAj5TCoig=_20170406070746175__ALL_COMMERCIAL.zip
I/LogCollectService( 3448): getUploadingFiles, file: /splash2/log/LogService/uploading/H60-L02_V100R001CHNC00B316_ibgZsLcTwUwjRUfS$bGYj62+s7PQIV7+$RXAj5TCoig=_20170410222608337__ALL_COMMERCIAL.zip
I/PackageLogInfoManager( 3448): checkPackageLogState
W/Binder  ( 3411): Caught a RuntimeException from the binder stub implementation.
W/Binder  ( 3411): java.lang.NullPointerException
W/Binder  ( 3411): 	at android.inputmethodservice.IInputMethodWrapper.setSessionEnabled(IInputMethodWrapper.java:280)
W/Binder  ( 3411): 	at com.android.internal.view.IInputMethod$Stub.onTransact(IInputMethod.java:129)
W/Binder  ( 3411): 	at android.os.Binder.execTransact(Binder.java:404)
W/Binder  ( 3411): 	at dalvik.system.NativeStart.run(Native Method)
W/System.err( 3411): java.lang.NullPointerException
W/System.err( 3411): 	at android.inputmethodservice.IInputMethodWrapper.setSessionEnabled(IInputMethodWrapper.java:280)
W/System.err( 3411): 	at com.android.internal.view.IInputMethod$Stub.onTransact(IInputMethod.java:129)
W/System.err( 3411): 	at android.os.Binder.execTransact(Binder.java:404)
W/System.err( 3411): 	at dalvik.system.NativeStart.run(Native Method)
I/ActivityManager( 3088): Displayed com.example.monkey/.MainActivity: +449ms
E/InputEventSender(16304): Exception dispatching finished signal.
E/MessageQueue-JNI(16304): Exception in MessageQueue callback: handleReceiveCallback
E/MessageQueue-JNI(16304): java.lang.NullPointerException
E/MessageQueue-JNI(16304): 	at com.example.monkey.MainActivity$1.onClick(MainActivity.java:23)
E/MessageQueue-JNI(16304): 	at android.view.View.performClick(View.java:4446)
E/MessageQueue-JNI(16304): 	at android.view.View.onKeyUp(View.java:8258)
E/MessageQueue-JNI(16304): 	at android.widget.TextView.onKeyUp(TextView.java:5726)
E/MessageQueue-JNI(16304): 	at android.view.KeyEvent.dispatch(KeyEvent.java:2708)
E/MessageQueue-JNI(16304): 	at android.view.View.dispatchKeyEvent(View.java:7682)
E/MessageQueue-JNI(16304): 	at android.view.ViewGroup.dispatchKeyEvent(ViewGroup.java:1408)
E/MessageQueue-JNI(16304): 	at android.view.ViewGroup.dispatchKeyEvent(ViewGroup.java:1408)
E/MessageQueue-JNI(16304): 	at android.view.ViewGroup.dispatchKeyEvent(ViewGroup.java:1408)
E/MessageQueue-JNI(16304): 	at android.view.ViewGroup.dispatchKeyEvent(ViewGroup.java:1408)
E/MessageQueue-JNI(16304): 	at com.android.internal.policy.impl.PhoneWindow$DecorView.superDispatchKeyEvent(PhoneWindow.java:2084)
E/MessageQueue-JNI(16304): 	at com.android.internal.policy.impl.PhoneWindow.superDispatchKeyEvent(PhoneWindow.java:1554)
E/MessageQueue-JNI(16304): 	at android.app.Activity.dispatchKeyEvent(Activity.java:2453)
E/MessageQueue-JNI(16304): 	at com.android.internal.policy.impl.PhoneWindow$DecorView.dispatchKeyEvent(PhoneWindow.java:2011)
E/MessageQueue-JNI(16304): 	at android.view.ViewRootImpl$ViewPostImeInputStage.processKeyEvent(ViewRootImpl.java:4086)
E/MessageQueue-JNI(16304): 	at android.view.ViewRootImpl$ViewPostImeInputStage.onProcess(ViewRootImpl.java:4060)
E/MessageQueue-JNI(16304): 	at android.view.ViewRootImpl$InputStage.deliver(ViewRootImpl.java:3624)
E/MessageQueue-JNI(16304): 	at android.view.ViewRootImpl$InputStage.onDeliverToNext(ViewRootImpl.java:3674)
E/MessageQueue-JNI(16304): 	at android.view.ViewRootImpl$InputStage.forward(ViewRootImpl.java:3643)
E/MessageQueue-JNI(16304): 	at android.view.ViewRootImpl$AsyncInputStage.forward(ViewRootImpl.java:3750)
E/MessageQueue-JNI(16304): 	at android.view.ViewRootImpl$InputStage.apply(ViewRootImpl.java:3651)
E/MessageQueue-JNI(16304): 	at android.view.ViewRootImpl$AsyncInputStage.apply(ViewRootImpl.java:3807)
E/MessageQueue-JNI(16304): 	at android.view.ViewRootImpl$InputStage.deliver(ViewRootImpl.java:3624)
E/MessageQueue-JNI(16304): 	at android.view.ViewRootImpl$InputStage.onDeliverToNext(ViewRootImpl.java:3674)
E/MessageQueue-JNI(16304): 	at android.view.ViewRootImpl$InputStage.forward(ViewRootImpl.java:3643)
E/MessageQueue-JNI(16304): 	at android.view.ViewRootImpl$InputStage.apply(ViewRootImpl.java:3651)
E/MessageQueue-JNI(16304): 	at android.view.ViewRootImpl$InputStage.deliver(ViewRootImpl.java:3624)
E/MessageQueue-JNI(16304): 	at android.view.ViewRootImpl$InputStage.onDeliverToNext(ViewRootImpl.java:3674)
E/MessageQueue-JNI(16304): 	at android.view.ViewRootImpl$InputStage.forward(ViewRootImpl.java:3643)
E/MessageQueue-JNI(16304): 	at android.view.ViewRootImpl$AsyncInputStage.forward(ViewRootImpl.java:3783)
E/MessageQueue-JNI(16304): 	at android.view.ViewRootImpl$ImeInputStage.onFinishedInputEvent(ViewRootImpl.java:3945)
E/MessageQueue-JNI(16304): 	at android.view.inputmethod.InputMethodManager$PendingEvent.run(InputMethodManager.java:2014)
E/MessageQueue-JNI(16304): 	at android.view.inputmethod.InputMethodManager.invokeFinishedInputEventCallback(InputMethodManager.java:1708)
E/MessageQueue-JNI(16304): 	at android.view.inputmethod.InputMethodManager.finishedInputEvent(InputMethodManager.java:1699)
E/MessageQueue-JNI(16304): 	at android.view.inputmethod.InputMethodManager$ImeInputEventSender.onInputEventFinished(InputMethodManager.java:1991)
E/MessageQueue-JNI(16304): 	at android.view.InputEventSender.dispatchInputEventFinished(InputEventSender.java:141)
E/MessageQueue-JNI(16304): 	at android.os.MessageQueue.nativePollOnce(Native Method)
E/MessageQueue-JNI(16304): 	at android.os.MessageQueue.next(MessageQueue.java:138)
E/MessageQueue-JNI(16304): 	at android.os.Looper.loop(Looper.java:123)
E/MessageQueue-JNI(16304): 	at android.app.ActivityThread.main(ActivityThread.java:5314)
E/MessageQueue-JNI(16304): 	at java.lang.reflect.Method.invokeNative(Native Method)
E/MessageQueue-JNI(16304): 	at java.lang.reflect.Method.invoke(Method.java:515)
E/MessageQueue-JNI(16304): 	at com.android.internal.os.ZygoteInit$MethodAndArgsCaller.run(ZygoteInit.java:864)
E/MessageQueue-JNI(16304): 	at com.android.internal.os.ZygoteInit.main(ZygoteInit.java:680)
E/MessageQueue-JNI(16304): 	at dalvik.system.NativeStart.main(Native Method)
W/dalvikvm(16304): threadid=1: thread exiting with uncaught exception (group=0x41a63c50)
E/Thermal-daemon( 2433): [pa_0] temp_new :35  temp_old :34
I/logserver( 2435): Object Path:/data/system/dropbox/, mask=0x00000080
I/logserver( 2435): event->len=48, name=data_app_crash@1499851357326.txt
I/logserver( 2435): find_first_match: find match, plogs(type=1, pfile=/data/system/dropbox/, match=app_crash)
I/Process ( 3088): Sending signal. PID: 16304 SIG: 9
I/logserver( 2435): move_dir:src_path=/data/log/dbox/appdbg/logcache
I/logserver( 2435): move_dir:dst_path=/data/log/logcache/14677792/
I/logserver( 2435): is_all_ready, any file is ready in non-keyfile exception.
I/logserver( 2435): extract_appname, forward search, appname=com.example.monkey
I/logserver( 2435): archive_and_send, pos=0, type=crash, output=20170712172237_crash
I/logserver( 2435): ---copy_match_files enter!!--
I/logserver( 2435): [copy_match_files,829]: copy [/data/system/dropbox/data_app_crash@1499851357326.txt] to [/data/log/logcache/14677792/data_app_crash@1499851357326.txt]
I/logserver( 2435): internal_archive, argc=7
I/logserver( 2435): get_fault_appname, appname=com.example.monkey
I/logserver( 2435): handle_archive_exception, argc=7
I/logserver( 2435): get alarm time = 96445 (sec.)!
I/logserver( 2435): log_apr_add_record open file:/data/log/apr/H60-L02_V100R001CHNC00B316_DU2TAN15AJ049163_20170111211033_statistics
I/logserver( 2435): move_input_files, create dir [/data/log/unzip/H60-L02_V100R001CHNC00B316_DU2TAN15AJ049163_20170712172237_crash]
I/logserver( 2435): copy_file_to_dir, /data/log/logcache/14677792/data_app_crash@1499851354755.txt -> /data/log/unzip/H60-L02_V100R001CHNC00B316_DU2TAN15AJ049163_20170712172237_crash
I/logserver( 2435): copy_file_to_dir, /data/log/logcache/14677792/data_app_crash@1499851357326.txt -> /data/log/unzip/H60-L02_V100R001CHNC00B316_DU2TAN15AJ049163_20170712172237_crash
I/logserver( 2435): copy_file_to_dir, /data/log/logcache/14677792/finger.txt -> /data/log/unzip/H60-L02_V100R001CHNC00B316_DU2TAN15AJ049163_20170712172237_crash
I/logserver( 2435): init_notify_fifo, before change /data/log/logcontrol owner
I/logserver( 2435): Process 2586 opening FIFO for O_WRONLY
I/logserver( 2435): Process 2586 opened fifo(19)
I/logserver( 2435): notify_logcontrol, 2586 sent /data/log/unzip/H60-L02_V100R001CHNC00B316_DU2TAN15AJ049163_20170712172237_crash 
I/logserver( 2435): thread_logcontrol, select ret = 1
I/logserver( 2435): check_dir_size, dir[/data/log/coredump/] doesn't exist
I/logserver( 2435): clean_cur_cache:962, system(rm -r /data/log/logcache/14677792/* > /dev/null 2>&1)
I/logserver( 2435): handle_notify_event, read res = 324, client pid = 2586, data=/data/log/unzip/H60-L02_V100R001CHNC00B316_DU2TAN15AJ049163_20170712172237_crash
I/logserver( 2435): build_notify_string,ModuleName = com.example.monkey
I/logserver( 2435): build_notify_string,product name = H60-L02
I/logserver( 2435): handle_notify_event, send msg [submit:trigger=0,bugtype=2,modulename=com.example.monkey,level=1,testtype=NORMAL,path=/data/log/unzip/H60-L02_V100R001CHNC00B316_DU2TAN15AJ049163_20170712172237_crash;]
I/logserver( 2435): send_to_client, send to (18) res = 167
E/SubmitMessage( 3448): Submit string: submit:trigger=0,bugtype=2,modulename=com.example.monkey,level=1,testtype=NORMAL,path=/data/log/unzip/H60-L02_V100R001CHNC00B316_DU2TAN15AJ049163_20170712172237_crash
I/logserver( 2435): Object Path:/data/log/apr/, mask=0x00000008
I/logserver( 2435): event->len=80, name=H60-L02_V100R001CHNC00B316_DU2TAN15AJ049163_20170111211033_statistics
I/logserver( 2435): process_one_event, can not find this event(H60-L02_V100R001CHNC00B316_DU2TAN15AJ049163_20170111211033_statistics)
I/logserver( 2435): clean_cur_cache:962, system(rm -r /data/log/logcache/14677792/* > /dev/null 2>&1)
I/LogServiceSetting( 3448): checkMemorydumpByPath: filePath is /storage/emulated/legacy/bugreports/ramdump
I/LogServiceSetting( 3448): CheckMemorydumpByPath: /storage/emulated/legacy/bugreports/ramdumpis not exist.
I/LogServiceSetting( 3448): checkMemorydumpByPath: filePath is /storage/sdcard1/bugreports/ramdump
I/LogServiceSetting( 3448): CheckMemorydumpByPath: /storage/sdcard1/bugreports/ramdumpis not exist.
I/LogCollectService( 3448): getUploadingFiles, file: /splash2/log/LogService/uploading/H60-L02_V100R001CHNC00B316_ibgZsLcTwUwjRUfS$bGYj62+s7PQIV7+$RXAj5TCoig=_20160510234552428__ALL_COMMERCIAL.zip
I/LogCollectService( 3448): getUploadingFiles, file: /splash2/log/LogService/uploading/failed
I/LogCollectService( 3448): getUploadingFiles, file: /splash2/log/LogService/uploading/H60-L02_V100R001CHNC00B316_ibgZsLcTwUwjRUfS$bGYj62+s7PQIV7+$RXAj5TCoig=_20160915112655300__ALL_COMMERCIAL.zip
I/LogCollectService( 3448): getUploadingFiles, file: /splash2/log/LogService/uploading/H60-L02_V100R001CHNC00B316_ibgZsLcTwUwjRUfS$bGYj62+s7PQIV7+$RXAj5TCoig=_20170406070746175__ALL_COMMERCIAL.zip
I/LogCollectService( 3448): getUploadingFiles, file: /splash2/log/LogService/uploading/H60-L02_V100R001CHNC00B316_ibgZsLcTwUwjRUfS$bGYj62+s7PQIV7+$RXAj5TCoig=_20170410222608337__ALL_COMMERCIAL.zip
I/PackageLogInfoManager( 3448): checkPackageLogState
I/HwLauncher( 3556): DynamicIcon onWindowVisibilityChanged 4 - com.android.deskclock
I/HwLauncher( 3556): DynamicIcon onWindowVisibilityChanged 4 - com.huawei.android.totemweather
I/HwLauncher( 3556): Launcher onStart()
I/HwLauncher( 3556): Launcher dynamicIconsRegister
I/HwLauncher( 3556): DynamicUpdater registerReceiver
I/HwLauncher( 3556): DynamicIconData , getDrawableForDynamic begin, pkg = com.android.deskclock, picName = deskclock_bg
I/HwLauncher( 3556): DynamicIconData , getDrawableForDynamic end, pkg = com.android.deskclock, picName = deskclock_bg
I/HwLauncher( 3556): DynamicIconData , getDrawableForDynamic begin, pkg = com.android.deskclock, picName = deskclock_bg
I/HwLauncher( 3556): DynamicIconData , getDrawableForDynamic end, pkg = com.android.deskclock, picName = deskclock_bg
I/HwLauncher( 3556): Launcher.Utilities createIconBitmap sourceWidth = 180sourceHeight = 180
I/HwLauncher( 3556): ClockDynamicUpdater calender update folder at CalenderDynamicUpdater
I/HwLauncher( 3556): DynamicUpdater call updateFolder
I/HwLauncher( 3556): DynamicUpdater call updateFolder
I/HwLauncher( 3556): DynamicIcon onResume  isvisible = false   mAttachedToWindow:true    mWindowVisible:falsecom.android.deskclock
I/HwLauncher( 3556): DynamicUpdater registerReceiver
I/HwLauncher( 3556): DynamicUpdater call updateFolder
I/HwLauncher( 3556): DynamicIcon onResume  isvisible = true   mAttachedToWindow:false    mWindowVisible:falsecom.android.calendar
I/HwLauncher( 3556): DynamicUpdater registerReceiver
I/HwLauncher( 3556): DynamicUpdater call updateFolder
I/HwLauncher( 3556): WeatherDynamicUpdaterpositiveUpdate at WeatherDynamicUpdater
I/HwLauncher( 3556): DynamicIcon onResume  isvisible = false   mAttachedToWindow:true    mWindowVisible:falsecom.huawei.android.totemweather
I/HwLauncher( 3556): Launcher onResume()
I/HwLauncher( 3556): Launcher doResumeWork()
W/MotionDetectionManager( 3556): startMotionAppsReco motionApps: 402 disabled
W/HwLauncher( 3556): Launcher.MotionManager failed to start TYPE_SHAKE_CHANGE_WALLPAPER
I/HwLauncher( 3556): Launcher.MotionManager startShakeMotion mIsShakeInHome=true
W/MotionDetectionManager( 3556): startMotionAppsReco motionApps: 404 disabled
W/HwLauncher( 3556): Launcher.MotionManager failed to start TYPE_SHAKE_START_PRIVACY
I/HwLauncher( 3556): Launcher changeNaviBarStatus
W/HwLauncher( 3556): Launcher  updateMarginLayoutParamsForView:the target view is null.
I/HwLauncher( 3556): Launcher  onResume mIsToUninstallApp = false
I/HwLauncher( 3556): DynamicIcon onVisibilityChanged 0 - com.android.deskclock
I/HwLauncher( 3556): DynamicIcon onVisibilityChanged 0 - com.huawei.android.totemweather
I/HwLauncher( 3556): DynamicIcon onWindowVisibilityChanged 0 - com.android.deskclock
I/HwLauncher( 3556): DynamicIcon onWindowVisibilityChanged 0 - com.huawei.android.totemweather
I/PhoneStatusBar( 3296): hw_status_bar_operators = true, setSystemUIVisibily(SHOW_OPERATOR = false)
I/HwLauncher( 3556): WeatherDynamicUpdaterreceive action = com.huawei.android.action.launcher_weather_icon_change
I/HwLauncher( 3556): WeatherDynamicUpdaterreceiver data is int[] = [0, 0]
I/HwLauncher( 3556):  stringArray[] [unknown]
I/HwLauncher( 3556): ShortcutsProvider updateData: search n in Appliactions use time: 3
I/HwLauncher( 3556): ShortcutsProvider updateData: search n in Contacts use time: 23 i 0 ComponentName: ComponentInfo{com.android.contacts/com.android.contacts.activities.PeopleActivity}
I/HwLauncher( 3556): ShortcutsProvider updateData: search n in Contacts use time: 27 i 1 ComponentName: ComponentInfo{com.android.browser/com.android.browser.BookmarkSearch}
I/PhoneStatusBar( 3296): hw_status_bar_operators = true, setSystemUIVisibily(SHOW_OPERATOR = false)
W/Binder  ( 3411): Caught a RuntimeException from the binder stub implementation.
W/Binder  ( 3411): java.lang.NullPointerException
W/Binder  ( 3411): 	at android.inputmethodservice.IInputMethodWrapper.setSessionEnabled(IInputMethodWrapper.java:280)
W/Binder  ( 3411): 	at com.android.internal.view.IInputMethod$Stub.onTransact(IInputMethod.java:129)
W/Binder  ( 3411): 	at android.os.Binder.execTransact(Binder.java:404)
W/Binder  ( 3411): 	at dalvik.system.NativeStart.run(Native Method)
W/System.err( 3411): java.lang.NullPointerException
W/System.err( 3411): 	at android.inputmethodservice.IInputMethodWrapper.setSessionEnabled(IInputMethodWrapper.java:280)
W/System.err( 3411): 	at com.android.internal.view.IInputMethod$Stub.onTransact(IInputMethod.java:129)
W/System.err( 3411): 	at android.os.Binder.execTransact(Binder.java:404)
W/System.err( 3411): 	at dalvik.system.NativeStart.run(Native Method)
I/HwLauncher( 3556): ShortcutsProvider updateData: search n in Contacts use time: 74 i 2 ComponentName: ComponentInfo{com.android.contacts/com.android.mms.ui.SearchActivity}
I/HwEmailTag(23570): GlobalSearchProvider->handleGlobalSearch->uri:content://com.android.email.provider/globalSearch?limit=50&globalSearchKey=n;prefixglobalsearch
I/HwEmailTag(23570): EmailProvider->globalSearch:selection:n; limit:50;prefixglobalsearch
I/HwEmailTag(23570): EmailProvider->globalSearch:searchWhere:_id in () ;prefixglobalsearch
