I/MusicProvider(20770): MediaCenterProvider       -------->  tableName uri = content://mediacenter/external/audio/static
I/MusicProvider(20770): MediaCenterProvider       -------->  BaseProvider  is null  in query function!
I/DownloadedSongHelperService(20770): startLoaderData end 
I/DownloadedSongHelperService(20770): startLoaderData start 
I/MusicProvider(20770): MediaCenterProvider       -------->  tableName uri = content://mediacenter/external/audio/static
I/MusicProvider(20770): MediaCenterProvider       -------->  BaseProvider  is null  in query function!
I/DownloadedSongHelperService(20770): startLoaderData end 
W/Settings( 3296): Setting airplane_mode_on has moved from android.provider.Settings.System to android.provider.Settings.Global, returning read-only value.
W/Settings( 3088): Setting device_provisioned has moved from android.provider.Settings.Secure to android.provider.Settings.Global.
I/PhoneStatusBar( 3296): hw_status_bar_operators = true, setSystemUIVisibily(SHOW_OPERATOR = false)
W/Settings( 3296): Setting airplane_mode_on has moved from android.provider.Settings.System to android.provider.Settings.Global, returning read-only value.
E/android_hardware_fm.cpp(20895): register_android_hardware_fm_fmradio
E/FM_HAL  (20895): [FM_HAL], fm_dynamic_lib is libbcmfm_if
E/FM_HAL  (20895): [FM_HAL], libname is libbcmfm_if
E/fm_if.c (20895): find the id:libbcmfm_if and begins to open the devices
E/android_hardware_fm.cpp(20895): register_android_hardware_fm_fmradio, ret is 0
E/        (20895): ProtocolErrorLog wangkang test!!
I/MediaPlaybackService(20741): onStartCommand  action: com.android.mediacenter.musicservicecommand.close, cmd: null
I/MusicApplication(20741): Exit Music client...
I/MusicApplication(20741): Exit Music client.
I/BaseQueuePlaybackService(20741): mIntentReceiver onReceive action:com.android.mediacenter.musicservicecommand.close, cmd:null
I/MediaPlaybackService(20741): onUnbind
I/QueueManager(20741): saveQueue playlistId : mCurrentPlayPlaylistId :-999, savedCount :13, playingId :70848
I/MusicApplication(20770): Stop current process...
I/MusicApplication(20770): Stop current process.
I/BaseQueuePlaybackService(20741): doClean
I/MediaPlaybackService(20741): doClean
I/MediaPlaybackService(20741): stop removeIcon: true
I/MusicOnlinePlayer(20741): stopDownload
I/PlayerProxy(20741): reset
I/AndroidPlayer(20741): reset
I/LowPowerPlayer( 2427): ~LowPowerPlayer()
I/LowPowerPlayer( 2427): reset():begin, mReachedEOS: 0
I/LowPowerPlayer( 2427): reset():pauseHiFiPlay
I/LowPowerPlayer( 2427): pauseHiFiPlay()
I/LowPowerPlayer( 2427): pauseHiFiPlay():playPendingSamples = 1, pauseSizePos = 118700, mPauseTimeUs = 3709375
I/AudioFlinger( 2427): stopLowPowerOutput():setParameters
I/LowPowerPlayer( 2427): [pauseHiFiPlay]line[729]stopLowPowerOutput,error[0]
I/LowPowerPlayer( 2427): ThreadEntry():msgId = dd56 ,noticeType = 3 ,threadID[-1209885032]
I/LowPowerPlayer( 2427): ThreadEntry(): threadID[b7e29e98] unlocked
I/AudioFlinger( 2427): registerClient pid 20741 exit, removeold -1210234960
I/MediaPlaybackService(20741): gotoIdleState()
I/MediaPlaybackService(20741): notifyChange :com.android.mediacenter.closeplayback
I/CAEngineHelper(20741): CAEngine unregister CAEngineReceiver
I/MediaFocusControl( 3088):   Remote Control   unregisterMediaButtonIntent() for PendingIntent{44719bf8: PendingIntentRecord{445af2a0 com.android.mediacenter broadcastIntent}}
I/MediaFocusControl( 3088):  AudioFocus  abandonAudioFocus() from android.media.AudioManager@4375faf0com.android.mediacenter.localmusic.services.BasePlaybackService$1@4374b6b8
W/MessageQueue( 3296): Handler (android.media.AudioManager$FocusEventHandlerDelegate$1) {461eb7e0} sending message to a Handler on a dead thread
W/MessageQueue( 3296): java.lang.RuntimeException: Handler (android.media.AudioManager$FocusEventHandlerDelegate$1) {461eb7e0} sending message to a Handler on a dead thread
W/MessageQueue( 3296): 	at android.os.MessageQueue.enqueueMessage(MessageQueue.java:320)
W/MessageQueue( 3296): 	at android.os.Handler.enqueueMessage(Handler.java:626)
W/MessageQueue( 3296): 	at android.os.Handler.sendMessageAtTime(Handler.java:595)
W/MessageQueue( 3296): 	at android.os.Handler.sendMessageDelayed(Handler.java:566)
W/MessageQueue( 3296): 	at android.os.Handler.sendMessage(Handler.java:503)
W/MessageQueue( 3296): 	at android.media.AudioManager$1.dispatchAudioFocusChange(AudioManager.java:2013)
W/MessageQueue( 3296): 	at android.media.IAudioFocusDispatcher$Stub.onTransact(IAudioFocusDispatcher.java:57)
W/MessageQueue( 3296): 	at android.os.Binder.execTransact(Binder.java:404)
W/MessageQueue( 3296): 	at dalvik.system.NativeStart.run(Native Method)
I/MusicOnlinePlayer(20741): stopDownload
I/PlayerProxy(20741): release
I/AndroidPlayer(20741): release
I/ApePlayer_JAVA(20741): release!
I/APE_JNI (20741): release
I/PlayTimeAnalyticsHelper(20741): lastPlayTime=1499852026869
I/PlayTimeAnalyticsHelper(20741): usingTimeStr:3.70
I/DesktopLyricService(20741): receiver unRegistered!
I/MusicApplication(20741): Stop current process...
I/MusicApplication(20741): Stop current process.
I/Process (20770): Sending signal. PID: 20770 SIG: 9
I/logserver( 2435): Object Path:/data/system/dropbox/, mask=0x00000080
I/logserver( 2435): event->len=48, name=system_server_wtf@1499852030926.txt
I/logserver( 2435): find_first_match: find match, plogs(type=2, pfile=/data/system/dropbox/, match=_wtf)
I/logserver( 2435): move_dir:src_path=/data/log/dbox/appdbg/logcache
I/logserver( 2435): move_dir:dst_path=/data/log/logcache/14677792/
I/logserver( 2435): is_all_ready, all key files were ready.
I/logserver( 2435): find_fault_appname, 1433, type is not ANR/FC/VMREBOOT.
I/logserver( 2435): is_only_tombstone, not force close type, return.
I/logserver( 2435): archive_and_send, pos=3, type=wtf, output=20170712173350_wtf
I/logserver( 2435): get alarm time = 97119 (sec.)!
I/logserver( 2435): log_apr_add_record open file:/data/log/apr/H60-L02_V100R001CHNC00B316_DU2TAN15AJ049163_20170111211033_statistics
I/logserver( 2435): archive_and_send, don't tar and send (wtf)
I/logserver( 2435): clean_cur_cache:962, system(rm -r /data/log/logcache/14677792/* > /dev/null 2>&1)
I/logserver( 2435): Object Path:/data/log/apr/, mask=0x00000008
I/logserver( 2435): event->len=80, name=H60-L02_V100R001CHNC00B316_DU2TAN15AJ049163_20170111211033_statistics
I/logserver( 2435): process_one_event, can not find this event(H60-L02_V100R001CHNC00B316_DU2TAN15AJ049163_20170111211033_statistics)
I/logserver( 2435): clean_cur_cache:962, system(rm -r /data/log/logcache/14677792/* > /dev/null 2>&1)
I/Process (20741): Sending signal. PID: 20741 SIG: 9
I/StatusBar.KeyButtonView( 3296): action=0, flags=0, when=77423773, repeatCount=0, mDownTime=77423773, mCode=4
I/StatusBar.KeyButtonView( 3296): action=1, flags=0, when=77423812, repeatCount=0, mDownTime=77423773, mCode=4
I/PhoneStatusBar( 3296): hw_status_bar_operators = true, setSystemUIVisibily(SHOW_OPERATOR = false)
E/Thermal-daemon( 2433): [ap] temp_new :38  temp_old :37
E/Thermal-daemon( 2433): Report temperature: [ap] temp :38  report_threshold:1
I/audio_hw_primary( 2427): [do_output_standby],do_output_standby-----out->standby_lpp : 0
E/Thermal-daemon( 2433): [ap] temp_new :37  temp_old :38
E/Thermal-daemon( 2433): Report temperature: [ap] temp :37  report_threshold:1
I/HwLauncher( 3556): ClockDynamicUpdater date changed!!!!!!
I/HwLauncher( 3556): DynamicIconData , getDrawableForDynamic begin, pkg = com.android.deskclock, picName = deskclock_bg
I/HwLauncher( 3556): DynamicIconData , getDrawableForDynamic end, pkg = com.android.deskclock, picName = deskclock_bg
I/HwLauncher( 3556): DynamicIconData , getDrawableForDynamic begin, pkg = com.android.deskclock, picName = deskclock_bg
I/HwLauncher( 3556): DynamicIconData , getDrawableForDynamic end, pkg = com.android.deskclock, picName = deskclock_bg
I/HwLauncher( 3556): Launcher.Utilities createIconBitmap sourceWidth = 180sourceHeight = 180
I/HwLauncher( 3556): ClockDynamicUpdater calender update folder at CalenderDynamicUpdater
I/HwLauncher( 3556): DynamicUpdater call updateFolder
I/HwLauncher( 3556): ClockDynamicUpdater Calender update and call updateFolder
I/HwLauncher( 3556): CalenderDynamicUpdater date changed!!!!!!
I/HwLauncher( 3556): CalenderDynamicUpdater Calender update and call updateFolder
I/AudioFlinger( 2427): LppThread::threadLoop: set lowpower=off
I/AudioFlinger( 2427): setHalParameter according playback thread
I/audio_hw_primary( 2427): do_output_standby_lpp-----out->standby_lpp: 0, out->standby: 1
I/wpa_supplicant(27617): wlan0: HEART-BEAT-ACK: 231
E/Thermal-daemon( 2433): [ap] temp_new :36  temp_old :37
E/Thermal-daemon( 2433): Report temperature: [ap] temp :36  report_threshold:1
E/CommandListener( 2419): readDefRoute call readDefRoute
E/SecondaryTablController( 2419): isWifiDefaultRouteExisted /system/bin/ip route
I/wpa_supplicant(27617): wlan0: HEART-BEAT-ACK: 232
E/CommandListener( 2419): readDefRoute Rsp ok
E/Thermal-daemon( 2433): [ap] temp_new :35  temp_old :36
E/Thermal-daemon( 2433): Report temperature: [ap] temp :35  report_threshold:1
I/wpa_supplicant(27617): wlan0: HEART-BEAT-ACK: 233
W/Settings(  659): Setting airplane_mode_on has moved from android.provider.Settings.System to android.provider.Settings.Global, returning read-only value.
W/Settings(  659): Setting airplane_mode_on has moved from android.provider.Settings.System to android.provider.Settings.Global, returning read-only value.
W/Settings(  659): Setting airplane_mode_on has moved from android.provider.Settings.System to android.provider.Settings.Global, returning read-only value.
W/Settings(  659): Setting airplane_mode_on has moved from android.provider.Settings.System to android.provider.Settings.Global, returning read-only value.
E/Thermal-daemon( 2433): [ap] temp_new :36  temp_old :35
E/Thermal-daemon( 2433): Report temperature: [ap] temp :36  report_threshold:1
I/StatusBar.KeyButtonView( 3296): action=0, flags=0, when=77476225, repeatCount=0, mDownTime=77476225, mCode=4
I/StatusBar.KeyButtonView( 3296): action=1, flags=0, when=77476283, repeatCount=0, mDownTime=77476225, mCode=4
I/HwLauncher( 3556): Launcher onBackPressed zoomEnable=true
I/HwLauncher( 3556): DynamicIcon onVisibilityChanged 0 - com.android.deskclock
I/HwLauncher( 3556): PagedView snapToPage.getChildOffset(): 0
I/HwLauncher( 3556): PagedView snapToPage.getRelativeChildOffset(): 1080, 1080
I/StatusBar.KeyButtonView( 3296): action=0, flags=0, when=77476418, repeatCount=0, mDownTime=77476418, mCode=4
I/StatusBar.KeyButtonView( 3296): action=1, flags=0, when=77476459, repeatCount=0, mDownTime=77476418, mCode=4
I/HwLauncher( 3556): Launcher onBackPressed zoomEnable=true
I/HwLauncher( 3556): PagedView snapToPage.getChildOffset(): 0
I/HwLauncher( 3556): PagedView snapToPage.getRelativeChildOffset(): 1080, 1080
I/HwLauncher( 3556): DropSearchView cleanSearchView change true
I/StatusBar.KeyButtonView( 3296): action=0, flags=0, when=77476579, repeatCount=0, mDownTime=77476579, mCode=4
I/StatusBar.KeyButtonView( 3296): action=1, flags=0, when=77476618, repeatCount=0, mDownTime=77476579, mCode=4
I/HwLauncher( 3556): Launcher onBackPressed zoomEnable=true
I/HwLauncher( 3556): DropSearchView cleanSearchView change true
I/StatusBar.KeyButtonView( 3296): action=0, flags=0, when=77476737, repeatCount=0, mDownTime=77476737, mCode=4
I/StatusBar.KeyButtonView( 3296): action=1, flags=0, when=77476778, repeatCount=0, mDownTime=77476737, mCode=4
I/HwLauncher( 3556): Launcher onBackPressed zoomEnable=true
I/StatusBar.KeyButtonView( 3296): action=0, flags=0, when=77476924, repeatCount=0, mDownTime=77476924, mCode=4
I/StatusBar.KeyButtonView( 3296): action=1, flags=0, when=77476963, repeatCount=0, mDownTime=77476924, mCode=4
I/HwLauncher( 3556): Launcher onBackPressed zoomEnable=true
I/StatusBar.KeyButtonView( 3296): action=0, flags=0, when=77477116, repeatCount=0, mDownTime=77477116, mCode=4
I/StatusBar.KeyButtonView( 3296): action=1, flags=0, when=77477156, repeatCount=0, mDownTime=77477116, mCode=4
I/HwLauncher( 3556): Launcher onBackPressed zoomEnable=true
I/StatusBar.KeyButtonView( 3296): action=0, flags=0, when=77477301, repeatCount=0, mDownTime=77477301, mCode=4
I/StatusBar.KeyButtonView( 3296): action=1, flags=0, when=77477323, repeatCount=0, mDownTime=77477301, mCode=4
I/HwLauncher( 3556): Launcher onBackPressed zoomEnable=true
I/StatusBar.KeyButtonView( 3296): action=0, flags=0, when=77477442, repeatCount=0, mDownTime=77477442, mCode=4
I/StatusBar.KeyButtonView( 3296): action=1, flags=0, when=77477500, repeatCount=0, mDownTime=77477442, mCode=4
I/HwLauncher( 3556): Launcher onBackPressed zoomEnable=true
I/StatusBar.KeyButtonView( 3296): action=0, flags=0, when=77477611, repeatCount=0, mDownTime=77477611, mCode=4
I/StatusBar.KeyButtonView( 3296): action=1, flags=0, when=77477676, repeatCount=0, mDownTime=77477611, mCode=4
I/HwLauncher( 3556): Launcher onBackPressed zoomEnable=true
I/StatusBar.KeyButtonView( 3296): action=0, flags=0, when=77477788, repeatCount=0, mDownTime=77477788, mCode=4
I/StatusBar.KeyButtonView( 3296): action=1, flags=0, when=77477844, repeatCount=0, mDownTime=77477788, mCode=4
I/HwLauncher( 3556): Launcher onBackPressed zoomEnable=true
I/StatusBar.KeyButtonView( 3296): action=0, flags=0, when=77477980, repeatCount=0, mDownTime=77477980, mCode=4
I/StatusBar.KeyButtonView( 3296): action=1, flags=0, when=77478020, repeatCount=0, mDownTime=77477980, mCode=4
I/HwLauncher( 3556): Launcher onBackPressed zoomEnable=true
I/wpa_supplicant(27617): wlan0: HEART-BEAT-ACK: 234
E/CommandListener( 2419): readDefRoute call readDefRoute
E/SecondaryTablController( 2419): isWifiDefaultRouteExisted /system/bin/ip route
E/CommandListener( 2419): readDefRoute Rsp ok
E/Thermal-daemon( 2433): [ap] temp_new :35  temp_old :36
E/Thermal-daemon( 2433): Report temperature: [ap] temp :35  report_threshold:1
I/HwLauncher( 3556): ClockDynamicUpdater date changed!!!!!!
I/HwLauncher( 3556): DynamicIconData , getDrawableForDynamic begin, pkg = com.android.deskclock, picName = deskclock_bg
I/HwLauncher( 3556): DynamicIconData , getDrawableForDynamic end, pkg = com.android.deskclock, picName = deskclock_bg
I/HwLauncher( 3556): DynamicIconData , getDrawableForDynamic begin, pkg = com.android.deskclock, picName = deskclock_bg
I/HwLauncher( 3556): DynamicIconData , getDrawableForDynamic end, pkg = com.android.deskclock, picName = deskclock_bg
I/HwLauncher( 3556): Launcher.Utilities createIconBitmap sourceWidth = 180sourceHeight = 180
I/HwLauncher( 3556): ClockDynamicUpdater calender update folder at CalenderDynamicUpdater
I/HwLauncher( 3556): DynamicUpdater call updateFolder
I/HwLauncher( 3556): ClockDynamicUpdater Calender update and call updateFolder
I/HwLauncher( 3556): CalenderDynamicUpdater date changed!!!!!!
I/HwLauncher( 3556): CalenderDynamicUpdater Calender update and call updateFolder
W/Settings(  659): Setting airplane_mode_on has moved from android.provider.Settings.System to android.provider.Settings.Global, returning read-only value.
I/wpa_supplicant(27617): wlan0: HEART-BEAT-ACK: 235
E/omegasdk(  388): url:http://omgup.xiaojukeji.com/sync/android/com.sdu.didi.psnger response code:304.
E/omegasdk(  388): Sync sendAndGet fail. url:http://omgup.xiaojukeji.com/sync/android/com.sdu.didi.psnger response code:304.
I/wpa_supplicant(27617): wlan0: HEART-BEAT-ACK: 236
E/CommandListener( 2419): readDefRoute call readDefRoute
E/SecondaryTablController( 2419): isWifiDefaultRouteExisted /system/bin/ip route
E/CommandListener( 2419): readDefRoute Rsp ok
E/Thermal-daemon( 2433): [pa_0] temp_new :34  temp_old :35
E/Thermal-daemon( 2433): Report temperature: [pa_0] temp :34  report_threshold:1
I/wpa_supplicant(27617): wlan0: HEART-BEAT-ACK: 237
I/wpa_supplicant(27617): wlan0: HEART-BEAT-ACK: 238
E/CommandListener( 2419): readDefRoute call readDefRoute
E/SecondaryTablController( 2419): isWifiDefaultRouteExisted /system/bin/ip route
E/CommandListener( 2419): readDefRoute Rsp ok
I/HwLauncher( 3556): ClockDynamicUpdater date changed!!!!!!
I/HwLauncher( 3556): DynamicIconData , getDrawableForDynamic begin, pkg = com.android.deskclock, picName = deskclock_bg
I/HwLauncher( 3556): DynamicIconData , getDrawableForDynamic end, pkg = com.android.deskclock, picName = deskclock_bg
I/HwLauncher( 3556): DynamicIconData , getDrawableForDynamic begin, pkg = com.android.deskclock, picName = deskclock_bg
I/HwLauncher( 3556): DynamicIconData , getDrawableForDynamic end, pkg = com.android.deskclock, picName = deskclock_bg
I/HwLauncher( 3556): Launcher.Utilities createIconBitmap sourceWidth = 180sourceHeight = 180
I/HwLauncher( 3556): ClockDynamicUpdater calender update folder at CalenderDynamicUpdater
I/HwLauncher( 3556): DynamicUpdater call updateFolder
I/HwLauncher( 3556): ClockDynamicUpdater Calender update and call updateFolder
I/HwLauncher( 3556): CalenderDynamicUpdater date changed!!!!!!
I/HwLauncher( 3556): CalenderDynamicUpdater Calender update and call updateFolder
I/wpa_supplicant(27617): wlan0: HEART-BEAT-ACK: 239
E/android_hardware_fm.cpp(21347): register_android_hardware_fm_fmradio
E/FM_HAL  (21347): [FM_HAL], fm_dynamic_lib is libbcmfm_if
E/FM_HAL  (21347): [FM_HAL], libname is libbcmfm_if
E/fm_if.c (21347): find the id:libbcmfm_if and begins to open the devices
E/android_hardware_fm.cpp(21347): register_android_hardware_fm_fmradio, ret is 0
E/        (21347): ProtocolErrorLog wangkang test!!
I/HwLauncher( 3556): Launcher onPause()
I/K3V3CpuGovernorPolicy( 3513): set scene Hmp policy : 300 , 150
W/HwLauncher( 3556): Launcher.MotionManager failed to stop TYPE_SHAKE_CHANGE_WALLPAPER
W/HwLauncher( 3556): Launcher.MotionManager failed to stop TYPE_SHAKE_START_PRIVACY
I/dalvikvm-heap( 6550): Grow heap (frag case) to 56.071MB for 8294416-byte allocation
I/HwSystemManager( 3841): HoldService:preHoldShow start!
I/HwSystemManager( 3841): HoldService:The prePermissionType is: 1
I/PhoneStatusBar( 3296): hw_status_bar_operators = true, setSystemUIVisibily(SHOW_OPERATOR = false)
E/android_hardware_fm.cpp(21364): register_android_hardware_fm_fmradio
E/FM_HAL  (21364): [FM_HAL], fm_dynamic_lib is libbcmfm_if
E/FM_HAL  (21364): [FM_HAL], libname is libbcmfm_if
E/fm_if.c (21364): find the id:libbcmfm_if and begins to open the devices
E/android_hardware_fm.cpp(21364): register_android_hardware_fm_fmradio, ret is 0
E/        (21364): ProtocolErrorLog wangkang test!!
I/HwSystemManager( 3841): HoldService:preHoldShow start!
I/HwSystemManager( 3841): HoldService:The prePermissionType is: 1
I/HwSystemManager( 3841): HoldService:preHoldShow start!
I/HwSystemManager( 3841): HoldService:The prePermissionType is: 1
I/HwSystemManager( 3841): HoldService:preHoldShow start!
I/HwSystemManager( 3841): HoldService:The prePermissionType is: 1
I/HwSystemManager( 3841): HoldService:preHoldShow start!
I/HwSystemManager( 3841): HoldService:The prePermissionType is: 1
I/K3V3CpuGovernorPolicy( 3513): close previously scene Hmp policy : 300 , 150
W/IInputConnectionWrapper( 3556): showStatusIcon on inactive InputConnection
I/PhoneStatusBar( 3296): hw_status_bar_operators = true, setSystemUIVisibily(SHOW_OPERATOR = false)
I/ActivityManager( 3088): Displayed com.jianshu.haruki/com.baiji.jianshu.account.SplashScreenActivity: +942ms
I/HwLauncher( 3556): DynamicIcon onWindowVisibilityChanged 8 - com.android.deskclock
I/HwLauncher( 3556): DynamicIcon onWindowVisibilityChanged 8 - com.huawei.android.totemweather
I/HwLauncher( 3556): Launcher onStop()
E/HwLauncher( 3556): Launcher dialog dismiss failed : java.lang.IllegalArgumentException: no dialog with id 1 was ever shown via Activity#showDialog
I/HwLauncher( 3556): Launcher dynamicIconsUnregister
I/HwLauncher( 3556): DynamicUpdater unregisterReceiver
I/HwLauncher( 3556): DynamicIcon onPause  isvisible = true   mAttachedToWindow:true    mWindowVisible:falsecom.android.deskclock
I/HwLauncher( 3556): DynamicUpdater unregisterReceiver
I/HwLauncher( 3556): DynamicIcon onPause  isvisible = true   mAttachedToWindow:false    mWindowVisible:falsecom.android.calendar
I/HwLauncher( 3556): DynamicUpdater unregisterReceiver
I/HwLauncher( 3556): DynamicIcon onPause  isvisible = true   mAttachedToWindow:true    mWindowVisible:falsecom.huawei.android.totemweather
I/HwLauncher( 3556): DynamicIcon onVisibilityChanged 4 - com.android.deskclock
I/HwLauncher( 3556): DynamicIcon onVisibilityChanged 4 - com.huawei.android.totemweather
I/InputDispatcher( 3088): maybe input dispatch timeout, send to pg
I/ActivityManager( 3088): Displayed com.jianshu.haruki/com.baiji.jianshu.ui.main.MainActivity: +953ms
W/Settings(  659): Setting airplane_mode_on has moved from android.provider.Settings.System to android.provider.Settings.Global, returning read-only value.
W/Settings(  659): Setting airplane_mode_on has moved from android.provider.Settings.System to android.provider.Settings.Global, returning read-only value.
W/Settings(  659): Setting airplane_mode_on has moved from android.provider.Settings.System to android.provider.Settings.Global, returning read-only value.
W/Settings(  659): Setting airplane_mode_on has moved from android.provider.Settings.System to android.provider.Settings.Global, returning read-only value.
W/View    ( 6550): requestLayout() improperly called by android.support.v4.view.ViewPager{44e37700 VFED.... ......ID 0,512-1080,512 #7f0f0134 app:id/vp} during layout: running second layout pass
I/ActivityManager( 3088): Displayed com.jianshu.haruki/com.baiji.jianshu.ui.collection.CollectionActivity: +332ms
E/Thermal-daemon( 2433): [ap] temp_new :36  temp_old :35
E/Thermal-daemon( 2433): Report temperature: [ap] temp :36  report_threshold:1
W/View    ( 6550): requestLayout() improperly called by android.support.v4.view.ViewPager{43e2eb38 VFED.... ......ID 0,512-1080,512 #7f0f0134 app:id/vp} during layout: running second layout pass
I/ActivityManager( 3088): Displayed com.jianshu.haruki/com.baiji.jianshu.ui.collection.CollectionActivity: +283ms
I/InputDispatcher( 3088): maybe input dispatch timeout, send to pg
E/AudioManager( 6550): majun stream = -2147483648
I/AudioService( 3088): set 1 to persist.sys.ringmode.index
I/wpa_supplicant(27617): wlan0: HEART-BEAT-ACK: 240
E/Thermal-daemon( 2433): [pa_0] temp_new :35  temp_old :34
E/Thermal-daemon( 2433): [ap] temp_new :37  temp_old :36
E/Thermal-daemon( 2433): Report temperature: [ap] temp :37  report_threshold:1
I/TextToSpeech( 6550): Sucessfully bound to com.svox.pico
E/SelfBrailleClient( 6550): Failed to bind to service
E/RecyclerView( 6550): No adapter attached; skipping layout
I/TextToSpeech( 6550): Connected to ComponentInfo{com.svox.pico/com.svox.pico.PicoService}
I/TextToSpeech( 6550): Set up connection to ComponentInfo{com.svox.pico/com.svox.pico.PicoService}
I/ActivityManager( 3088): Displayed com.jianshu.haruki/com.baiji.jianshu.ui.articledetail.ArticleDetailActivity: +502ms
E/SelfBrailleClient( 6550): Failed to bind to service
W/UnimplementedWebViewApi( 6550): Unimplemented WebView method onKeyDown called from: android.webkit.WebView.onKeyDown(WebView.java:2224)
W/AwContents( 6550): nativeOnDraw failed; clearing to background color.
I/chromium( 6550): [INFO:CONSOLE(0)] "The page at https://www.jianshu.com/ ran insecure content from http://static0.jianshu.io/mobile-app-page-v1.js.
I/chromium( 6550): ", source: https://www.jianshu.com/ (0)
I/chromium( 6550): [INFO:web_contents_impl.cc(2308)] https://www.jianshu.com ran insecure content from http://static0.jianshu.io/mobile-app-page-v1.js
E/SelfBrailleClient( 6550): Failed to bind to service
I/chromium( 6550): [INFO:CONSOLE(1)] "imageListener initialization begin", source: https://www.jianshu.com/ (1)
I/chromium( 6550): [INFO:CONSOLE(1)] "imageListener initialization end", source: https://www.jianshu.com/ (1)
I/chromium( 6550): [INFO:CONSOLE(1)] "onSelectedHtmlListener initialization begin", source: https://www.jianshu.com/ (1)
I/chromium( 6550): [INFO:CONSOLE(1)] "onSelectedHtmlListener initialization end", source: https://www.jianshu.com/ (1)
I/chromium( 6550): [INFO:CONSOLE(1)] "onDeSelectHtmlListener initialization begin", source: https://www.jianshu.com/ (1)
I/chromium( 6550): [INFO:CONSOLE(1)] "onDeSelectHtmlListener initialization end", source: https://www.jianshu.com/ (1)
E/CommandListener( 2419): readDefRoute call readDefRoute
E/SecondaryTablController( 2419): isWifiDefaultRouteExisted /system/bin/ip route
I/InputDispatcher( 3088): maybe input dispatch timeout, send to pg
I/chromium( 6550): [INFO:CONSOLE(1)] "Uncaught TypeError: Cannot call method 'getContentHeight' of undefined", source: https://www.jianshu.com/ (1)
W/dalvikvm( 6550): method Landroid/support/v7/widget/am;.lookForSelectablePosition incorrectly overrides package-private method with same name in Landroid/widget/ListView;
I/dalvikvm( 6550): Could not find method android.support.v7.widget.ag.drawableHotspotChanged, referenced from method android.support.v7.widget.ag.a
W/dalvikvm( 6550): VFY: unable to resolve virtual method 10901: Landroid/support/v7/widget/ag;.drawableHotspotChanged (FF)V
I/dalvikvm( 6550): Could not find method android.view.View.drawableHotspotChanged, referenced from method android.support.v7.widget.ag.a
W/dalvikvm( 6550): VFY: unable to resolve virtual method 12414: Landroid/view/View;.drawableHotspotChanged (FF)V
E/CommandListener( 2419): readDefRoute Rsp ok
W/InputEventReceiver( 6550): Attempted to finish an input event but the input event receiver has already been disposed.
E/Thermal-daemon( 2433): [ap] temp_new :38  temp_old :37
E/Thermal-daemon( 2433): Report temperature: [ap] temp :38  report_threshold:1
E/SelfBrailleClient( 6550): Failed to bind to service
W/InputEventReceiver( 6550): Attempted to finish an input event but the input event receiver has already been disposed.
W/InputEventReceiver( 6550): Attempted to finish an input event but the input event receiver has already been disposed.
W/InputEventReceiver( 6550): Attempted to finish an input event but the input event receiver has already been disposed.
W/InputEventReceiver( 6550): Attempted to finish an input event but the input event receiver has already been disposed.
W/InputEventReceiver( 6550): Attempted to finish an input event but the input event receiver has already been disposed.
I/AccessSchedulerImpl( 3395): onAccessSchedulerTriggered... try to addTask
I/AccessSchedulerImpl( 3395): addTask...
I/AccessSchedulerImpl( 3395): scheduler...begin
I/DataAccessDBImpl( 3395): updateApnUseTime... for apn:ssid_"my1"5a:63:bf:01:87:ae,updateRet:1
I/AccessSchedulerStorageManager( 3395): updateApnUseTime... apnName:ssid_"my1"5a:63:bf:01:87:ae
I/AccessSchedulerStorageManager( 3395): isNeedScheduler... 
I/AccessSchedulerStorageManager( 3395): same apn. no need update.
I/AccessSchedulerImpl( 3395): scheduler...no need scheduler. return
W/StubController(32614): calendar access!
I/AndroidRuntime(21364): VM exiting with result code 0.
I/HwSystemManager( 3841): HoldService:preHoldShow start!
I/HwSystemManager( 3841): HoldService:The prePermissionType is: 1
E/HwOUC   (21560): [main-1]load system config caught FileNotFoundException(/HwOucConfig.java:1259)
E/HwOUC   (21560): [main-1]method invoke failed: com.huawei.pad.Product(/HwOucUtility.java:471)
I/HwOUC   (21560): [main-1]isTablet() = false(/HwOucUtility.java:473)
E/HwOUC   (21578): [main-1]load system config caught FileNotFoundException(/HwOucConfig.java:1259)
I/HwOUC   (21560): [main-1]baseVersionOfNewVersion is H60-L02V100R001CHNC00B316;isInstallingStatus is false(/HwOucUtility.java:2098)
I/HiWiServiceBD(21560): Trigger action: START_UP_HIWIBD_BI
I/HiWiServiceBD(21560): hour = 17
E/HwOUC   (21578): [main-1]method invoke failed: com.huawei.pad.Product(/HwOucUtility.java:471)
I/HwOUC   (21578): [main-1]isTablet() = false(/HwOucUtility.java:473)
I/HwOUC   (21578): [main-1]baseVersionOfNewVersion is H60-L02V100R001CHNC00B316;isInstallingStatus is false(/HwOucUtility.java:2098)
I/HwSystemManager( 3975): SavingSettingUtil:setAlarm and high_level_standard is 10 msg_send_interval is 240 count_frequency is 60 dangerous_level_standard is 25 dangerous_current_level is 30 min_interval_time is 3 average_current_fg is 350 count_frequency_fg is 5 app_show_level is 1
W/PushLog2551( 6821): [main-1]no macAddress in device_info(android/CommFun.java:1209)
E/HwOUC   (21593): [main-1]load system config caught FileNotFoundException(/HwOucConfig.java:1259)
I/PushLog2551( 6821): [ReceiverDispatcher-256]read to Send:DA(android/ConnectEntity.java:120)
E/HwOUC   (21593): [main-1]method invoke failed: com.huawei.pad.Product(/HwOucUtility.java:471)
I/HwOUC   (21593): [main-1]isTablet() = false(/HwOucUtility.java:473)
I/HwOUC   (21593): [main-1]baseVersionOfNewVersion is H60-L02V100R001CHNC00B316;isInstallingStatus is false(/HwOucUtility.java:2098)
I/HiWiServiceBD(21593): hiwiservice onCreate
I/HiWiServiceBD(21593): User Involved=1
I/HiWiServiceBD(21593): network is not roaming
I/HiWiServiceBD(21593): network TYPE_WIFI
I/HiWiServiceBD(21593): not over 180
I/HiWiServiceBD(21593): hiwiservice onDestroy
I/HwSystemManager( 3975): BootBroadcastReceiver:======  notificationShowJudger begin =======
I/HwSystemManager( 3975): BootBroadcastReceiver:new appConsumption size is 15
I/HwSystemManager( 3975): BootBroadcastReceiver:old appConsumption is {lastNotifyTime=0}
I/HwSystemManager( 3975): BootBroadcastReceiver:interval_time_unit is 60000
I/HwSystemManager( 3975): BootBroadcastReceiver:intervalHour is 240
I/HwSystemManager( 3975): BootBroadcastReceiver:mAhValue is 10
I/HwSystemManager( 3975): BootBroadcastReceiver:mNowTime is 1499852185134
I/HwSystemManager( 3975): BootBroadcastReceiver:mLastNotifyTime is 0
I/HwSystemManager( 3975): BootBroadcastReceiver:uap.uid is 10004
I/HwSystemManager( 3975): BootBroadcastReceiver:uap.power is 158.55
I/HwSystemManager( 3975): BootBroadcastReceiver:isOldContain is false
I/HwSystemManager( 3975): SavingSettingUtil:the pkgname = com.android.providers.downloads is exist!
I/HwSystemManager( 3975): SavingSettingUtil:the pkgname = com.android.providers.media is exist!
I/HwSystemManager( 3975): SavingSettingUtil:the pkgname = com.android.providers.downloads.ui is exist!
I/HwSystemManager( 3975): BootBroadcastReceiver:uap.uid is 10031
I/HwSystemManager( 3975): BootBroadcastReceiver:uap.power is 529.41
I/HwSystemManager( 3975): BootBroadcastReceiver:isOldContain is false
I/HwSystemManager( 3975): SavingSettingUtil:the pkgname = com.kingroot.kinguser is exist!
I/HwSystemManager( 3975): BootBroadcastReceiver:uap.uid is 10079
I/HwSystemManager( 3975): BootBroadcastReceiver:uap.power is 3976.665
I/HwSystemManager( 3975): BootBroadcastReceiver:isOldContain is false
I/HwSystemManager( 3975): SavingSettingUtil:the pkgname = com.mobike.mobikeapp is exist!
I/HwSystemManager( 3975): BootBroadcastReceiver:uap.uid is 10081
I/HwSystemManager( 3975): BootBroadcastReceiver:uap.power is 489.3
I/HwSystemManager( 3975): BootBroadcastReceiver:isOldContain is false
I/HwSystemManager( 3975): SavingSettingUtil:the pkgname = com.evernote is exist!
I/HwSystemManager( 3975): BootBroadcastReceiver:uap.uid is 10085
I/HwSystemManager( 3975): BootBroadcastReceiver:uap.power is 383.355
I/HwSystemManager( 3975): BootBroadcastReceiver:isOldContain is false
I/HwSystemManager( 3975): SavingSettingUtil:the pkgname = sogou.mobile.explorer is exist!
I/HwSystemManager( 3975): BootBroadcastReceiver:uap.uid is 10102
I/HwSystemManager( 3975): BootBroadcastReceiver:uap.power is 169.575
I/HwSystemManager( 3975): BootBroadcastReceiver:isOldContain is false
I/HwSystemManager( 3975): SavingSettingUtil:the pkgname = cn.etouch.ecalendar is exist!
I/HwSystemManager( 3975): BootBroadcastReceiver:uap.uid is 10104
I/HwSystemManager( 3975): BootBroadcastReceiver:uap.power is 1585.605
I/HwSystemManager( 3975): BootBroadcastReceiver:isOldContain is false
I/HwSystemManager( 3975): SavingSettingUtil:the pkgname = com.eg.android.AlipayGphone is exist!
I/HwSystemManager( 3975): BootBroadcastReceiver:uap.uid is 10112
I/HwSystemManager( 3975): BootBroadcastReceiver:uap.power is 39.9
I/HwSystemManager( 3975): BootBroadcastReceiver:isOldContain is false
I/HwSystemManager( 3975): SavingSettingUtil:the pkgname = com.sohu.inputmethod.sogou is exist!
I/HwSystemManager( 3975): BootBroadcastReceiver:uap.uid is 10132
I/HwSystemManager( 3975): BootBroadcastReceiver:uap.power is 21.105
I/HwSystemManager( 3975): BootBroadcastReceiver:isOldContain is false
I/HwSystemManager( 3975): SavingSettingUtil:the pkgname = com.android.chrome is exist!
I/HwSystemManager( 3975): BootBroadcastReceiver:uap.uid is 10141
I/HwSystemManager( 3975): BootBroadcastReceiver:uap.power is 5982.9
I/HwSystemManager( 3975): BootBroadcastReceiver:isOldContain is false
I/HwSystemManager( 3975): SavingSettingUtil:the pkgname = cn.com.cmbc.newmbank is exist!
I/HwSystemManager( 3975): BootBroadcastReceiver:uap.uid is 10149
I/HwSystemManager( 3975): BootBroadcastReceiver:uap.power is 576.765
I/HwSystemManager( 3975): BootBroadcastReceiver:isOldContain is false
I/HwSystemManager( 3975): SavingSettingUtil:the pkgname = com.sdu.didi.psnger is exist!
I/HwSystemManager( 3975): BootBroadcastReceiver:uap.uid is 10156
I/HwSystemManager( 3975): BootBroadcastReceiver:uap.power is 997.71
I/HwSystemManager( 3975): BootBroadcastReceiver:isOldContain is false
I/HwSystemManager( 3975): SavingSettingUtil:the pkgname = com.jianshu.haruki is exist!
I/HwSystemManager( 3975): BootBroadcastReceiver:uap.uid is 10168
I/HwSystemManager( 3975): BootBroadcastReceiver:uap.power is 5036.115
I/HwSystemManager( 3975): BootBroadcastReceiver:isOldContain is false
I/HwSystemManager( 3975): SavingSettingUtil:the pkgname = com.tencent.qqlite is exist!
I/HwSystemManager( 3975): BootBroadcastReceiver:uap.uid is 10170
I/HwSystemManager( 3975): BootBroadcastReceiver:uap.power is 771.75
I/HwSystemManager( 3975): BootBroadcastReceiver:isOldContain is false
I/HwSystemManager( 3975): SavingSettingUtil:the pkgname = com.taobao.taobao is exist!
I/HwSystemManager( 3975): BootBroadcastReceiver:uap.uid is 10172
I/HwSystemManager( 3975): BootBroadcastReceiver:uap.power is 178.71
I/HwSystemManager( 3975): BootBroadcastReceiver:isOldContain is false
I/HwSystemManager( 3975): SavingSettingUtil:the pkgname = com.tencent.news is exist!
I/HwSystemManager( 3975): HsmIntentService:destroyed. this:com.huawei.systemmanager.util.content.HsmIntentService_ui@436d74f0
E/android_hardware_fm.cpp(21614): register_android_hardware_fm_fmradio
E/FM_HAL  (21614): [FM_HAL], fm_dynamic_lib is libbcmfm_if
E/FM_HAL  (21614): [FM_HAL], libname is libbcmfm_if
E/fm_if.c (21614): find the id:libbcmfm_if and begins to open the devices
E/android_hardware_fm.cpp(21614): register_android_hardware_fm_fmradio, ret is 0
E/        (21614): ProtocolErrorLog wangkang test!!
E/HwSystemManager( 3841): BgPowerManagerService: conusmPower = -24 result = -276 flag1 =false flag2 = false
E/SelfBrailleClient( 6550): Failed to bind to service
I/wpa_supplicant(27617): wlan0: HEART-BEAT-ACK: 241
E/SelfBrailleClient( 6550): Failed to bind to service
E/Thermal-daemon( 2433): [ap] temp_new :37  temp_old :38
E/Thermal-daemon( 2433): Report temperature: [ap] temp :37  report_threshold:1
E/Thermal-daemon( 2433): [ap] temp_new :36  temp_old :37
E/Thermal-daemon( 2433): Report temperature: [ap] temp :36  report_threshold:1
I/wpa_supplicant(27617): wlan0: HEART-BEAT-ACK: 242
E/CommandListener( 2419): readDefRoute call readDefRoute
E/SecondaryTablController( 2419): isWifiDefaultRouteExisted /system/bin/ip route
E/CommandListener( 2419): readDefRoute Rsp ok
I/wpa_supplicant(27617): wlan0: HEART-BEAT-ACK: 243
I/HwSystemManager( 3841): HoldService:preHoldShow start!
I/HwSystemManager( 3841): HoldService:The prePermissionType is: 1
I/omegasdk(  388): Save record:omega_e_1499852226106_nMUay-wZSuau-kUG4cpmtg_2168 success, packed 1 files, size:885B.
I/wpa_supplicant(27617): wlan0: HEART-BEAT-ACK: 244
E/Thermal-daemon( 2433): [ap] temp_new :35  temp_old :36
E/Thermal-daemon( 2433): Report temperature: [ap] temp :35  report_threshold:1
E/android_hardware_fm.cpp(21775): register_android_hardware_fm_fmradio
E/FM_HAL  (21775): [FM_HAL], fm_dynamic_lib is libbcmfm_if
E/FM_HAL  (21775): [FM_HAL], libname is libbcmfm_if
E/fm_if.c (21775): find the id:libbcmfm_if and begins to open the devices
E/android_hardware_fm.cpp(21775): register_android_hardware_fm_fmradio, ret is 0
E/        (21775): ProtocolErrorLog wangkang test!!
I/K3V3CpuGovernorPolicy( 3513): set scene Hmp policy : 300 , 150
E/android_hardware_fm.cpp(21799): register_android_hardware_fm_fmradio
E/FM_HAL  (21799): [FM_HAL], fm_dynamic_lib is libbcmfm_if
E/FM_HAL  (21799): [FM_HAL], libname is libbcmfm_if
E/fm_if.c (21799): find the id:libbcmfm_if and begins to open the devices
E/android_hardware_fm.cpp(21799): register_android_hardware_fm_fmradio, ret is 0
E/        (21799): ProtocolErrorLog wangkang test!!
I/HwSystemManager( 3841): OptimizeProvider:startup allow delete is executed for Uri:content://com.huawei.android.batteryspriteprovider/startupallowapps
I/K3V3CpuGovernorPolicy( 3513): close previously scene Hmp policy : 300 , 150
E/android_hardware_fm.cpp(21810): register_android_hardware_fm_fmradio
E/FM_HAL  (21810): [FM_HAL], fm_dynamic_lib is libbcmfm_if
E/FM_HAL  (21810): [FM_HAL], libname is libbcmfm_if
E/fm_if.c (21810): find the id:libbcmfm_if and begins to open the devices
E/android_hardware_fm.cpp(21810): register_android_hardware_fm_fmradio, ret is 0
E/        (21810): ProtocolErrorLog wangkang test!!
E/android_hardware_fm.cpp(21822): register_android_hardware_fm_fmradio
E/FM_HAL  (21822): [FM_HAL], fm_dynamic_lib is libbcmfm_if
E/FM_HAL  (21822): [FM_HAL], libname is libbcmfm_if
E/fm_if.c (21822): find the id:libbcmfm_if and begins to open the devices
E/android_hardware_fm.cpp(21822): register_android_hardware_fm_fmradio, ret is 0
E/        (21822): ProtocolErrorLog wangkang test!!
E/Thermal-daemon( 2433): [ap] temp_new :36  temp_old :35
E/Thermal-daemon( 2433): Report temperature: [ap] temp :36  report_threshold:1
E/CommandListener( 2419): readDefRoute call readDefRoute
E/SecondaryTablController( 2419): isWifiDefaultRouteExisted /system/bin/ip route
E/CommandListener( 2419): readDefRoute Rsp ok
E/android_hardware_fm.cpp(21857): register_android_hardware_fm_fmradio
E/FM_HAL  (21857): [FM_HAL], fm_dynamic_lib is libbcmfm_if
E/FM_HAL  (21857): [FM_HAL], libname is libbcmfm_if
E/fm_if.c (21857): find the id:libbcmfm_if and begins to open the devices
E/android_hardware_fm.cpp(21857): register_android_hardware_fm_fmradio, ret is 0
E/        (21857): ProtocolErrorLog wangkang test!!
I/wpa_supplicant(27617): wlan0: HEART-BEAT-ACK: 245
E/Thermal-daemon( 2433): [ap] temp_new :35  temp_old :36
E/Thermal-daemon( 2433): Report temperature: [ap] temp :35  report_threshold:1
E/android_hardware_fm.cpp(21910): register_android_hardware_fm_fmradio
E/android_hardware_fm.cpp(21912): register_android_hardware_fm_fmradio
E/FM_HAL  (21912): [FM_HAL], fm_dynamic_lib is libbcmfm_if
E/FM_HAL  (21910): [FM_HAL], fm_dynamic_lib is libbcmfm_if
E/FM_HAL  (21912): [FM_HAL], libname is libbcmfm_if
E/FM_HAL  (21910): [FM_HAL], libname is libbcmfm_if
E/fm_if.c (21910): find the id:libbcmfm_if and begins to open the devices
E/fm_if.c (21912): find the id:libbcmfm_if and begins to open the devices
E/android_hardware_fm.cpp(21910): register_android_hardware_fm_fmradio, ret is 0
E/android_hardware_fm.cpp(21912): register_android_hardware_fm_fmradio, ret is 0
E/        (21912): ProtocolErrorLog wangkang test!!
E/        (21910): ProtocolErrorLog wangkang test!!
I/wpa_supplicant(27617): wlan0: HEART-BEAT-ACK: 246
E/CommandListener( 2419): readDefRoute call readDefRoute
E/SecondaryTablController( 2419): isWifiDefaultRouteExisted /system/bin/ip route
E/CommandListener( 2419): readDefRoute Rsp ok
W/Settings(  659): Setting airplane_mode_on has moved from android.provider.Settings.System to android.provider.Settings.Global, returning read-only value.
W/Settings(  659): Setting airplane_mode_on has moved from android.provider.Settings.System to android.provider.Settings.Global, returning read-only value.
E/Thermal-daemon( 2433): [pa_0] temp_new :34  temp_old :35
E/Thermal-daemon( 2433): Report temperature: [pa_0] temp :34  report_threshold:1
I/wpa_supplicant(27617): wlan0: HEART-BEAT-ACK: 247
E/android_hardware_fm.cpp(21998): register_android_hardware_fm_fmradio
E/FM_HAL  (21998): [FM_HAL], fm_dynamic_lib is libbcmfm_if
E/FM_HAL  (21998): [FM_HAL], libname is libbcmfm_if
E/fm_if.c (21998): find the id:libbcmfm_if and begins to open the devices
E/android_hardware_fm.cpp(21998): register_android_hardware_fm_fmradio, ret is 0
E/        (21998): ProtocolErrorLog wangkang test!!
I/dalvikvm-heap(  619): Grow heap (frag case) to 50.992MB for 4948960-byte allocation
I/CAPALiteReceiver( 3513): USER STATE: STATIONARY SUB STATE: UNKNOWN
W/Settings(  659): Setting airplane_mode_on has moved from android.provider.Settings.System to android.provider.Settings.Global, returning read-only value.
W/Settings(  659): Setting airplane_mode_on has moved from android.provider.Settings.System to android.provider.Settings.Global, returning read-only value.
E/android_hardware_fm.cpp(22028): register_android_hardware_fm_fmradio
E/FM_HAL  (22028): [FM_HAL], fm_dynamic_lib is libbcmfm_if
E/FM_HAL  (22028): [FM_HAL], libname is libbcmfm_if
E/fm_if.c (22028): find the id:libbcmfm_if and begins to open the devices
E/android_hardware_fm.cpp(22028): register_android_hardware_fm_fmradio, ret is 0
E/        (22028): ProtocolErrorLog wangkang test!!
I/dalvikvm-heap( 6550): Grow heap (frag case) to 53.333MB for 8294416-byte allocation
I/HwLauncher( 3556): DynamicIcon onWindowVisibilityChanged 4 - com.android.deskclock
I/HwLauncher( 3556): DynamicIcon onWindowVisibilityChanged 4 - com.huawei.android.totemweather
I/HwLauncher( 3556): Launcher onStart()
I/HwLauncher( 3556): Launcher dynamicIconsRegister
I/HwLauncher( 3556): DynamicUpdater registerReceiver
I/ActivityManager( 3088): Displayed com.jianshu.haruki/com.baiji.jianshu.account.SplashScreenActivity: +561ms (total +56s869ms)
I/HwLauncher( 3556): DynamicIconData , getDrawableForDynamic begin, pkg = com.android.deskclock, picName = deskclock_bg
I/HwLauncher( 3556): DynamicIconData , getDrawableForDynamic end, pkg = com.android.deskclock, picName = deskclock_bg
I/HwLauncher( 3556): DynamicIconData , getDrawableForDynamic begin, pkg = com.android.deskclock, picName = deskclock_bg
I/HwLauncher( 3556): DynamicIconData , getDrawableForDynamic end, pkg = com.android.deskclock, picName = deskclock_bg
I/HwLauncher( 3556): Launcher.Utilities createIconBitmap sourceWidth = 180sourceHeight = 180
I/HwLauncher( 3556): ClockDynamicUpdater calender update folder at CalenderDynamicUpdater
I/HwLauncher( 3556): DynamicUpdater call updateFolder
I/HwLauncher( 3556): DynamicUpdater call updateFolder
I/HwLauncher( 3556): DynamicIcon onResume  isvisible = false   mAttachedToWindow:true    mWindowVisible:falsecom.android.deskclock
I/HwLauncher( 3556): DynamicUpdater registerReceiver
I/HwLauncher( 3556): DynamicUpdater call updateFolder
I/HwLauncher( 3556): DynamicIcon onResume  isvisible = true   mAttachedToWindow:false    mWindowVisible:falsecom.android.calendar
I/HwLauncher( 3556): DynamicUpdater registerReceiver
I/HwLauncher( 3556): DynamicUpdater call updateFolder
I/HwLauncher( 3556): WeatherDynamicUpdaterpositiveUpdate at WeatherDynamicUpdater
I/HwLauncher( 3556): DynamicIcon onResume  isvisible = false   mAttachedToWindow:true    mWindowVisible:falsecom.huawei.android.totemweather
I/HwLauncher( 3556): DynamicIcon onVisibilityChanged 0 - com.android.deskclock
I/HwLauncher( 3556): DynamicIcon onVisibilityChanged 0 - com.huawei.android.totemweather
I/HwLauncher( 3556): DynamicIcon onWindowVisibilityChanged 0 - com.android.deskclock
I/HwLauncher( 3556): DynamicIcon onWindowVisibilityChanged 0 - com.huawei.android.totemweather
E/android_hardware_fm.cpp(22051): register_android_hardware_fm_fmradio
E/FM_HAL  (22051): [FM_HAL], fm_dynamic_lib is libbcmfm_if
E/FM_HAL  (22051): [FM_HAL], libname is libbcmfm_if
E/fm_if.c (22051): find the id:libbcmfm_if and begins to open the devices
E/android_hardware_fm.cpp(22051): register_android_hardware_fm_fmradio, ret is 0
E/        (22051): ProtocolErrorLog wangkang test!!
I/HwLauncher( 3556): WeatherDynamicUpdaterreceive action = com.huawei.android.action.launcher_weather_icon_change
I/HwLauncher( 3556): WeatherDynamicUpdaterreceiver data is int[] = [0, 0]
I/HwLauncher( 3556):  stringArray[] [unknown]
I/HwLauncher( 3556): Launcher onStop()
E/HwLauncher( 3556): Launcher dialog dismiss failed : java.lang.IllegalArgumentException: no dialog with id 1 was ever shown via Activity#showDialog
I/HwLauncher( 3556): Launcher dynamicIconsUnregister
I/HwLauncher( 3556): DynamicUpdater unregisterReceiver
I/HwLauncher( 3556): DynamicIcon onPause  isvisible = true   mAttachedToWindow:true    mWindowVisible:truecom.android.deskclock
I/HwLauncher( 3556): DynamicUpdater unregisterReceiver
I/HwLauncher( 3556): DynamicIcon onPause  isvisible = true   mAttachedToWindow:false    mWindowVisible:falsecom.android.calendar
I/HwLauncher( 3556): DynamicUpdater unregisterReceiver
I/HwLauncher( 3556): DynamicIcon onPause  isvisible = true   mAttachedToWindow:true    mWindowVisible:truecom.huawei.android.totemweather
I/HwLauncher( 3556): DynamicIcon onVisibilityChanged 4 - com.android.deskclock
I/HwLauncher( 3556): DynamicIcon onVisibilityChanged 4 - com.huawei.android.totemweather
I/HwLauncher( 3556): DynamicIcon onWindowVisibilityChanged 4 - com.android.deskclock
I/HwLauncher( 3556): DynamicIcon onWindowVisibilityChanged 4 - com.huawei.android.totemweather
I/ActivityManager( 3088): Displayed com.jianshu.haruki/com.baiji.jianshu.ui.main.MainActivity: +492ms
I/HwLauncher( 3556): DynamicIcon onWindowVisibilityChanged 8 - com.android.deskclock
I/HwLauncher( 3556): DynamicIcon onWindowVisibilityChanged 8 - com.huawei.android.totemweather
I/InputDispatcher( 3088): maybe input dispatch timeout, send to pg
I/wpa_supplicant(27617): wlan0: HEART-BEAT-ACK: 248
E/Thermal-daemon( 2433): [ap] temp_new :36  temp_old :35
E/Thermal-daemon( 2433): Report temperature: [ap] temp :36  report_threshold:1
I/InputDispatcher( 3088): maybe input dispatch timeout, send to pg
E/Thermal-daemon( 2433): [pa_0] temp_new :35  temp_old :34
E/CommandListener( 2419): readDefRoute call readDefRoute
E/SecondaryTablController( 2419): isWifiDefaultRouteExisted /system/bin/ip route
E/CommandListener( 2419): readDefRoute Rsp ok
I/InputDispatcher( 3088): maybe input dispatch timeout, send to pg
I/AndroidRuntime(22051): VM exiting with result code 0.
E/android_hardware_fm.cpp(22205): register_android_hardware_fm_fmradio
E/FM_HAL  (22205): [FM_HAL], fm_dynamic_lib is libbcmfm_if
E/FM_HAL  (22205): [FM_HAL], libname is libbcmfm_if
E/fm_if.c (22205): find the id:libbcmfm_if and begins to open the devices
E/android_hardware_fm.cpp(22205): register_android_hardware_fm_fmradio, ret is 0
E/        (22205): ProtocolErrorLog wangkang test!!
I/wpa_supplicant(27617): wlan0: HEART-BEAT-ACK: 249
W/System.err( 3088): java.net.SocketTimeoutException: failed to connect to www.google.com/93.46.8.89 (port 80) after 4000ms
W/System.err( 3088): 	at libcore.io.IoBridge.connectErrno(IoBridge.java:159)
W/System.err( 3088): 	at libcore.io.IoBridge.connect(IoBridge.java:112)
W/System.err( 3088): 	at java.net.PlainSocketImpl.connect(PlainSocketImpl.java:192)
W/System.err( 3088): 	at java.net.PlainSocketImpl.connect(PlainSocketImpl.java:459)
W/System.err( 3088): 	at java.net.Socket.connect(Socket.java:843)
W/System.err( 3088): 	at com.android.okhttp.internal.Platform.connectSocket(Platform.java:152)
W/System.err( 3088): 	at com.android.okhttp.Connection.connect(Connection.java:101)
W/System.err( 3088): 	at com.android.okhttp.internal.http.HttpEngine.connect(HttpEngine.java:294)
W/System.err( 3088): 	at com.android.okhttp.internal.http.HttpEngine.sendSocketRequest(HttpEngine.java:255)
W/System.err( 3088): 	at com.android.okhttp.internal.http.HttpEngine.sendRequest(HttpEngine.java:206)
W/System.err( 3088): 	at com.android.okhttp.internal.http.HttpURLConnectionImpl.execute(HttpURLConnectionImpl.java:345)
W/System.err( 3088): 	at com.android.okhttp.internal.http.HttpURLConnectionImpl.connect(HttpURLConnectionImpl.java:89)
W/System.err( 3088): 	at com.android.server.power.PowerManagerService.isGoogleConnectOK(PowerManagerService.java:3208)
W/System.err( 3088): 	at com.android.server.power.PowerManagerService.access$4000(PowerManagerService.java:108)
W/System.err( 3088): 	at com.android.server.power.PowerManagerService$5$1.run(PowerManagerService.java:3181)
I/wpa_supplicant(27617): wlan0: HEART-BEAT-ACK: 250
E/CommandListener( 2419): readDefRoute call readDefRoute
E/SecondaryTablController( 2419): isWifiDefaultRouteExisted /system/bin/ip route
E/CommandListener( 2419): readDefRoute Rsp ok
E/Thermal-daemon( 2433): [ap] temp_new :35  temp_old :36
E/Thermal-daemon( 2433): Report temperature: [ap] temp :35  report_threshold:1
I/wpa_supplicant(27617): wlan0: HEART-BEAT-ACK: 251
W/Settings(  330): Setting auto_time has moved from android.provider.Settings.System to android.provider.Settings.Global, returning read-only value.
E/Thermal-daemon( 2433): [pa_0] temp_new :34  temp_old :35
E/Thermal-daemon( 2433): Report temperature: [pa_0] temp :34  report_threshold:1
