I/HwLauncher( 3556): Launcher.Utilities createIconBitmap sourceWidth = 180sourceHeight = 180
I/HwLauncher( 3556): ClockDynamicUpdater calender update folder at CalenderDynamicUpdater
I/HwLauncher( 3556): DynamicUpdater call updateFolder
I/HwLauncher( 3556): DynamicUpdater call updateFolder
I/HwLauncher( 3556): DynamicIcon onResume  isvisible = false   mAttachedToWindow:true    mWindowVisible:falsecom.android.deskclock
I/HwLauncher( 3556): DynamicUpdater registerReceiver
I/HwLauncher( 3556): DynamicUpdater call updateFolder
I/HwLauncher( 3556): DynamicIcon onResume  isvisible = true   mAttachedToWindow:false    mWindowVisible:falsecom.android.calendar
I/HwLauncher( 3556): DynamicUpdater registerReceiver
I/HwLauncher( 3556): DynamicUpdater call updateFolder
I/HwLauncher( 3556): WeatherDynamicUpdaterpositiveUpdate at WeatherDynamicUpdater
I/HwLauncher( 3556): DynamicIcon onResume  isvisible = false   mAttachedToWindow:true    mWindowVisible:falsecom.huawei.android.totemweather
I/HwLauncher( 3556): Launcher onResume()
I/HwLauncher( 3556): Launcher doResumeWork()
W/MotionDetectionManager( 3556): startMotionAppsReco motionApps: 402 disabled
W/HwLauncher( 3556): Launcher.MotionManager failed to start TYPE_SHAKE_CHANGE_WALLPAPER
I/HwLauncher( 3556): Launcher.MotionManager startShakeMotion mIsShakeInHome=true
W/MotionDetectionManager( 3556): startMotionAppsReco motionApps: 404 disabled
W/HwLauncher( 3556): Launcher.MotionManager failed to start TYPE_SHAKE_START_PRIVACY
I/HwLauncher( 3556): Launcher changeNaviBarStatus
W/HwLauncher( 3556): Launcher  updateMarginLayoutParamsForView:the target view is null.
I/HwLauncher( 3556): Launcher  onResume mIsToUninstallApp = false
I/HwLauncher( 3556): DynamicIcon onVisibilityChanged 0 - com.android.deskclock
I/HwLauncher( 3556): DynamicIcon onVisibilityChanged 0 - com.huawei.android.totemweather
I/HwLauncher( 3556): DynamicIcon onWindowVisibilityChanged 0 - com.android.deskclock
I/HwLauncher( 3556): DynamicIcon onWindowVisibilityChanged 0 - com.huawei.android.totemweather
I/PhoneStatusBar( 3296): hw_status_bar_operators = true, setSystemUIVisibily(SHOW_OPERATOR = false)
I/HwLauncher( 3556): WeatherDynamicUpdaterreceive action = com.huawei.android.action.launcher_weather_icon_change
I/HwLauncher( 3556): WeatherDynamicUpdaterreceiver data is int[] = [0, 0]
I/HwLauncher( 3556):  stringArray[] [unknown]
I/HwLauncher( 3556): ShortcutsProvider updateData: search n in Appliactions use time: 3
I/HwLauncher( 3556): ShortcutsProvider updateData: search n in Contacts use time: 23 i 0 ComponentName: ComponentInfo{com.android.contacts/com.android.contacts.activities.PeopleActivity}
I/HwLauncher( 3556): ShortcutsProvider updateData: search n in Contacts use time: 27 i 1 ComponentName: ComponentInfo{com.android.browser/com.android.browser.BookmarkSearch}
I/PhoneStatusBar( 3296): hw_status_bar_operators = true, setSystemUIVisibily(SHOW_OPERATOR = false)
W/Binder  ( 3411): Caught a RuntimeException from the binder stub implementation.
W/Binder  ( 3411): java.lang.NullPointerException
W/Binder  ( 3411): 	at android.inputmethodservice.IInputMethodWrapper.setSessionEnabled(IInputMethodWrapper.java:280)
W/Binder  ( 3411): 	at com.android.internal.view.IInputMethod$Stub.onTransact(IInputMethod.java:129)
W/Binder  ( 3411): 	at android.os.Binder.execTransact(Binder.java:404)
W/Binder  ( 3411): 	at dalvik.system.NativeStart.run(Native Method)
W/System.err( 3411): java.lang.NullPointerException
W/System.err( 3411): 	at android.inputmethodservice.IInputMethodWrapper.setSessionEnabled(IInputMethodWrapper.java:280)
W/System.err( 3411): 	at com.android.internal.view.IInputMethod$Stub.onTransact(IInputMethod.java:129)
W/System.err( 3411): 	at android.os.Binder.execTransact(Binder.java:404)
W/System.err( 3411): 	at dalvik.system.NativeStart.run(Native Method)
I/HwLauncher( 3556): ShortcutsProvider updateData: search n in Contacts use time: 74 i 2 ComponentName: ComponentInfo{com.android.contacts/com.android.mms.ui.SearchActivity}
I/HwEmailTag(23570): GlobalSearchProvider->handleGlobalSearch->uri:content://com.android.email.provider/globalSearch?limit=50&globalSearchKey=n;prefixglobalsearch
I/HwEmailTag(23570): EmailProvider->globalSearch:selection:n; limit:50;prefixglobalsearch
I/HwEmailTag(23570): EmailProvider->globalSearch:searchWhere:_id in () ;prefixglobalsearch
I/HwEmailTag(23570): EmailProvider->query->Query: content://com.android.email.provider/globalSearch?limit=50&globalSearchKey=n; start:1499851357756; consuming:3ms;ms;avg:23.153846153846153ms; max:182ms; counter:13
I/HwLauncher( 3556): ShortcutsProvider updateData: search n in Contacts use time: 31 i 3 ComponentName: ComponentInfo{com.android.email/com.android.email.activity.GlobalSearchDetail}
I/HwLauncher( 3556): ShortcutsProvider updateData: search n in Contacts use time: 28 i 4 ComponentName: ComponentInfo{com.android.calendar/com.android.calendar.hap.GlobalSearchSupport}
I/InputDispatcher( 3088): maybe input dispatch timeout, send to pg
I/HwLauncher( 3556): ShortcutsProvider updateData: search n in Contacts use time: 31 i 5 ComponentName: ComponentInfo{com.android.mediacenter/com.android.mediacenter.ui.local.search.LocalSearchActivity}
I/HwLauncher( 3556): ShortcutsProvider updateData: search n in Contacts use time: 18 i 6 ComponentName: ComponentInfo{com.example.android.notepad/com.example.android.notepad.NoteEditor}
I/PhoneStatusBar( 3296): hw_status_bar_operators = true, setSystemUIVisibily(SHOW_OPERATOR = false)
W/System.err( 3088): java.lang.SecurityException: Permission Denial: opening provider com.android.calendar.CalendarRecentSuggestionsProvider from ProcessRecord{440877b0 3556:com.huawei.android.launcher/u0a49} (pid=3556, uid=10049) that is not exported from uid 10027
W/System.err( 3088): 	at com.android.server.am.ActivityManagerService.getContentProviderImpl(ActivityManagerService.java:8158)
W/System.err( 3088): 	at com.android.server.am.ActivityManagerService.getContentProvider(ActivityManagerService.java:8335)
W/System.err( 3088): 	at android.app.ActivityManagerNative.onTransact(ActivityManagerNative.java:704)
W/System.err( 3088): 	at com.android.server.am.ActivityManagerService.onTransact(ActivityManagerService.java:2282)
W/System.err( 3088): 	at huawei.com.android.server.am.HwActivityManagerService.onTransact(HwActivityManagerService.java:173)
W/System.err( 3088): 	at android.os.Binder.execTransact(Binder.java:404)
W/System.err( 3088): 	at dalvik.system.NativeStart.run(Native Method)
E/HwLauncher( 3556): exception happen at getSuggestions, the sableInfo is com.android.calendar and the exception is java.lang.SecurityException: Permission Denial: opening provider com.android.calendar.CalendarRecentSuggestionsProvider from ProcessRecord{440877b0 3556:com.huawei.android.launcher/u0a49} (pid=3556, uid=10049) that is not exported from uid 10027
I/HwLauncher( 3556): ShortcutsProvider  BubbleInfo init com.huawei.android.launcher.search.ShortcutsProvider@443e7398 
I/HwLauncher( 3556): ShortcutsProvider updateData: search n in Contacts use time: 5 i 7 ComponentName: ComponentInfo{com.android.calendar/com.android.calendar.SearchActivity}
W/DynamiteModule(15717): Local module descriptor class for com.google.android.gms.googlecertificates not found.
W/GooglePlayServicesUtil(15717): Google Play Store is missing.
I/DynamiteModule(15717): Considering local module com.google.android.gms.googlecertificates:0 and remote module com.google.android.gms.googlecertificates:0
E/GoogleCertificates(15717): Failed to load com.google.android.gms.googlecertificates: No acceptable module found. Local version is 0 and remote version is 0.
W/DynamiteModule(15717): Local module descriptor class for com.google.android.gms.googlecertificates not found.
W/GooglePlayServicesUtil(15717): Google Play Store is missing.
I/DynamiteModule(15717): Considering local module com.google.android.gms.googlecertificates:0 and remote module com.google.android.gms.googlecertificates:0
E/GoogleCertificates(15717): Failed to load com.google.android.gms.googlecertificates: No acceptable module found. Local version is 0 and remote version is 0.
E/chromium(15717): [ERROR:android_provider_backend.cc(860)] Can not find favicon's page url
E/chromium(15717): [ERROR:android_provider_backend.cc(860)] Can not find favicon's page url
E/chromium(15717): [ERROR:android_provider_backend.cc(860)] Can not find favicon's page url
E/chromium(15717): [ERROR:android_provider_backend.cc(860)] Can not find favicon's page url
E/chromium(15717): [ERROR:android_provider_backend.cc(860)] Can not find favicon's page url
E/chromium(15717): [ERROR:android_provider_backend.cc(860)] Can not find favicon's page url
I/HwLauncher( 3556): ShortcutsProvider updateData: search n in Contacts use time: 401 i 8 ComponentName: ComponentInfo{com.android.chrome/com.google.android.apps.chrome.Main}
W/System.err(23535): java.lang.SecurityException: permission denial for caller uid:10049 caller package:com.huawei.android.launcher uri: content://com.evernote.evernoteprovider/search_suggest_query/n?limit=50
W/System.err(23535): 	at com.evernote.provider.EvernoteProvider.a(EvernoteProvider.java:9658)
W/System.err(23535): 	at com.evernote.provider.EvernoteProvider.query(EvernoteProvider.java:1960)
W/System.err(23535): 	at android.content.ContentProvider.query(ContentProvider.java:857)
W/System.err(23535): 	at android.content.ContentProvider$Transport.query(ContentProvider.java:200)
W/System.err(23535): 	at android.content.ContentProviderNative.onTransact(ContentProviderNative.java:112)
W/System.err(23535): 	at android.os.Binder.execTransact(Binder.java:404)
W/System.err(23535): 	at dalvik.system.NativeStart.run(Native Method)
E/DatabaseUtils(23535): Writing exception to parcel
E/DatabaseUtils(23535): java.lang.SecurityException: permission denial for caller uid:10049 caller package:com.huawei.android.launcher uri: content://com.evernote.evernoteprovider/search_suggest_query/n?limit=50
E/DatabaseUtils(23535): 	at com.evernote.provider.EvernoteProvider.a(EvernoteProvider.java:9658)
E/DatabaseUtils(23535): 	at com.evernote.provider.EvernoteProvider.query(EvernoteProvider.java:1960)
E/DatabaseUtils(23535): 	at android.content.ContentProvider.query(ContentProvider.java:857)
E/DatabaseUtils(23535): 	at android.content.ContentProvider$Transport.query(ContentProvider.java:200)
E/DatabaseUtils(23535): 	at android.content.ContentProviderNative.onTransact(ContentProviderNative.java:112)
E/DatabaseUtils(23535): 	at android.os.Binder.execTransact(Binder.java:404)
E/DatabaseUtils(23535): 	at dalvik.system.NativeStart.run(Native Method)
E/HwLauncher( 3556): exception happen at getSuggestions, the sableInfo is com.evernote and the exception is java.lang.SecurityException: permission denial for caller uid:10049 caller package:com.huawei.android.launcher uri: content://com.evernote.evernoteprovider/search_suggest_query/n?limit=50
I/HwLauncher( 3556): ShortcutsProvider  BubbleInfo init com.huawei.android.launcher.search.ShortcutsProvider@443e7398 
I/HwLauncher( 3556): ShortcutsProvider updateData: search n in Contacts use time: 13 i 9 ComponentName: ComponentInfo{com.evernote/com.evernote.ui.GoogleSearchResultRedirectActivity}
I/PhoneStatusBar( 3296): hw_status_bar_operators = true, setSystemUIVisibily(SHOW_OPERATOR = false)
I/HwLauncher( 3556): PagedView snapToPage.getChildOffset(): 0
I/HwLauncher( 3556): PagedView snapToPage.getRelativeChildOffset(): 1080, 1080
I/PushLog2551( 6821): [ReceiverDispatcher-256]read to Send:DA(android/ConnectEntity.java:120)
I/AndroidRuntime(16238): VM exiting with result code 0.
E/android_hardware_fm.cpp(16471): register_android_hardware_fm_fmradio
E/android_hardware_fm.cpp(16473): register_android_hardware_fm_fmradio
E/FM_HAL  (16471): [FM_HAL], fm_dynamic_lib is libbcmfm_if
E/FM_HAL  (16473): [FM_HAL], fm_dynamic_lib is libbcmfm_if
E/FM_HAL  (16471): [FM_HAL], libname is libbcmfm_if
E/FM_HAL  (16473): [FM_HAL], libname is libbcmfm_if
E/fm_if.c (16473): find the id:libbcmfm_if and begins to open the devices
E/fm_if.c (16471): find the id:libbcmfm_if and begins to open the devices
E/android_hardware_fm.cpp(16471): register_android_hardware_fm_fmradio, ret is 0
E/android_hardware_fm.cpp(16473): register_android_hardware_fm_fmradio, ret is 0
E/        (16471): ProtocolErrorLog wangkang test!!
E/        (16473): ProtocolErrorLog wangkang test!!
E/android_hardware_fm.cpp(16498): register_android_hardware_fm_fmradio
E/FM_HAL  (16498): [FM_HAL], fm_dynamic_lib is libbcmfm_if
E/FM_HAL  (16498): [FM_HAL], libname is libbcmfm_if
E/fm_if.c (16498): find the id:libbcmfm_if and begins to open the devices
E/android_hardware_fm.cpp(16498): register_android_hardware_fm_fmradio, ret is 0
E/        (16498): ProtocolErrorLog wangkang test!!
I/wpa_supplicant(27617): wlan0: HEART-BEAT-ACK: 186
E/Thermal-daemon( 2433): [ap] temp_new :37  temp_old :36
E/Thermal-daemon( 2433): Report temperature: [ap] temp :37  report_threshold:1
E/Thermal-daemon( 2433): [ap] temp_new :36  temp_old :37
E/Thermal-daemon( 2433): Report temperature: [ap] temp :36  report_threshold:1
E/CommandListener( 2419): readDefRoute call readDefRoute
E/SecondaryTablController( 2419): isWifiDefaultRouteExisted /system/bin/ip route
E/CommandListener( 2419): readDefRoute Rsp ok
I/HwLauncher( 3556): ClockDynamicUpdater date changed!!!!!!
I/HwLauncher( 3556): DynamicIconData , getDrawableForDynamic begin, pkg = com.android.deskclock, picName = deskclock_bg
I/HwLauncher( 3556): DynamicIconData , getDrawableForDynamic end, pkg = com.android.deskclock, picName = deskclock_bg
I/HwLauncher( 3556): DynamicIconData , getDrawableForDynamic begin, pkg = com.android.deskclock, picName = deskclock_bg
I/HwLauncher( 3556): DynamicIconData , getDrawableForDynamic end, pkg = com.android.deskclock, picName = deskclock_bg
I/HwLauncher( 3556): Launcher.Utilities createIconBitmap sourceWidth = 180sourceHeight = 180
I/HwLauncher( 3556): ClockDynamicUpdater calender update folder at CalenderDynamicUpdater
I/HwLauncher( 3556): DynamicUpdater call updateFolder
I/HwLauncher( 3556): ClockDynamicUpdater Calender update and call updateFolder
I/HwLauncher( 3556): CalenderDynamicUpdater date changed!!!!!!
I/HwLauncher( 3556): CalenderDynamicUpdater Calender update and call updateFolder
I/wpa_supplicant(27617): wlan0: HEART-BEAT-ACK: 187
E/PushLog2551( 6821): [SocketRead_16:55:59-307]cmdId:0 is not exist, all:[-91, -92, -89, -90, -95, -96, -46, -45, -48, -47, -42, -41, -38, -37, -34, -33, -36, -35](android/IDMapMessage.java:70)
E/PushLog2551( 6821): [SocketRead_16:55:59-307]call getEntityByCmdId(cmd:0 cause InstantiationException(android/PushSocketReadThread.java:108)
I/PushLog2551( 6821): [ReceiverDispatcher-256]jsonStr does not  have a mapping for app(android/PushCommandProcessor.java:786)
E/PushLog2551( 6821): [SocketRead_16:55:59-307]cmdId:17 is not exist, all:[-91, -92, -89, -90, -95, -96, -46, -45, -48, -47, -42, -41, -38, -37, -34, -33, -36, -35](android/IDMapMessage.java:70)
E/PushLog2551( 6821): [SocketRead_16:55:59-307]call getEntityByCmdId(cmd:17 cause InstantiationException(android/PushSocketReadThread.java:108)
E/PushLog2551( 6821): [SocketRead_16:55:59-307]cmdId:123 is not exist, all:[-91, -92, -89, -90, -95, -96, -46, -45, -48, -47, -42, -41, -38, -37, -34, -33, -36, -35](android/IDMapMessage.java:70)
E/PushLog2551( 6821): [SocketRead_16:55:59-307]call getEntityByCmdId(cmd:123 cause InstantiationException(android/PushSocketReadThread.java:108)
E/PushLog2551( 6821): [SocketRead_16:55:59-307]cmdId:34 is not exist, all:[-91, -92, -89, -90, -95, -96, -46, -45, -48, -47, -42, -41, -38, -37, -34, -33, -36, -35](android/IDMapMessage.java:70)
I/PushLog2551( 6821): [ReceiverDispatcher-256]read to Send:A1(android/ConnectEntity.java:120)
E/PushLog2551( 6821): [SocketRead_16:55:59-307]call getEntityByCmdId(cmd:34 cause InstantiationException(android/PushSocketReadThread.java:108)
I/PushLog2551( 6821): [ReceiverDispatcher-256]rspPushMessage the response msg is :A1(android/PushCommandProcessor.java:428)
E/PushLog2551( 6821): [SocketRead_16:55:59-307]cmdId:117 is not exist, all:[-91, -92, -89, -90, -95, -96, -46, -45, -48, -47, -42, -41, -38, -37, -34, -33, -36, -35](android/IDMapMessage.java:70)
E/PushLog2551( 6821): [SocketRead_16:55:59-307]call getEntityByCmdId(cmd:117 cause InstantiationException(android/PushSocketReadThread.java:108)
E/PushLog2551( 6821): [SocketRead_16:55:59-307]cmdId:115 is not exist, all:[-91, -92, -89, -90, -95, -96, -46, -45, -48, -47, -42, -41, -38, -37, -34, -33, -36, -35](android/IDMapMessage.java:70)
E/PushLog2551( 6821): [SocketRead_16:55:59-307]call getEntityByCmdId(cmd:115 cause InstantiationException(android/PushSocketReadThread.java:108)
E/PushLog2551( 6821): [SocketRead_16:55:59-307]cmdId:101 is not exist, all:[-91, -92, -89, -90, -95, -96, -46, -45, -48, -47, -42, -41, -38, -37, -34, -33, -36, -35](android/IDMapMessage.java:70)
E/PushLog2551( 6821): [SocketRead_16:55:59-307]call getEntityByCmdId(cmd:101 cause InstantiationException(android/PushSocketReadThread.java:108)
E/PushLog2551( 6821): [SocketRead_16:55:59-307]cmdId:114 is not exist, all:[-91, -92, -89, -90, -95, -96, -46, -45, -48, -47, -42, -41, -38, -37, -34, -33, -36, -35](android/IDMapMessage.java:70)
E/PushLog2551( 6821): [SocketRead_16:55:59-307]call getEntityByCmdId(cmd:114 cause InstantiationException(android/PushSocketReadThread.java:108)
E/PushLog2551( 6821): [SocketRead_16:55:59-307]cmdId:84 is not exist, all:[-91, -92, -89, -90, -95, -96, -46, -45, -48, -47, -42, -41, -38, -37, -34, -33, -36, -35](android/IDMapMessage.java:70)
E/PushLog2551( 6821): [SocketRead_16:55:59-307]call getEntityByCmdId(cmd:84 cause InstantiationException(android/PushSocketReadThread.java:108)
E/PushLog2551( 6821): [SocketRead_16:55:59-307]cmdId:121 is not exist, all:[-91, -92, -89, -90, -95, -96, -46, -45, -48, -47, -42, -41, -38, -37, -34, -33, -36, -35](android/IDMapMessage.java:70)
E/PushLog2551( 6821): [SocketRead_16:55:59-307]call getEntityByCmdId(cmd:121 cause InstantiationException(android/PushSocketReadThread.java:108)
E/PushLog2551( 6821): [SocketRead_16:55:59-307]cmdId:112 is not exist, all:[-91, -92, -89, -90, -95, -96, -46, -45, -48, -47, -42, -41, -38, -37, -34, -33, -36, -35](android/IDMapMessage.java:70)
E/PushLog2551( 6821): [SocketRead_16:55:59-307]call getEntityByCmdId(cmd:112 cause InstantiationException(android/PushSocketReadThread.java:108)
E/PushLog2551( 6821): [SocketRead_16:55:59-307]cmdId:101 is not exist, all:[-91, -92, -89, -90, -95, -96, -46, -45, -48, -47, -42, -41, -38, -37, -34, -33, -36, -35](android/IDMapMessage.java:70)
E/PushLog2551( 6821): [SocketRead_16:55:59-307]call getEntityByCmdId(cmd:101 cause InstantiationException(android/PushSocketReadThread.java:108)
E/PushLog2551( 6821): [SocketRead_16:55:59-307]cmdId:34 is not exist, all:[-91, -92, -89, -90, -95, -96, -46, -45, -48, -47, -42, -41, -38, -37, -34, -33, -36, -35](android/IDMapMessage.java:70)
E/PushLog2551( 6821): [SocketRead_16:55:59-307]call getEntityByCmdId(cmd:34 cause InstantiationException(android/PushSocketReadThread.java:108)
E/PushLog2551( 6821): [SocketRead_16:55:59-307]cmdId:58 is not exist, all:[-91, -92, -89, -90, -95, -96, -46, -45, -48, -47, -42, -41, -38, -37, -34, -33, -36, -35](android/IDMapMessage.java:70)
E/PushLog2551( 6821): [SocketRead_16:55:59-307]call getEntityByCmdId(cmd:58 cause InstantiationException(android/PushSocketReadThread.java:108)
E/PushLog2551( 6821): [SocketRead_16:55:59-307]cmdId:34 is not exist, all:[-91, -92, -89, -90, -95, -96, -46, -45, -48, -47, -42, -41, -38, -37, -34, -33, -36, -35](android/IDMapMessage.java:70)
E/PushLog2551( 6821): [SocketRead_16:55:59-307]call getEntityByCmdId(cmd:34 cause InstantiationException(android/PushSocketReadThread.java:108)
E/PushLog2551( 6821): [SocketRead_16:55:59-307]cmdId:45 is not exist, all:[-91, -92, -89, -90, -95, -96, -46, -45, -48, -47, -42, -41, -38, -37, -34, -33, -36, -35](android/IDMapMessage.java:70)
E/PushLog2551( 6821): [SocketRead_16:55:59-307]call getEntityByCmdId(cmd:45 cause InstantiationException(android/PushSocketReadThread.java:108)
E/PushLog2551( 6821): [SocketRead_16:55:59-307]cmdId:49 is not exist, all:[-91, -92, -89, -90, -95, -96, -46, -45, -48, -47, -42, -41, -38, -37, -34, -33, -36, -35](android/IDMapMessage.java:70)
E/PushLog2551( 6821): [SocketRead_16:55:59-307]call getEntityByCmdId(cmd:49 cause InstantiationException(android/PushSocketReadThread.java:108)
E/PushLog2551( 6821): [SocketRead_16:55:59-307]cmdId:34 is not exist, all:[-91, -92, -89, -90, -95, -96, -46, -45, -48, -47, -42, -41, -38, -37, -34, -33, -36, -35](android/IDMapMessage.java:70)
E/PushLog2551( 6821): [SocketRead_16:55:59-307]call getEntityByCmdId(cmd:34 cause InstantiationException(android/PushSocketReadThread.java:108)
E/PushLog2551( 6821): [SocketRead_16:55:59-307]cmdId:125 is not exist, all:[-91, -92, -89, -90, -95, -96, -46, -45, -48, -47, -42, -41, -38, -37, -34, -33, -36, -35](android/IDMapMessage.java:70)
E/PushLog2551( 6821): [SocketRead_16:55:59-307]call getEntityByCmdId(cmd:125 cause InstantiationException(android/PushSocketReadThread.java:108)
E/android_hardware_fm.cpp(16622): register_android_hardware_fm_fmradio
E/FM_HAL  (16622): [FM_HAL], fm_dynamic_lib is libbcmfm_if
E/FM_HAL  (16622): [FM_HAL], libname is libbcmfm_if
E/fm_if.c (16622): find the id:libbcmfm_if and begins to open the devices
E/android_hardware_fm.cpp(16622): register_android_hardware_fm_fmradio, ret is 0
E/        (16622): ProtocolErrorLog wangkang test!!
I/wpa_supplicant(27617): wlan0: HEART-BEAT-ACK: 188
E/Thermal-daemon( 2433): [ap] temp_new :35  temp_old :36
E/Thermal-daemon( 2433): Report temperature: [ap] temp :35  report_threshold:1
E/SocketPush( 5742): SocketLink Encounter An Exception While Looping, Server ip:(112.90.140.215), Error:java.net.SocketException: Read Invalid PacketData! (Size:-1) Probably Reason:[Unknown]
E/SocketPush( 5742): ============ Stack Start =============
E/SocketPush( 5742): java.net.SocketException: Read Invalid PacketData! (Size:-1) Probably Reason:[Unknown]
E/SocketPush( 5742): 	at com.tencent.news.push.socket.a.d.(SocketPacketReceiveHandler.java:56)
E/SocketPush( 5742): 	at com.tencent.news.push.socket.a.a.(SocketChannelController.java:88)
E/SocketPush( 5742): 	at com.tencent.news.push.socket.a.a.onChannelEvent(SocketChannelController.java:70)
E/SocketPush( 5742): 	at com.tencent.news.push.socket.a.(SocketLink.java:109)
E/SocketPush( 5742): 	at com.tencent.news.push.socket.a.(SocketLink.java:38)
E/SocketPush( 5742): 	at com.tencent.news.push.socket.b$a.run(SocketPush.java:99)
E/SocketPush( 5742): 
E/SocketPush( 5742): ============ Stack  End  =============
E/Thermal-daemon( 2433): [pa_0] temp_new :34  temp_old :35
E/Thermal-daemon( 2433): Report temperature: [pa_0] temp :34  report_threshold:1
I/dalvikvm(16690): Could not find method sogou.mobile.explorer.bq.a, referenced from method sogou.mobile.explorer.BrowserApp.b
W/dalvikvm(16690): VFY: unable to resolve static method 58562: Lsogou/mobile/explorer/bq;.a ()Lsogou/mobile/explorer/bq;
I/MultiDex(16690): VM with version 1.6.0 does not have multidex support
I/MultiDex(16690): install
I/MultiDex(16690): MultiDexExtractor.load(/data/app/sogou.mobile.explorer-1.apk, false)
I/MultiDex(16690): loading existing secondary dex files
I/MultiDex(16690): load found 1 secondary dex files
I/MultiDex(16690): install done
E/dalvikvm(16690): Could not find class 'com.dodola.rocoo.Hack', referenced from method sogou.mobile.explorer.push.sync.AccountProvider.<init>
W/dalvikvm(16690): VFY: unable to resolve const-class 2187 (Lcom/dodola/rocoo/Hack;) in Lsogou/mobile/explorer/push/sync/AccountProvider;
E/dalvikvm(16690): Could not find class 'com.dodola.rocoo.Hack', referenced from method sogou.mobile.explorer.CommonLib.<init>
W/dalvikvm(16690): VFY: unable to resolve const-class 2187 (Lcom/dodola/rocoo/Hack;) in Lsogou/mobile/explorer/CommonLib;
E/dalvikvm(16690): Could not find class 'com.dodola.rocoo.Hack', referenced from method sogou.mobile.explorer.push.s.<clinit>
W/dalvikvm(16690): VFY: unable to resolve const-class 2187 (Lcom/dodola/rocoo/Hack;) in Lsogou/mobile/explorer/push/s;
E/dalvikvm(16690): Could not find class 'com.dodola.rocoo.Hack', referenced from method sogou.mobile.explorer.push.sync.SyncService.<init>
W/dalvikvm(16690): VFY: unable to resolve const-class 2187 (Lcom/dodola/rocoo/Hack;) in Lsogou/mobile/explorer/push/sync/SyncService;
E/dalvikvm(16690): Could not find class 'com.dodola.rocoo.Hack', referenced from method sogou.mobile.explorer.push.sync.SyncService$a.<init>
W/dalvikvm(16690): VFY: unable to resolve const-class 427 (Lcom/dodola/rocoo/Hack;) in Lsogou/mobile/explorer/push/sync/SyncService$a;
E/dalvikvm(16690): Could not find class 'com.dodola.rocoo.Hack', referenced from method sogou.mobile.framework.transform.f.<init>
W/dalvikvm(16690): VFY: unable to resolve const-class 427 (Lcom/dodola/rocoo/Hack;) in Lsogou/mobile/framework/transform/f;
W/AccountManagerService( 3088): insertAccountIntoDatabase: Account {name=, type=sogou.mobile.explorer.account.sync}, skipping since the account already exists
E/dalvikvm(16690): Could not find class 'com.dodola.rocoo.Hack', referenced from method sogou.mobile.explorer.t.<init>
W/dalvikvm(16690): VFY: unable to resolve const-class 427 (Lcom/dodola/rocoo/Hack;) in Lsogou/mobile/explorer/t;
E/dalvikvm(16690): Could not find class 'com.dodola.rocoo.Hack', referenced from method sogou.mobile.explorer.cx.<init>
W/dalvikvm(16690): VFY: unable to resolve const-class 427 (Lcom/dodola/rocoo/Hack;) in Lsogou/mobile/explorer/cx;
E/dalvikvm(16690): Could not find class 'com.dodola.rocoo.Hack', referenced from method sogou.mobile.explorer.ff.<init>
W/dalvikvm(16690): VFY: unable to resolve const-class 427 (Lcom/dodola/rocoo/Hack;) in Lsogou/mobile/explorer/ff;
E/dalvikvm(16690): Could not find class 'com.dodola.rocoo.Hack', referenced from method sogou.mobile.explorer.BrowserActivity.<init>
W/dalvikvm(16690): VFY: unable to resolve const-class 2187 (Lcom/dodola/rocoo/Hack;) in Lsogou/mobile/explorer/BrowserActivity;
E/dalvikvm(16690): Could not find class 'com.dodola.rocoo.Hack', referenced from method sogou.mobile.explorer.wallpaper.ThemeActivity.<init>
W/dalvikvm(16690): VFY: unable to resolve const-class 2187 (Lcom/dodola/rocoo/Hack;) in Lsogou/mobile/explorer/wallpaper/ThemeActivity;
E/dalvikvm(16690): Could not find class 'com.dodola.rocoo.Hack', referenced from method sogou.mobile.explorer.BrowserActivity$a.<init>
W/dalvikvm(16690): VFY: unable to resolve const-class 2187 (Lcom/dodola/rocoo/Hack;) in Lsogou/mobile/explorer/BrowserActivity$a;
E/dalvikvm(16690): Could not find class 'com.dodola.rocoo.Hack', referenced from method sogou.mobile.explorer.push.PushUtil$7.<init>
W/dalvikvm(16690): VFY: unable to resolve const-class 427 (Lcom/dodola/rocoo/Hack;) in Lsogou/mobile/explorer/push/PushUtil$7;
E/dalvikvm(16690): Could not find class 'com.dodola.rocoo.Hack', referenced from method sogou.mobile.base.protobuf.athena.d.<init>
W/dalvikvm(16690): VFY: unable to resolve const-class 2187 (Lcom/dodola/rocoo/Hack;) in Lsogou/mobile/base/protobuf/athena/d;
E/dalvikvm(16690): Could not find class 'com.dodola.rocoo.Hack', referenced from method sogou.mobile.base.protobuf.athena.d$a.<clinit>
W/dalvikvm(16690): VFY: unable to resolve const-class 2187 (Lcom/dodola/rocoo/Hack;) in Lsogou/mobile/base/protobuf/athena/d$a;
E/dalvikvm(16690): Could not find class 'com.dodola.rocoo.Hack', referenced from method sogou.mobile.explorer.au.<clinit>
W/dalvikvm(16690): VFY: unable to resolve const-class 427 (Lcom/dodola/rocoo/Hack;) in Lsogou/mobile/explorer/au;
E/dalvikvm(16690): Could not find class 'com.dodola.rocoo.Hack', referenced from method sogou.mobile.explorer.BrowserUtils$6.<init>
W/dalvikvm(16690): VFY: unable to resolve const-class 2187 (Lcom/dodola/rocoo/Hack;) in Lsogou/mobile/explorer/BrowserUtils$6;
E/dalvikvm(16690): Could not find class 'com.dodola.rocoo.Hack', referenced from method sogou.mobile.explorer.au$a.<init>
W/dalvikvm(16690): VFY: unable to resolve const-class 427 (Lcom/dodola/rocoo/Hack;) in Lsogou/mobile/explorer/au$a;
E/dalvikvm(16690): Could not find class 'com.dodola.rocoo.Hack', referenced from method sogou.webkit.DeviceConfigManager$Listener.<init>
W/dalvikvm(16690): VFY: unable to resolve const-class 427 (Lcom/dodola/rocoo/Hack;) in Lsogou/webkit/DeviceConfigManager$Listener;
E/dalvikvm(16690): Could not find class 'com.dodola.rocoo.Hack', referenced from method sogou.mobile.base.protobuf.athena.AthenaType.<init>
W/dalvikvm(16690): VFY: unable to resolve const-class 2187 (Lcom/dodola/rocoo/Hack;) in Lsogou/mobile/base/protobuf/athena/AthenaType;
E/dalvikvm(16690): Could not find class 'com.dodola.rocoo.Hack', referenced from method sogou.mobile.base.protobuf.athena.AthenaDataType.<init>
W/dalvikvm(16690): VFY: unable to resolve const-class 2187 (Lcom/dodola/rocoo/Hack;) in Lsogou/mobile/base/protobuf/athena/AthenaDataType;
E/dalvikvm(16690): Could not find class 'com.dodola.rocoo.Hack', referenced from method sogou.mobile.base.db.d.<init>
W/dalvikvm(16690): VFY: unable to resolve const-class 2187 (Lcom/dodola/rocoo/Hack;) in Lsogou/mobile/base/db/d;
E/dalvikvm(16690): Could not find class 'com.dodola.rocoo.Hack', referenced from method sogou.mobile.explorer.channel.a.<clinit>
W/dalvikvm(16690): VFY: unable to resolve const-class 427 (Lcom/dodola/rocoo/Hack;) in Lsogou/mobile/explorer/channel/a;
E/dalvikvm(16690): Could not find class 'com.dodola.rocoo.Hack', referenced from method com.sogou.udp.push.a.<clinit>
W/dalvikvm(16690): VFY: unable to resolve const-class 2187 (Lcom/dodola/rocoo/Hack;) in Lcom/sogou/udp/push/a;
E/dalvikvm(16690): Could not find class 'com.dodola.rocoo.Hack', referenced from method com.sogou.udp.push.d.a.<init>
W/dalvikvm(16690): VFY: unable to resolve const-class 2187 (Lcom/dodola/rocoo/Hack;) in Lcom/sogou/udp/push/d/a;
W/System.err(16690): java.lang.Exception: sdkVersion_in_manifest_isn't_sdkVersion_in_jar! 
W/System.err(16690): 	at com.sogou.udp.push.a.a(SourceFile:343)
W/System.err(16690): 	at com.sogou.udp.push.a.a(SourceFile:101)
W/System.err(16690): 	at sogou.mobile.explorer.push.s.c(SourceFile:846)
W/System.err(16690): 	at sogou.mobile.explorer.push.s.h(SourceFile:987)
W/System.err(16690): 	at sogou.mobile.explorer.push.sync.SyncService$a.onPerformSync(SourceFile:45)
W/System.err(16690): 	at android.content.AbstractThreadedSyncAdapter$SyncThread.run(AbstractThreadedSyncAdapter.java:259)
E/dalvikvm(16690): Could not find class 'com.dodola.rocoo.Hack', referenced from method com.sogou.udp.push.h.f.<clinit>
W/dalvikvm(16690): VFY: unable to resolve const-class 2187 (Lcom/dodola/rocoo/Hack;) in Lcom/sogou/udp/push/h/f;
E/dalvikvm(16690): Could not find class 'com.dodola.rocoo.Hack', referenced from method com.sogou.udp.push.a.b.<clinit>
W/dalvikvm(16690): VFY: unable to resolve const-class 2187 (Lcom/dodola/rocoo/Hack;) in Lcom/sogou/udp/push/a/b;
E/dalvikvm(16690): Could not find class 'com.dodola.rocoo.Hack', referenced from method com.xiaomi.mipush.sdk.MiPushClient.<init>
W/dalvikvm(16690): VFY: unable to resolve const-class 2187 (Lcom/dodola/rocoo/Hack;) in Lcom/xiaomi/mipush/sdk/MiPushClient;
E/dalvikvm(16690): Could not find class 'com.dodola.rocoo.Hack', referenced from method com.xiaomi.mipush.sdk.a.<init>
W/dalvikvm(16690): VFY: unable to resolve const-class 2187 (Lcom/dodola/rocoo/Hack;) in Lcom/xiaomi/mipush/sdk/a;
E/dalvikvm(16690): Could not find class 'com.dodola.rocoo.Hack', referenced from method com.xiaomi.mipush.sdk.a$a.<init>
W/dalvikvm(16690): VFY: unable to resolve const-class 2187 (Lcom/dodola/rocoo/Hack;) in Lcom/xiaomi/mipush/sdk/a$a;
E/dalvikvm(16690): Could not find class 'com.dodola.rocoo.Hack', referenced from method com.xiaomi.channel.commonutils.logger.b.<clinit>
W/dalvikvm(16690): VFY: unable to resolve const-class 2187 (Lcom/dodola/rocoo/Hack;) in Lcom/xiaomi/channel/commonutils/logger/b;
E/dalvikvm(16690): Could not find class 'com.dodola.rocoo.Hack', referenced from method com.xiaomi.channel.commonutils.logger.a.<init>
W/dalvikvm(16690): VFY: unable to resolve const-class 2187 (Lcom/dodola/rocoo/Hack;) in Lcom/xiaomi/channel/commonutils/logger/a;
E/dalvikvm(16690): Could not find class 'com.dodola.rocoo.Hack', referenced from method com.umeng.message.PushAgent.<init>
W/dalvikvm(16690): VFY: unable to resolve const-class 2187 (Lcom/dodola/rocoo/Hack;) in Lcom/umeng/message/PushAgent;
E/dalvikvm(16690): Could not find class 'com.dodola.rocoo.Hack', referenced from method com.umeng.message.tag.TagManager.<init>
W/dalvikvm(16690): VFY: unable to resolve const-class 2187 (Lcom/dodola/rocoo/Hack;) in Lcom/umeng/message/tag/TagManager;
E/dalvikvm(16690): Could not find class 'com.dodola.rocoo.Hack', referenced from method com.umeng.message.common.impl.json.JTagManager.<init>
W/dalvikvm(16690): VFY: unable to resolve const-class 2187 (Lcom/dodola/rocoo/Hack;) in Lcom/umeng/message/common/impl/json/JTagManager;
E/dalvikvm(16690): Could not find class 'com.dodola.rocoo.Hack', referenced from method com.umeng.message.UmengMessageHandler.<init>
W/dalvikvm(16690): VFY: unable to resolve const-class 2187 (Lcom/dodola/rocoo/Hack;) in Lcom/umeng/message/UmengMessageHandler;
E/dalvikvm(16690): Could not find class 'com.dodola.rocoo.Hack', referenced from method com.umeng.message.UmengNotificationClickHandler.<init>
W/dalvikvm(16690): VFY: unable to resolve const-class 2187 (Lcom/dodola/rocoo/Hack;) in Lcom/umeng/message/UmengNotificationClickHandler;
E/dalvikvm(16690): Could not find class 'com.dodola.rocoo.Hack', referenced from method com.umeng.message.PushAgent$1.<init>
W/dalvikvm(16690): VFY: unable to resolve const-class 2187 (Lcom/dodola/rocoo/Hack;) in Lcom/umeng/message/PushAgent$1;
E/dalvikvm(16690): Could not find class 'com.dodola.rocoo.Hack', referenced from method com.umeng.message.common.UmLog.<init>
W/dalvikvm(16690): VFY: unable to resolve const-class 2187 (Lcom/dodola/rocoo/Hack;) in Lcom/umeng/message/common/UmLog;
E/dalvikvm(16690): Could not find class 'com.dodola.rocoo.Hack', referenced from method com.taobao.accs.utl.ALog.<init>
W/dalvikvm(16690): VFY: unable to resolve const-class 2187 (Lcom/dodola/rocoo/Hack;) in Lcom/taobao/accs/utl/ALog;
E/dalvikvm(16690): Could not find class 'com.dodola.rocoo.Hack', referenced from method anet.channel.util.ALog.<init>
W/dalvikvm(16690): VFY: unable to resolve const-class 2187 (Lcom/dodola/rocoo/Hack;) in Lanet/channel/util/ALog;
E/dalvikvm(16690): Could not find class 'com.dodola.rocoo.Hack', referenced from method org.android.spdy.SpdyAgent.<init>
W/dalvikvm(16690): VFY: unable to resolve const-class 2187 (Lcom/dodola/rocoo/Hack;) in Lorg/android/spdy/SpdyAgent;
E/dalvikvm(16690): Could not find class 'com.dodola.rocoo.Hack', referenced from method com.umeng.message.proguard.g.<init>
W/dalvikvm(16690): VFY: unable to resolve const-class 2187 (Lcom/dodola/rocoo/Hack;) in Lcom/umeng/message/proguard/g;
E/dalvikvm(16690): Could not find class 'com.dodola.rocoo.Hack', referenced from method sogou.mobile.explorer.push.PushUtil$6.<init>
W/dalvikvm(16690): VFY: unable to resolve const-class 427 (Lcom/dodola/rocoo/Hack;) in Lsogou/mobile/explorer/push/PushUtil$6;
E/dalvikvm(16690): Could not find class 'com.dodola.rocoo.Hack', referenced from method sogou.mobile.explorer.push.PushUtil$8.<init>
W/dalvikvm(16690): VFY: unable to resolve const-class 427 (Lcom/dodola/rocoo/Hack;) in Lsogou/mobile/explorer/push/PushUtil$8;
E/dalvikvm(16690): Could not find class 'com.dodola.rocoo.Hack', referenced from method sogou.mobile.explorer.push.x.<init>
W/dalvikvm(16690): VFY: unable to resolve const-class 427 (Lcom/dodola/rocoo/Hack;) in Lsogou/mobile/explorer/push/x;
E/dalvikvm(16690): Could not find class 'com.dodola.rocoo.Hack', referenced from method sogou.mobile.explorer.CommonLib$2.<init>
W/dalvikvm(16690): VFY: unable to resolve const-class 2187 (Lcom/dodola/rocoo/Hack;) in Lsogou/mobile/explorer/CommonLib$2;
E/dalvikvm(16690): Could not find class 'com.dodola.rocoo.Hack', referenced from method com.taobao.accs.ACCSManager.<init>
W/dalvikvm(16690): VFY: unable to resolve const-class 2187 (Lcom/dodola/rocoo/Hack;) in Lcom/taobao/accs/ACCSManager;
E/dalvikvm(16690): Could not find class 'com.dodola.rocoo.Hack', referenced from method com.taobao.accs.d.a.<init>
W/dalvikvm(16690): VFY: unable to resolve const-class 2187 (Lcom/dodola/rocoo/Hack;) in Lcom/taobao/accs/d/a;
E/dalvikvm(16690): Could not find class 'com.dodola.rocoo.Hack', referenced from method com.taobao.accs.utl.ALog$Level.<init>
W/dalvikvm(16690): VFY: unable to resolve const-class 2187 (Lcom/dodola/rocoo/Hack;) in Lcom/taobao/accs/utl/ALog$Level;
E/dalvikvm(16690): Could not find class 'com.dodola.rocoo.Hack', referenced from method com.taobao.accs.internal.ACCSManagerImpl.<init>
W/dalvikvm(16690): VFY: unable to resolve const-class 2187 (Lcom/dodola/rocoo/Hack;) in Lcom/taobao/accs/internal/ACCSManagerImpl;
I/dalvikvm(16690): Failed resolving Lcom/taobao/accs/utl/h$a; interface 4532 'Lcom/taobao/orange/OrangeConfigListenerV1;'
W/dalvikvm(16690): Link of class 'Lcom/taobao/accs/utl/h$a;' failed
E/dalvikvm(16690): Could not find class 'com.taobao.accs.utl.h$a', referenced from method com.taobao.accs.internal.ACCSManagerImpl.bindApp
W/dalvikvm(16690): VFY: unable to resolve new-instance 4507 (Lcom/taobao/accs/utl/h$a;) in Lcom/taobao/accs/internal/ACCSManagerImpl;
I/dalvikvm(16690): Failed resolving Lcom/taobao/accs/utl/h$a; interface 4532 'Lcom/taobao/orange/OrangeConfigListenerV1;'
W/dalvikvm(16690): Link of class 'Lcom/taobao/accs/utl/h$a;' failed
E/dalvikvm(16690): Could not find class 'com.dodola.rocoo.Hack', referenced from method com.taobao.accs.utl.UtilityImpl.<init>
W/dalvikvm(16690): VFY: unable to resolve const-class 2187 (Lcom/dodola/rocoo/Hack;) in Lcom/taobao/accs/utl/UtilityImpl;
I/dalvikvm(16690): Could not find method com.alibaba.wireless.security.open.SecurityGuardManager.getInstance, referenced from method com.taobao.accs.utl.UtilityImpl.getAppsign
W/dalvikvm(16690): VFY: unable to resolve static method 14338: Lcom/alibaba/wireless/security/open/SecurityGuardManager;.getInstance (Landroid/content/Context;)Lcom/alibaba/wireless/security/open/SecurityGuardManager;
I/dalvikvm(16690): DexOpt: unable to optimize instance field ref 0x1071 at 0x83 in Lcom/taobao/accs/utl/UtilityImpl;.getAppsign
I/dalvikvm(16690): DexOpt: unable to optimize instance field ref 0x1072 at 0x85 in Lcom/taobao/accs/utl/UtilityImpl;.getAppsign
I/dalvikvm(16690): DexOpt: unable to optimize instance field ref 0x1073 at 0x9f in Lcom/taobao/accs/utl/UtilityImpl;.getAppsign
E/dalvikvm(16690): Could not find class 'com.dodola.rocoo.Hack', referenced from method com.taobao.accs.client.AccsConfig$ACCS_GROUP.<init>
W/dalvikvm(16690): VFY: unable to resolve const-class 2187 (Lcom/dodola/rocoo/Hack;) in Lcom/taobao/accs/client/AccsConfig$ACCS_GROUP;
E/dalvikvm(16690): Could not find class 'com.dodola.rocoo.Hack', referenced from method com.taobao.accs.client.AccsConfig.<init>
W/dalvikvm(16690): VFY: unable to resolve const-class 2187 (Lcom/dodola/rocoo/Hack;) in Lcom/taobao/accs/client/AccsConfig;
E/dalvikvm(16690): Could not find class 'com.dodola.rocoo.Hack', referenced from method com.taobao.accs.client.AccsConfig$SECURITY_TYPE.<init>
W/dalvikvm(16690): VFY: unable to resolve const-class 2187 (Lcom/dodola/rocoo/Hack;) in Lcom/taobao/accs/client/AccsConfig$SECURITY_TYPE;
E/dalvikvm(16690): Could not find class 'com.dodola.rocoo.Hack', referenced from method anet.channel.AwcnConfig.<init>
W/dalvikvm(16690): VFY: unable to resolve const-class 2187 (Lcom/dodola/rocoo/Hack;) in Lanet/channel/AwcnConfig;
E/dalvikvm(16690): Could not find class 'com.dodola.rocoo.Hack', referenced from method anet.channel.SessionCenter.<init>
W/dalvikvm(16690): VFY: unable to resolve const-class 2187 (Lcom/dodola/rocoo/Hack;) in Lanet/channel/SessionCenter;
E/dalvikvm(16690): Could not find class 'com.dodola.rocoo.Hack', referenced from method anet.channel.security.b.<init>
W/dalvikvm(16690): VFY: unable to resolve const-class 2187 (Lcom/dodola/rocoo/Hack;) in Lanet/channel/security/b;
E/dalvikvm(16690): Could not find class 'com.dodola.rocoo.Hack', referenced from method anet.channel.security.c.<init>
W/dalvikvm(16690): VFY: unable to resolve const-class 2187 (Lcom/dodola/rocoo/Hack;) in Lanet/channel/security/c;
E/dalvikvm(16690): Could not find class 'com.dodola.rocoo.Hack', referenced from method com.taobao.accs.client.a.<init>
W/dalvikvm(16690): VFY: unable to resolve const-class 2187 (Lcom/dodola/rocoo/Hack;) in Lcom/taobao/accs/client/a;
E/dalvikvm(16690): Could not find class 'com.dodola.rocoo.Hack', referenced from method anet.channel.GlobalAppRuntimeInfo.<init>
W/dalvikvm(16690): VFY: unable to resolve const-class 2187 (Lcom/dodola/rocoo/Hack;) in Lanet/channel/GlobalAppRuntimeInfo;
E/dalvikvm(16690): Could not find class 'com.dodola.rocoo.Hack', referenced from method anet.channel.entity.ENV.<init>
W/dalvikvm(16690): VFY: unable to resolve const-class 2187 (Lcom/dodola/rocoo/Hack;) in Lanet/channel/entity/ENV;
E/dalvikvm(16690): Could not find class 'com.dodola.rocoo.Hack', referenced from method com.taobao.accs.client.GlobalClientInfo.<init>
W/dalvikvm(16690): VFY: unable to resolve const-class 2187 (Lcom/dodola/rocoo/Hack;) in Lcom/taobao/accs/client/GlobalClientInfo;
E/dalvikvm(16690): Could not find class 'com.dodola.rocoo.Hack', referenced from method anet.channel.AccsSessionManager.<init>
W/dalvikvm(16690): VFY: unable to resolve const-class 2187 (Lcom/dodola/rocoo/Hack;) in Lanet/channel/AccsSessionManager;
E/dalvikvm(16690): Could not find class 'com.dodola.rocoo.Hack', referenced from method anet.channel.AccsSessionManager$a.<init>
W/dalvikvm(16690): VFY: unable to resolve const-class 2187 (Lcom/dodola/rocoo/Hack;) in Lanet/channel/AccsSessionManager$a;
E/dalvikvm(16690): Could not find class 'com.dodola.rocoo.Hack', referenced from method anet.channel.SessionCenter$SingletonHolder.<init>
W/dalvikvm(16690): VFY: unable to resolve const-class 2187 (Lcom/dodola/rocoo/Hack;) in Lanet/channel/SessionCenter$SingletonHolder;
E/dalvikvm(16690): Could not find class 'com.dodola.rocoo.Hack', referenced from method anet.channel.a.<init>
W/dalvikvm(16690): VFY: unable to resolve const-class 2187 (Lcom/dodola/rocoo/Hack;) in Lanet/channel/a;
E/dalvikvm(16690): Could not find class 'com.dodola.rocoo.Hack', referenced from method com.umeng.message.PushAgent$2.<init>
W/dalvikvm(16690): VFY: unable to resolve const-class 2187 (Lcom/dodola/rocoo/Hack;) in Lcom/umeng/message/PushAgent$2;
E/dalvikvm(16690): Could not find class 'com.dodola.rocoo.Hack', referenced from method anet.channel.strategy.n.<init>
W/dalvikvm(16690): VFY: unable to resolve const-class 2187 (Lcom/dodola/rocoo/Hack;) in Lanet/channel/strategy/n;
E/dalvikvm(16690): Could not find class 'com.dodola.rocoo.Hack', referenced from method anet.channel.util.StringUtils.<init>
W/dalvikvm(16690): VFY: unable to resolve const-class 2187 (Lcom/dodola/rocoo/Hack;) in Lanet/channel/util/StringUtils;
E/dalvikvm(16690): Could not find class 'com.dodola.rocoo.Hack', referenced from method com.umeng.message.MessageSharedPrefs.<init>
W/dalvikvm(16690): VFY: unable to resolve const-class 2187 (Lcom/dodola/rocoo/Hack;) in Lcom/umeng/message/MessageSharedPrefs;
E/dalvikvm(16690): Could not find class 'com.dodola.rocoo.Hack', referenced from method com.umeng.message.common.UmengMessageDeviceConfig.<init>
W/dalvikvm(16690): VFY: unable to resolve const-class 2187 (Lcom/dodola/rocoo/Hack;) in Lcom/umeng/message/common/UmengMessageDeviceConfig;
E/dalvikvm(16690): Could not find class 'com.dodola.rocoo.Hack', referenced from method com.umeng.message.PushAgent$3.<init>
W/dalvikvm(16690): VFY: unable to resolve const-class 2187 (Lcom/dodola/rocoo/Hack;) in Lcom/umeng/message/PushAgent$3;
E/dalvikvm(16690): Could not find class 'com.dodola.rocoo.Hack', referenced from method com.taobao.agoo.IRegister.<init>
W/dalvikvm(16690): VFY: unable to resolve const-class 2187 (Lcom/dodola/rocoo/Hack;) in Lcom/taobao/agoo/IRegister;
E/dalvikvm(16690): Could not find class 'com.dodola.rocoo.Hack', referenced from method com.taobao.agoo.ICallback.<init>
W/dalvikvm(16690): VFY: unable to resolve const-class 2187 (Lcom/dodola/rocoo/Hack;) in Lcom/taobao/agoo/ICallback;
E/dalvikvm(16690): Could not find class 'com.dodola.rocoo.Hack', referenced from method com.taobao.agoo.b.<init>
W/dalvikvm(16690): VFY: unable to resolve const-class 2187 (Lcom/dodola/rocoo/Hack;) in Lcom/taobao/agoo/b;
E/dalvikvm(16690): Could not find class 'com.dodola.rocoo.Hack', referenced from method com.taobao.accs.IAppReceiverV1.<init>
W/dalvikvm(16690): VFY: unable to resolve const-class 2187 (Lcom/dodola/rocoo/Hack;) in Lcom/taobao/accs/IAppReceiverV1;
E/dalvikvm(16690): Could not find class 'com.dodola.rocoo.Hack', referenced from method com.taobao.accs.data.Message.<init>
W/dalvikvm(16690): VFY: unable to resolve const-class 2187 (Lcom/dodola/rocoo/Hack;) in Lcom/taobao/accs/data/Message;
E/dalvikvm(16690): Could not find class 'com.dodola.rocoo.Hack', referenced from method com.taobao.accs.data.Message$ReqType.<init>
W/dalvikvm(16690): VFY: unable to resolve const-class 2187 (Lcom/dodola/rocoo/Hack;) in Lcom/taobao/accs/data/Message$ReqType;
E/dalvikvm(16690): Could not find class 'com.dodola.rocoo.Hack', referenced from method com.taobao.accs.utl.a.<init>
W/dalvikvm(16690): VFY: unable to resolve const-class 2187 (Lcom/dodola/rocoo/Hack;) in Lcom/taobao/accs/utl/a;
E/dalvikvm(16690): Could not find class 'com.dodola.rocoo.Hack', referenced from method com.taobao.accs.client.GlobalClientInfo$1.<init>
W/dalvikvm(16690): VFY: unable to resolve const-class 2187 (Lcom/dodola/rocoo/Hack;) in Lcom/taobao/accs/client/GlobalClientInfo$1;
E/dalvikvm(16690): Could not find class 'com.dodola.rocoo.Hack', referenced from method com.taobao.accs.client.c.<init>
W/dalvikvm(16690): VFY: unable to resolve const-class 2187 (Lcom/dodola/rocoo/Hack;) in Lcom/taobao/accs/client/c;
E/dalvikvm(16690): Could not find class 'com.dodola.rocoo.Hack', referenced from method com.taobao.accs.common.a.<init>
W/dalvikvm(16690): VFY: unable to resolve const-class 2187 (Lcom/dodola/rocoo/Hack;) in Lcom/taobao/accs/common/a;
E/dalvikvm(16690): Could not find class 'com.dodola.rocoo.Hack', referenced from method com.taobao.accs.common.a$a.<init>
W/dalvikvm(16690): VFY: unable to resolve const-class 2187 (Lcom/dodola/rocoo/Hack;) in Lcom/taobao/accs/common/a$a;
E/dalvikvm(16690): Could not find class 'com.dodola.rocoo.Hack', referenced from method com.taobao.accs.antibrush.b.<init>
W/dalvikvm(16690): VFY: unable to resolve const-class 2187 (Lcom/dodola/rocoo/Hack;) in Lcom/taobao/accs/antibrush/b;
E/CommandListener( 2419): readDefRoute call readDefRoute
E/SecondaryTablController( 2419): isWifiDefaultRouteExisted /system/bin/ip route
E/CommandListener( 2419): readDefRoute Rsp ok
I/wpa_supplicant(27617): wlan0: HEART-BEAT-ACK: 189
I/wpa_supplicant(27617): wlan0: HEART-BEAT-ACK: 190
E/CommandListener( 2419): readDefRoute call readDefRoute
E/SecondaryTablController( 2419): isWifiDefaultRouteExisted /system/bin/ip route
E/CommandListener( 2419): readDefRoute Rsp ok
I/HwLauncher( 3556): ClockDynamicUpdater date changed!!!!!!
I/HwLauncher( 3556): DynamicIconData , getDrawableForDynamic begin, pkg = com.android.deskclock, picName = deskclock_bg
I/HwLauncher( 3556): DynamicIconData , getDrawableForDynamic end, pkg = com.android.deskclock, picName = deskclock_bg
I/HwLauncher( 3556): DynamicIconData , getDrawableForDynamic begin, pkg = com.android.deskclock, picName = deskclock_bg
I/HwLauncher( 3556): DynamicIconData , getDrawableForDynamic end, pkg = com.android.deskclock, picName = deskclock_bg
I/HwLauncher( 3556): Launcher.Utilities createIconBitmap sourceWidth = 180sourceHeight = 180
I/HwLauncher( 3556): ClockDynamicUpdater calender update folder at CalenderDynamicUpdater
I/HwLauncher( 3556): DynamicUpdater call updateFolder
I/HwLauncher( 3556): ClockDynamicUpdater Calender update and call updateFolder
I/HwLauncher( 3556): CalenderDynamicUpdater date changed!!!!!!
I/HwLauncher( 3556): CalenderDynamicUpdater Calender update and call updateFolder
I/wpa_supplicant(27617): wlan0: HEART-BEAT-ACK: 191
W/Settings( 6536): Setting auto_time has moved from android.provider.Settings.System to android.provider.Settings.Global, returning read-only value.
W/Settings( 6536): Setting auto_time has moved from android.provider.Settings.System to android.provider.Settings.Global, returning read-only value.
W/Settings( 6536): Setting auto_time has moved from android.provider.Settings.System to android.provider.Settings.Global, returning read-only value.
I/wpa_supplicant(27617): wlan0: HEART-BEAT-ACK: 192
I/ctrlSocket( 2419): gethostbyname normal
E/CommandListener( 2419): readDefRoute call readDefRoute
E/SecondaryTablController( 2419): isWifiDefaultRouteExisted /system/bin/ip route
E/CommandListener( 2419): readDefRoute Rsp ok
I/wpa_supplicant(27617): wlan0: HEART-BEAT-ACK: 193
E/android_hardware_fm.cpp(17061): register_android_hardware_fm_fmradio
E/FM_HAL  (17061): [FM_HAL], fm_dynamic_lib is libbcmfm_if
E/FM_HAL  (17061): [FM_HAL], libname is libbcmfm_if
E/fm_if.c (17061): find the id:libbcmfm_if and begins to open the devices
E/android_hardware_fm.cpp(17061): register_android_hardware_fm_fmradio, ret is 0
E/        (17061): ProtocolErrorLog wangkang test!!
I/K3V3CpuGovernorPolicy( 3513): set scene Hmp policy : 300 , 150
I/HwLauncher( 3556): Launcher onPause()
