int logctl_get(): open '/dev/hwlog_switch' fail -1, 13. Permission denied

Note: log switch off, only log_main and log_events will have logs!
--------- beginning of /dev/log/main
E/FM_HAL  (14210): [FM_HAL], fm_dynamic_lib is libbcmfm_if
E/FM_HAL  (14210): [FM_HAL], libname is libbcmfm_if
E/fm_if.c (14210): find the id:libbcmfm_if and begins to open the devices
E/android_hardware_fm.cpp(14210): register_android_hardware_fm_fmradio, ret is 0
E/        (14210): ProtocolErrorLog wangkang test!!
I/wpa_supplicant(27617): wlan0: HEART-BEAT-ACK: 165
E/android_hardware_fm.cpp(14292): register_android_hardware_fm_fmradio
E/FM_HAL  (14292): [FM_HAL], fm_dynamic_lib is libbcmfm_if
E/FM_HAL  (14292): [FM_HAL], libname is libbcmfm_if
E/fm_if.c (14292): find the id:libbcmfm_if and begins to open the devices
E/android_hardware_fm.cpp(14292): register_android_hardware_fm_fmradio, ret is 0
E/        (14292): ProtocolErrorLog wangkang test!!
E/android_hardware_fm.cpp(14294): register_android_hardware_fm_fmradio
E/FM_HAL  (14294): [FM_HAL], fm_dynamic_lib is libbcmfm_if
E/FM_HAL  (14294): [FM_HAL], libname is libbcmfm_if
E/fm_if.c (14294): find the id:libbcmfm_if and begins to open the devices
E/android_hardware_fm.cpp(14294): register_android_hardware_fm_fmradio, ret is 0
E/        (14294): ProtocolErrorLog wangkang test!!
E/CommandListener( 2419): readDefRoute call readDefRoute
E/SecondaryTablController( 2419): isWifiDefaultRouteExisted /system/bin/ip route
E/CommandListener( 2419): readDefRoute Rsp ok
I/wpa_supplicant(27617): wlan0: HEART-BEAT-ACK: 166
I/HwLauncher( 3556): ClockDynamicUpdater date changed!!!!!!
I/HwLauncher( 3556): DynamicIconData , getDrawableForDynamic begin, pkg = com.android.deskclock, picName = deskclock_bg
I/HwLauncher( 3556): DynamicIconData , getDrawableForDynamic end, pkg = com.android.deskclock, picName = deskclock_bg
I/HwLauncher( 3556): DynamicIconData , getDrawableForDynamic begin, pkg = com.android.deskclock, picName = deskclock_bg
I/HwLauncher( 3556): DynamicIconData , getDrawableForDynamic end, pkg = com.android.deskclock, picName = deskclock_bg
I/HwLauncher( 3556): Launcher.Utilities createIconBitmap sourceWidth = 180sourceHeight = 180
I/HwLauncher( 3556): ClockDynamicUpdater calender update folder at CalenderDynamicUpdater
I/HwLauncher( 3556): DynamicUpdater call updateFolder
I/HwLauncher( 3556): ClockDynamicUpdater Calender update and call updateFolder
I/HwLauncher( 3556): CalenderDynamicUpdater date changed!!!!!!
I/HwLauncher( 3556): CalenderDynamicUpdater Calender update and call updateFolder
I/wpa_supplicant(27617): wlan0: HEART-BEAT-ACK: 167
W/Settings( 6536): Setting auto_time has moved from android.provider.Settings.System to android.provider.Settings.Global, returning read-only value.
E/omegasdk(  388): url:http://omgup.xiaojukeji.com/sync/android/com.sdu.didi.psnger response code:304.
E/omegasdk(  388): Sync sendAndGet fail. url:http://omgup.xiaojukeji.com/sync/android/com.sdu.didi.psnger response code:304.
E/android_hardware_fm.cpp(14421): register_android_hardware_fm_fmradio
E/FM_HAL  (14421): [FM_HAL], fm_dynamic_lib is libbcmfm_if
E/FM_HAL  (14421): [FM_HAL], libname is libbcmfm_if
E/fm_if.c (14421): find the id:libbcmfm_if and begins to open the devices
E/android_hardware_fm.cpp(14421): register_android_hardware_fm_fmradio, ret is 0
E/        (14421): ProtocolErrorLog wangkang test!!
E/CommandListener( 2419): readDefRoute call readDefRoute
E/SecondaryTablController( 2419): isWifiDefaultRouteExisted /system/bin/ip route
I/wpa_supplicant(27617): wlan0: HEART-BEAT-ACK: 168
E/CommandListener( 2419): readDefRoute Rsp ok
I/wpa_supplicant(27617): wlan0: HEART-BEAT-ACK: 169
W/Settings(  659): Setting airplane_mode_on has moved from android.provider.Settings.System to android.provider.Settings.Global, returning read-only value.
I/wpa_supplicant(27617): wlan0: HEART-BEAT-ACK: 170
E/CommandListener( 2419): readDefRoute call readDefRoute
E/SecondaryTablController( 2419): isWifiDefaultRouteExisted /system/bin/ip route
E/CommandListener( 2419): readDefRoute Rsp ok
W/Settings(  659): Setting airplane_mode_on has moved from android.provider.Settings.System to android.provider.Settings.Global, returning read-only value.
W/Settings(  659): Setting airplane_mode_on has moved from android.provider.Settings.System to android.provider.Settings.Global, returning read-only value.
W/Settings(  659): Setting airplane_mode_on has moved from android.provider.Settings.System to android.provider.Settings.Global, returning read-only value.
W/Settings(  659): Setting airplane_mode_on has moved from android.provider.Settings.System to android.provider.Settings.Global, returning read-only value.
I/HwLauncher( 3556): ClockDynamicUpdater date changed!!!!!!
I/HwLauncher( 3556): DynamicIconData , getDrawableForDynamic begin, pkg = com.android.deskclock, picName = deskclock_bg
I/HwLauncher( 3556): DynamicIconData , getDrawableForDynamic end, pkg = com.android.deskclock, picName = deskclock_bg
I/HwLauncher( 3556): DynamicIconData , getDrawableForDynamic begin, pkg = com.android.deskclock, picName = deskclock_bg
I/HwLauncher( 3556): DynamicIconData , getDrawableForDynamic end, pkg = com.android.deskclock, picName = deskclock_bg
I/HwLauncher( 3556): Launcher.Utilities createIconBitmap sourceWidth = 180sourceHeight = 180
I/HwLauncher( 3556): ClockDynamicUpdater calender update folder at CalenderDynamicUpdater
I/HwLauncher( 3556): DynamicUpdater call updateFolder
I/HwLauncher( 3556): ClockDynamicUpdater Calender update and call updateFolder
I/HwLauncher( 3556): CalenderDynamicUpdater date changed!!!!!!
I/HwLauncher( 3556): CalenderDynamicUpdater Calender update and call updateFolder
I/wpa_supplicant(27617): wlan0: HEART-BEAT-ACK: 171
I/TDLOG   (  342): postData()#Send data to server.
I/TDLOG   (  342): Send()# success : true
E/android_hardware_fm.cpp(14734): register_android_hardware_fm_fmradio
E/FM_HAL  (14734): [FM_HAL], fm_dynamic_lib is libbcmfm_if
E/FM_HAL  (14734): [FM_HAL], libname is libbcmfm_if
E/fm_if.c (14734): find the id:libbcmfm_if and begins to open the devices
E/android_hardware_fm.cpp(14734): register_android_hardware_fm_fmradio, ret is 0
E/        (14734): ProtocolErrorLog wangkang test!!
I/HwLauncher( 3556): Launcher onPause()
W/HwLauncher( 3556): Launcher.MotionManager failed to stop TYPE_SHAKE_CHANGE_WALLPAPER
W/HwLauncher( 3556): Launcher.MotionManager failed to stop TYPE_SHAKE_START_PRIVACY
I/PhoneStatusBar( 3296): hw_status_bar_operators = true, setSystemUIVisibily(SHOW_OPERATOR = false)
I/HwLauncher( 3556): Launcher onStop()
E/HwLauncher( 3556): Launcher dialog dismiss failed : java.lang.IllegalArgumentException: no dialog with id 1 was ever shown via Activity#showDialog
I/HwLauncher( 3556): Launcher dynamicIconsUnregister
I/HwLauncher( 3556): DynamicUpdater unregisterReceiver
I/HwLauncher( 3556): DynamicIcon onPause  isvisible = true   mAttachedToWindow:true    mWindowVisible:truecom.android.deskclock
I/HwLauncher( 3556): DynamicUpdater unregisterReceiver
I/HwLauncher( 3556): DynamicIcon onPause  isvisible = true   mAttachedToWindow:false    mWindowVisible:falsecom.android.calendar
I/HwLauncher( 3556): DynamicUpdater unregisterReceiver
I/HwLauncher( 3556): DynamicIcon onPause  isvisible = true   mAttachedToWindow:true    mWindowVisible:truecom.huawei.android.totemweather
I/HwLauncher( 3556): DynamicIcon onVisibilityChanged 4 - com.android.deskclock
I/HwLauncher( 3556): DynamicIcon onVisibilityChanged 4 - com.huawei.android.totemweather
I/HwLauncher( 3556): DynamicIcon onWindowVisibilityChanged 4 - com.android.deskclock
I/HwLauncher( 3556): DynamicIcon onWindowVisibilityChanged 4 - com.huawei.android.totemweather
I/PhoneStatusBar( 3296): hw_status_bar_operators = true, setSystemUIVisibily(SHOW_OPERATOR = false)
I/HwLauncher( 3556): DynamicIcon onWindowVisibilityChanged 8 - com.android.deskclock
I/HwLauncher( 3556): DynamicIcon onWindowVisibilityChanged 8 - com.huawei.android.totemweather
I/ActivityManager( 3088): Displayed com.example.monkey/.MainActivity: +348ms
E/android_hardware_fm.cpp(14780): register_android_hardware_fm_fmradio
E/FM_HAL  (14780): [FM_HAL], fm_dynamic_lib is libbcmfm_if
E/FM_HAL  (14780): [FM_HAL], libname is libbcmfm_if
E/fm_if.c (14780): find the id:libbcmfm_if and begins to open the devices
E/android_hardware_fm.cpp(14780): register_android_hardware_fm_fmradio, ret is 0
I/K3V3CpuGovernorPolicy( 3513): close previously scene Hmp policy : 300 , 150
E/        (14780): ProtocolErrorLog wangkang test!!
I/ActivityManager( 3088): Displayed com.example.monkey/.MainActivity: +232ms
E/InputEventSender(14747): Exception dispatching finished signal.
E/MessageQueue-JNI(14747): Exception in MessageQueue callback: handleReceiveCallback
E/MessageQueue-JNI(14747): java.lang.NullPointerException
E/MessageQueue-JNI(14747): 	at com.example.monkey.MainActivity$1.onClick(MainActivity.java:23)
E/MessageQueue-JNI(14747): 	at android.view.View.performClick(View.java:4446)
E/MessageQueue-JNI(14747): 	at android.view.View.onKeyUp(View.java:8258)
E/MessageQueue-JNI(14747): 	at android.widget.TextView.onKeyUp(TextView.java:5726)
E/MessageQueue-JNI(14747): 	at android.view.KeyEvent.dispatch(KeyEvent.java:2708)
E/MessageQueue-JNI(14747): 	at android.view.View.dispatchKeyEvent(View.java:7682)
E/MessageQueue-JNI(14747): 	at android.view.ViewGroup.dispatchKeyEvent(ViewGroup.java:1408)
E/MessageQueue-JNI(14747): 	at android.view.ViewGroup.dispatchKeyEvent(ViewGroup.java:1408)
E/MessageQueue-JNI(14747): 	at android.view.ViewGroup.dispatchKeyEvent(ViewGroup.java:1408)
E/MessageQueue-JNI(14747): 	at android.view.ViewGroup.dispatchKeyEvent(ViewGroup.java:1408)
E/MessageQueue-JNI(14747): 	at com.android.internal.policy.impl.PhoneWindow$DecorView.superDispatchKeyEvent(PhoneWindow.java:2084)
E/MessageQueue-JNI(14747): 	at com.android.internal.policy.impl.PhoneWindow.superDispatchKeyEvent(PhoneWindow.java:1554)
E/MessageQueue-JNI(14747): 	at android.app.Activity.dispatchKeyEvent(Activity.java:2453)
E/MessageQueue-JNI(14747): 	at com.android.internal.policy.impl.PhoneWindow$DecorView.dispatchKeyEvent(PhoneWindow.java:2011)
E/MessageQueue-JNI(14747): 	at android.view.ViewRootImpl$ViewPostImeInputStage.processKeyEvent(ViewRootImpl.java:4086)
E/MessageQueue-JNI(14747): 	at android.view.ViewRootImpl$ViewPostImeInputStage.onProcess(ViewRootImpl.java:4060)
E/MessageQueue-JNI(14747): 	at android.view.ViewRootImpl$InputStage.deliver(ViewRootImpl.java:3624)
E/MessageQueue-JNI(14747): 	at android.view.ViewRootImpl$InputStage.onDeliverToNext(ViewRootImpl.java:3674)
E/MessageQueue-JNI(14747): 	at android.view.ViewRootImpl$InputStage.forward(ViewRootImpl.java:3643)
E/MessageQueue-JNI(14747): 	at android.view.ViewRootImpl$AsyncInputStage.forward(ViewRootImpl.java:3750)
E/MessageQueue-JNI(14747): 	at android.view.ViewRootImpl$InputStage.apply(ViewRootImpl.java:3651)
E/MessageQueue-JNI(14747): 	at android.view.ViewRootImpl$AsyncInputStage.apply(ViewRootImpl.java:3807)
E/MessageQueue-JNI(14747): 	at android.view.ViewRootImpl$InputStage.deliver(ViewRootImpl.java:3624)
E/MessageQueue-JNI(14747): 	at android.view.ViewRootImpl$InputStage.onDeliverToNext(ViewRootImpl.java:3674)
E/MessageQueue-JNI(14747): 	at android.view.ViewRootImpl$InputStage.forward(ViewRootImpl.java:3643)
E/MessageQueue-JNI(14747): 	at android.view.ViewRootImpl$InputStage.apply(ViewRootImpl.java:3651)
E/MessageQueue-JNI(14747): 	at android.view.ViewRootImpl$InputStage.deliver(ViewRootImpl.java:3624)
E/MessageQueue-JNI(14747): 	at android.view.ViewRootImpl$InputStage.onDeliverToNext(ViewRootImpl.java:3674)
E/MessageQueue-JNI(14747): 	at android.view.ViewRootImpl$InputStage.forward(ViewRootImpl.java:3643)
E/MessageQueue-JNI(14747): 	at android.view.ViewRootImpl$AsyncInputStage.forward(ViewRootImpl.java:3783)
E/MessageQueue-JNI(14747): 	at android.view.ViewRootImpl$ImeInputStage.onFinishedInputEvent(ViewRootImpl.java:3945)
E/MessageQueue-JNI(14747): 	at android.view.inputmethod.InputMethodManager$PendingEvent.run(InputMethodManager.java:2014)
E/MessageQueue-JNI(14747): 	at android.view.inputmethod.InputMethodManager.invokeFinishedInputEventCallback(InputMethodManager.java:1708)
E/MessageQueue-JNI(14747): 	at android.view.inputmethod.InputMethodManager.finishedInputEvent(InputMethodManager.java:1699)
E/MessageQueue-JNI(14747): 	at android.view.inputmethod.InputMethodManager$ImeInputEventSender.onInputEventFinished(InputMethodManager.java:1991)
E/MessageQueue-JNI(14747): 	at android.view.InputEventSender.dispatchInputEventFinished(InputEventSender.java:141)
E/MessageQueue-JNI(14747): 	at android.os.MessageQueue.nativePollOnce(Native Method)
E/MessageQueue-JNI(14747): 	at android.os.MessageQueue.next(MessageQueue.java:138)
E/MessageQueue-JNI(14747): 	at android.os.Looper.loop(Looper.java:123)
E/MessageQueue-JNI(14747): 	at android.app.ActivityThread.main(ActivityThread.java:5314)
E/MessageQueue-JNI(14747): 	at java.lang.reflect.Method.invokeNative(Native Method)
E/MessageQueue-JNI(14747): 	at java.lang.reflect.Method.invoke(Method.java:515)
E/MessageQueue-JNI(14747): 	at com.android.internal.os.ZygoteInit$MethodAndArgsCaller.run(ZygoteInit.java:864)
E/MessageQueue-JNI(14747): 	at com.android.internal.os.ZygoteInit.main(ZygoteInit.java:680)
E/MessageQueue-JNI(14747): 	at dalvik.system.NativeStart.main(Native Method)
W/dalvikvm(14747): threadid=1: thread exiting with uncaught exception (group=0x41a63c50)
I/Process ( 3088): Sending signal. PID: 14747 SIG: 9
I/logserver( 2435): Object Path:/data/system/dropbox/, mask=0x00000080
I/logserver( 2435): event->len=48, name=data_app_crash@1499851150425.txt
I/logserver( 2435): find_first_match: find match, plogs(type=1, pfile=/data/system/dropbox/, match=app_crash)
I/logserver( 2435): move_dir:src_path=/data/log/dbox/appdbg/logcache
I/logserver( 2435): move_dir:dst_path=/data/log/logcache/14677792/
I/logserver( 2435): is_all_ready, any file is ready in non-keyfile exception.
I/logserver( 2435): extract_appname, forward search, appname=com.example.monkey
I/logserver( 2435): archive_and_send, pos=0, type=crash, output=20170712171910_crash
I/logserver( 2435): ---copy_match_files enter!!--
I/logserver( 2435): [copy_match_files,829]: copy [/data/system/dropbox/data_app_crash@1499851150425.txt] to [/data/log/logcache/14677792/data_app_crash@1499851150425.txt]
I/logserver( 2435): internal_archive, argc=7
I/logserver( 2435): get_fault_appname, appname=com.example.monkey
I/logserver( 2435): handle_archive_exception, argc=7
I/logserver( 2435): get alarm time = 96238 (sec.)!
I/logserver( 2435): log_apr_add_record open file:/data/log/apr/H60-L02_V100R001CHNC00B316_DU2TAN15AJ049163_20170111211033_statistics
I/logserver( 2435): move_input_files, create dir [/data/log/unzip/H60-L02_V100R001CHNC00B316_DU2TAN15AJ049163_20170712171910_crash]
I/logserver( 2435): copy_file_to_dir, /data/log/logcache/14677792/data_app_crash@1499851150425.txt -> /data/log/unzip/H60-L02_V100R001CHNC00B316_DU2TAN15AJ049163_20170712171910_crash
I/logserver( 2435): copy_file_to_dir, /data/log/logcache/14677792/finger.txt -> /data/log/unzip/H60-L02_V100R001CHNC00B316_DU2TAN15AJ049163_20170712171910_crash
I/logserver( 2435): init_notify_fifo, before change /data/log/logcontrol owner
I/logserver( 2435): Process 2586 opening FIFO for O_WRONLY
I/logserver( 2435): Process 2586 opened fifo(19)
I/logserver( 2435): notify_logcontrol, 2586 sent /data/log/unzip/H60-L02_V100R001CHNC00B316_DU2TAN15AJ049163_20170712171910_crash 
I/logserver( 2435): thread_logcontrol, select ret = 1
I/logserver( 2435): check_dir_size, dir[/data/log/coredump/] doesn't exist
I/logserver( 2435): clean_cur_cache:962, system(rm -r /data/log/logcache/14677792/* > /dev/null 2>&1)
I/logserver( 2435): handle_notify_event, read res = 324, client pid = 2586, data=/data/log/unzip/H60-L02_V100R001CHNC00B316_DU2TAN15AJ049163_20170712171910_crash
I/logserver( 2435): build_notify_string,ModuleName = com.example.monkey
I/logserver( 2435): build_notify_string,product name = H60-L02
I/logserver( 2435): handle_notify_event, send msg [submit:trigger=0,bugtype=2,modulename=com.example.monkey,level=1,testtype=NORMAL,path=/data/log/unzip/H60-L02_V100R001CHNC00B316_DU2TAN15AJ049163_20170712171910_crash;]
I/logserver( 2435): send_to_client, send to (18) res = 167
E/SubmitMessage( 3448): Submit string: submit:trigger=0,bugtype=2,modulename=com.example.monkey,level=1,testtype=NORMAL,path=/data/log/unzip/H60-L02_V100R001CHNC00B316_DU2TAN15AJ049163_20170712171910_crash
I/logserver( 2435): Object Path:/data/log/apr/, mask=0x00000008
I/logserver( 2435): event->len=80, name=H60-L02_V100R001CHNC00B316_DU2TAN15AJ049163_20170111211033_statistics
I/logserver( 2435): process_one_event, can not find this event(H60-L02_V100R001CHNC00B316_DU2TAN15AJ049163_20170111211033_statistics)
I/logserver( 2435): clean_cur_cache:962, system(rm -r /data/log/logcache/14677792/* > /dev/null 2>&1)
E/JavaBinder( 3088): !!! FAILED BINDER TRANSACTION !!!
I/LogServiceSetting( 3448): checkMemorydumpByPath: filePath is /storage/emulated/legacy/bugreports/ramdump
I/LogServiceSetting( 3448): CheckMemorydumpByPath: /storage/emulated/legacy/bugreports/ramdumpis not exist.
I/LogServiceSetting( 3448): checkMemorydumpByPath: filePath is /storage/sdcard1/bugreports/ramdump
I/LogServiceSetting( 3448): CheckMemorydumpByPath: /storage/sdcard1/bugreports/ramdumpis not exist.
W/InputDispatcher( 3088): channel '442cbe10 com.example.monkey/com.example.monkey.MainActivity (server)' ~ Consumer closed input channel or an error occurred.  events=0x9
E/InputDispatcher( 3088): channel '442cbe10 com.example.monkey/com.example.monkey.MainActivity (server)' ~ Channel is unrecoverably broken and will be disposed!
W/InputDispatcher( 3088): Attempted to unregister already unregistered input channel '442cbe10 com.example.monkey/com.example.monkey.MainActivity (server)'
I/LogCollectService( 3448): getUploadingFiles, file: /splash2/log/LogService/uploading/H60-L02_V100R001CHNC00B316_ibgZsLcTwUwjRUfS$bGYj62+s7PQIV7+$RXAj5TCoig=_20160510234552428__ALL_COMMERCIAL.zip
I/LogCollectService( 3448): getUploadingFiles, file: /splash2/log/LogService/uploading/failed
I/LogCollectService( 3448): getUploadingFiles, file: /splash2/log/LogService/uploading/H60-L02_V100R001CHNC00B316_ibgZsLcTwUwjRUfS$bGYj62+s7PQIV7+$RXAj5TCoig=_20160915112655300__ALL_COMMERCIAL.zip
I/LogCollectService( 3448): getUploadingFiles, file: /splash2/log/LogService/uploading/H60-L02_V100R001CHNC00B316_ibgZsLcTwUwjRUfS$bGYj62+s7PQIV7+$RXAj5TCoig=_20170406070746175__ALL_COMMERCIAL.zip
I/LogCollectService( 3448): getUploadingFiles, file: /splash2/log/LogService/uploading/H60-L02_V100R001CHNC00B316_ibgZsLcTwUwjRUfS$bGYj62+s7PQIV7+$RXAj5TCoig=_20170410222608337__ALL_COMMERCIAL.zip
I/PackageLogInfoManager( 3448): checkPackageLogState
I/HwLauncher( 3556): DynamicIcon onWindowVisibilityChanged 4 - com.android.deskclock
I/HwLauncher( 3556): DynamicIcon onWindowVisibilityChanged 4 - com.huawei.android.totemweather
I/HwLauncher( 3556): Launcher onStart()
I/HwLauncher( 3556): Launcher dynamicIconsRegister
I/HwLauncher( 3556): DynamicUpdater registerReceiver
I/HwLauncher( 3556): DynamicUpdater call updateFolder
I/HwLauncher( 3556): DynamicIcon onResume  isvisible = false   mAttachedToWindow:true    mWindowVisible:falsecom.android.deskclock
I/HwLauncher( 3556): DynamicUpdater registerReceiver
I/HwLauncher( 3556): DynamicUpdater call updateFolder
I/HwLauncher( 3556): DynamicIcon onResume  isvisible = true   mAttachedToWindow:false    mWindowVisible:falsecom.android.calendar
I/HwLauncher( 3556): DynamicUpdater registerReceiver
I/HwLauncher( 3556): DynamicUpdater call updateFolder
I/HwLauncher( 3556): WeatherDynamicUpdaterpositiveUpdate at WeatherDynamicUpdater
I/HwLauncher( 3556): DynamicIcon onResume  isvisible = false   mAttachedToWindow:true    mWindowVisible:falsecom.huawei.android.totemweather
I/HwLauncher( 3556): Launcher onResume()
I/HwLauncher( 3556): Launcher doResumeWork()
W/MotionDetectionManager( 3556): startMotionAppsReco motionApps: 402 disabled
W/HwLauncher( 3556): Launcher.MotionManager failed to start TYPE_SHAKE_CHANGE_WALLPAPER
I/HwLauncher( 3556): Launcher.MotionManager startShakeMotion mIsShakeInHome=true
W/MotionDetectionManager( 3556): startMotionAppsReco motionApps: 404 disabled
W/HwLauncher( 3556): Launcher.MotionManager failed to start TYPE_SHAKE_START_PRIVACY
I/HwLauncher( 3556): Launcher changeNaviBarStatus
W/HwLauncher( 3556): Launcher  updateMarginLayoutParamsForView:the target view is null.
I/HwLauncher( 3556): Launcher  onResume mIsToUninstallApp = false
I/HwLauncher( 3556): DynamicIcon onVisibilityChanged 0 - com.android.deskclock
I/HwLauncher( 3556): DynamicIcon onVisibilityChanged 0 - com.huawei.android.totemweather
I/HwLauncher( 3556): DynamicIcon onWindowVisibilityChanged 0 - com.android.deskclock
I/HwLauncher( 3556): DynamicIcon onWindowVisibilityChanged 0 - com.huawei.android.totemweather
I/PhoneStatusBar( 3296): hw_status_bar_operators = true, setSystemUIVisibily(SHOW_OPERATOR = false)
I/HwLauncher( 3556): WeatherDynamicUpdaterreceive action = com.huawei.android.action.launcher_weather_icon_change
I/HwLauncher( 3556): WeatherDynamicUpdaterreceiver data is int[] = [0, 0]
I/HwLauncher( 3556):  stringArray[] [unknown]
I/PhoneStatusBar( 3296): hw_status_bar_operators = true, setSystemUIVisibily(SHOW_OPERATOR = false)
W/Binder  ( 3411): Caught a RuntimeException from the binder stub implementation.
W/Binder  ( 3411): java.lang.NullPointerException
W/Binder  ( 3411): 	at android.inputmethodservice.IInputMethodWrapper.setSessionEnabled(IInputMethodWrapper.java:280)
W/Binder  ( 3411): 	at com.android.internal.view.IInputMethod$Stub.onTransact(IInputMethod.java:129)
W/Binder  ( 3411): 	at android.os.Binder.execTransact(Binder.java:404)
W/Binder  ( 3411): 	at dalvik.system.NativeStart.run(Native Method)
W/System.err( 3411): java.lang.NullPointerException
W/System.err( 3411): 	at android.inputmethodservice.IInputMethodWrapper.setSessionEnabled(IInputMethodWrapper.java:280)
W/System.err( 3411): 	at com.android.internal.view.IInputMethod$Stub.onTransact(IInputMethod.java:129)
W/System.err( 3411): 	at android.os.Binder.execTransact(Binder.java:404)
W/System.err( 3411): 	at dalvik.system.NativeStart.run(Native Method)
I/K3V3CpuGovernorPolicy( 3513): set scene Hmp policy : 300 , 150
I/TDLOG   (  737): postData()#Send data to server.
I/InputDispatcher( 3088): maybe input dispatch timeout, send to pg
E/Thermal-daemon( 2433): [ap] temp_new :38  temp_old :37
E/Thermal-daemon( 2433): Report temperature: [ap] temp :38  report_threshold:1
I/TDLOG   (  737): Send()# success : true
I/HwLauncher( 3556): PagedView snapToPage.getChildOffset(): 0
I/HwLauncher( 3556): PagedView snapToPage.getRelativeChildOffset(): 1080, 1080
I/HwLauncher( 3556): PagedView snapToPage.getChildOffset(): 0
I/HwLauncher( 3556): PagedView snapToPage.getRelativeChildOffset(): 1080, 1080
I/HwLauncher( 3556): PagedView snapToPage.getChildOffset(): 0
I/HwLauncher( 3556): PagedView snapToPageWithVelocity.getRelativeChildOffset(): 1080, 1080
I/wpa_supplicant(27617): wlan0: HEART-BEAT-ACK: 172
I/InputDispatcher( 3088): maybe input dispatch timeout, send to pg
E/CommandListener( 2419): readDefRoute call readDefRoute
E/SecondaryTablController( 2419): isWifiDefaultRouteExisted /system/bin/ip route
E/CommandListener( 2419): readDefRoute Rsp ok
I/dalvikvm-heap( 3556): Grow heap (frag case) to 62.486MB for 16588816-byte allocation
I/HwLauncher( 3556): DropSearchView onAnimationEnd change false
I/HwLauncher( 3556): DynamicIcon onVisibilityChanged 4 - com.android.deskclock
I/PushLog2551( 6821): [ReceiverDispatcher-256]read to Send:DA(android/ConnectEntity.java:120)
I/AndroidRuntime(14780): VM exiting with result code 0.
E/android_hardware_fm.cpp(14964): register_android_hardware_fm_fmradio
E/FM_HAL  (14964): [FM_HAL], fm_dynamic_lib is libbcmfm_if
E/FM_HAL  (14964): [FM_HAL], libname is libbcmfm_if
E/fm_if.c (14964): find the id:libbcmfm_if and begins to open the devices
E/android_hardware_fm.cpp(14964): register_android_hardware_fm_fmradio, ret is 0
E/        (14964): ProtocolErrorLog wangkang test!!
E/HwSystemManager( 3841): BgPowerManagerService: conusmPower = -19 result = -226 flag1 =false flag2 = false
I/wpa_supplicant(27617): wlan0: HEART-BEAT-ACK: 173
I/wpa_supplicant(27617): wlan0: HEART-BEAT-ACK: 174
W/Settings(  659): Setting airplane_mode_on has moved from android.provider.Settings.System to android.provider.Settings.Global, returning read-only value.
W/Settings(  659): Setting airplane_mode_on has moved from android.provider.Settings.System to android.provider.Settings.Global, returning read-only value.
W/Settings(  659): Setting airplane_mode_on has moved from android.provider.Settings.System to android.provider.Settings.Global, returning read-only value.
E/CommandListener( 2419): readDefRoute call readDefRoute
E/SecondaryTablController( 2419): isWifiDefaultRouteExisted /system/bin/ip route
E/CommandListener( 2419): readDefRoute Rsp ok
W/Settings(  659): Setting airplane_mode_on has moved from android.provider.Settings.System to android.provider.Settings.Global, returning read-only value.
W/Settings(  659): Setting airplane_mode_on has moved from android.provider.Settings.System to android.provider.Settings.Global, returning read-only value.
W/Settings(  659): Setting airplane_mode_on has moved from android.provider.Settings.System to android.provider.Settings.Global, returning read-only value.
W/Settings(  659): Setting airplane_mode_on has moved from android.provider.Settings.System to android.provider.Settings.Global, returning read-only value.
W/Settings(  659): Setting airplane_mode_on has moved from android.provider.Settings.System to android.provider.Settings.Global, returning read-only value.
I/HwLauncher( 3556): ClockDynamicUpdater date changed!!!!!!
I/HwLauncher( 3556): DynamicIconData , getDrawableForDynamic begin, pkg = com.android.deskclock, picName = deskclock_bg
I/HwLauncher( 3556): DynamicIconData , getDrawableForDynamic end, pkg = com.android.deskclock, picName = deskclock_bg
I/HwLauncher( 3556): DynamicIconData , getDrawableForDynamic begin, pkg = com.android.deskclock, picName = deskclock_bg
I/HwLauncher( 3556): DynamicIconData , getDrawableForDynamic end, pkg = com.android.deskclock, picName = deskclock_bg
I/HwLauncher( 3556): Launcher.Utilities createIconBitmap sourceWidth = 180sourceHeight = 180
I/HwLauncher( 3556): ClockDynamicUpdater calender update folder at CalenderDynamicUpdater
I/HwLauncher( 3556): DynamicUpdater call updateFolder
I/HwLauncher( 3556): ClockDynamicUpdater Calender update and call updateFolder
I/HwLauncher( 3556): CalenderDynamicUpdater date changed!!!!!!
I/HwLauncher( 3556): CalenderDynamicUpdater Calender update and call updateFolder
I/wpa_supplicant(27617): wlan0: HEART-BEAT-ACK: 175
E/Thermal-daemon( 2433): [ap] temp_new :37  temp_old :38
E/Thermal-daemon( 2433): Report temperature: [ap] temp :37  report_threshold:1
I/HwSystemManager( 3841): HoldService:preHoldShow start!
I/HwSystemManager( 3841): HoldService:The prePermissionType is: 1
I/omegasdk(  388): Save record:omega_e_1499851206073_CU7DXFZkSB23wIKov-Fv0A_2167 success, packed 1 files, size:879B.
I/wpa_supplicant(27617): wlan0: HEART-BEAT-ACK: 176
E/CommandListener( 2419): readDefRoute call readDefRoute
E/SecondaryTablController( 2419): isWifiDefaultRouteExisted /system/bin/ip route
E/CommandListener( 2419): readDefRoute Rsp ok
I/wpa_supplicant(27617): wlan0: HEART-BEAT-ACK: 177
I/CAPALiteReceiver( 3513): USER STATE: STATIONARY SUB STATE: UNKNOWN
I/wpa_supplicant(27617): wlan0: HEART-BEAT-ACK: 178
E/CommandListener( 2419): readDefRoute call readDefRoute
E/SecondaryTablController( 2419): isWifiDefaultRouteExisted /system/bin/ip route
E/CommandListener( 2419): readDefRoute Rsp ok
I/HwLauncher( 3556): ClockDynamicUpdater date changed!!!!!!
I/HwLauncher( 3556): DynamicIconData , getDrawableForDynamic begin, pkg = com.android.deskclock, picName = deskclock_bg
I/HwLauncher( 3556): DynamicIconData , getDrawableForDynamic end, pkg = com.android.deskclock, picName = deskclock_bg
I/HwLauncher( 3556): DynamicIconData , getDrawableForDynamic begin, pkg = com.android.deskclock, picName = deskclock_bg
I/HwLauncher( 3556): DynamicIconData , getDrawableForDynamic end, pkg = com.android.deskclock, picName = deskclock_bg
I/HwLauncher( 3556): Launcher.Utilities createIconBitmap sourceWidth = 180sourceHeight = 180
I/HwLauncher( 3556): ClockDynamicUpdater calender update folder at CalenderDynamicUpdater
I/HwLauncher( 3556): DynamicUpdater call updateFolder
I/HwLauncher( 3556): ClockDynamicUpdater Calender update and call updateFolder
I/HwLauncher( 3556): CalenderDynamicUpdater date changed!!!!!!
I/HwLauncher( 3556): CalenderDynamicUpdater Calender update and call updateFolder
I/wpa_supplicant(27617): wlan0: HEART-BEAT-ACK: 179
W/Settings(  659): Setting airplane_mode_on has moved from android.provider.Settings.System to android.provider.Settings.Global, returning read-only value.
W/Settings(  659): Setting airplane_mode_on has moved from android.provider.Settings.System to android.provider.Settings.Global, returning read-only value.
W/Settings(  659): Setting airplane_mode_on has moved from android.provider.Settings.System to android.provider.Settings.Global, returning read-only value.
W/Settings(  659): Setting airplane_mode_on has moved from android.provider.Settings.System to android.provider.Settings.Global, returning read-only value.
E/android_hardware_fm.cpp(15451): register_android_hardware_fm_fmradio
E/FM_HAL  (15451): [FM_HAL], fm_dynamic_lib is libbcmfm_if
E/FM_HAL  (15451): [FM_HAL], libname is libbcmfm_if
E/fm_if.c (15451): find the id:libbcmfm_if and begins to open the devices
E/android_hardware_fm.cpp(15451): register_android_hardware_fm_fmradio, ret is 0
E/        (15451): ProtocolErrorLog wangkang test!!
I/HwLauncher( 3556): Launcher onPause()
W/HwLauncher( 3556): Launcher.MotionManager failed to stop TYPE_SHAKE_CHANGE_WALLPAPER
W/HwLauncher( 3556): Launcher.MotionManager failed to stop TYPE_SHAKE_START_PRIVACY
I/HwLauncher( 3556): Launcher onStop()
E/HwLauncher( 3556): Launcher dialog dismiss failed : java.lang.IllegalArgumentException: no dialog with id 1 was ever shown via Activity#showDialog
I/HwLauncher( 3556): Launcher dynamicIconsUnregister
I/HwLauncher( 3556): DynamicUpdater unregisterReceiver
I/HwLauncher( 3556): DynamicIcon onPause  isvisible = false   mAttachedToWindow:true    mWindowVisible:truecom.android.deskclock
I/HwLauncher( 3556): DynamicUpdater unregisterReceiver
I/HwLauncher( 3556): DynamicIcon onPause  isvisible = true   mAttachedToWindow:false    mWindowVisible:falsecom.android.calendar
I/HwLauncher( 3556): DynamicUpdater unregisterReceiver
I/HwLauncher( 3556): DynamicIcon onPause  isvisible = true   mAttachedToWindow:true    mWindowVisible:truecom.huawei.android.totemweather
I/HwLauncher( 3556): DynamicIcon onVisibilityChanged 4 - com.android.deskclock
I/HwLauncher( 3556): DynamicIcon onVisibilityChanged 4 - com.huawei.android.totemweather
I/HwLauncher( 3556): DynamicIcon onWindowVisibilityChanged 4 - com.android.deskclock
I/HwLauncher( 3556): DynamicIcon onWindowVisibilityChanged 4 - com.huawei.android.totemweather
I/PhoneStatusBar( 3296): hw_status_bar_operators = true, setSystemUIVisibily(SHOW_OPERATOR = false)
I/HwLauncher( 3556): DynamicIcon onWindowVisibilityChanged 8 - com.android.deskclock
I/HwLauncher( 3556): DynamicIcon onWindowVisibilityChanged 8 - com.huawei.android.totemweather
I/ActivityManager( 3088): Displayed com.example.monkey/.MainActivity: +569ms
E/android_hardware_fm.cpp(15481): register_android_hardware_fm_fmradio
E/FM_HAL  (15481): [FM_HAL], fm_dynamic_lib is libbcmfm_if
E/FM_HAL  (15481): [FM_HAL], libname is libbcmfm_if
E/fm_if.c (15481): find the id:libbcmfm_if and begins to open the devices
E/android_hardware_fm.cpp(15481): register_android_hardware_fm_fmradio, ret is 0
E/        (15481): ProtocolErrorLog wangkang test!!
I/ActivityManager( 3088): Displayed com.example.monkey/.MainActivity: +127ms
I/K3V3CpuGovernorPolicy( 3513): close previously scene Hmp policy : 300 , 150
W/dalvikvm(15464): threadid=1: thread exiting with uncaught exception (group=0x41a63c50)
I/Process ( 3088): Sending signal. PID: 15464 SIG: 9
I/logserver( 2435): Object Path:/data/system/dropbox/, mask=0x00000080
I/logserver( 2435): event->len=48, name=data_app_crash@1499851266213.txt
I/logserver( 2435): find_first_match: find match, plogs(type=1, pfile=/data/system/dropbox/, match=app_crash)
I/logserver( 2435): move_dir:src_path=/data/log/dbox/appdbg/logcache
I/logserver( 2435): move_dir:dst_path=/data/log/logcache/14677792/
I/logserver( 2435): is_all_ready, any file is ready in non-keyfile exception.
I/logserver( 2435): extract_appname, forward search, appname=com.example.monkey
I/logserver( 2435): archive_and_send, pos=0, type=crash, output=20170712172106_crash
I/logserver( 2435): ---copy_match_files enter!!--
I/logserver( 2435): [copy_match_files,829]: copy [/data/system/dropbox/data_app_crash@1499851266213.txt] to [/data/log/logcache/14677792/data_app_crash@1499851266213.txt]
I/logserver( 2435): internal_archive, argc=7
I/logserver( 2435): get_fault_appname, appname=com.example.monkey
I/logserver( 2435): handle_archive_exception, argc=7
I/logserver( 2435): get alarm time = 96354 (sec.)!
I/logserver( 2435): log_apr_add_record open file:/data/log/apr/H60-L02_V100R001CHNC00B316_DU2TAN15AJ049163_20170111211033_statistics
I/logserver( 2435): move_input_files, create dir [/data/log/unzip/H60-L02_V100R001CHNC00B316_DU2TAN15AJ049163_20170712172106_crash]
I/logserver( 2435): copy_file_to_dir, /data/log/logcache/14677792/data_app_crash@1499851266213.txt -> /data/log/unzip/H60-L02_V100R001CHNC00B316_DU2TAN15AJ049163_20170712172106_crash
I/logserver( 2435): copy_file_to_dir, /data/log/logcache/14677792/finger.txt -> /data/log/unzip/H60-L02_V100R001CHNC00B316_DU2TAN15AJ049163_20170712172106_crash
I/logserver( 2435): init_notify_fifo, before change /data/log/logcontrol owner
I/logserver( 2435): Process 2586 opening FIFO for O_WRONLY
I/logserver( 2435): Process 2586 opened fifo(19)
I/logserver( 2435): notify_logcontrol, 2586 sent /data/log/unzip/H60-L02_V100R001CHNC00B316_DU2TAN15AJ049163_20170712172106_crash 
I/logserver( 2435): check_dir_size, dir[/data/log/coredump/] doesn't exist
I/logserver( 2435): thread_logcontrol, select ret = 1
I/logserver( 2435): clean_cur_cache:962, system(rm -r /data/log/logcache/14677792/* > /dev/null 2>&1)
I/logserver( 2435): handle_notify_event, read res = 324, client pid = 2586, data=/data/log/unzip/H60-L02_V100R001CHNC00B316_DU2TAN15AJ049163_20170712172106_crash
I/logserver( 2435): build_notify_string,ModuleName = com.example.monkey
I/logserver( 2435): build_notify_string,product name = H60-L02
I/logserver( 2435): handle_notify_event, send msg [submit:trigger=0,bugtype=2,modulename=com.example.monkey,level=1,testtype=NORMAL,path=/data/log/unzip/H60-L02_V100R001CHNC00B316_DU2TAN15AJ049163_20170712172106_crash;]
I/logserver( 2435): send_to_client, send to (18) res = 167
E/SubmitMessage( 3448): Submit string: submit:trigger=0,bugtype=2,modulename=com.example.monkey,level=1,testtype=NORMAL,path=/data/log/unzip/H60-L02_V100R001CHNC00B316_DU2TAN15AJ049163_20170712172106_crash
I/logserver( 2435): Object Path:/data/log/apr/, mask=0x00000008
I/logserver( 2435): event->len=80, name=H60-L02_V100R001CHNC00B316_DU2TAN15AJ049163_20170111211033_statistics
I/logserver( 2435): process_one_event, can not find this event(H60-L02_V100R001CHNC00B316_DU2TAN15AJ049163_20170111211033_statistics)
I/logserver( 2435): clean_cur_cache:962, system(rm -r /data/log/logcache/14677792/* > /dev/null 2>&1)
I/LogServiceSetting( 3448): checkMemorydumpByPath: filePath is /storage/emulated/legacy/bugreports/ramdump
I/LogServiceSetting( 3448): CheckMemorydumpByPath: /storage/emulated/legacy/bugreports/ramdumpis not exist.
I/LogServiceSetting( 3448): checkMemorydumpByPath: filePath is /storage/sdcard1/bugreports/ramdump
I/LogServiceSetting( 3448): CheckMemorydumpByPath: /storage/sdcard1/bugreports/ramdumpis not exist.
I/LogCollectService( 3448): getUploadingFiles, file: /splash2/log/LogService/uploading/H60-L02_V100R001CHNC00B316_ibgZsLcTwUwjRUfS$bGYj62+s7PQIV7+$RXAj5TCoig=_20160510234552428__ALL_COMMERCIAL.zip
I/LogCollectService( 3448): getUploadingFiles, file: /splash2/log/LogService/uploading/failed
I/LogCollectService( 3448): getUploadingFiles, file: /splash2/log/LogService/uploading/H60-L02_V100R001CHNC00B316_ibgZsLcTwUwjRUfS$bGYj62+s7PQIV7+$RXAj5TCoig=_20160915112655300__ALL_COMMERCIAL.zip
I/LogCollectService( 3448): getUploadingFiles, file: /splash2/log/LogService/uploading/H60-L02_V100R001CHNC00B316_ibgZsLcTwUwjRUfS$bGYj62+s7PQIV7+$RXAj5TCoig=_20170406070746175__ALL_COMMERCIAL.zip
I/LogCollectService( 3448): getUploadingFiles, file: /splash2/log/LogService/uploading/H60-L02_V100R001CHNC00B316_ibgZsLcTwUwjRUfS$bGYj62+s7PQIV7+$RXAj5TCoig=_20170410222608337__ALL_COMMERCIAL.zip
I/PackageLogInfoManager( 3448): checkPackageLogState
W/Binder  ( 3411): Caught a RuntimeException from the binder stub implementation.
W/Binder  ( 3411): java.lang.NullPointerException
W/Binder  ( 3411): 	at android.inputmethodservice.IInputMethodWrapper.setSessionEnabled(IInputMethodWrapper.java:280)
W/Binder  ( 3411): 	at com.android.internal.view.IInputMethod$Stub.onTransact(IInputMethod.java:129)
W/Binder  ( 3411): 	at android.os.Binder.execTransact(Binder.java:404)
W/Binder  ( 3411): 	at dalvik.system.NativeStart.run(Native Method)
W/System.err( 3411): java.lang.NullPointerException
W/System.err( 3411): 	at android.inputmethodservice.IInputMethodWrapper.setSessionEnabled(IInputMethodWrapper.java:280)
W/System.err( 3411): 	at com.android.internal.view.IInputMethod$Stub.onTransact(IInputMethod.java:129)
W/System.err( 3411): 	at android.os.Binder.execTransact(Binder.java:404)
W/System.err( 3411): 	at dalvik.system.NativeStart.run(Native Method)
I/ActivityManager( 3088): Displayed com.example.monkey/.MainActivity: +502ms
W/dalvikvm(15530): threadid=1: thread exiting with uncaught exception (group=0x41a63c50)
I/Process ( 3088): Sending signal. PID: 15530 SIG: 9
I/logserver( 2435): Object Path:/data/system/dropbox/, mask=0x00000080
I/logserver( 2435): event->len=48, name=data_app_crash@1499851266865.txt
I/logserver( 2435): find_first_match: find match, plogs(type=1, pfile=/data/system/dropbox/, match=app_crash)
I/logserver( 2435): move_dir:src_path=/data/log/dbox/appdbg/logcache
I/logserver( 2435): move_dir:dst_path=/data/log/logcache/14677792/
I/logserver( 2435): is_all_ready, any file is ready in non-keyfile exception.
I/logserver( 2435): extract_appname, forward search, appname=com.example.monkey
I/logserver( 2435): archive_and_send, pos=0, type=crash, output=20170712172106_crash
I/logserver( 2435): ---copy_match_files enter!!--
I/logserver( 2435): [copy_match_files,829]: copy [/data/system/dropbox/data_app_crash@1499851266865.txt] to [/data/log/logcache/14677792/data_app_crash@1499851266865.txt]
I/logserver( 2435): internal_archive, argc=7
I/logserver( 2435): get_fault_appname, appname=com.example.monkey
I/logserver( 2435): handle_archive_exception, argc=7
I/logserver( 2435): get alarm time = 96355 (sec.)!
I/logserver( 2435): log_apr_add_record open file:/data/log/apr/H60-L02_V100R001CHNC00B316_DU2TAN15AJ049163_20170111211033_statistics
I/logserver( 2435): move_input_files, create dir [/data/log/unzip/H60-L02_V100R001CHNC00B316_DU2TAN15AJ049163_20170712172106_crash]
I/logserver( 2435): copy_file_to_dir, /data/log/logcache/14677792/data_app_crash@1499851266213.txt -> /data/log/unzip/H60-L02_V100R001CHNC00B316_DU2TAN15AJ049163_20170712172106_crash
I/logserver( 2435): copy_file_to_dir, /data/log/logcache/14677792/data_app_crash@1499851266865.txt -> /data/log/unzip/H60-L02_V100R001CHNC00B316_DU2TAN15AJ049163_20170712172106_crash
I/logserver( 2435): copy_file_to_dir, /data/log/logcache/14677792/finger.txt -> /data/log/unzip/H60-L02_V100R001CHNC00B316_DU2TAN15AJ049163_20170712172106_crash
I/logserver( 2435): init_notify_fifo, before change /data/log/logcontrol owner
I/logserver( 2435): Process 2586 opening FIFO for O_WRONLY
I/logserver( 2435): Process 2586 opened fifo(19)
I/logserver( 2435): notify_logcontrol, 2586 sent /data/log/unzip/H60-L02_V100R001CHNC00B316_DU2TAN15AJ049163_20170712172106_crash 
I/logserver( 2435): thread_logcontrol, select ret = 1
I/logserver( 2435): check_dir_size, dir[/data/log/coredump/] doesn't exist
I/logserver( 2435): clean_cur_cache:962, system(rm -r /data/log/logcache/14677792/* > /dev/null 2>&1)
I/logserver( 2435): handle_notify_event, read res = 324, client pid = 2586, data=/data/log/unzip/H60-L02_V100R001CHNC00B316_DU2TAN15AJ049163_20170712172106_crash
I/logserver( 2435): build_notify_string,ModuleName = com.example.monkey
I/logserver( 2435): build_notify_string,product name = H60-L02
I/logserver( 2435): handle_notify_event, send msg [submit:trigger=0,bugtype=2,modulename=com.example.monkey,level=1,testtype=NORMAL,path=/data/log/unzip/H60-L02_V100R001CHNC00B316_DU2TAN15AJ049163_20170712172106_crash;]
I/logserver( 2435): send_to_client, send to (18) res = 167
E/SubmitMessage( 3448): Submit string: submit:trigger=0,bugtype=2,modulename=com.example.monkey,level=1,testtype=NORMAL,path=/data/log/unzip/H60-L02_V100R001CHNC00B316_DU2TAN15AJ049163_20170712172106_crash
I/logserver( 2435): Object Path:/data/log/apr/, mask=0x00000008
I/logserver( 2435): event->len=80, name=H60-L02_V100R001CHNC00B316_DU2TAN15AJ049163_20170111211033_statistics
I/logserver( 2435): process_one_event, can not find this event(H60-L02_V100R001CHNC00B316_DU2TAN15AJ049163_20170111211033_statistics)
I/logserver( 2435): clean_cur_cache:962, system(rm -r /data/log/logcache/14677792/* > /dev/null 2>&1)
I/LogServiceSetting( 3448): checkMemorydumpByPath: filePath is /storage/emulated/legacy/bugreports/ramdump
I/LogServiceSetting( 3448): CheckMemorydumpByPath: /storage/emulated/legacy/bugreports/ramdumpis not exist.
I/LogServiceSetting( 3448): checkMemorydumpByPath: filePath is /storage/sdcard1/bugreports/ramdump
I/LogServiceSetting( 3448): CheckMemorydumpByPath: /storage/sdcard1/bugreports/ramdumpis not exist.
I/HwLauncher( 3556): DynamicIcon onWindowVisibilityChanged 4 - com.android.deskclock
I/HwLauncher( 3556): DynamicIcon onWindowVisibilityChanged 4 - com.huawei.android.totemweather
I/HwLauncher( 3556): Launcher onStart()
I/HwLauncher( 3556): Launcher dynamicIconsRegister
I/HwLauncher( 3556): DynamicUpdater registerReceiver
I/LogCollectService( 3448): getUploadingFiles, file: /splash2/log/LogService/uploading/H60-L02_V100R001CHNC00B316_ibgZsLcTwUwjRUfS$bGYj62+s7PQIV7+$RXAj5TCoig=_20160510234552428__ALL_COMMERCIAL.zip
I/LogCollectService( 3448): getUploadingFiles, file: /splash2/log/LogService/uploading/failed
I/LogCollectService( 3448): getUploadingFiles, file: /splash2/log/LogService/uploading/H60-L02_V100R001CHNC00B316_ibgZsLcTwUwjRUfS$bGYj62+s7PQIV7+$RXAj5TCoig=_20160915112655300__ALL_COMMERCIAL.zip
I/LogCollectService( 3448): getUploadingFiles, file: /splash2/log/LogService/uploading/H60-L02_V100R001CHNC00B316_ibgZsLcTwUwjRUfS$bGYj62+s7PQIV7+$RXAj5TCoig=_20170406070746175__ALL_COMMERCIAL.zip
I/LogCollectService( 3448): getUploadingFiles, file: /splash2/log/LogService/uploading/H60-L02_V100R001CHNC00B316_ibgZsLcTwUwjRUfS$bGYj62+s7PQIV7+$RXAj5TCoig=_20170410222608337__ALL_COMMERCIAL.zip
I/PackageLogInfoManager( 3448): checkPackageLogState
I/HwLauncher( 3556): DynamicUpdater call updateFolder
I/HwLauncher( 3556): DynamicIcon onResume  isvisible = false   mAttachedToWindow:true    mWindowVisible:falsecom.android.deskclock
I/HwLauncher( 3556): DynamicUpdater registerReceiver
I/HwLauncher( 3556): DynamicUpdater call updateFolder
I/HwLauncher( 3556): DynamicIcon onResume  isvisible = true   mAttachedToWindow:false    mWindowVisible:falsecom.android.calendar
I/HwLauncher( 3556): DynamicUpdater registerReceiver
I/HwLauncher( 3556): DynamicUpdater call updateFolder
I/HwLauncher( 3556): WeatherDynamicUpdaterpositiveUpdate at WeatherDynamicUpdater
I/HwLauncher( 3556): DynamicIcon onResume  isvisible = false   mAttachedToWindow:true    mWindowVisible:falsecom.huawei.android.totemweather
I/HwLauncher( 3556): Launcher onResume()
I/HwLauncher( 3556): Launcher doResumeWork()
W/MotionDetectionManager( 3556): startMotionAppsReco motionApps: 402 disabled
W/HwLauncher( 3556): Launcher.MotionManager failed to start TYPE_SHAKE_CHANGE_WALLPAPER
I/HwLauncher( 3556): Launcher.MotionManager startShakeMotion mIsShakeInHome=true
W/MotionDetectionManager( 3556): startMotionAppsReco motionApps: 404 disabled
W/HwLauncher( 3556): Launcher.MotionManager failed to start TYPE_SHAKE_START_PRIVACY
I/HwLauncher( 3556): Launcher changeNaviBarStatus
W/HwLauncher( 3556): Launcher  updateMarginLayoutParamsForView:the target view is null.
I/HwLauncher( 3556): Launcher  onResume mIsToUninstallApp = false
I/HwLauncher( 3556): DynamicIcon onVisibilityChanged 0 - com.android.deskclock
I/HwLauncher( 3556): DynamicIcon onVisibilityChanged 0 - com.huawei.android.totemweather
I/HwLauncher( 3556): DynamicIcon onWindowVisibilityChanged 0 - com.android.deskclock
I/HwLauncher( 3556): DynamicIcon onWindowVisibilityChanged 0 - com.huawei.android.totemweather
I/PhoneStatusBar( 3296): hw_status_bar_operators = true, setSystemUIVisibily(SHOW_OPERATOR = false)
I/HwLauncher( 3556): WeatherDynamicUpdaterreceive action = com.huawei.android.action.launcher_weather_icon_change
I/HwLauncher( 3556): WeatherDynamicUpdaterreceiver data is int[] = [0, 0]
I/HwLauncher( 3556):  stringArray[] [unknown]
W/Binder  ( 3411): Caught a RuntimeException from the binder stub implementation.
W/Binder  ( 3411): java.lang.NullPointerException
W/Binder  ( 3411): 	at android.inputmethodservice.IInputMethodWrapper.setSessionEnabled(IInputMethodWrapper.java:280)
W/Binder  ( 3411): 	at com.android.internal.view.IInputMethod$Stub.onTransact(IInputMethod.java:129)
W/Binder  ( 3411): 	at android.os.Binder.execTransact(Binder.java:404)
W/Binder  ( 3411): 	at dalvik.system.NativeStart.run(Native Method)
W/System.err( 3411): java.lang.NullPointerException
W/System.err( 3411): 	at android.inputmethodservice.IInputMethodWrapper.setSessionEnabled(IInputMethodWrapper.java:280)
W/System.err( 3411): 	at com.android.internal.view.IInputMethod$Stub.onTransact(IInputMethod.java:129)
W/System.err( 3411): 	at android.os.Binder.execTransact(Binder.java:404)
W/System.err( 3411): 	at dalvik.system.NativeStart.run(Native Method)
I/PhoneStatusBar( 3296): hw_status_bar_operators = true, setSystemUIVisibily(SHOW_OPERATOR = false)
I/InputDispatcher( 3088): maybe input dispatch timeout, send to pg
E/Thermal-daemon( 2433): [ap] temp_new :38  temp_old :37
E/Thermal-daemon( 2433): Report temperature: [ap] temp :38  report_threshold:1
I/PhoneStatusBar( 3296): hw_status_bar_operators = true, setSystemUIVisibily(SHOW_OPERATOR = false)
I/PhoneStatusBar( 3296): hw_status_bar_operators = true, setSystemUIVisibily(SHOW_OPERATOR = false)
I/InputDispatcher( 3088): maybe input dispatch timeout, send to pg
I/HwLauncher( 3556): ShortcutsProvider updateData: search n in Appliactions use time: 2
I/HwLauncher( 3556): ShortcutsProvider updateData: search n in Contacts use time: 205 i 0 ComponentName: ComponentInfo{com.android.contacts/com.android.contacts.activities.PeopleActivity}
I/HwLauncher( 3556): ShortcutsProvider updateData: search n in Contacts use time: 216 i 1 ComponentName: ComponentInfo{com.android.browser/com.android.browser.BookmarkSearch}
W/ResourceType( 3899): Too many attribute references, stopped at: 0x01010099
W/ResourceType( 3899): Too many attribute references, stopped at: 0x0101009b
I/HwLauncher( 3556): ShortcutsProvider updateData: search n in Contacts use time: 125 i 2 ComponentName: ComponentInfo{com.android.contacts/com.android.mms.ui.SearchActivity}
I/HwEmailTag(23570): GlobalSearchProvider->handleGlobalSearch->uri:content://com.android.email.provider/globalSearch?limit=50&globalSearchKey=n;prefixglobalsearch
I/HwEmailTag(23570): EmailProvider->globalSearch:selection:n; limit:50;prefixglobalsearch
I/HwEmailTag(23570): EmailProvider->globalSearch:searchWhere:_id in () ;prefixglobalsearch
I/HwEmailTag(23570): EmailProvider->query->Query: content://com.android.email.provider/globalSearch?limit=50&globalSearchKey=n; start:1499851274613; consuming:10ms;ms;avg:24.833333333333332ms; max:182ms; counter:12
I/HwLauncher( 3556): ShortcutsProvider updateData: search n in Contacts use time: 49 i 3 ComponentName: ComponentInfo{com.android.email/com.android.email.activity.GlobalSearchDetail}
I/HwLauncher( 3556): ShortcutsProvider updateData: search n in Contacts use time: 48 i 4 ComponentName: ComponentInfo{com.android.calendar/com.android.calendar.hap.GlobalSearchSupport}
I/PhoneStatusBar( 3296): hw_status_bar_operators = true, setSystemUIVisibily(SHOW_OPERATOR = false)
I/HwLauncher( 3556): ShortcutsProvider updateData: search n in Contacts use time: 742 i 5 ComponentName: ComponentInfo{com.android.mediacenter/com.android.mediacenter.ui.local.search.LocalSearchActivity}
I/StatusBar.KeyButtonView( 3296): action=0, flags=0, when=76667181, repeatCount=0, mDownTime=76667181, mCode=4
I/StatusBar.KeyButtonView( 3296): action=1, flags=0, when=76667241, repeatCount=0, mDownTime=76667181, mCode=4
I/PhoneStatusBar( 3296): hw_status_bar_operators = true, setSystemUIVisibily(SHOW_OPERATOR = false)
