I/HwLauncher( 3556): Launcher changeNaviBarStatus
W/HwLauncher( 3556): Launcher  updateMarginLayoutParamsForView:the target view is null.
I/HwLauncher( 3556): Launcher  onResume mIsToUninstallApp = false
I/HwLauncher( 3556): DynamicIcon onVisibilityChanged 0 - com.android.deskclock
I/HwLauncher( 3556): DynamicIcon onVisibilityChanged 0 - com.huawei.android.totemweather
I/HwLauncher( 3556): DynamicIcon onWindowVisibilityChanged 0 - com.android.deskclock
I/HwLauncher( 3556): DynamicIcon onWindowVisibilityChanged 0 - com.huawei.android.totemweather
I/PhoneStatusBar( 3296): hw_status_bar_operators = true, setSystemUIVisibily(SHOW_OPERATOR = false)
I/HwLauncher( 3556): WeatherDynamicUpdaterreceive action = com.huawei.android.action.launcher_weather_icon_change
I/HwLauncher( 3556): WeatherDynamicUpdaterreceiver data is int[] = [0, 0]
I/HwLauncher( 3556):  stringArray[] [unknown]
I/PhoneStatusBar( 3296): hw_status_bar_operators = true, setSystemUIVisibily(SHOW_OPERATOR = false)
I/K3V3CpuGovernorPolicy( 3513): close previously scene Hmp policy : 300 , 150
I/K3V3CpuGovernorPolicy( 3513): set scene Hmp policy : 300 , 150
I/HwLauncher( 3556): Launcher onPause()
W/HwLauncher( 3556): Launcher.MotionManager failed to stop TYPE_SHAKE_CHANGE_WALLPAPER
W/HwLauncher( 3556): Launcher.MotionManager failed to stop TYPE_SHAKE_START_PRIVACY
W/GooglePlayServicesUtil(15717): Google Play Store is missing.
I/dalvikvm(15717): Could not find method android.app.ActivityManager.getAppTasks, referenced from method org.chromium.chrome.browser.multiwindow.MultiWindowUtils.isActivityTaskInRecents
W/dalvikvm(15717): VFY: unable to resolve virtual method 155: Landroid/app/ActivityManager;.getAppTasks ()Ljava/util/List;
I/dalvikvm(15717): DexOpt: unable to optimize instance field ref 0x0008 at 0x27 in Lorg/chromium/chrome/browser/multiwindow/MultiWindowUtils;.isActivityTaskInRecents
I/dalvikvm(15717): DexOpt: unable to optimize instance field ref 0x0008 at 0x2f in Lorg/chromium/chrome/browser/multiwindow/MultiWindowUtils;.isActivityTaskInRecents
I/cr_InstantAppsHandler(15717): Not handling with Instant Apps (other)
I/dalvikvm(15717): Could not find method android.app.ActivityManager.getAppTasks, referenced from method org.chromium.chrome.browser.ChromeTabbedActivity.maybeMergeTabs
W/dalvikvm(15717): VFY: unable to resolve virtual method 155: Landroid/app/ActivityManager;.getAppTasks ()Ljava/util/List;
I/dalvikvm(15717): Could not find method android.app.ActivityManager.getAppTasks, referenced from method org.chromium.chrome.browser.ChromeTabbedActivity.isStartedUpCorrectly
W/dalvikvm(15717): VFY: unable to resolve virtual method 155: Landroid/app/ActivityManager;.getAppTasks ()Ljava/util/List;
I/dalvikvm(15717): Could not find method org.chromium.chrome.browser.ChromeTabbedActivity.getSystemService, referenced from method org.chromium.chrome.browser.ChromeTabbedActivity.reportNewTabShortcutUsed
W/dalvikvm(15717): VFY: unable to resolve virtual method 25695: Lorg/chromium/chrome/browser/ChromeTabbedActivity;.getSystemService (Ljava/lang/Class;)Ljava/lang/Object;
I/dalvikvm(15717): DexOpt: unable to optimize instance field ref 0x0008 at 0x38 in Lorg/chromium/chrome/browser/ChromeTabbedActivity;.maybeMergeTabs
I/dalvikvm(15717): DexOpt: unable to optimize instance field ref 0x0008 at 0x40 in Lorg/chromium/chrome/browser/ChromeTabbedActivity;.maybeMergeTabs
W/dalvikvm(15717): VFY: unable to find class referenced in signature (Landroid/app/assist/AssistContent;)
I/dalvikvm(15717): Could not find method android.app.assist.AssistContent.setWebUri, referenced from method org.chromium.chrome.browser.ChromeActivity.onProvideAssistContent
W/dalvikvm(15717): VFY: unable to resolve virtual method 438: Landroid/app/assist/AssistContent;.setWebUri (Landroid/net/Uri;)V
I/PhoneStatusBar( 3296): hw_status_bar_operators = true, setSystemUIVisibily(SHOW_OPERATOR = false)
I/dalvikvm(15717): Could not find method android.app.ActivityManager.getAppTasks, referenced from method org.chromium.chrome.browser.tabmodel.DocumentModeAssassin.switchToTabbedMode
W/dalvikvm(15717): VFY: unable to resolve virtual method 155: Landroid/app/ActivityManager;.getAppTasks ()Ljava/util/List;
I/dalvikvm(15717): Could not find method android.view.Window$Callback.onProvideKeyboardShortcuts, referenced from method android.support.v7.view.p.onProvideKeyboardShortcuts
W/dalvikvm(15717): VFY: unable to resolve interface method 12208: Landroid/view/Window$Callback;.onProvideKeyboardShortcuts (Ljava/util/List;Landroid/view/Menu;I)V
W/dalvikvm(15717): VFY: unable to find class referenced in signature (Landroid/view/SearchEvent;)
I/dalvikvm(15717): Could not find method android.view.Window$Callback.onSearchRequested, referenced from method android.support.v7.view.p.onSearchRequested
W/dalvikvm(15717): VFY: unable to resolve interface method 12210: Landroid/view/Window$Callback;.onSearchRequested (Landroid/view/SearchEvent;)Z
I/dalvikvm(15717): Could not find method android.view.Window$Callback.onWindowStartingActionMode, referenced from method android.support.v7.view.p.onWindowStartingActionMode
W/dalvikvm(15717): VFY: unable to resolve interface method 12214: Landroid/view/Window$Callback;.onWindowStartingActionMode (Landroid/view/ActionMode$Callback;I)Landroid/view/ActionMode;
I/dalvikvm(15717): Could not find method android.support.graphics.drawable.AnimatedVectorDrawableCompat.createFromXmlInner, referenced from method android.support.v7.widget.c.c
W/dalvikvm(15717): VFY: unable to resolve static method 3250: Landroid/support/graphics/drawable/AnimatedVectorDrawableCompat;.createFromXmlInner (Landroid/content/Context;Landroid/content/res/Resources;Lorg/xmlpull/v1/XmlPullParser;Landroid/util/AttributeSet;Landroid/content/res/Resources$Theme;)Landroid/support/graphics/drawable/AnimatedVectorDrawableCompat;
I/HwLauncher( 3556): DynamicIcon onWindowVisibilityChanged 8 - com.android.deskclock
I/HwLauncher( 3556): DynamicIcon onWindowVisibilityChanged 8 - com.huawei.android.totemweather
I/dalvikvm(15717): Could not find method android.content.res.Resources.getDrawable, referenced from method android.support.K.L.G.J
W/dalvikvm(15717): VFY: unable to resolve virtual method 838: Landroid/content/res/Resources;.getDrawable (ILandroid/content/res/Resources$Theme;)Landroid/graphics/drawable/Drawable;
I/dalvikvm(15717): Could not find method android.content.Context.getDrawable, referenced from method android.support.v4.f.q.K
W/dalvikvm(15717): VFY: unable to resolve virtual method 595: Landroid/content/Context;.getDrawable (I)Landroid/graphics/drawable/Drawable;
I/dalvikvm(15717): Could not find method android.content.Context.getColorStateList, referenced from method android.support.v4.f.q.M
W/dalvikvm(15717): VFY: unable to resolve virtual method 591: Landroid/content/Context;.getColorStateList (I)Landroid/content/res/ColorStateList;
I/dalvikvm(15717): Could not find method android.content.Context.getColor, referenced from method android.support.v4.f.q.i
W/dalvikvm(15717): VFY: unable to resolve virtual method 590: Landroid/content/Context;.getColor (I)I
I/dalvikvm(15717): Could not find method android.app.Activity.shouldShowRequestPermissionRationale, referenced from method org.chromium.ui.base.ActivityWindowAndroid$ActivityAndroidPermissionDelegate.canRequestPermission
W/dalvikvm(15717): VFY: unable to resolve virtual method 143: Landroid/app/Activity;.shouldShowRequestPermissionRationale (Ljava/lang/String;)Z
I/dalvikvm(15717): Could not find method android.content.pm.PackageManager.isPermissionRevokedByPolicy, referenced from method org.chromium.ui.base.ActivityWindowAndroid$ActivityAndroidPermissionDelegate.isPermissionRevokedByPolicy
W/dalvikvm(15717): VFY: unable to resolve virtual method 785: Landroid/content/pm/PackageManager;.isPermissionRevokedByPolicy (Ljava/lang/String;Ljava/lang/String;)Z
I/dalvikvm(15717): Could not find method android.app.Activity.requestPermissions, referenced from method org.chromium.ui.base.ActivityWindowAndroid$ActivityAndroidPermissionDelegate.requestPermissions
W/dalvikvm(15717): VFY: unable to resolve virtual method 133: Landroid/app/Activity;.requestPermissions ([Ljava/lang/String;I)V
I/dalvikvm(15717): Could not find method android.view.Display.getPresentationDeadlineNanos, referenced from method org.chromium.chrome.browser.compositor.CompositorView.initNativeCompositor
W/dalvikvm(15717): VFY: unable to resolve virtual method 11540: Landroid/view/Display;.getPresentationDeadlineNanos ()J
I/dalvikvm(15717): Could not find method android.content.res.Resources.getDrawable, referenced from method android.support.v7.widget.do.getDrawable
W/dalvikvm(15717): VFY: unable to resolve virtual method 838: Landroid/content/res/Resources;.getDrawable (ILandroid/content/res/Resources$Theme;)Landroid/graphics/drawable/Drawable;
I/dalvikvm(15717): Could not find method android.content.res.Resources.getDrawableForDensity, referenced from method android.support.v7.widget.do.getDrawableForDensity
W/dalvikvm(15717): VFY: unable to resolve virtual method 840: Landroid/content/res/Resources;.getDrawableForDensity (IILandroid/content/res/Resources$Theme;)Landroid/graphics/drawable/Drawable;
E/dalvikvm(15717): Could not find class 'android.graphics.drawable.RippleDrawable', referenced from method android.support.v7.widget.A.M
W/dalvikvm(15717): VFY: unable to resolve instanceof 238 (Landroid/graphics/drawable/RippleDrawable;) in Landroid/support/v7/widget/A;
I/dalvikvm(15717): Could not find method android.content.Context.getColorStateList, referenced from method android.support.v7.U.y.J.M
W/dalvikvm(15717): VFY: unable to resolve virtual method 591: Landroid/content/Context;.getColorStateList (I)Landroid/content/res/ColorStateList;
W/cr_ChildProcLauncher(15717): Create a new ChildConnectionAllocator with package name = com.android.chrome, inSandbox = true
W/cr_tabmodel(15717): Starting to fetch tab list.
W/cr_tabmodel(15717): Finished fetching tab list.
I/dalvikvm(15717): Could not find method android.content.pm.PackageManager.getPackageInstaller, referenced from method com.google.vr.vrcore.base.api.VrCoreUtils.h
W/dalvikvm(15717): VFY: unable to resolve virtual method 777: Landroid/content/pm/PackageManager;.getPackageInstaller ()Landroid/content/pm/PackageInstaller;
I/cr_VrCoreVersionChecker(15717): Unable to find a compatible VrCore.
I/cr_ChildProcessService(24448): Creating new ChildProcessService pid=24448
I/ActivityManager( 3088): Displayed com.android.chrome/org.chromium.chrome.browser.ChromeTabbedActivity: +460ms (total +514ms)
W/dalvikvm(15717): VFY: unable to find class referenced in signature (Landroid/view/ViewStructure;)
I/dalvikvm(15717): Could not find method android.view.ViewStructure.setClassName, referenced from method org.chromium.content.browser.ContentViewCore.createVirtualStructure
W/dalvikvm(15717): VFY: unable to resolve virtual method 12172: Landroid/view/ViewStructure;.setClassName (Ljava/lang/String;)V
I/dalvikvm(15717): Could not find method android.view.accessibility.CaptioningManager$CaptionStyle.hasBackgroundColor, referenced from method org.chromium.content.browser.accessibility.captioning.KitKatCaptioningBridge.syncToDelegate
W/dalvikvm(15717): VFY: unable to resolve virtual method 12379: Landroid/view/accessibility/CaptioningManager$CaptionStyle;.hasBackgroundColor ()Z
I/dalvikvm(15717): DexOpt: unable to optimize instance field ref 0x1089 at 0x6f in Lorg/chromium/content/browser/accessibility/captioning/KitKatCaptioningBridge;.syncToDelegate
I/dalvikvm(15717): Could not find method android.view.accessibility.CaptioningManager$CaptionStyle.hasBackgroundColor, referenced from method org.chromium.content.browser.accessibility.captioning.KitKatCaptioningBridge$KitKatCaptioningChangeListener.onUserStyleChanged
W/dalvikvm(15717): VFY: unable to resolve virtual method 12379: Landroid/view/accessibility/CaptioningManager$CaptionStyle;.hasBackgroundColor ()Z
I/dalvikvm(15717): DexOpt: unable to optimize instance field ref 0x1089 at 0x50 in Lorg/chromium/content/browser/accessibility/captioning/KitKatCaptioningBridge$KitKatCaptioningChangeListener;.onUserStyleChanged
I/dalvikvm(15717): Could not find method android.view.ActionMode.onWindowFocusChanged, referenced from method org.chromium.content.browser.ContentView.onWindowFocusChanged
W/dalvikvm(15717): VFY: unable to resolve virtual method 11507: Landroid/view/ActionMode;.onWindowFocusChanged (Z)V
I/dalvikvm(15717): Could not find method android.view.ViewConfiguration.getDefaultActionModeHideDuration, referenced from method org.chromium.content.browser.SelectionPopupController.getDefaultHideDuration
W/dalvikvm(15717): VFY: unable to resolve static method 11994: Landroid/view/ViewConfiguration;.getDefaultActionModeHideDuration ()J
I/dalvikvm(15717): Could not find method android.view.ActionMode.hide, referenced from method org.chromium.content.browser.SelectionPopupController.hideActionModeTemporarily
W/dalvikvm(15717): VFY: unable to resolve virtual method 11504: Landroid/view/ActionMode;.hide (J)V
I/dalvikvm(15717): Could not find method android.view.ActionMode.invalidateContentRect, referenced from method org.chromium.content.browser.SelectionPopupController.invalidateContentRect
W/dalvikvm(15717): VFY: unable to resolve virtual method 11506: Landroid/view/ActionMode;.invalidateContentRect ()V
W/dalvikvm(15717): Unable to resolve superclass of Lorg/chromium/content/browser/FloatingActionModeCallback; (1886)
W/dalvikvm(15717): Link of class 'Lorg/chromium/content/browser/FloatingActionModeCallback;' failed
E/dalvikvm(15717): Could not find class 'org.chromium.content.browser.FloatingActionModeCallback', referenced from method org.chromium.content.browser.SelectionPopupController.showActionMode$51D2IMG_
W/dalvikvm(15717): VFY: unable to resolve new-instance 7587 (Lorg/chromium/content/browser/FloatingActionModeCallback;) in Lorg/chromium/content/browser/SelectionPopupController;
I/dalvikvm(15717): Could not find method android.view.ActionMode.getType, referenced from method org.chromium.content.browser.SelectionPopupController.updateActionModeVisibility
W/dalvikvm(15717): VFY: unable to resolve virtual method 11503: Landroid/view/ActionMode;.getType ()I
W/dalvikvm(15717): Unable to resolve superclass of Lorg/chromium/content/browser/FloatingActionModeCallback; (1886)
W/dalvikvm(15717): Link of class 'Lorg/chromium/content/browser/FloatingActionModeCallback;' failed
I/dalvikvm(15717): Could not find method android.content.res.Resources.getDrawableForDensity, referenced from method org.chromium.chrome.browser.ShortcutHelper.generateHomeScreenIcon
W/dalvikvm(15717): VFY: unable to resolve virtual method 840: Landroid/content/res/Resources;.getDrawableForDensity (IILandroid/content/res/Resources$Theme;)Landroid/graphics/drawable/Drawable;
I/dalvikvm(15717): Could not find method org.chromium.third_party.android.swiperefresh.CircleImageView.setElevation, referenced from method org.chromium.third_party.android.swiperefresh.CircleImageView.<init>
W/dalvikvm(15717): VFY: unable to resolve virtual method 45933: Lorg/chromium/third_party/android/swiperefresh/CircleImageView;.setElevation (F)V
W/cr_media(15717): Requires BLUETOOTH permission
I/cr_LibraryLoader(24448): Using linker: org.chromium.base.library_loader.LegacyLinker
I/cr_LibraryLoader(24448): Loading chrome
W/GooglePlayServicesUtil(15717): Google Play Store is missing.
I/cr_LibraryLoader(24448): Time to load native libraries: 77 ms (timestamps 3608-3685)
I/cr_LibraryLoader(24448): Expected native library version number "56.0.2924.87", actual native library version number "56.0.2924.87"
I/chromium(24448): [INFO:library_loader_hooks.cc(163)] Chromium logging enabled: level = 0, default verbosity = 0
I/K3V3CpuGovernorPolicy( 3513): set scene Hmp policy : 750 , 350
I/dalvikvm(15717): Could not find method android.app.ActivityManager.getAppTasks, referenced from method org.chromium.chrome.browser.download.DownloadNotificationService.onTaskRemoved
W/dalvikvm(15717): VFY: unable to resolve virtual method 155: Landroid/app/ActivityManager;.getAppTasks ()Ljava/util/List;
W/GooglePlayServicesUtil(15717): Google Play Store is missing.
W/GooglePlayServicesUtil(15717): Google Play Store is missing.
W/cr_SafeBrowsingApi(15717): First party Google Play services not available, Safe Browsing disabled.
I/cr_Ime  (15717): ImeThread is enabled.
I/HwLauncher( 3556): Launcher onStop()
E/HwLauncher( 3556): Launcher dialog dismiss failed : java.lang.IllegalArgumentException: no dialog with id 1 was ever shown via Activity#showDialog
I/HwLauncher( 3556): Launcher dynamicIconsUnregister
I/HwLauncher( 3556): DynamicUpdater unregisterReceiver
I/HwLauncher( 3556): DynamicIcon onPause  isvisible = true   mAttachedToWindow:true    mWindowVisible:falsecom.android.deskclock
I/HwLauncher( 3556): DynamicUpdater unregisterReceiver
I/HwLauncher( 3556): DynamicIcon onPause  isvisible = true   mAttachedToWindow:false    mWindowVisible:falsecom.android.calendar
I/HwLauncher( 3556): DynamicUpdater unregisterReceiver
I/HwLauncher( 3556): DynamicIcon onPause  isvisible = true   mAttachedToWindow:true    mWindowVisible:falsecom.huawei.android.totemweather
I/HwLauncher( 3556): DynamicIcon onVisibilityChanged 4 - com.android.deskclock
I/HwLauncher( 3556): DynamicIcon onVisibilityChanged 4 - com.huawei.android.totemweather
I/dalvikvm(15717): Could not find method android.content.Intent.createChooser, referenced from method org.chromium.chrome.browser.share.ShareHelper.makeIntentAndShare
W/dalvikvm(15717): VFY: unable to resolve static method 649: Landroid/content/Intent;.createChooser (Landroid/content/Intent;Ljava/lang/CharSequence;Landroid/content/IntentSender;)Landroid/content/Intent;
I/cr_MinidmpUploadService(15717): Attempting to upload accumulated crash dumps.
I/cr_BindingManager(15717): Moderate binding enabled: maxSize=20
I/HwSystemManager( 3841): HoldService:preHoldShow start!
I/HwSystemManager( 3841): HoldService:The prePermissionType is: 3
I/HwSystemManager( 3841): HoldService:onRequest, uid = 10132 pid=15717 type = 8
I/HwSystemManager( 3841): HoldService:sendHoldBroadcast begin!
I/HwSystemManager( 3975): HoldDialogShowService:init orientation:1
I/HwSystemManager( 3841): HsmStat_event:"pd","a=d,t=8"
I/HwSystemManager( 3841): HsmStat_event:current is not foreground, did not stat r!
I/HwSystemManager( 3975): CountDownDialog:onFocusChange called true
W/Settings(  659): Setting airplane_mode_on has moved from android.provider.Settings.System to android.provider.Settings.Global, returning read-only value.
I/HwSystemManager( 3841): HsmStat_event:"pd","a=a,t=8"
I/HwSystemManager( 3841): HsmStat_event:current is not foreground, did not stat r!
I/HwSystemManager( 3975): HoldDialogShowService:onDismiss
I/HwSystemManager( 3841): HoldService:preHoldShow start!
I/HwSystemManager( 3841): HoldService:The prePermissionType is: 3
I/HwSystemManager( 3841): HoldService:find request record
I/Choreographer(15717): Skipped 60 frames!  The application may be doing too much work on its main thread.
W/GooglePlayServicesUtil(15717): Google Play Store is missing.
W/GooglePlayServicesUtil(15717): Google Play Store is missing.
E/Thermal-daemon( 2433): [ap] temp_new :36  temp_old :35
E/Thermal-daemon( 2433): Report temperature: [ap] temp :36  report_threshold:1
I/wpa_supplicant(27617): wlan0: HEART-BEAT-ACK: 293
I/K3V3CpuGovernorPolicy( 3513): close previously scene Hmp policy : 750 , 350
I/NLP     ( 3425): result:[location successful], reason:[network location]
I/NLP     ( 3425): result:[location successful], reason:[network location]
I/cr_ChildProcessService(24538): Creating new ChildProcessService pid=24538
I/cr_LibraryLoader(24538): Using linker: org.chromium.base.library_loader.LegacyLinker
I/cr_LibraryLoader(24538): Loading chrome
I/K3V3CpuGovernorPolicy( 3513): set scene Hmp policy : 750 , 350
I/cr_LibraryLoader(24538): Time to load native libraries: 142 ms (timestamps 8358-8500)
I/cr_LibraryLoader(24538): Expected native library version number "56.0.2924.87", actual native library version number "56.0.2924.87"
I/chromium(24538): [INFO:library_loader_hooks.cc(163)] Chromium logging enabled: level = 0, default verbosity = 0
I/chromium(24538): [INFO:SkFontMgr_android_parser.cpp(608)] [SkFontMgr Android Parser] '/system/etc/fonts.xml' could not be opened
I/chromium(24538): 
I/chromium(24538): [INFO:SkFontMgr_android_parser.cpp(608)] [SkFontMgr Android Parser] '/vendor/etc/fallback_fonts.xml' could not be opened
I/chromium(24538): 
I/cr_BindingManager(15717): onTrimMemory: level=5, size=0
W/System.err( 3088): java.lang.SecurityException: Isolated process not allowed to call registerReceiver
W/System.err( 3088): 	at com.android.server.am.ActivityManagerService.enforceNotIsolatedCaller(ActivityManagerService.java:3245)
W/System.err( 3088): 	at com.android.server.am.ActivityManagerService.registerReceiver(ActivityManagerService.java:13636)
W/System.err( 3088): 	at android.app.ActivityManagerNative.onTransact(ActivityManagerNative.java:312)
W/System.err( 3088): 	at com.android.server.am.ActivityManagerService.onTransact(ActivityManagerService.java:2282)
W/System.err( 3088): 	at huawei.com.android.server.am.HwActivityManagerService.onTransact(HwActivityManagerService.java:173)
W/System.err( 3088): 	at android.os.Binder.execTransact(Binder.java:404)
W/System.err( 3088): 	at dalvik.system.NativeStart.run(Native Method)
E/Thermal-daemon( 2433): [flash_led] temp_new :34  temp_old :33
E/Thermal-daemon( 2433): [ap] temp_new :37  temp_old :36
E/Thermal-daemon( 2433): Report temperature: [ap] temp :37  report_threshold:1
I/HwSystemManager( 3841): HoldService:preHoldShow start!
I/HwSystemManager( 3841): HoldService:The prePermissionType is: 3
I/HwSystemManager( 3841): HoldService:onRequest, uid = 10132 pid=15717 type = 8
I/HwSystemManager( 3841): HoldService:sendHoldBroadcast begin!
I/HwSystemManager( 3975): HoldDialogShowService:init orientation:1
I/HwSystemManager( 3841): HsmStat_event:"pd","a=d,t=8"
I/HwSystemManager( 3841): HsmStat_event:current is not foreground, did not stat r!
I/HwSystemManager( 3975): CountDownDialog:onFocusChange called true
I/HwSystemManager( 3841): HsmStat_event:"pd","a=a,t=8"
I/HwSystemManager( 3841): HsmStat_event:current is not foreground, did not stat r!
I/HwSystemManager( 3975): HoldDialogShowService:onDismiss
I/Choreographer(15717): Skipped 86 frames!  The application may be doing too much work on its main thread.
I/K3V3CpuGovernorPolicy( 3513): close previously scene Hmp policy : 750 , 350
E/Thermal-daemon( 2433): [ap] temp_new :38  temp_old :37
E/Thermal-daemon( 2433): Report temperature: [ap] temp :38  report_threshold:1
I/K3V3CpuGovernorPolicy( 3513): set scene Hmp policy : 750 , 350
I/ActivityManager( 3088): pkg:[com.android.chrome:sandboxed_process0] pid:[0]  maybe timeout , send to PG
E/CommandListener( 2419): readDefRoute call readDefRoute
E/SecondaryTablController( 2419): isWifiDefaultRouteExisted /system/bin/ip route
E/CommandListener( 2419): readDefRoute Rsp ok
E/Thermal-daemon( 2433): [pa_0] temp_new :35  temp_old :34
E/Thermal-daemon( 2433): [ap] temp_new :37  temp_old :38
E/Thermal-daemon( 2433): Report temperature: [ap] temp :37  report_threshold:1
I/wpa_supplicant(27617): wlan0: HEART-BEAT-ACK: 294
W/GooglePlayServicesUtil(15717): Google Play Store is missing.
I/CAPALiteReceiver( 3513): USER STATE: STATIONARY SUB STATE: UNKNOWN
I/PushLog2551( 6821): [ReceiverDispatcher-256]read to Send:DA(android/ConnectEntity.java:120)
I/HwSystemManager( 3841): HoldService:preHoldShow start!
I/HwSystemManager( 3841): HoldService:The prePermissionType is: 3
I/HwSystemManager( 3841): HoldService:find request record
I/cr_omaha(15717): Request to Server Successful. Timestamp for next request:1499856593824
I/K3V3CpuGovernorPolicy( 3513): close previously scene Hmp policy : 750 , 350
I/StatusBar.KeyButtonView( 3296): action=0, flags=0, when=78390008, repeatCount=0, mDownTime=78390008, mCode=3
I/StatusBar.KeyButtonView( 3296): action=1, flags=0, when=78390025, repeatCount=0, mDownTime=78390008, mCode=3
E/HwLauncher( 3556): Launcher dialog dismiss failed : java.lang.IllegalArgumentException: no dialog with id 1 was ever shown via Activity#showDialog
I/K3V3CpuGovernorPolicy( 3513): set scene Hmp policy : 300 , 150
I/HwLauncher( 3556): DynamicIcon onWindowVisibilityChanged 4 - com.android.deskclock
I/HwLauncher( 3556): DynamicIcon onWindowVisibilityChanged 4 - com.huawei.android.totemweather
I/HwLauncher( 3556): Launcher  onNewIntent mIsToUninstallApp = false
E/HwLauncher( 3556): Launcher dialog dismiss failed : java.lang.IllegalArgumentException: no dialog with id 1 was ever shown via Activity#showDialog
W/HwLauncher( 3556): Launcher null folder is animating process
I/HwLauncher( 3556): Launcher onStart()
I/HwLauncher( 3556): Launcher dynamicIconsRegister
I/HwLauncher( 3556): DynamicUpdater registerReceiver
I/HwLauncher( 3556): DynamicUpdater call updateFolder
I/HwLauncher( 3556): DynamicIcon onResume  isvisible = false   mAttachedToWindow:true    mWindowVisible:falsecom.android.deskclock
I/HwLauncher( 3556): DynamicUpdater registerReceiver
I/HwLauncher( 3556): DynamicUpdater call updateFolder
I/HwLauncher( 3556): DynamicIcon onResume  isvisible = true   mAttachedToWindow:false    mWindowVisible:falsecom.android.calendar
I/HwLauncher( 3556): DynamicUpdater registerReceiver
I/HwLauncher( 3556): DynamicUpdater call updateFolder
I/HwLauncher( 3556): WeatherDynamicUpdaterpositiveUpdate at WeatherDynamicUpdater
I/HwLauncher( 3556): DynamicIcon onResume  isvisible = false   mAttachedToWindow:true    mWindowVisible:falsecom.huawei.android.totemweather
I/HwLauncher( 3556): Launcher onResume()
I/HwLauncher( 3556): Launcher doResumeWork()
W/MotionDetectionManager( 3556): startMotionAppsReco motionApps: 402 disabled
W/HwLauncher( 3556): Launcher.MotionManager failed to start TYPE_SHAKE_CHANGE_WALLPAPER
I/HwLauncher( 3556): Launcher.MotionManager startShakeMotion mIsShakeInHome=true
W/MotionDetectionManager( 3556): startMotionAppsReco motionApps: 404 disabled
W/HwLauncher( 3556): Launcher.MotionManager failed to start TYPE_SHAKE_START_PRIVACY
I/HwLauncher( 3556): Launcher changeNaviBarStatus
W/HwLauncher( 3556): Launcher  updateMarginLayoutParamsForView:the target view is null.
I/HwLauncher( 3556): Launcher  onResume mIsToUninstallApp = false
I/HwLauncher( 3556): DynamicIcon onVisibilityChanged 0 - com.android.deskclock
I/HwLauncher( 3556): DynamicIcon onVisibilityChanged 0 - com.huawei.android.totemweather
I/HwLauncher( 3556): DynamicIcon onWindowVisibilityChanged 0 - com.android.deskclock
I/HwLauncher( 3556): DynamicIcon onWindowVisibilityChanged 0 - com.huawei.android.totemweather
I/PhoneStatusBar( 3296): hw_status_bar_operators = true, setSystemUIVisibily(SHOW_OPERATOR = false)
I/HwLauncher( 3556): WeatherDynamicUpdaterreceive action = com.huawei.android.action.launcher_weather_icon_change
I/HwLauncher( 3556): WeatherDynamicUpdaterreceiver data is int[] = [0, 0]
I/HwLauncher( 3556):  stringArray[] [unknown]
I/PhoneStatusBar( 3296): hw_status_bar_operators = true, setSystemUIVisibily(SHOW_OPERATOR = false)
W/IInputConnectionWrapper(15717): showStatusIcon on inactive InputConnection
I/cr_BindingManager(15717): onTrimMemory: level=80, size=0
I/K3V3CpuGovernorPolicy( 3513): close previously scene Hmp policy : 300 , 150
W/Settings( 3088): Setting device_provisioned has moved from android.provider.Settings.Secure to android.provider.Settings.Global.
I/PhoneStatusBar( 3296): hw_status_bar_operators = true, setSystemUIVisibily(SHOW_OPERATOR = false)
I/HwLauncher( 3556): ClockDynamicUpdater date changed!!!!!!
I/HwLauncher( 3556): DynamicIconData , getDrawableForDynamic begin, pkg = com.android.deskclock, picName = deskclock_bg
I/HwLauncher( 3556): DynamicIconData , getDrawableForDynamic end, pkg = com.android.deskclock, picName = deskclock_bg
I/HwLauncher( 3556): DynamicIconData , getDrawableForDynamic begin, pkg = com.android.deskclock, picName = deskclock_bg
I/HwLauncher( 3556): DynamicIconData , getDrawableForDynamic end, pkg = com.android.deskclock, picName = deskclock_bg
I/HwLauncher( 3556): Launcher.Utilities createIconBitmap sourceWidth = 180sourceHeight = 180
I/HwLauncher( 3556): ClockDynamicUpdater calender update folder at CalenderDynamicUpdater
I/HwLauncher( 3556): DynamicUpdater call updateFolder
I/HwLauncher( 3556): ClockDynamicUpdater Calender update and call updateFolder
I/HwLauncher( 3556): CalenderDynamicUpdater date changed!!!!!!
I/HwLauncher( 3556): CalenderDynamicUpdater Calender update and call updateFolder
I/HwLauncher( 3556): Launcher onPause()
W/HwLauncher( 3556): Launcher.MotionManager failed to stop TYPE_SHAKE_CHANGE_WALLPAPER
W/HwLauncher( 3556): Launcher.MotionManager failed to stop TYPE_SHAKE_START_PRIVACY
I/K3V3CpuGovernorPolicy( 3513): set scene Hmp policy : 300 , 150
W/KeyguardViewMediator( 3264): verifyUnlock called when not externally disabled
I/PhoneStatusBar( 3296): hw_status_bar_operators = true, setSystemUIVisibily(SHOW_OPERATOR = false)
I/HwLauncher( 3556): DynamicIcon onWindowVisibilityChanged 8 - com.android.deskclock
I/HwLauncher( 3556): DynamicIcon onWindowVisibilityChanged 8 - com.huawei.android.totemweather
I/ActivityManager( 3088): Displayed com.tencent.qqlite/com.tencent.mobileqq.activity.ChatActivity: +427ms
I/dalvikvm(24715): Enabling JNI app bug workarounds for target SDK version 8...
E/DexLoad (24715): [E]Success
I/HwSystemManager( 3841): HoldService:preHoldShow start!
I/HwSystemManager( 3841): HoldService:The prePermissionType is: 1
I/HwSystemManager( 3841): HoldService:preHoldShow start!
I/HwSystemManager( 3841): HoldService:The prePermissionType is: 1
W/dalvikvm(24715): No implementation found for native Lcom/tencent/feedback/eup/jni/NativeExceptionUpload;.registNativeExceptionHandler2:(Ljava/lang/String;Ljava/lang/String;II)Ljava/lang/String;
I/native_eup(24715): Java_com_tencent_feedback_eup_jni_NativeExceptionUpload_registNativeExceptionHandler start
I/native_eup(24715): found native exception upload!
I/native_eup(24715): found native exception handler!
I/native_eup(24715): regist handler start procType 1 , level 19 , tombDir:/data/data/com.tencent.qqlite/app_tombs
I/native_eup(24715): registSignal start
I/native_eup(24715): registSignal end
I/native_eup(24715): regist handler end
I/native_eup(24715): Java_com_tencent_feedback_eup_jni_NativeExceptionUpload_registNativeExceptionHandler end
I/native_eup(24715): NativeRQDVersion:NRQD_1.7.1
I/native_eup(24715): Java_com_tencent_feedback_eup_jni_NativeExceptionUpload_enableHandler start
I/native_eup(24715): Java_com_tencent_feedback_eup_jni_NativeExceptionUpload_enableHandler end
I/native_eup(24715): setLogMode 5 current 4
I/HwLauncher( 3556): Launcher onStop()
E/HwLauncher( 3556): Launcher dialog dismiss failed : java.lang.IllegalArgumentException: no dialog with id 1 was ever shown via Activity#showDialog
I/HwLauncher( 3556): Launcher dynamicIconsUnregister
I/HwLauncher( 3556): DynamicUpdater unregisterReceiver
I/HwLauncher( 3556): DynamicIcon onPause  isvisible = true   mAttachedToWindow:true    mWindowVisible:falsecom.android.deskclock
I/HwLauncher( 3556): DynamicUpdater unregisterReceiver
I/HwLauncher( 3556): DynamicIcon onPause  isvisible = true   mAttachedToWindow:false    mWindowVisible:falsecom.android.calendar
I/HwLauncher( 3556): DynamicUpdater unregisterReceiver
I/HwLauncher( 3556): DynamicIcon onPause  isvisible = true   mAttachedToWindow:true    mWindowVisible:falsecom.huawei.android.totemweather
I/HwLauncher( 3556): DynamicIcon onVisibilityChanged 4 - com.android.deskclock
I/HwLauncher( 3556): DynamicIcon onVisibilityChanged 4 - com.huawei.android.totemweather
W/ResourceType(24715): getEntry failing because entryIndex 198 is beyond type entryCount 198
W/ResourceType(24715): Failure getting entry for 0x7f0b00c6 (t=10 e=198) in package 0 (error -2147483647)
W/dalvikvm(24715): No implementation found for native Lcom/tencent/feedback/eup/jni/NativeExceptionUpload;.registNativeExceptionHandler2:(Ljava/lang/String;Ljava/lang/String;II)Ljava/lang/String;
I/K3V3CpuGovernorPolicy( 3513): close previously scene Hmp policy : 300 , 150
I/HwSystemManager( 3841): HoldService:preHoldShow start!
I/HwSystemManager( 3841): HoldService:The prePermissionType is: 1
I/HwSystemManager( 3841): HoldService:preHoldShow start!
I/HwSystemManager( 3841): HoldService:The prePermissionType is: 1
I/HwSystemManager( 3841): HoldService:preHoldShow start!
I/HwSystemManager( 3841): HoldService:The prePermissionType is: 1
I/StatusBar.KeyButtonView( 3296): action=0, flags=0, when=78393580, repeatCount=0, mDownTime=78393580, mCode=4
I/HwSystemManager( 3841): HoldService:preHoldShow start!
I/HwSystemManager( 3841): HoldService:The prePermissionType is: 1
I/HwSystemManager( 3841): HoldService:preHoldShow start!
I/HwSystemManager( 3841): HoldService:The prePermissionType is: 1
I/HwSystemManager( 3841): HoldService:preHoldShow start!
I/HwSystemManager( 3841): HoldService:The prePermissionType is: 1
I/StatusBar.KeyButtonView( 3296): action=1, flags=0, when=78393664, repeatCount=0, mDownTime=78393580, mCode=4
I/HwSystemManager( 3841): HoldService:preHoldShow start!
I/HwSystemManager( 3841): HoldService:The prePermissionType is: 1
I/HwSystemManager( 3841): HoldService:preHoldShow start!
I/HwSystemManager( 3841): HoldService:The prePermissionType is: 1
I/AutoMonitor(  619): nullTabSwitch, cost=78394582
W/Settings(  659): Setting airplane_mode_on has moved from android.provider.Settings.System to android.provider.Settings.Global, returning read-only value.
E/Thermal-daemon( 2433): [ap] temp_new :38  temp_old :37
E/Thermal-daemon( 2433): Report temperature: [ap] temp :38  report_threshold:1
I/wpa_supplicant(27617): wlan0: HEART-BEAT-ACK: 295
I/ActivityManager( 3088): Displayed com.tencent.qqlite/com.tencent.mobileqq.activity.ChatActivity: +279ms
W/Settings(  659): Setting airplane_mode_on has moved from android.provider.Settings.System to android.provider.Settings.Global, returning read-only value.
W/Settings(  659): Setting airplane_mode_on has moved from android.provider.Settings.System to android.provider.Settings.Global, returning read-only value.
I/HwSystemManager( 3841): HoldService:preHoldShow start!
I/HwSystemManager( 3841): HoldService:The prePermissionType is: 1
I/HwSystemManager( 3841): HoldService:preHoldShow start!
I/HwSystemManager( 3841): HoldService:The prePermissionType is: 1
W/Settings(  659): Setting airplane_mode_on has moved from android.provider.Settings.System to android.provider.Settings.Global, returning read-only value.
E/ion     ( 2422): ioctl c0144900(ION_IOC_ALLOC) failed with code -1: Out of memory
E/ion     ( 2422): ion_alloc: failed! len: 0xcc0000, align: 0x3302000, heap_mask: 0x20, flags: 0x3
E/CommandListener( 2419): readDefRoute call readDefRoute
E/SecondaryTablController( 2419): isWifiDefaultRouteExisted /system/bin/ip route
E/Thermal-daemon( 2433): [ap] temp_new :37  temp_old :38
E/Thermal-daemon( 2433): Report temperature: [ap] temp :37  report_threshold:1
I/wpa_supplicant(27617): wlan0: HEART-BEAT-ACK: 296
E/ion     ( 2422): ioctl c0144900(ION_IOC_ALLOC) failed with code -1: Out of memory
E/ion     ( 2422): ion_alloc: failed! len: 0xcc0000, align: 0x3302000, heap_mask: 0x20, flags: 0x3
E/ion     ( 2422): ioctl c0144900(ION_IOC_ALLOC) failed with code -1: Out of memory
E/ion     ( 2422): ion_alloc: failed! len: 0xcc0000, align: 0x3302000, heap_mask: 0x20, flags: 0x3
E/ion     ( 2422): ioctl c0144900(ION_IOC_ALLOC) failed with code -1: Out of memory
E/ion     ( 2422): ion_alloc: failed! len: 0xcc0000, align: 0x3302000, heap_mask: 0x20, flags: 0x3
E/CommandListener( 2419): readDefRoute Rsp ok
W/Settings(  659): Setting airplane_mode_on has moved from android.provider.Settings.System to android.provider.Settings.Global, returning read-only value.
W/Settings(  659): Setting airplane_mode_on has moved from android.provider.Settings.System to android.provider.Settings.Global, returning read-only value.
W/Settings(  659): Setting airplane_mode_on has moved from android.provider.Settings.System to android.provider.Settings.Global, returning read-only value.
W/Settings(  659): Setting airplane_mode_on has moved from android.provider.Settings.System to android.provider.Settings.Global, returning read-only value.
I/wpa_supplicant(27617): wlan0: HEART-BEAT-ACK: 297
E/ion     ( 2422): ioctl c0144900(ION_IOC_ALLOC) failed with code -1: Out of memory
E/ion     ( 2422): ion_alloc: failed! len: 0xcc0000, align: 0x3302000, heap_mask: 0x20, flags: 0x3
E/ion     ( 2422): ioctl c0144900(ION_IOC_ALLOC) failed with code -1: Out of memory
E/ion     ( 2422): ion_alloc: failed! len: 0xcc0000, align: 0x3302000, heap_mask: 0x20, flags: 0x3
E/ion     ( 2422): ioctl c0144900(ION_IOC_ALLOC) failed with code -1: Out of memory
E/ion     ( 2422): ion_alloc: failed! len: 0xcc0000, align: 0x3302000, heap_mask: 0x20, flags: 0x3
E/ion     ( 2422): ioctl c0144900(ION_IOC_ALLOC) failed with code -1: Out of memory
E/ion     ( 2422): ion_alloc: failed! len: 0xcc0000, align: 0x3302000, heap_mask: 0x20, flags: 0x3
E/Thermal-daemon( 2433): [ap] temp_new :36  temp_old :37
E/Thermal-daemon( 2433): Report temperature: [ap] temp :36  report_threshold:1
I/Feeds   (  619): [E]setFeedCount.olddata:friendfeed=32,myfeed=0
I/Feeds   (  619): [E]setFeedCount.friendfeed=32,myfeed=0,2=45,3=1017266564
W/Settings(  659): Setting airplane_mode_on has moved from android.provider.Settings.System to android.provider.Settings.Global, returning read-only value.
I/StatusBar.KeyButtonView( 3296): action=0, flags=0, when=78435605, repeatCount=0, mDownTime=78435605, mCode=4
E/Thermal-daemon( 2433): [ap] temp_new :37  temp_old :36
E/Thermal-daemon( 2433): Report temperature: [ap] temp :37  report_threshold:1
I/StatusBar.KeyButtonView( 3296): action=1, flags=0, when=78435641, repeatCount=0, mDownTime=78435605, mCode=4
I/StatusBar.KeyButtonView( 3296): action=0, flags=0, when=78436988, repeatCount=0, mDownTime=78436988, mCode=4
I/StatusBar.KeyButtonView( 3296): action=1, flags=0, when=78437019, repeatCount=0, mDownTime=78436988, mCode=4
I/AutoMonitor(  619): nullTabSwitch, cost=78437973
W/Settings(  659): Setting airplane_mode_on has moved from android.provider.Settings.System to android.provider.Settings.Global, returning read-only value.
I/wpa_supplicant(27617): wlan0: HEART-BEAT-ACK: 298
E/CommandListener( 2419): readDefRoute call readDefRoute
E/SecondaryTablController( 2419): isWifiDefaultRouteExisted /system/bin/ip route
E/CommandListener( 2419): readDefRoute Rsp ok
E/Thermal-daemon( 2433): [ap] temp_new :36  temp_old :37
E/Thermal-daemon( 2433): Report temperature: [ap] temp :36  report_threshold:1
I/wpa_supplicant(27617): wlan0: HEART-BEAT-ACK: 299
E/Thermal-daemon( 2433): [ap] temp_new :35  temp_old :36
E/Thermal-daemon( 2433): Report temperature: [ap] temp :35  report_threshold:1
I/Process (24715): Sending signal. PID: 24715 SIG: 9
I/wpa_supplicant(27617): wlan0: HEART-BEAT-ACK: 300
E/CommandListener( 2419): readDefRoute call readDefRoute
E/SecondaryTablController( 2419): isWifiDefaultRouteExisted /system/bin/ip route
E/CommandListener( 2419): readDefRoute Rsp ok
E/Thermal-daemon( 2433): [pa_0] temp_new :34  temp_old :35
E/Thermal-daemon( 2433): Report temperature: [pa_0] temp :34  report_threshold:1
I/Feeds   (  619): [E]setFeedCount.olddata:friendfeed=32,myfeed=0
I/Feeds   (  619): [E]setFeedCount.friendfeed=32,myfeed=0,2=45,3=1017266564
W/Settings(  659): Setting airplane_mode_on has moved from android.provider.Settings.System to android.provider.Settings.Global, returning read-only value.
I/wpa_supplicant(27617): wlan0: HEART-BEAT-ACK: 301
I/SmsProvider( 3477): insert url=content://sms/raw
I/SmsProvider( 3477): insertInner url=content://sms/raw,match = 15
I/SmsProvider( 3477): notifyChange
I/HwLauncher( 3556): UnreadContentObserver onChange()
I/HwLauncher( 3556): UnreadContentObserver onChange()
I/HwLauncher( 3556): UnreadContentObserver onChange()
I/HwLauncher( 3556): UnreadContentObserver onChange()
I/PackageManager( 3088):   Action: "android.intent.action.SENDTO"
I/PackageManager( 3088):   Category: "android.intent.category.DEFAULT"
I/PackageManager( 3088):   Scheme: "sms"
I/PackageManager( 3088):   Action: "android.intent.action.SENDTO"
I/PackageManager( 3088):   Category: "android.intent.category.DEFAULT"
I/PackageManager( 3088):   Scheme: "smsto"
I/PackageManager( 3088):   Action: "android.intent.action.SENDTO"
I/PackageManager( 3088):   Category: "android.intent.category.DEFAULT"
I/PackageManager( 3088):   Scheme: "mms"
I/PackageManager( 3088):   Action: "android.intent.action.SENDTO"
I/PackageManager( 3088):   Category: "android.intent.category.DEFAULT"
I/PackageManager( 3088):   Scheme: "mmsto"
I/HwSystemManager( 3841): DxEngine:handleSmsIntelligently: The sms is passed by intelligent engine
I/HwSystemManager( 3841): DxEngine:handleSmsIntelligently: The sms is passed by intelligent engine
W/MSG_APP_MmsSystemEventReceiver( 3899): intent: Intent { act=android.provider.Telephony.SMS_DELIVER flg=0x8000010 cmp=com.android.contacts/com.android.mms.transaction.PrivilegedSmsReceiver (has extras) }
W/HwLauncher( 3556): UnreadContentObserver newUnreadCount:12,oldUnreadCount:12
I/MmsSmsProvider( 3477): notifyChange !!!
I/HwLauncher( 3556): UnreadContentObserver onChange()
I/HwLauncher( 3556): UnreadContentObserver onChange()
W/HwLauncher( 3556): UnreadContentObserver newUnreadCount:12,oldUnreadCount:12
I/SmsProvider( 3477): insert url=content://sms/inbox
I/SmsProvider( 3477): insertInner url=content://sms/inbox,match = 2
I/SmsProvider( 3477): Delete uri=content://sms/raw, match=15
I/SmsProvider( 3477): notifyChange
I/HwLauncher( 3556): UnreadContentObserver onChange()
I/HwLauncher( 3556): UnreadContentObserver onChange()
I/HwLauncher( 3556): UnreadContentObserver onChange()
I/HwLauncher( 3556): UnreadContentObserver onChange()
I/HwSystemManager( 3841): HoldService:preHoldShow start!
I/HwSystemManager( 3841): HoldService:The prePermissionType is: 1
I/SmsProvider( 3477): notifyChange
I/HwLauncher( 3556): UnreadContentObserver onChange()
I/HwLauncher( 3556): UnreadContentObserver onChange()
I/HwLauncher( 3556): UnreadContentObserver onChange()
I/HwLauncher( 3556): UnreadContentObserver onChange()
I/HwSystemManager( 3841): HoldService:preHoldShow start!
I/HwSystemManager( 3841): HoldService:The prePermissionType is: 1
I/HwSystemManager( 3841): HoldService:preHoldShow start!
I/HwSystemManager( 3841): HoldService:The prePermissionType is: 1
I/HwSystemManager( 3841): HoldService:preHoldShow start!
I/HwSystemManager( 3841): HoldService:The prePermissionType is: 1
I/awcn.StrategyCenter( 4263):  StrategyCenter initialize started.
I/awcn.StrategySerializeHelper( 4263):  StrateyFolder path:/storage/emulated/0/Android/data/com.eg.android.AlipayGphone/files/awcn_strategy
I/awcn.NetworkStatusMonitor( 4263):  checkNetworkStatus info.isConnected:true info.isAvailable:true
I/awcn.NetworkStatusMonitor( 4263):  Network Status Change NONE ===>>> WIFI
I/awcn.NetworkStatusMonitor( 4263):  checkNetworkStatus info.isConnected:true info.isAvailable:true
W/awcn.SerializeHelper( 4263):  file not exist. file:f641f3c4b2be00cb54201016a341bc7d
I/MediaFocusControl( 3088):  AudioFocus  requestAudioFocus() from android.media.AudioManager@4466b590
W/MessageQueue( 3296): Handler (android.media.AudioManager$FocusEventHandlerDelegate$1) {461eb7e0} sending message to a Handler on a dead thread
W/MessageQueue( 3296): java.lang.RuntimeException: Handler (android.media.AudioManager$FocusEventHandlerDelegate$1) {461eb7e0} sending message to a Handler on a dead thread
W/MessageQueue( 3296): 	at android.os.MessageQueue.enqueueMessage(MessageQueue.java:320)
W/MessageQueue( 3296): 	at android.os.Handler.enqueueMessage(Handler.java:626)
W/MessageQueue( 3296): 	at android.os.Handler.sendMessageAtTime(Handler.java:595)
W/MessageQueue( 3296): 	at android.os.Handler.sendMessageDelayed(Handler.java:566)
W/MessageQueue( 3296): 	at android.os.Handler.sendMessage(Handler.java:503)
W/MessageQueue( 3296): 	at android.media.AudioManager$1.dispatchAudioFocusChange(AudioManager.java:2013)
W/MessageQueue( 3296): 	at android.media.IAudioFocusDispatcher$Stub.onTransact(IAudioFocusDispatcher.java:57)
W/MessageQueue( 3296): 	at android.os.Binder.execTransact(Binder.java:404)
W/MessageQueue( 3296): 	at dalvik.system.NativeStart.run(Native Method)
I/AudioManager( 3296): requestAudioFocus() status : 1
I/AudioManager( 3296): requestAudioFocus() apk    : com.android.systemui
I/AudioFlinger( 2427): [setLowPowerApk]mLowPowerApk[0]
I/str_params( 2427): key: 'auto_test' value: 'mode'
I/AudioFlinger( 2427): [getLowPowerApk]mLowPowerApk[0]
I/AwesomePlayer( 2427): [isLowPowerMode] isLowPowerApk[0]
I/AwesomePlayer( 2427): is not Low Power Apk.
I/SoftVorbis( 2427): ====== pcmchannel = 2 ====
E/AudioFlinger( 2427): setLppDtsGeq():invalid keyValue of dts geq.
E/AudioFlinger( 2427): setLppDtsGeq():invalid keyValue of dts geq.
E/AudioFlinger( 2427): setLppDtsGeq():invalid keyValue of dts geq.
E/AudioFlinger( 2427): setLppDtsGeq():invalid keyValue of dts geq.
E/MediaPlayer( 3296): Should have subtitle controller already set
I/audio_hw_primary( 2427): start_output_stream : mode=0, devices=2
I/awcn.StrategyCenter( 4263):  StrategyCenter initialize finished.
I/dalvikvm( 4263): Could not find method com.alibaba.mtl.appmonitor.AppMonitor$Alarm.commitFail, referenced from method anet.channel.appmonitor.b.commitAlarm
W/dalvikvm( 4263): VFY: unable to resolve static method 15664: Lcom/alibaba/mtl/appmonitor/AppMonitor$Alarm;.commitFail (Ljava/lang/String;Ljava/lang/String;Ljava/lang/String;Ljava/lang/String;Ljava/lang/String;)V
I/dalvikvm( 4263): Could not find method com.alibaba.mtl.appmonitor.AppMonitor$Alarm.commitSuccess, referenced from method anet.channel.appmonitor.b.commitAlarm
W/dalvikvm( 4263): VFY: unable to resolve static method 15665: Lcom/alibaba/mtl/appmonitor/AppMonitor$Alarm;.commitSuccess (Ljava/lang/String;Ljava/lang/String;Ljava/lang/String;)V
I/dalvikvm( 4263): Could not find method com.alibaba.mtl.appmonitor.AppMonitor$Counter.commit, referenced from method anet.channel.appmonitor.b.commitCount
W/dalvikvm( 4263): VFY: unable to resolve static method 15666: Lcom/alibaba/mtl/appmonitor/AppMonitor$Counter;.commit (Ljava/lang/String;Ljava/lang/String;Ljava/lang/String;D)V
I/dalvikvm( 4263): Could not find method com.alibaba.mtl.appmonitor.model.DimensionValueSet.create, referenced from method anet.channel.appmonitor.b.commitStat
W/dalvikvm( 4263): VFY: unable to resolve static method 15671: Lcom/alibaba/mtl/appmonitor/model/DimensionValueSet;.create ()Lcom/alibaba/mtl/appmonitor/model/DimensionValueSet;
I/dalvikvm( 4263): Could not find method com.alibaba.mtl.appmonitor.model.DimensionSet.create, referenced from method anet.channel.appmonitor.b.register
W/dalvikvm( 4263): VFY: unable to resolve static method 15670: Lcom/alibaba/mtl/appmonitor/model/DimensionSet;.create ()Lcom/alibaba/mtl/appmonitor/model/DimensionSet;
W/awcn.DefaultAppMonitor( 4263):  no appmonitor sdk
E/AudioSink( 2427): received unknown event type: 1 inside CallbackWrapper !
W/HwLauncher( 3556): UnreadContentObserver newUnreadCount:13,oldUnreadCount:12
I/HwLauncher( 3556): AllIdleAppsList  updatePackage : package[com.android.mms] matched activity's size is 0 and data List size is 66
I/HwLauncher( 3556): AllIdleAppsList  updatePackage : package[com.android.contacts] matched activity's size is 3 and data List size is 66
I/HwLauncher( 3556): Launcher.IconCache, cacheLocked begin Utilities.createIconBitmap entry.title = 
I/HwLauncher( 3556): Launcher.IconCache, getDrawableForDensity begin, iconId = 2130903040
I/HwLauncher( 3556): Launcher.IconCache, getDrawableForDensity end,iconId = 2130903040
I/HwLauncher( 3556): Launcher.Utilities createIconBitmap sourceWidth = 180sourceHeight = 180
I/HwLauncher( 3556): Launcher.IconCache, cacheLocked end Utilities.createIconBitmap entry.title = 
I/HwLauncher( 3556): Launcher.IconCache, cacheLocked begin Utilities.createIconBitmap entry.title = 
I/HwLauncher( 3556): Launcher.IconCache, getDrawableForDensity begin, iconId = 2130903042
I/HwLauncher( 3556): Launcher.IconCache, getDrawableForDensity end,iconId = 2130903042
I/HwLauncher( 3556): Launcher.Utilities createIconBitmap sourceWidth = 180sourceHeight = 180
I/HwLauncher( 3556): Launcher.IconCache, cacheLocked end Utilities.createIconBitmap entry.title = 
I/HwLauncher( 3556): Launcher.IconCache, cacheLocked begin Utilities.createIconBitmap entry.title = 
I/HwLauncher( 3556): Launcher.IconCache, getDrawableForDensity begin, iconId = 2130903041
I/HwLauncher( 3556): Launcher.IconCache, getDrawableForDensity end,iconId = 2130903041
I/HwLauncher( 3556): Launcher.Utilities createIconBitmap sourceWidth = 180sourceHeight = 180
I/HwLauncher( 3556): Launcher.IconCache, cacheLocked end Utilities.createIconBitmap entry.title = 
I/HwLauncher( 3556): Workspace updateCustomizeShortcuts info.title = 
I/HwLauncher( 3556): Workspace updateCustomizeShortcuts info.title = 
I/HwLauncher( 3556): Workspace updateCustomizeShortcuts info.title = 
I/HwLauncher( 3556): Workspace updateCustomizeShortcuts info.title = 
I/HwLauncher( 3556): Workspace updateCustomizeShortcuts info.title = 
I/HwLauncher( 3556): Workspace updateCustomizeShortcuts info.title = 
I/HwLauncher( 3556): Workspace updateCustomizeShortcuts info.title = 
I/HwLauncher( 3556): Workspace updateCustomizeShortcuts info.title = 
