int logctl_get(): open '/dev/hwlog_switch' fail -1, 13. Permission denied

Note: log switch off, only log_main and log_events will have logs!
--------- beginning of /dev/log/main
W/View    (24221): requestLayout() improperly called by com.android.systemui.statusbar.phone.IconMerger{432b7018 V.E..... ........ 0,0-270,75 #7f0a0067 app:id/notificationIcons} during second layout pass: posting in next frame
W/View    (24221): requestLayout() improperly called by com.android.systemui.statusbar.phone.IconMerger{432b7018 V.E..... ......I. 0,0-270,75 #7f0a0067 app:id/notificationIcons} during layout: running second layout pass
W/View    (24221): requestLayout() improperly called by com.android.systemui.statusbar.phone.IconMerger{432b7018 V.E..... ........ 0,0-270,75 #7f0a0067 app:id/notificationIcons} during second layout pass: posting in next frame
W/GooglePlayServicesUtil( 1220): Google Play Store is missing.
W/GooglePlayServicesUtil( 1220): Google Play Store is missing.
I/RongLog-Push[PushConnectivityManager]( 1777): startPingTimer, 10s
I/RongLog-Push[PushProtocalStack]( 1777): receive message type:PINGRESP
I/RongLog-Push[PushConnectivityManager]( 1777): stopPingTimer
I/RongLog-Push[PushConnectivityManager]( 1777): startHeartbeat
I/wpa_supplicant(27084): wlan0: HEART-BEAT-ACK: 4123
W/View    (24221): requestLayout() improperly called by com.android.systemui.statusbar.phone.IconMerger{432b7018 V.E..... ......I. 0,0-270,75 #7f0a0067 app:id/notificationIcons} during layout: running second layout pass
W/View    (24221): requestLayout() improperly called by com.android.systemui.statusbar.phone.IconMerger{432b7018 V.E..... ........ 0,0-270,75 #7f0a0067 app:id/notificationIcons} during second layout pass: posting in next frame
W/GooglePlayServicesUtil( 1220): Google Play Store is missing.
W/GooglePlayServicesUtil( 1220): Google Play Store is missing.
I/wpa_supplicant(27084): wlan0: HEART-BEAT-ACK: 4124
W/GooglePlayServicesUtil( 1220): Google Play Store is missing.
W/GooglePlayServicesUtil( 1220): Google Play Store is missing.
E/CommandListener( 2418): readDefRoute call readDefRoute
E/SecondaryTablController( 2418): isWifiDefaultRouteExisted /system/bin/ip route
E/CommandListener( 2418): readDefRoute Rsp ok
W/View    (24221): requestLayout() improperly called by com.android.systemui.statusbar.phone.IconMerger{432b7018 V.E..... ......I. 0,0-270,75 #7f0a0067 app:id/notificationIcons} during layout: running second layout pass
E/Thermal-daemon( 2432): [pa_0] temp_new :37  temp_old :38
E/Thermal-daemon( 2432): Report temperature: [pa_0] temp :37  report_threshold:1
W/View    (24221): requestLayout() improperly called by com.android.systemui.statusbar.phone.IconMerger{432b7018 V.E..... ........ 0,0-270,75 #7f0a0067 app:id/notificationIcons} during second layout pass: posting in next frame
W/GooglePlayServicesUtil( 1220): Google Play Store is missing.
W/GooglePlayServicesUtil( 1220): Google Play Store is missing.
W/View    (24221): requestLayout() improperly called by com.android.systemui.statusbar.phone.IconMerger{432b7018 V.E..... ......I. 0,0-270,75 #7f0a0067 app:id/notificationIcons} during layout: running second layout pass
I/wpa_supplicant(27084): wlan0: HEART-BEAT-ACK: 4125
W/GooglePlayServicesUtil( 1220): Google Play Store is missing.
W/GooglePlayServicesUtil( 1220): Google Play Store is missing.
W/GooglePlayServicesUtil( 1220): Google Play Store is missing.
W/GooglePlayServicesUtil( 1220): Google Play Store is missing.
W/View    (24221): requestLayout() improperly called by com.android.systemui.statusbar.phone.IconMerger{432b7018 V.E..... ......I. 0,0-270,75 #7f0a0067 app:id/notificationIcons} during layout: running second layout pass
W/View    (24221): requestLayout() improperly called by com.android.systemui.statusbar.phone.IconMerger{432b7018 V.E..... ........ 0,0-270,75 #7f0a0067 app:id/notificationIcons} during second layout pass: posting in next frame
W/View    (24221): requestLayout() improperly called by com.android.systemui.statusbar.phone.IconMerger{432b7018 V.E..... ......I. 0,0-270,75 #7f0a0067 app:id/notificationIcons} during second layout pass: posting in next frame
I/wpa_supplicant(27084): wlan0: HEART-BEAT-ACK: 4126
I/dalvikvm-heap(11962): Grow heap (frag case) to 42.979MB for 345760-byte allocation
W/View    (24221): requestLayout() improperly called by com.android.systemui.statusbar.phone.IconMerger{432b7018 V.E..... ......I. 0,0-270,75 #7f0a0067 app:id/notificationIcons} during layout: running second layout pass
I/dalvikvm-heap(11962): Grow heap (frag case) to 43.267MB for 129616-byte allocation
I/dalvikvm-heap(11962): Grow heap (frag case) to 43.434MB for 129616-byte allocation
W/View    (24221): requestLayout() improperly called by com.android.systemui.statusbar.phone.IconMerger{432b7018 V.E..... ........ 0,0-270,75 #7f0a0067 app:id/notificationIcons} during second layout pass: posting in next frame
E/CommandListener( 2418): readDefRoute call readDefRoute
E/SecondaryTablController( 2418): isWifiDefaultRouteExisted /system/bin/ip route
W/System.err(11962): java.lang.NoSuchMethodException: isSupportChangeBadgeByCallMethod []
W/System.err(11962): 	at java.lang.Class.getConstructorOrMethod(Class.java:472)
W/System.err(11962): 	at java.lang.Class.getMethod(Class.java:857)
W/System.err(11962): 	at com.tencent.nucleus.manager.badge.a.f.a(ProGuard:53)
W/System.err(11962): 	at com.tencent.nucleus.manager.badge.a.f.a(ProGuard:28)
W/System.err(11962): 	at com.tencent.nucleus.manager.badge.a.b(ProGuard:131)
W/System.err(11962): 	at com.tencent.nucleus.manager.badge.a.a(ProGuard:107)
W/System.err(11962): 	at com.tencent.pangu.managerv7.a.a(ProGuard:57)
W/System.err(11962): 	at com.tencent.pangu.managerv7.a.handleUIEvent(ProGuard:77)
W/System.err(11962): 	at com.tencent.assistant.event.a.run(ProGuard:124)
W/System.err(11962): 	at android.os.Handler.handleCallback(Handler.java:733)
W/System.err(11962): 	at android.os.Handler.dispatchMessage(Handler.java:95)
W/System.err(11962): 	at android.os.Looper.loop(Looper.java:136)
W/System.err(11962): 	at android.app.ActivityThread.main(ActivityThread.java:5314)
W/System.err(11962): 	at java.lang.reflect.Method.invokeNative(Native Method)
W/System.err(11962): 	at java.lang.reflect.Method.invoke(Method.java:515)
W/System.err(11962): 	at com.android.internal.os.ZygoteInit$MethodAndArgsCaller.run(ZygoteInit.java:864)
W/System.err(11962): 	at com.android.internal.os.ZygoteInit.main(ZygoteInit.java:680)
W/System.err(11962): 	at dalvik.system.NativeStart.main(Native Method)
E/CommandListener( 2418): readDefRoute Rsp ok
E/Thermal-daemon( 2432): [pa_0] temp_new :38  temp_old :37
E/Thermal-daemon( 2432): Report temperature: [pa_0] temp :38  report_threshold:1
E/Thermal-daemon( 2432): [ap] temp_new :40  temp_old :39
E/Thermal-daemon( 2432): Report temperature: [ap] temp :40  report_threshold:1
W/GooglePlayServicesUtil( 1220): Google Play Store is missing.
W/GooglePlayServicesUtil( 1220): Google Play Store is missing.
W/View    (24221): requestLayout() improperly called by com.android.systemui.statusbar.phone.IconMerger{432b7018 V.E..... ......ID 0,0-270,75 #7f0a0067 app:id/notificationIcons} during layout: running second layout pass
W/View    (24221): requestLayout() improperly called by com.android.systemui.statusbar.phone.IconMerger{432b7018 V.E..... ........ 0,0-270,75 #7f0a0067 app:id/notificationIcons} during second layout pass: posting in next frame
W/View    (24221): requestLayout() improperly called by com.android.systemui.statusbar.phone.IconMerger{432b7018 V.E..... ......I. 0,0-270,75 #7f0a0067 app:id/notificationIcons} during layout: running second layout pass
W/View    (24221): requestLayout() improperly called by com.android.systemui.statusbar.phone.IconMerger{432b7018 V.E..... ........ 0,0-270,75 #7f0a0067 app:id/notificationIcons} during second layout pass: posting in next frame
W/View    (24221): requestLayout() improperly called by com.android.systemui.statusbar.phone.IconMerger{432b7018 V.E..... ......I. 0,0-270,75 #7f0a0067 app:id/notificationIcons} during layout: running second layout pass
W/View    (24221): requestLayout() improperly called by com.android.systemui.statusbar.phone.IconMerger{432b7018 V.E..... ........ 0,0-270,75 #7f0a0067 app:id/notificationIcons} during second layout pass: posting in next frame
W/View    (24221): requestLayout() improperly called by com.android.systemui.statusbar.phone.IconMerger{432b7018 V.E..... ......I. 0,0-270,75 #7f0a0067 app:id/notificationIcons} during layout: running second layout pass
I/wpa_supplicant(27084): wlan0: HEART-BEAT-ACK: 4127
E/Thermal-daemon( 2432): [ap] temp_new :39  temp_old :40
E/Thermal-daemon( 2432): Report temperature: [ap] temp :39  report_threshold:1
W/View    (24221): requestLayout() improperly called by com.android.systemui.statusbar.phone.IconMerger{432b7018 V.E..... ......I. 0,0-270,75 #7f0a0067 app:id/notificationIcons} during layout: running second layout pass
W/View    (24221): requestLayout() improperly called by com.android.systemui.statusbar.phone.IconMerger{432b7018 V.E..... ........ 0,0-270,75 #7f0a0067 app:id/notificationIcons} during second layout pass: posting in next frame
W/View    (24221): requestLayout() improperly called by com.android.systemui.statusbar.phone.IconMerger{432b7018 V.E..... ......I. 0,0-270,75 #7f0a0067 app:id/notificationIcons} during second layout pass: posting in next frame
W/GooglePlayServicesUtil( 1220): Google Play Store is missing.
W/GooglePlayServicesUtil( 1220): Google Play Store is missing.
W/View    (24221): requestLayout() improperly called by com.android.systemui.statusbar.phone.IconMerger{432b7018 V.E..... ......I. 0,0-270,75 #7f0a0067 app:id/notificationIcons} during layout: running second layout pass
W/View    (24221): requestLayout() improperly called by com.android.systemui.statusbar.phone.IconMerger{432b7018 V.E..... ........ 0,0-270,75 #7f0a0067 app:id/notificationIcons} during second layout pass: posting in next frame
W/View    (24221): requestLayout() improperly called by com.android.systemui.statusbar.phone.IconMerger{432b7018 V.E..... ......I. 0,0-270,75 #7f0a0067 app:id/notificationIcons} during layout: running second layout pass
W/View    (24221): requestLayout() improperly called by com.android.systemui.statusbar.phone.IconMerger{432b7018 V.E..... ........ 0,0-270,75 #7f0a0067 app:id/notificationIcons} during second layout pass: posting in next frame
I/PhoneStatusBar(24221): Whether the call in front: true; true indicates that the call in the foreground,false indicates in the background
I/PhoneStatusBar(24221): isForegroundActivity : true, callState : 0
I/BasePlaybackService( 7522): onReceive action:android.intent.action.PHONE_STATE
I/MediaPlaybackService( 7522): pauseWithoutCancleNotification
I/MediaPlaybackService( 7522): pause() begin
I/MediaPlaybackService( 7522): pause()--end
I/PhoneStatusBar(24221): Whether the call in front: true; true indicates that the call in the foreground,false indicates in the background
I/PhoneStatusBar(24221): isForegroundActivity : true, callState : 0
I/BasePlaybackService( 7522): onReceive action:android.intent.action.PHONE_STATE
I/MediaPlaybackService( 7522): pauseWithoutCancleNotification
I/MediaPlaybackService( 7522): pause() begin
I/MediaPlaybackService( 7522): pause()--end
W/HwSystemManager( 3870): DxEngine:handleIncomingCall: NOT implemented
E/CallNotifier( 3507): checked result = 0
W/StubController(30755): calendar access!
I/HwSystemManager( 3870): HoldService:preHoldShow start!
I/HwSystemManager( 3870): HoldService:The prePermissionType is: 1
I/MediaFocusControl( 3084):  AudioFocus  requestAudioFocus() from AudioFocus_For_Phone_Ring_And_Calls
W/View    (24221): requestLayout() improperly called by com.android.systemui.statusbar.phone.IconMerger{432b7018 V.E..... ......I. 0,0-270,75 #7f0a0067 app:id/notificationIcons} during layout: running second layout pass
I/AudioManager( 3507): setMode mode:1
W/Settings( 3507): Setting airplane_mode_on has moved from android.provider.Settings.System to android.provider.Settings.Global, returning read-only value.
W/StubController(30755): calendar access!
I/CallModeler( 3507): onPhoneStateChanged: 
I/HwSystemManager( 3870): HoldService:preHoldShow start!
I/HwSystemManager( 3870): HoldService:The prePermissionType is: 1
I/AudioRouter( 3507): Audio mode changing to SPEAKER
I/CallHandlerServiceProxy( 3507): Updating with new audio mode: SPEAKER with mute false
I/MediaFocusControl( 3084):  AudioFocus  abandonAudioFocus() from android.media.AudioManager@456e9778
I/InCall  ( 3507): CallHandlerService - onAudioModeChange : SPEAKER
I/InCall  ( 3507): CallHandlerService - onSupportedAudioModeChange : EARPIECE, SPEAKER
I/InCall  ( 3507): CallHandlerService - ON_AUDIO_MODE: SPEAKER, muted (false)
I/InCall  ( 3507): ProximitySensor - ProximitySensor{keybrd=0, dpad=0, offhook=0, hor=0, ui=0, aud=SPEAKER}
I/InCall  ( 3507): ProximitySensor - turning off proximity sensor: already released
I/InCall  ( 3507): CallHandlerService - ON_SUPPORTED_AUDIO_MODE: EARPIECE, SPEAKER
W/MotionDetectionManager( 3507): startMotionAppsReco motionApps: 101 disabled
W/MotionDetectionManager( 3507): startMotionAppsReco motionApps: 201 disabled
W/MotionDetectionManager( 3507): startMotionAppsReco motionApps: 301 disabled
W/MotionDetectionManager( 3507): startMotionAppsReco motionApps: 801 disabled
E/CallDetails( 3507): list is null in setConfUriList
E/CallDetails( 3507): list is null in setConfUriList
W/Settings( 3507): Setting airplane_mode_on has moved from android.provider.Settings.System to android.provider.Settings.Global, returning read-only value.
I/PackageManager( 3084):   Action: "android.intent.action.SENDTO"
I/PackageManager( 3084):   Category: "android.intent.category.DEFAULT"
I/PackageManager( 3084):   Scheme: "sms"
I/PackageManager( 3084):   Action: "android.intent.action.SENDTO"
I/PackageManager( 3084):   Category: "android.intent.category.DEFAULT"
I/PackageManager( 3084):   Scheme: "smsto"
I/PackageManager( 3084):   Action: "android.intent.action.SENDTO"
I/PackageManager( 3084):   Category: "android.intent.category.DEFAULT"
I/PackageManager( 3084):   Scheme: "mms"
I/PackageManager( 3084):   Action: "android.intent.action.SENDTO"
I/PackageManager( 3084):   Category: "android.intent.category.DEFAULT"
I/PackageManager( 3084):   Scheme: "mmsto"
I/HwLauncher( 3562): Launcher.LauncherProvider  begin check permission at checkPermission 
W/System.err( 3562): java.lang.SecurityException: Permission Denial: reading com.huawei.android.launcher.LauncherProvider from pid=30864, uid=10092 requires com.huawei.android.launcher.permission.WRITE_SETTINGS: uid 10092 does not have com.huawei.android.launcher.permission.WRITE_SETTINGS.
W/System.err( 3562): 	at android.app.ContextImpl.enforce(ContextImpl.java:1775)
W/System.err( 3562): 	at android.app.ContextImpl.enforcePermission(ContextImpl.java:1787)
W/System.err( 3562): 	at android.content.ContextWrapper.enforcePermission(ContextWrapper.java:561)
W/System.err( 3562): 	at com.huawei.android.launcher.LauncherProvider.checkPermission(LauncherProvider.java:560)
W/System.err( 3562): 	at com.huawei.android.launcher.LauncherProvider.call(LauncherProvider.java:575)
W/System.err( 3562): 	at android.content.ContentProvider$Transport.call(ContentProvider.java:325)
W/System.err( 3562): 	at android.content.ContentProviderNative.onTransact(ContentProviderNative.java:284)
W/System.err( 3562): 	at android.os.Binder.execTransact(Binder.java:404)
W/System.err( 3562): 	at dalvik.system.NativeStart.run(Native Method)
E/DatabaseUtils( 3562): Writing exception to parcel
E/DatabaseUtils( 3562): java.lang.SecurityException: Permission Denial: reading com.huawei.android.launcher.LauncherProvider from pid=30864, uid=10092 requires com.huawei.android.launcher.permission.WRITE_SETTINGS: uid 10092 does not have com.huawei.android.launcher.permission.WRITE_SETTINGS.
E/DatabaseUtils( 3562): 	at android.app.ContextImpl.enforce(ContextImpl.java:1775)
E/DatabaseUtils( 3562): 	at android.app.ContextImpl.enforcePermission(ContextImpl.java:1787)
E/DatabaseUtils( 3562): 	at android.content.ContextWrapper.enforcePermission(ContextWrapper.java:561)
E/DatabaseUtils( 3562): 	at com.huawei.android.launcher.LauncherProvider.checkPermission(LauncherProvider.java:560)
E/DatabaseUtils( 3562): 	at com.huawei.android.launcher.LauncherProvider.call(LauncherProvider.java:575)
E/DatabaseUtils( 3562): 	at android.content.ContentProvider$Transport.call(ContentProvider.java:325)
E/DatabaseUtils( 3562): 	at android.content.ContentProviderNative.onTransact(ContentProviderNative.java:284)
E/DatabaseUtils( 3562): 	at android.os.Binder.execTransact(Binder.java:404)
E/DatabaseUtils( 3562): 	at dalvik.system.NativeStart.run(Native Method)
I/InCall  ( 3507): CallHandlerService - onIncomingCall: Call{mCallId=18, mState=INCOMING, mDisconnectCause=NOT_DISCONNECTED, mCapabilities=34, mConnectTime=0, mChildCallIds=[], mGatewayNumber=null, mGatewayPackage=null, mIdentification=CallIdentification{mCallId=18, mNumber=xxxxxxxxxxx, mNumberPresentation=1, mCnapName=, mCnapNamePresentation=0}, mSsNotification=null, mCallDetails= calltype0 domain4 erroinfonull mConfParList multipartyfalse , mCallModifyDetails= calltype0 domain4 erroinfonull mConfParList multipartyfalse , mSubscription=1, mBlockInCallUi=false, mNumberMarkInfo=NumberMarkInfo{number=, attribute=, name=, classify=, classifyName=, isVip=false, vipMsg=, isVerified=false, isCloudMark=false, markedCount=0}, mConnectTimeReal=0}
E/cjhTest ( 2556): DefaultCallLogInsertionHelper->updateNumberLocation->number is know!
I/InCall  ( 3507): CallHandlerService - ON_INCOMING_CALL: Call{mCallId=18, mState=INCOMING, mDisconnectCause=NOT_DISCONNECTED, mCapabilities=34, mConnectTime=0, mChildCallIds=[], mGatewayNumber=null, mGatewayPackage=null, mIdentification=CallIdentification{mCallId=18, mNumber=xxxxxxxxxxx, mNumberPresentation=1, mCnapName=, mCnapNamePresentation=0}, mSsNotification=null, mCallDetails= calltype0 domain4 erroinfonull mConfParList multipartyfalse , mCallModifyDetails= calltype0 domain4 erroinfonull mConfParList multipartyfalse , mSubscription=1, mBlockInCallUi=false, mNumberMarkInfo=NumberMarkInfo{number=, attribute=, name=, classify=, classifyName=, isVip=false, vipMsg=, isVerified=false, isCloudMark=false, markedCount=0}, mConnectTimeReal=0}
I/InCall  ( 3507): InCallPresenter - Start Full Screen in call UI
W/Settings( 3507): Setting airplane_mode_on has moved from android.provider.Settings.System to android.provider.Settings.Global, returning read-only value.
I/InCall  ( 3507): CallCommandClient - getMuteState for subscription: 1
I/InCall  ( 3507): CallCommandClient - get mute state false
I/InCall  ( 3507): InCallPresenter - initMediaHandler: hasImsCall: false isImsMediaInitialized: false
I/InCall  ( 3507): InCallPresenter - Phone switching state: NO_CALLS -> INCOMING
E/cjhTest ( 2556): DefaultCallLogInsertionHelper->updateNumberLocation->number is know!
I/InCall  ( 3507): CallCommandClient - getMuteState for subscription: 1
I/InCall  ( 3507): CallCommandClient - get mute state false
E/cjhTest ( 2556): DefaultCallLogInsertionHelper->updateNumberLocation->number is know!
I/InCall  ( 3507): CallHandlerService - onUpdate: [Call{mCallId=18, mState=INCOMING, mDisconnectCause=NOT_DISCONNECTED, mCapabilities=34, mConnectTime=0, mChildCallIds=[], mGatewayNumber=null, mGatewayPackage=null, mIdentification=CallIdentification{mCallId=18, mNumber=xxxxxxxxxxx, mNumberPresentation=1, mCnapName=, mCnapNamePresentation=0}, mSsNotification=null, mCallDetails= calltype0 domain4 erroinfonull mConfParList multipartyfalse , mCallModifyDetails= calltype0 domain4 erroinfonull mConfParList multipartyfalse , mSubscription=1, mBlockInCallUi=false, mNumberMarkInfo=NumberMarkInfo{number=xxxxxxxxxxx, attribute=, name=null, classify=null, classifyName=null, isVip=false, vipMsg=, isVerified=false, isCloudMark=true, markedCount=0}, mConnectTimeReal=0}]
I/InCall  ( 3507): CallHandlerService - ON_UPDATE_MULTI_CALL: [Call{mCallId=18, mState=INCOMING, mDisconnectCause=NOT_DISCONNECTED, mCapabilities=34, mConnectTime=0, mChildCallIds=[], mGatewayNumber=null, mGatewayPackage=null, mIdentification=CallIdentification{mCallId=18, mNumber=xxxxxxxxxxx, mNumberPresentation=1, mCnapName=, mCnapNamePresentation=0}, mSsNotification=null, mCallDetails= calltype0 domain4 erroinfonull mConfParList multipartyfalse , mCallModifyDetails= calltype0 domain4 erroinfonull mConfParList multipartyfalse , mSubscription=1, mBlockInCallUi=false, mNumberMarkInfo=NumberMarkInfo{number=xxxxxxxxxxx, attribute=, name=null, classify=null, classifyName=null, isVip=false, vipMsg=, isVerified=false, isCloudMark=true, markedCount=0}, mConnectTimeReal=0}]
I/InCall  ( 3507): CallCommandClient - get active sub 1
I/InCall  ( 3507): InCallPresenter - Phone switching state: INCOMING -> INCOMING
I/InCall  ( 3507): CallCommandClient - getMuteState for subscription: 1
I/InCall  ( 3507): CallCommandClient - get mute state false
I/K3V3CpuGovernorPolicy( 3522): set scene Hmp policy : 300 , 150
W/View    (24221): requestLayout() improperly called by com.android.systemui.statusbar.phone.IconMerger{432b7018 V.E..... ......ID 0,0-270,75 #7f0a0067 app:id/notificationIcons} during second layout pass: posting in next frame
I/InCall  ( 3507): InCallPresenter - UI Initialized
I/InCall  ( 3507): InCallPresenter - Phone switching state: INCOMING -> INCOMING
I/InCall  ( 3507): CallCommandClient - getMuteState for subscription: 1
I/InCall  ( 3507): CallCommandClient - get mute state false
W/GooglePlayServicesUtil( 1220): Google Play Store is missing.
I/InCall  ( 3507): CallCommandClient - set active sub = 1
I/CalendarProvider2(14040): Sending notification intent: Intent { act=android.intent.action.PROVIDER_CHANGED dat=content://com.android.calendar }
W/ContentResolver(14040): Failed to get type for: content://com.android.calendar (Unknown URL content://com.android.calendar)
W/GooglePlayServicesUtil( 1220): Google Play Store is missing.
I/InCall  ( 3507): CallCommandClient - getMuteState for subscription: 1
I/InCall  ( 3507): CallCommandClient - get mute state false
I/InCall  ( 3507): CallCommandClient - getMuteState for subscription: 1
I/InCall  ( 3507): CallCommandClient - get mute state false
I/InCall  ( 3507): ProximitySensor - ProximitySensor{keybrd=0, dpad=0, offhook=0, hor=0, ui=0, aud=SPEAKER}
I/InCall  ( 3507): ProximitySensor - turning off proximity sensor: already released
I/InCall  ( 3507): CallCommandClient - getMuteState for subscription: 1
I/InCall  ( 3507): CallCommandClient - get mute state false
I/InCall  ( 3507): CallCommandClient - getMuteState for subscription: 1
I/InCall  ( 3507): CallCommandClient - get mute state false
I/InCall  ( 3507): MSimInCallActivity - onResume()...
I/InCall  ( 3507): CallCommandClient - getMuteState for subscription: 1
I/InCall  ( 3507): CallCommandClient - get mute state false
I/InCall  ( 3507): ProximitySensor - ProximitySensor{keybrd=0, dpad=0, offhook=0, hor=0, ui=1, aud=SPEAKER}
I/InCall  ( 3507): ProximitySensor - turning off proximity sensor: already released
I/InCall  ( 3507): MSimInCallActivity -  stratSingleHandMotionRecognition()
I/PhoneStatusBar(24221): Whether the call in front: true; true indicates that the call in the foreground,false indicates in the background
I/PhoneStatusBar(24221): isForegroundActivity : true, callState : 0
I/InCall  ( 3507): CallCommandClient - getMuteState for subscription: 1
I/InCall  ( 3507): CallCommandClient - get mute state false
I/CalendarSimpleUiPRovider(14073): onReceive[intent]Intent { act=android.intent.action.PROVIDER_CHANGED dat=content://com.android.calendar flg=0x10 cmp=com.android.calendar/.simpleui.CalendarSimpleUiPRovider }
I/CalendarSimpleUiPRovider(14073): onConfigurationChanged
I/CalendarSimpleUiPRovider(14073): initParams20170826T164544Asia/Shanghai(6,237,28800,0,1503737144)
I/str_params( 2426): key: 'auto_test' value: 'mode'
I/SoftVorbis( 2426): ====== pcmchannel = 2 ====
E/AudioFlinger( 2426): setLppDtsGeq():invalid keyValue of dts geq.
E/AudioFlinger( 2426): setLppDtsGeq():invalid keyValue of dts geq.
E/AudioFlinger( 2426): setLppDtsGeq():invalid keyValue of dts geq.
E/AudioFlinger( 2426): setLppDtsGeq():invalid keyValue of dts geq.
E/MediaPlayer( 3507): Should have subtitle controller already set
I/audio_hw_primary( 2426): start_output_stream : mode=1, devices=2
I/CalendarSimpleUiPRovider(14073): loadEvent end update UI0
E/AudioSink( 2426): received unknown event type: 1 inside CallbackWrapper !
W/System.err(11962): com.qq.taf.jce.JceDecodeException: require field not exist.
W/System.err(11962): 	at com.qq.taf.jce.JceInputStream.read(JceInputStream.java:274)
W/System.err(11962): 	at com.tencent.assistant.protocol.jce.GetChannelMsgResponse.readFrom(ProGuard:40)
W/System.err(11962): 	at com.tencent.assistant.utils.JceUtils.bytes2JceObj(ProGuard:105)
W/System.err(11962): 	at com.tencent.assistant.db.JceCache.readSingleFromCache(ProGuard:173)
W/System.err(11962): 	at com.tencent.assistant.db.JceCache.readJceFromCache(ProGuard:152)
W/System.err(11962): 	at com.tencent.assistant.manager.c.getChanelMsgResponse(ProGuard:1522)
W/System.err(11962): 	at com.tencent.pangu.module.o.run(ProGuard:1367)
W/System.err(11962): 	at java.util.concurrent.Executors$RunnableAdapter.call(Executors.java:422)
W/System.err(11962): 	at java.util.concurrent.FutureTask.run(FutureTask.java:237)
W/System.err(11962): 	at java.util.concurrent.ScheduledThreadPoolExecutor$ScheduledFutureTask.access$201(ScheduledThreadPoolExecutor.java:152)
W/System.err(11962): 	at java.util.concurrent.ScheduledThreadPoolExecutor$ScheduledFutureTask.run(ScheduledThreadPoolExecutor.java:265)
W/System.err(11962): 	at java.util.concurrent.ThreadPoolExecutor.runWorker(ThreadPoolExecutor.java:1112)
W/System.err(11962): 	at java.util.concurrent.ThreadPoolExecutor$Worker.run(ThreadPoolExecutor.java:587)
W/System.err(11962): 	at java.lang.Thread.run(Thread.java:841)
E/ChannelMsgEngine(11962): processFlag: daemon, [pool-1-temporary-thread-3:47823] o.run(1410): java.lang.NullPointerException
I/K3V3CpuGovernorPolicy( 3522): close previously scene Hmp policy : 300 , 150
W/View    (24221): requestLayout() improperly called by com.android.systemui.statusbar.phone.IconMerger{432b7018 V.E..... ......ID 0,0-270,75 #7f0a0067 app:id/notificationIcons} during layout: running second layout pass
W/View    (24221): requestLayout() improperly called by com.android.systemui.statusbar.phone.IconMerger{432b7018 V.E..... ........ 0,0-270,75 #7f0a0067 app:id/notificationIcons} during second layout pass: posting in next frame
I/wpa_supplicant(27084): wlan0: HEART-BEAT-ACK: 4128
W/View    (24221): requestLayout() improperly called by com.android.systemui.statusbar.phone.IconMerger{432b7018 V.E..... ......I. 0,0-270,75 #7f0a0067 app:id/notificationIcons} during layout: running second layout pass
W/View    (24221): requestLayout() improperly called by com.android.systemui.statusbar.phone.IconMerger{432b7018 V.E..... ........ 0,0-270,75 #7f0a0067 app:id/notificationIcons} during second layout pass: posting in next frame
E/Thermal-daemon( 2432): [flash_led] temp_new :38  temp_old :37
E/Thermal-daemon( 2432): Report temperature: [flash_led] temp :38  report_threshold:1
E/Thermal-daemon( 2432): [ap] temp_new :41  temp_old :39
E/Thermal-daemon( 2432): Report temperature: [ap] temp :41  report_threshold:1
I/InCall  ( 3507): CallCommandClient - answerCall: 18
I/PhoneUtils( 3507): Forcing speaker off due to new incoming call...
I/AudioManager( 3507): setSpeakerphoneOn on:false
E/AudioFlinger( 2426): setLppDtsGeq():invalid keyValue of dts geq.
I/BasePlaybackService( 7522): onReceive action:android.intent.action.PHONE_STATE
I/PhoneStatusBar(24221): Whether the call in front: true; true indicates that the call in the foreground,false indicates in the background
I/MediaPlaybackService( 7522): pauseWithoutCancleNotification
I/PhoneStatusBar(24221): ACTION_PHONE_STATE_CHANGED -- state : OFFHOOK
I/MediaPlaybackService( 7522): pause() begin
I/MediaPlaybackService( 7522): pause()--end
I/PhoneStatusBar(24221): isForegroundActivity : true, callState : 2
I/PhoneStatusBar(24221): Whether the call in front: true; true indicates that the call in the foreground,false indicates in the background
I/PhoneStatusBar(24221): ACTION_PHONE_STATE_CHANGED -- state : OFFHOOK
I/PhoneStatusBar(24221): isForegroundActivity : true, callState : 2
I/BasePlaybackService( 7522): onReceive action:android.intent.action.PHONE_STATE
I/MediaPlaybackService( 7522): pauseWithoutCancleNotification
I/MediaPlaybackService( 7522): pause() begin
I/MediaPlaybackService( 7522): pause()--end
I/CallModeler( 3507): onPhoneStateChanged: 
E/CallDetails( 3507): list is null in setConfUriList
E/CallDetails( 3507): list is null in setConfUriList
W/Settings( 3507): Setting airplane_mode_on has moved from android.provider.Settings.System to android.provider.Settings.Global, returning read-only value.
W/RejectWithTextMessageManager( 3507): allowRespondViaSmsForCall: ringingCall not ringing! state = 2
E/AudioFlinger( 2426): setLppDtsGeq():invalid keyValue of dts geq.
E/AudioFlinger( 2426): setLppDtsGeq():invalid keyValue of dts geq.
E/AudioFlinger( 2426): setLppDtsGeq():invalid keyValue of dts geq.
W/StubController(30755): calendar access!
I/AudioRouter( 3507): Audio mode changing to EARPIECE
I/CallHandlerServiceProxy( 3507): Updating with new audio mode: EARPIECE with mute false
I/InCall  ( 3507): CallHandlerService - onAudioModeChange : EARPIECE
I/InCall  ( 3507): CallHandlerService - onSupportedAudioModeChange : EARPIECE, SPEAKER
I/InCall  ( 3507): CallHandlerService - onUpdate: [Call{mCallId=18, mState=ACTIVE, mDisconnectCause=NOT_DISCONNECTED, mCapabilities=83, mConnectTime=1503737148281, mChildCallIds=[], mGatewayNumber=null, mGatewayPackage=null, mIdentification=CallIdentification{mCallId=18, mNumber=xxxxxxxxxxx, mNumberPresentation=1, mCnapName=, mCnapNamePresentation=0}, mSsNotification=null, mCallDetails= calltype0 domain4 erroinfonull mConfParList multipartyfalse , mCallModifyDetails= calltype0 domain4 erroinfonull mConfParList multipartyfalse , mSubscription=1, mBlockInCallUi=false, mNumberMarkInfo=NumberMarkInfo{number=xxxxxxxxxxx, attribute=, name=null, classify=null, classifyName=null, isVip=false, vipMsg=, isVerified=false, isCloudMark=true, markedCount=0}, mConnectTimeReal=519725654}]
I/CallModeler( 3507): ---onPhoneStateChanged()--OFFHOOK
E/AudioFlinger( 2426): setLppDtsGeq():invalid keyValue of dts geq.
I/audio_hw_primary( 2426): switch_modem: used_modem = 1, old_modem_route = 0, new_modem_route = 0
E/AudioFlinger( 2426): setLppDtsGeq():invalid keyValue of dts geq.
I/HwSystemManager( 3870): HoldService:preHoldShow start!
I/HwSystemManager( 3870): HoldService:The prePermissionType is: 1
I/MediaFocusControl( 3084):  AudioFocus  requestAudioFocus() from AudioFocus_For_Phone_Ring_And_Calls
W/Settings( 3507): Setting airplane_mode_on has moved from android.provider.Settings.System to android.provider.Settings.Global, returning read-only value.
E/BluetoothPhoneService( 3507): Could not get a handle on Connection object for the call
I/InCall  ( 3507): CallHandlerService - ON_AUDIO_MODE: EARPIECE, muted (false)
I/InCall  ( 3507): ProximitySensor - ProximitySensor{keybrd=0, dpad=0, offhook=0, hor=0, ui=1, aud=EARPIECE}
I/InCall  ( 3507): ProximitySensor - turning off proximity sensor: already released
I/audio_hw_primary( 2426): set_incall_ril_mode modem_route = 0, devicetype = 1
I/InCall  ( 3507): CallCommandClient - getMuteState for subscription: 1
I/InCall  ( 3507): CallCommandClient - get mute state false
I/InCall  ( 3507): CallCommandClient - getMuteState for subscription: 1
I/InCall  ( 3507): CallCommandClient - get mute state false
I/InCall  ( 3507): CallHandlerService - ON_SUPPORTED_AUDIO_MODE: EARPIECE, SPEAKER
I/InCall  ( 3507): CallCommandClient - getMuteState for subscription: 1
I/InCall  ( 3507): CallCommandClient - get mute state false
I/InCall  ( 3507): CallHandlerService - ON_UPDATE_MULTI_CALL: [Call{mCallId=18, mState=ACTIVE, mDisconnectCause=NOT_DISCONNECTED, mCapabilities=83, mConnectTime=1503737148281, mChildCallIds=[], mGatewayNumber=null, mGatewayPackage=null, mIdentification=CallIdentification{mCallId=18, mNumber=xxxxxxxxxxx, mNumberPresentation=1, mCnapName=, mCnapNamePresentation=0}, mSsNotification=null, mCallDetails= calltype0 domain4 erroinfonull mConfParList multipartyfalse , mCallModifyDetails= calltype0 domain4 erroinfonull mConfParList multipartyfalse , mSubscription=1, mBlockInCallUi=false, mNumberMarkInfo=NumberMarkInfo{number=xxxxxxxxxxx, attribute=, name=null, classify=null, classifyName=null, isVip=false, vipMsg=, isVerified=false, isCloudMark=true, markedCount=0}, mConnectTimeReal=519725654}]
I/InCall  ( 3507): CallCommandClient - get active sub 1
I/InCall  ( 3507): CallCommandClient - get active sub 1
I/InCall  ( 3507): InCallPresenter - initMediaHandler: hasImsCall: false isImsMediaInitialized: false
I/InCall  ( 3507): InCallPresenter - Phone switching state: INCOMING -> INCALL
I/InCall  ( 3507): ProximitySensor - ProximitySensor{keybrd=0, dpad=0, offhook=1, hor=0, ui=1, aud=EARPIECE}
I/InCall  ( 3507): ProximitySensor - turning on proximity sensor: acquiring
I/InCall  ( 3507): CallCommandClient - getMuteState for subscription: 1
I/InCall  ( 3507): CallCommandClient - get mute state false
W/StubController(30755): calendar access!
I/HwSystemManager( 3870): HoldService:preHoldShow start!
I/HwSystemManager( 3870): HoldService:The prePermissionType is: 1
I/InCall  ( 3507): CallCommandClient - set active sub = 1
E/AudioFlinger( 2426): setLppDtsGeq():invalid keyValue of dts geq.
I/audio_hw_primary( 2426): switch_modem: used_modem = 1, old_modem_route = 0, new_modem_route = 0
E/AudioFlinger( 2426): setLppDtsGeq():invalid keyValue of dts geq.
I/AudioManager( 3507): setMode mode:2
I/InCall  ( 3507): ProximitySensor - ProximitySensor{keybrd=0, dpad=0, offhook=1, hor=0, ui=1, aud=EARPIECE}
I/InCall  ( 3507): ProximitySensor - turning on proximity sensor: already acquired
I/InCall  ( 3507): CallCommandClient - getMuteState for subscription: 1
I/InCall  ( 3507): CallCommandClient - get mute state false
I/InCall  ( 3507): ProximitySensor - ProximitySensor{keybrd=0, dpad=0, offhook=1, hor=0, ui=1, aud=EARPIECE}
I/InCall  ( 3507): ProximitySensor - turning on proximity sensor: already acquired
I/InCall  ( 3507): MSimInCallActivity -  stopSingleHandMotionRecognition()
E/AudioFlinger( 2426): setLppDtsGeq():invalid keyValue of dts geq.
I/HwLauncher( 3562): Launcher receiver screen off broadcast sendmessage true
I/PhoneStatusBar(24221): Whether the call in front: false; true indicates that the call in the foreground,false indicates in the background
I/PhoneStatusBar(24221): isForegroundActivity : false, callState : 2
W/System.err(12612): android.content.pm.PackageManager$NameNotFoundException: com.tencent.qqpimsecure
W/System.err(12612): 	at android.app.ApplicationPackageManager.getPackageInfo(ApplicationPackageManager.java:84)
W/System.err(12612): 	at com.kingroot.kinguser.euy.L(Unknown Source)
W/System.err(12612): 	at com.kingroot.kinguser.eow.isWeSecureInstalled(Unknown Source)
W/System.err(12612): 	at com.kingroot.kinguser.examination.service.CloudCheckService.isWeSecureInstalled(SourceFile:457)
W/System.err(12612): 	at com.kingroot.kinguser.bzk.isWeSecureInstalled(SourceFile:298)
W/System.err(12612): 	at com.kingroot.kinguser.dfj.run(SourceFile:476)
W/System.err(12612): 	at com.kingroot.kinguser.zc.a(SourceFile:186)
W/System.err(12612): 	at com.kingroot.kinguser.zd.b(SourceFile:136)
W/System.err(12612): 	at com.kingroot.kinguser.zf.run(SourceFile:290)
I/KeepAlive(15563): onReceiveScreenBroadcast [android.intent.action.SCREEN_OFF]
I/KeepAlive(15563): onCheckState
I/KeepAlive(15563): Check Push Process Importance [130], isFocus [false].
I/KeepAlive(15563): onShowOffScreenActivity
I/K3V3CpuGovernorPolicy( 3522): set scene Hmp policy : 300 , 150
I/KeepAlive(15563): onOffScreenActivityShown
W/IInputConnectionWrapper( 1710): showStatusIcon on inactive InputConnection
I/ActivityManager( 3084): Displayed com.tencent.news/.push.alive.offactivity.HollowActivity: +104ms (total +6m20s938ms)
I/dalvikvm-heap(12612): Grow heap (frag case) to 30.743MB for 408256-byte allocation
I/KeepAlive(15563): onShowOffScreenActivity
I/KeepAlive(15563): onOffScreenActivityShown
I/DesktopLyricService( 7522): received broadcast action = android.intent.action.SCREEN_OFF
I/DesktopLyricManager( 7522): scheduleHideLyricViewDelayed !
E/AudioFlinger( 2426): setLppDtsGeq():invalid keyValue of dts geq.
E/CommandListener( 2418): readDefRoute call readDefRoute
E/SecondaryTablController( 2418): isWifiDefaultRouteExisted /system/bin/ip route
I/DesktopLyricManager( 7522): scheduleHideLyricView !
I/DesktopLyricManager( 7522): performHideLyricView ! mIsLyricViewAdded = false
I/KeepAlive(15563): onCheckState
I/KeepAlive(15563): Check Push Process Importance [100], isFocus [true].
E/android_hardware_fm.cpp(14158): register_android_hardware_fm_fmradio
E/FM_HAL  (14158): [FM_HAL], fm_dynamic_lib is libbcmfm_if
E/FM_HAL  (14158): [FM_HAL], libname is libbcmfm_if
E/fm_if.c (14158): find the id:libbcmfm_if and begins to open the devices
E/android_hardware_fm.cpp(14158): register_android_hardware_fm_fmradio, ret is 0
E/        (14158): ProtocolErrorLog wangkang test!!
E/CommandListener( 2418): readDefRoute Rsp ok
W/GooglePlayServicesUtil( 1220): Google Play Store is missing.
W/GooglePlayServicesUtil( 1220): Google Play Store is missing.
E/Thermal-daemon( 2432): [ap] temp_new :42  temp_old :41
E/Thermal-daemon( 2432): Report temperature: [ap] temp :42  report_threshold:1
I/ThermalStateManager( 3522): thermal action: cpu_a15 policy:1497600
W/View    (24221): requestLayout() improperly called by com.android.systemui.statusbar.phone.IconMerger{432b7018 V.E..... ......ID 0,0-270,75 #7f0a0067 app:id/notificationIcons} during layout: running second layout pass
I/audio_hw_primary( 2426): [do_output_standby],do_output_standby-----out->standby_lpp : 1
E/HwSystemManager( 3870): SavingSettingUtil: doRecordsChargeInfo chargeTime =518655208 plugType = 2 chargeType =1
E/HwSystemManager( 3870): SavingSettingUtil: doRecordsChargeInfo lastCapacityRm =2268 capacityRm = 2335 mTimes = 1080222 chargeBattery =67
E/HwSystemManager( 3870): SavingSettingUtil: doRecordsChargeInfo BATTERY_PLUGGED_USB chargeBattery =67
W/View    (24221): requestLayout() improperly called by com.android.systemui.statusbar.phone.IconMerger{432b7018 V.E..... ......ID 0,0-270,75 #7f0a0067 app:id/notificationIcons} during layout: running second layout pass
W/View    (24221): requestLayout() improperly called by com.android.systemui.statusbar.phone.IconMerger{432b7018 V.E..... ......I. 0,0-270,75 #7f0a0067 app:id/notificationIcons} during second layout pass: posting in next frame
I/KeepAlive(15563): onOffScreenActivityFinished
I/KeepAlive(15563): onOffScreenActivityShown
I/HwSystemManager(12334): SavingSettingUtil:setAlarm and high_level_standard is 10 msg_send_interval is 240 count_frequency is 60 dangerous_level_standard is 25 dangerous_current_level is 30 min_interval_time is 3 average_current_fg is 350 count_frequency_fg is 5 app_show_level is 1
I/InCall  ( 3507): MSimInCallActivity - onResume()...
W/View    (24221): requestLayout() improperly called by com.android.systemui.statusbar.phone.IconMerger{432b7018 V.E..... ........ 0,0-270,75 #7f0a0067 app:id/notificationIcons} during second layout pass: posting in next frame
W/View    (24221): requestLayout() improperly called by com.android.systemui.statusbar.phone.IconMerger{432b7018 V.E..... ......I. 0,0-270,75 #7f0a0067 app:id/notificationIcons} during layout: running second layout pass
I/PhoneStatusBar(24221): Whether the call in front: true; true indicates that the call in the foreground,false indicates in the background
I/PhoneStatusBar(24221): isForegroundActivity : true, callState : 2
I/InCall  ( 3507): ProximitySensor - ProximitySensor{keybrd=0, dpad=0, offhook=1, hor=0, ui=1, aud=EARPIECE}
I/InCall  ( 3507): ProximitySensor - turning on proximity sensor: already acquired
I/InCall  ( 3507): MSimInCallActivity -  stratSingleHandMotionRecognition()
I/HwSystemManager(12334): HsmIntentService:destroyed. this:com.huawei.systemmanager.util.content.HsmIntentService_ui@43422230
W/View    (24221): requestLayout() improperly called by com.android.systemui.statusbar.phone.IconMerger{432b7018 V.E..... ........ 0,0-270,75 #7f0a0067 app:id/notificationIcons} during second layout pass: posting in next frame
I/InCall  ( 3507): CallCommandClient - getMuteState for subscription: 1
I/InCall  ( 3507): CallCommandClient - get mute state false
E/AudioFlinger( 2426): setLppDtsGeq():invalid keyValue of dts geq.
W/Tinker.TinkerLoader(14181): tryLoadPatchFiles:patch dir not exist:/data/data/cn.etouch.ecalendar/tinker
I/MultiDex(14181): VM with version 1.6.0 does not have multidex support
I/MultiDex(14181): install
I/MultiDex(14181): MultiDexExtractor.load(/data/app/cn.etouch.ecalendar-1.apk, false)
I/MultiDex(14181): loading existing secondary dex files
I/MultiDex(14181): load found 1 secondary dex files
I/MultiDex(14181): install done
I/dalvikvm(14181): Could not find method android.app.AlarmManager.setExactAndAllowWhileIdle, referenced from method cn.etouch.ecalendar.manager.ad.a
W/dalvikvm(14181): VFY: unable to resolve virtual method 426: Landroid/app/AlarmManager;.setExactAndAllowWhileIdle (IJLandroid/app/PendingIntent;)V
I/Process (14181): Sending signal. PID: 14181 SIG: 9
E/Thermal-daemon( 2432): [flash_led] temp_new :39  temp_old :38
E/Thermal-daemon( 2432): Report temperature: [flash_led] temp :39  report_threshold:1
I/CAPALiteReceiver( 3522): USER STATE: STATIONARY SUB STATE: UNKNOWN
I/KeepAlive(15563): onReceiveScreenBroadcast [android.intent.action.SCREEN_ON]
I/KeepAlive(15563): onCloseOffScreenActivity
W/System.err(11962): com.qq.taf.jce.JceDecodeException: require field not exist.
W/System.err(11962): 	at com.qq.taf.jce.JceInputStream.read(JceInputStream.java:303)
W/System.err(11962): 	at com.tencent.assistant.protocol.jce.PushInfo.readFrom(ProGuard:152)
W/System.err(11962): 	at com.tencent.assistant.utils.JceUtils.bytes2JceObj(ProGuard:105)
W/System.err(11962): 	at com.tencent.assistant.db.JceCache.readSingleFromCache(ProGuard:173)
W/System.err(11962): 	at com.tencent.assistant.db.JceCache.readJceFromCache(ProGuard:152)
W/System.err(11962): 	at com.tencent.assistant.manager.c.getOPPushInfo(ProGuard:1641)
W/System.err(11962): 	at com.tencent.nucleus.manager.floatingwindow.receiver.a.run(ProGuard:40)
W/System.err(11962): 	at java.util.concurrent.Executors$RunnableAdapter.call(Executors.java:422)
W/System.err(11962): 	at java.util.concurrent.FutureTask.run(FutureTask.java:237)
W/System.err(11962): 	at java.util.concurrent.ScheduledThreadPoolExecutor$ScheduledFutureTask.access$201(ScheduledThreadPoolExecutor.java:152)
W/System.err(11962): 	at java.util.concurrent.ScheduledThreadPoolExecutor$ScheduledFutureTask.run(ScheduledThreadPoolExecutor.java:265)
W/System.err(11962): 	at java.util.concurrent.ThreadPoolExecutor.runWorker(ThreadPoolExecutor.java:1112)
W/System.err(11962): 	at java.util.concurrent.ThreadPoolExecutor$Worker.run(ThreadPoolExecutor.java:587)
W/System.err(11962): 	at java.lang.Thread.run(Thread.java:841)
W/System.err(11962): com.qq.taf.jce.JceDecodeException: require field not exist.
W/System.err(11962): 	at com.qq.taf.jce.JceInputStream.read(JceInputStream.java:303)
W/System.err(11962): 	at com.tencent.assistant.protocol.jce.PushInfo.readFrom(ProGuard:152)
W/System.err(11962): 	at com.tencent.assistant.utils.JceUtils.bytes2JceObj(ProGuard:105)
W/System.err(11962): 	at com.tencent.assistant.db.JceCache.readSingleFromCache(ProGuard:173)
W/System.err(11962): 	at com.tencent.assistant.db.JceCache.readJceFromCache(ProGuard:152)
W/System.err(11962): 	at com.tencent.assistant.manager.c.getUpdatePushInfo(ProGuard:1624)
W/System.err(11962): 	at com.tencent.nucleus.manager.floatingwindow.receiver.a.run(ProGuard:53)
W/System.err(11962): 	at java.util.concurrent.Executors$RunnableAdapter.call(Executors.java:422)
W/System.err(11962): 	at java.util.concurrent.FutureTask.run(FutureTask.java:237)
W/System.err(11962): 	at java.util.concurrent.ScheduledThreadPoolExecutor$ScheduledFutureTask.access$201(ScheduledThreadPoolExecutor.java:152)
W/System.err(11962): 	at java.util.concurrent.ScheduledThreadPoolExecutor$ScheduledFutureTask.run(ScheduledThreadPoolExecutor.java:265)
W/System.err(11962): 	at java.util.concurrent.ThreadPoolExecutor.runWorker(ThreadPoolExecutor.java:1112)
W/System.err(11962): 	at java.util.concurrent.ThreadPoolExecutor$Worker.run(ThreadPoolExecutor.java:587)
W/System.err(11962): 	at java.lang.Thread.run(Thread.java:841)
W/System.err( 3084): java.lang.IllegalArgumentException: Unknown package: com.kingouser.com
W/System.err( 3084): 	at com.android.server.pm.Settings.getApplicationEnabledSettingLPr(Settings.java:2873)
W/System.err( 3084): 	at com.android.server.pm.PackageManagerService.getApplicationEnabledSetting(PackageManagerService.java:10917)
W/System.err( 3084): 	at android.content.pm.IPackageManager$Stub.onTransact(IPackageManager.java:1081)
W/System.err( 3084): 	at com.android.server.pm.PackageManagerService.onTransact(PackageManagerService.java:1683)
W/System.err( 3084): 	at huawei.com.android.server.pm.HwPackageManagerService.onTransact(HwPackageManagerService.java:361)
W/System.err( 3084): 	at android.os.Binder.transact(Binder.java:361)
W/System.err( 3084): 	at com.kingroot.hook.binder.BinderProxyBase.onTransact(SourceFile:34)
W/System.err( 3084): 	at android.os.Binder.execTransact(Binder.java:404)
W/System.err( 3084): 	at dalvik.system.NativeStart.run(Native Method)
W/System.err( 3084): java.lang.IllegalArgumentException: Unknown package: com.kingoapp.root
W/System.err( 3084): 	at com.android.server.pm.Settings.getApplicationEnabledSettingLPr(Settings.java:2873)
W/System.err( 3084): 	at com.android.server.pm.PackageManagerService.getApplicationEnabledSetting(PackageManagerService.java:10917)
W/System.err( 3084): 	at android.content.pm.IPackageManager$Stub.onTransact(IPackageManager.java:1081)
W/System.err( 3084): 	at com.android.server.pm.PackageManagerService.onTransact(PackageManagerService.java:1683)
W/System.err( 3084): 	at huawei.com.android.server.pm.HwPackageManagerService.onTransact(HwPackageManagerService.java:361)
W/System.err( 3084): 	at android.os.Binder.transact(Binder.java:361)
W/System.err( 3084): 	at com.kingroot.hook.binder.BinderProxyBase.onTransact(SourceFile:34)
W/System.err( 3084): 	at android.os.Binder.execTransact(Binder.java:404)
W/System.err( 3084): 	at dalvik.system.NativeStart.run(Native Method)
W/System.err( 3084): java.lang.IllegalArgumentException: Unknown package: com.mycompany.myapphhhhh
W/System.err( 3084): 	at com.android.server.pm.Settings.getApplicationEnabledSettingLPr(Settings.java:2873)
W/System.err( 3084): 	at com.android.server.pm.PackageManagerService.getApplicationEnabledSetting(PackageManagerService.java:10917)
W/System.err( 3084): 	at android.content.pm.IPackageManager$Stub.onTransact(IPackageManager.java:1081)
W/System.err( 3084): 	at com.android.server.pm.PackageManagerService.onTransact(PackageManagerService.java:1683)
W/System.err( 3084): 	at huawei.com.android.server.pm.HwPackageManagerService.onTransact(HwPackageManagerService.java:361)
W/System.err( 3084): 	at android.os.Binder.transact(Binder.java:361)
W/System.err( 3084): 	at com.kingroot.hook.binder.BinderProxyBase.onTransact(SourceFile:34)
W/System.err( 3084): 	at android.os.Binder.execTransact(Binder.java:404)
W/System.err( 3084): 	at dalvik.system.NativeStart.run(Native Method)
W/System.err( 3084): java.lang.IllegalArgumentException: Unknown package: com.baidu.superroot
W/System.err( 3084): 	at com.android.server.pm.Settings.getApplicationEnabledSettingLPr(Settings.java:2873)
W/System.err( 3084): 	at com.android.server.pm.PackageManagerService.getApplicationEnabledSetting(PackageManagerService.java:10917)
W/System.err( 3084): 	at android.content.pm.IPackageManager$Stub.onTransact(IPackageManager.java:1081)
W/System.err( 3084): 	at com.android.server.pm.PackageManagerService.onTransact(PackageManagerService.java:1683)
W/System.err( 3084): 	at huawei.com.android.server.pm.HwPackageManagerService.onTransact(HwPackageManagerService.java:361)
W/System.err( 3084): 	at android.os.Binder.transact(Binder.java:361)
W/System.err( 3084): 	at com.kingroot.hook.binder.BinderProxyBase.onTransact(SourceFile:34)
W/System.err( 3084): 	at android.os.Binder.execTransact(Binder.java:404)
W/System.err( 3084): 	at dalvik.system.NativeStart.run(Native Method)
W/System.err( 3084): java.lang.IllegalArgumentException: Unknown package: com.baidu.superservice
W/System.err( 3084): 	at com.android.server.pm.Settings.getApplicationEnabledSettingLPr(Settings.java:2873)
W/System.err( 3084): 	at com.android.server.pm.PackageManagerService.getApplicationEnabledSetting(PackageManagerService.java:10917)
W/System.err( 3084): 	at android.content.pm.IPackageManager$Stub.onTransact(IPackageManager.java:1081)
W/System.err( 3084): 	at com.android.server.pm.PackageManagerService.onTransact(PackageManagerService.java:1683)
W/System.err( 3084): 	at huawei.com.android.server.pm.HwPackageManagerService.onTransact(HwPackageManagerService.java:361)
W/System.err( 3084): 	at android.os.Binder.transact(Binder.java:361)
