W/System.err( 3084): 	at com.android.server.pm.PackageManagerService.getApplicationEnabledSetting(PackageManagerService.java:10917)
W/System.err( 3084): 	at android.content.pm.IPackageManager$Stub.onTransact(IPackageManager.java:1081)
W/System.err( 3084): 	at com.android.server.pm.PackageManagerService.onTransact(PackageManagerService.java:1683)
W/System.err( 3084): 	at huawei.com.android.server.pm.HwPackageManagerService.onTransact(HwPackageManagerService.java:361)
W/System.err( 3084): 	at android.os.Binder.transact(Binder.java:361)
W/System.err( 3084): 	at com.kingroot.hook.binder.BinderProxyBase.onTransact(SourceFile:34)
W/System.err( 3084): 	at android.os.Binder.execTransact(Binder.java:404)
W/System.err( 3084): 	at dalvik.system.NativeStart.run(Native Method)
W/System.err( 3084): java.lang.IllegalArgumentException: Unknown package: com.catsw.FontMgr
W/System.err( 3084): 	at com.android.server.pm.Settings.getApplicationEnabledSettingLPr(Settings.java:2873)
W/System.err( 3084): 	at com.android.server.pm.PackageManagerService.getApplicationEnabledSetting(PackageManagerService.java:10917)
W/System.err( 3084): 	at android.content.pm.IPackageManager$Stub.onTransact(IPackageManager.java:1081)
W/System.err( 3084): 	at com.android.server.pm.PackageManagerService.onTransact(PackageManagerService.java:1683)
W/System.err( 3084): 	at huawei.com.android.server.pm.HwPackageManagerService.onTransact(HwPackageManagerService.java:361)
W/System.err( 3084): 	at android.os.Binder.transact(Binder.java:361)
W/System.err( 3084): 	at com.kingroot.hook.binder.BinderProxyBase.onTransact(SourceFile:34)
W/System.err( 3084): 	at android.os.Binder.execTransact(Binder.java:404)
W/System.err( 3084): 	at dalvik.system.NativeStart.run(Native Method)
W/System.err( 3084): java.lang.IllegalArgumentException: Unknown package: com.evilsunflower.reader.evilGuigu
W/System.err( 3084): 	at com.android.server.pm.Settings.getApplicationEnabledSettingLPr(Settings.java:2873)
W/System.err( 3084): 	at com.android.server.pm.PackageManagerService.getApplicationEnabledSetting(PackageManagerService.java:10917)
W/System.err( 3084): 	at android.content.pm.IPackageManager$Stub.onTransact(IPackageManager.java:1081)
W/System.err( 3084): 	at com.android.server.pm.PackageManagerService.onTransact(PackageManagerService.java:1683)
W/System.err( 3084): 	at huawei.com.android.server.pm.HwPackageManagerService.onTransact(HwPackageManagerService.java:361)
W/System.err( 3084): 	at android.os.Binder.transact(Binder.java:361)
W/System.err( 3084): 	at com.kingroot.hook.binder.BinderProxyBase.onTransact(SourceFile:34)
W/System.err( 3084): 	at android.os.Binder.execTransact(Binder.java:404)
W/System.err( 3084): 	at dalvik.system.NativeStart.run(Native Method)
W/System.err( 3084): java.lang.IllegalArgumentException: Unknown package: com.evilsunflower.reader.evilZenyang16
W/System.err( 3084): 	at com.android.server.pm.Settings.getApplicationEnabledSettingLPr(Settings.java:2873)
W/System.err( 3084): 	at com.android.server.pm.PackageManagerService.getApplicationEnabledSetting(PackageManagerService.java:10917)
W/System.err( 3084): 	at android.content.pm.IPackageManager$Stub.onTransact(IPackageManager.java:1081)
W/System.err( 3084): 	at com.android.server.pm.PackageManagerService.onTransact(PackageManagerService.java:1683)
W/System.err( 3084): 	at huawei.com.android.server.pm.HwPackageManagerService.onTransact(HwPackageManagerService.java:361)
W/System.err( 3084): 	at android.os.Binder.transact(Binder.java:361)
W/System.err( 3084): 	at com.kingroot.hook.binder.BinderProxyBase.onTransact(SourceFile:34)
W/System.err( 3084): 	at android.os.Binder.execTransact(Binder.java:404)
W/System.err( 3084): 	at dalvik.system.NativeStart.run(Native Method)
W/System.err( 3084): java.lang.IllegalArgumentException: Unknown package: com.google.android.downand
W/System.err( 3084): 	at com.android.server.pm.Settings.getApplicationEnabledSettingLPr(Settings.java:2873)
W/System.err( 3084): 	at com.android.server.pm.PackageManagerService.getApplicationEnabledSetting(PackageManagerService.java:10917)
W/System.err( 3084): 	at android.content.pm.IPackageManager$Stub.onTransact(IPackageManager.java:1081)
W/System.err( 3084): 	at com.android.server.pm.PackageManagerService.onTransact(PackageManagerService.java:1683)
W/System.err( 3084): 	at huawei.com.android.server.pm.HwPackageManagerService.onTransact(HwPackageManagerService.java:361)
W/System.err( 3084): 	at android.os.Binder.transact(Binder.java:361)
W/System.err( 3084): 	at com.kingroot.hook.binder.BinderProxyBase.onTransact(SourceFile:34)
W/System.err( 3084): 	at android.os.Binder.execTransact(Binder.java:404)
W/System.err( 3084): 	at dalvik.system.NativeStart.run(Native Method)
W/System.err( 3084): java.lang.IllegalArgumentException: Unknown package: com.google.android.smart
W/System.err( 3084): 	at com.android.server.pm.Settings.getApplicationEnabledSettingLPr(Settings.java:2873)
W/System.err( 3084): 	at com.android.server.pm.PackageManagerService.getApplicationEnabledSetting(PackageManagerService.java:10917)
W/System.err( 3084): 	at android.content.pm.IPackageManager$Stub.onTransact(IPackageManager.java:1081)
W/System.err( 3084): 	at com.android.server.pm.PackageManagerService.onTransact(PackageManagerService.java:1683)
W/System.err( 3084): 	at huawei.com.android.server.pm.HwPackageManagerService.onTransact(HwPackageManagerService.java:361)
W/System.err( 3084): 	at android.os.Binder.transact(Binder.java:361)
W/System.err( 3084): 	at com.kingroot.hook.binder.BinderProxyBase.onTransact(SourceFile:34)
W/System.err( 3084): 	at android.os.Binder.execTransact(Binder.java:404)
W/System.err( 3084): 	at dalvik.system.NativeStart.run(Native Method)
W/System.err( 3084): java.lang.IllegalArgumentException: Unknown package: com.qihoo360.mobilesafe_mtk6573
W/System.err( 3084): 	at com.android.server.pm.Settings.getApplicationEnabledSettingLPr(Settings.java:2873)
W/System.err( 3084): 	at com.android.server.pm.PackageManagerService.getApplicationEnabledSetting(PackageManagerService.java:10917)
W/System.err( 3084): 	at android.content.pm.IPackageManager$Stub.onTransact(IPackageManager.java:1081)
W/System.err( 3084): 	at com.android.server.pm.PackageManagerService.onTransact(PackageManagerService.java:1683)
W/System.err( 3084): 	at huawei.com.android.server.pm.HwPackageManagerService.onTransact(HwPackageManagerService.java:361)
W/System.err( 3084): 	at android.os.Binder.transact(Binder.java:361)
W/System.err( 3084): 	at com.kingroot.hook.binder.BinderProxyBase.onTransact(SourceFile:34)
W/System.err( 3084): 	at android.os.Binder.execTransact(Binder.java:404)
W/System.err( 3084): 	at dalvik.system.NativeStart.run(Native Method)
W/System.err( 3084): java.lang.IllegalArgumentException: Unknown package: com.qihoo360.mobilesafe_mobilepad
W/System.err( 3084): 	at com.android.server.pm.Settings.getApplicationEnabledSettingLPr(Settings.java:2873)
W/System.err( 3084): 	at com.android.server.pm.PackageManagerService.getApplicationEnabledSetting(PackageManagerService.java:10917)
W/System.err( 3084): 	at android.content.pm.IPackageManager$Stub.onTransact(IPackageManager.java:1081)
W/System.err( 3084): 	at com.android.server.pm.PackageManagerService.onTransact(PackageManagerService.java:1683)
W/System.err( 3084): 	at huawei.com.android.server.pm.HwPackageManagerService.onTransact(HwPackageManagerService.java:361)
W/System.err( 3084): 	at android.os.Binder.transact(Binder.java:361)
W/System.err( 3084): 	at com.kingroot.hook.binder.BinderProxyBase.onTransact(SourceFile:34)
W/System.err( 3084): 	at android.os.Binder.execTransact(Binder.java:404)
W/System.err( 3084): 	at dalvik.system.NativeStart.run(Native Method)
W/System.err( 3084): java.lang.IllegalArgumentException: Unknown package: com.qihoo360.mobilesafe_meizu
W/System.err( 3084): 	at com.android.server.pm.Settings.getApplicationEnabledSettingLPr(Settings.java:2873)
W/System.err( 3084): 	at com.android.server.pm.PackageManagerService.getApplicationEnabledSetting(PackageManagerService.java:10917)
W/System.err( 3084): 	at android.content.pm.IPackageManager$Stub.onTransact(IPackageManager.java:1081)
W/System.err( 3084): 	at com.android.server.pm.PackageManagerService.onTransact(PackageManagerService.java:1683)
W/System.err( 3084): 	at huawei.com.android.server.pm.HwPackageManagerService.onTransact(HwPackageManagerService.java:361)
W/System.err( 3084): 	at android.os.Binder.transact(Binder.java:361)
W/System.err( 3084): 	at com.kingroot.hook.binder.BinderProxyBase.onTransact(SourceFile:34)
W/System.err( 3084): 	at android.os.Binder.execTransact(Binder.java:404)
W/System.err( 3084): 	at dalvik.system.NativeStart.run(Native Method)
W/System.err( 3084): java.lang.IllegalArgumentException: Unknown package: com.qihoo360.mobilesafe_lite
W/System.err( 3084): 	at com.android.server.pm.Settings.getApplicationEnabledSettingLPr(Settings.java:2873)
W/System.err( 3084): 	at com.android.server.pm.PackageManagerService.getApplicationEnabledSetting(PackageManagerService.java:10917)
W/System.err( 3084): 	at android.content.pm.IPackageManager$Stub.onTransact(IPackageManager.java:1081)
W/System.err( 3084): 	at com.android.server.pm.PackageManagerService.onTransact(PackageManagerService.java:1683)
W/System.err( 3084): 	at huawei.com.android.server.pm.HwPackageManagerService.onTransact(HwPackageManagerService.java:361)
W/System.err( 3084): 	at android.os.Binder.transact(Binder.java:361)
W/System.err( 3084): 	at com.kingroot.hook.binder.BinderProxyBase.onTransact(SourceFile:34)
W/System.err( 3084): 	at android.os.Binder.execTransact(Binder.java:404)
W/System.err( 3084): 	at dalvik.system.NativeStart.run(Native Method)
W/System.err( 3084): java.lang.IllegalArgumentException: Unknown package: com.qihoo360.mobilesafe.opti.powerctl
W/System.err( 3084): 	at com.android.server.pm.Settings.getApplicationEnabledSettingLPr(Settings.java:2873)
W/System.err( 3084): 	at com.android.server.pm.PackageManagerService.getApplicationEnabledSetting(PackageManagerService.java:10917)
W/System.err( 3084): 	at android.content.pm.IPackageManager$Stub.onTransact(IPackageManager.java:1081)
W/System.err( 3084): 	at com.android.server.pm.PackageManagerService.onTransact(PackageManagerService.java:1683)
W/System.err( 3084): 	at huawei.com.android.server.pm.HwPackageManagerService.onTransact(HwPackageManagerService.java:361)
W/System.err( 3084): 	at android.os.Binder.transact(Binder.java:361)
W/System.err( 3084): 	at com.kingroot.hook.binder.BinderProxyBase.onTransact(SourceFile:34)
W/System.err( 3084): 	at android.os.Binder.execTransact(Binder.java:404)
W/System.err( 3084): 	at dalvik.system.NativeStart.run(Native Method)
W/System.err( 3084): java.lang.IllegalArgumentException: Unknown package: com.qihoo360.mobilesafe.opti
W/System.err( 3084): 	at com.android.server.pm.Settings.getApplicationEnabledSettingLPr(Settings.java:2873)
W/System.err( 3084): 	at com.android.server.pm.PackageManagerService.getApplicationEnabledSetting(PackageManagerService.java:10917)
W/System.err( 3084): 	at android.content.pm.IPackageManager$Stub.onTransact(IPackageManager.java:1081)
W/System.err( 3084): 	at com.android.server.pm.PackageManagerService.onTransact(PackageManagerService.java:1683)
W/System.err( 3084): 	at huawei.com.android.server.pm.HwPackageManagerService.onTransact(HwPackageManagerService.java:361)
W/System.err( 3084): 	at android.os.Binder.transact(Binder.java:361)
W/System.err( 3084): 	at com.kingroot.hook.binder.BinderProxyBase.onTransact(SourceFile:34)
W/System.err( 3084): 	at android.os.Binder.execTransact(Binder.java:404)
W/System.err( 3084): 	at dalvik.system.NativeStart.run(Native Method)
W/StubController(30755): calendar access!
W/System.err( 3084): java.lang.IllegalArgumentException: Unknown package: com.qihoo360.mobilesafe
W/System.err( 3084): 	at com.android.server.pm.Settings.getApplicationEnabledSettingLPr(Settings.java:2873)
W/System.err( 3084): 	at com.android.server.pm.PackageManagerService.getApplicationEnabledSetting(PackageManagerService.java:10917)
W/System.err( 3084): 	at android.content.pm.IPackageManager$Stub.onTransact(IPackageManager.java:1081)
W/System.err( 3084): 	at com.android.server.pm.PackageManagerService.onTransact(PackageManagerService.java:1683)
W/System.err( 3084): 	at huawei.com.android.server.pm.HwPackageManagerService.onTransact(HwPackageManagerService.java:361)
W/System.err( 3084): 	at android.os.Binder.transact(Binder.java:361)
W/System.err( 3084): 	at com.kingroot.hook.binder.BinderProxyBase.onTransact(SourceFile:34)
W/System.err( 3084): 	at android.os.Binder.execTransact(Binder.java:404)
W/System.err( 3084): 	at dalvik.system.NativeStart.run(Native Method)
W/System.err( 3084): java.lang.IllegalArgumentException: Unknown package: com.qihoo360.launcher
W/System.err( 3084): 	at com.android.server.pm.Settings.getApplicationEnabledSettingLPr(Settings.java:2873)
W/System.err( 3084): 	at com.android.server.pm.PackageManagerService.getApplicationEnabledSetting(PackageManagerService.java:10917)
W/System.err( 3084): 	at android.content.pm.IPackageManager$Stub.onTransact(IPackageManager.java:1081)
W/System.err( 3084): 	at com.android.server.pm.PackageManagerService.onTransact(PackageManagerService.java:1683)
W/System.err( 3084): 	at huawei.com.android.server.pm.HwPackageManagerService.onTransact(HwPackageManagerService.java:361)
W/System.err( 3084): 	at android.os.Binder.transact(Binder.java:361)
W/System.err( 3084): 	at com.kingroot.hook.binder.BinderProxyBase.onTransact(SourceFile:34)
W/System.err( 3084): 	at android.os.Binder.execTransact(Binder.java:404)
W/System.err( 3084): 	at dalvik.system.NativeStart.run(Native Method)
W/System.err( 3084): java.lang.IllegalArgumentException: Unknown package: com.qihoo360.contacts
W/System.err( 3084): 	at com.android.server.pm.Settings.getApplicationEnabledSettingLPr(Settings.java:2873)
W/System.err( 3084): 	at com.android.server.pm.PackageManagerService.getApplicationEnabledSetting(PackageManagerService.java:10917)
W/System.err( 3084): 	at android.content.pm.IPackageManager$Stub.onTransact(IPackageManager.java:1081)
W/System.err( 3084): 	at com.android.server.pm.PackageManagerService.onTransact(PackageManagerService.java:1683)
W/System.err( 3084): 	at huawei.com.android.server.pm.HwPackageManagerService.onTransact(HwPackageManagerService.java:361)
W/System.err( 3084): 	at android.os.Binder.transact(Binder.java:361)
W/System.err( 3084): 	at com.kingroot.hook.binder.BinderProxyBase.onTransact(SourceFile:34)
W/System.err( 3084): 	at android.os.Binder.execTransact(Binder.java:404)
W/System.err( 3084): 	at dalvik.system.NativeStart.run(Native Method)
W/System.err( 3084): java.lang.IllegalArgumentException: Unknown package: com.qihoo.security
I/HwSystemManager( 3870): HoldService:preHoldShow start!
W/System.err( 3084): 	at com.android.server.pm.Settings.getApplicationEnabledSettingLPr(Settings.java:2873)
W/System.err( 3084): 	at com.android.server.pm.PackageManagerService.getApplicationEnabledSetting(PackageManagerService.java:10917)
W/System.err( 3084): 	at android.content.pm.IPackageManager$Stub.onTransact(IPackageManager.java:1081)
W/System.err( 3084): 	at com.android.server.pm.PackageManagerService.onTransact(PackageManagerService.java:1683)
W/System.err( 3084): 	at huawei.com.android.server.pm.HwPackageManagerService.onTransact(HwPackageManagerService.java:361)
I/HwSystemManager( 3870): HoldService:The prePermissionType is: 1
W/System.err( 3084): 	at android.os.Binder.transact(Binder.java:361)
W/System.err( 3084): 	at com.kingroot.hook.binder.BinderProxyBase.onTransact(SourceFile:34)
W/System.err( 3084): 	at android.os.Binder.execTransact(Binder.java:404)
W/System.err( 3084): 	at dalvik.system.NativeStart.run(Native Method)
W/System.err( 3084): java.lang.IllegalArgumentException: Unknown package: com.qihoo.msafe
W/System.err( 3084): 	at com.android.server.pm.Settings.getApplicationEnabledSettingLPr(Settings.java:2873)
W/System.err( 3084): 	at com.android.server.pm.PackageManagerService.getApplicationEnabledSetting(PackageManagerService.java:10917)
W/System.err( 3084): 	at android.content.pm.IPackageManager$Stub.onTransact(IPackageManager.java:1081)
W/System.err( 3084): 	at com.android.server.pm.PackageManagerService.onTransact(PackageManagerService.java:1683)
W/System.err( 3084): 	at huawei.com.android.server.pm.HwPackageManagerService.onTransact(HwPackageManagerService.java:361)
W/System.err( 3084): 	at android.os.Binder.transact(Binder.java:361)
W/System.err( 3084): 	at com.kingroot.hook.binder.BinderProxyBase.onTransact(SourceFile:34)
W/System.err( 3084): 	at android.os.Binder.execTransact(Binder.java:404)
W/System.err( 3084): 	at dalvik.system.NativeStart.run(Native Method)
W/System.err( 3084): java.lang.IllegalArgumentException: Unknown package: com.qihoo.mkillercom.qihoo360.transfer
W/System.err( 3084): 	at com.android.server.pm.Settings.getApplicationEnabledSettingLPr(Settings.java:2873)
W/System.err( 3084): 	at com.android.server.pm.PackageManagerService.getApplicationEnabledSetting(PackageManagerService.java:10917)
W/System.err( 3084): 	at android.content.pm.IPackageManager$Stub.onTransact(IPackageManager.java:1081)
W/System.err( 3084): 	at com.android.server.pm.PackageManagerService.onTransact(PackageManagerService.java:1683)
W/System.err( 3084): 	at huawei.com.android.server.pm.HwPackageManagerService.onTransact(HwPackageManagerService.java:361)
W/System.err( 3084): 	at android.os.Binder.transact(Binder.java:361)
W/System.err( 3084): 	at com.kingroot.hook.binder.BinderProxyBase.onTransact(SourceFile:34)
W/System.err( 3084): 	at android.os.Binder.execTransact(Binder.java:404)
W/System.err( 3084): 	at dalvik.system.NativeStart.run(Native Method)
W/System.err( 3084): java.lang.IllegalArgumentException: Unknown package: com.qihoo.mkiller
W/System.err( 3084): 	at com.android.server.pm.Settings.getApplicationEnabledSettingLPr(Settings.java:2873)
W/System.err( 3084): 	at com.android.server.pm.PackageManagerService.getApplicationEnabledSetting(PackageManagerService.java:10917)
W/System.err( 3084): 	at android.content.pm.IPackageManager$Stub.onTransact(IPackageManager.java:1081)
W/System.err( 3084): 	at com.android.server.pm.PackageManagerService.onTransact(PackageManagerService.java:1683)
W/System.err( 3084): 	at huawei.com.android.server.pm.HwPackageManagerService.onTransact(HwPackageManagerService.java:361)
W/System.err( 3084): 	at android.os.Binder.transact(Binder.java:361)
W/System.err( 3084): 	at com.kingroot.hook.binder.BinderProxyBase.onTransact(SourceFile:34)
W/System.err( 3084): 	at android.os.Binder.execTransact(Binder.java:404)
W/System.err( 3084): 	at dalvik.system.NativeStart.run(Native Method)
W/System.err( 3084): java.lang.IllegalArgumentException: Unknown package: com.qihoo.freewifi
W/System.err( 3084): 	at com.android.server.pm.Settings.getApplicationEnabledSettingLPr(Settings.java:2873)
W/System.err( 3084): 	at com.android.server.pm.PackageManagerService.getApplicationEnabledSetting(PackageManagerService.java:10917)
W/System.err( 3084): 	at android.content.pm.IPackageManager$Stub.onTransact(IPackageManager.java:1081)
W/System.err( 3084): 	at com.android.server.pm.PackageManagerService.onTransact(PackageManagerService.java:1683)
W/System.err( 3084): 	at huawei.com.android.server.pm.HwPackageManagerService.onTransact(HwPackageManagerService.java:361)
W/System.err( 3084): 	at android.os.Binder.transact(Binder.java:361)
W/System.err( 3084): 	at com.kingroot.hook.binder.BinderProxyBase.onTransact(SourceFile:34)
W/System.err( 3084): 	at android.os.Binder.execTransact(Binder.java:404)
W/System.err( 3084): 	at dalvik.system.NativeStart.run(Native Method)
W/System.err( 3084): java.lang.IllegalArgumentException: Unknown package: com.qihoo.cleandroid_cn
W/System.err( 3084): 	at com.android.server.pm.Settings.getApplicationEnabledSettingLPr(Settings.java:2873)
W/System.err( 3084): 	at com.android.server.pm.PackageManagerService.getApplicationEnabledSetting(PackageManagerService.java:10917)
W/System.err( 3084): 	at android.content.pm.IPackageManager$Stub.onTransact(IPackageManager.java:1081)
W/System.err( 3084): 	at com.android.server.pm.PackageManagerService.onTransact(PackageManagerService.java:1683)
W/System.err( 3084): 	at huawei.com.android.server.pm.HwPackageManagerService.onTransact(HwPackageManagerService.java:361)
W/System.err( 3084): 	at android.os.Binder.transact(Binder.java:361)
W/System.err( 3084): 	at com.kingroot.hook.binder.BinderProxyBase.onTransact(SourceFile:34)
W/System.err( 3084): 	at android.os.Binder.execTransact(Binder.java:404)
W/System.err( 3084): 	at dalvik.system.NativeStart.run(Native Method)
W/System.err( 3084): java.lang.IllegalArgumentException: Unknown package: com.qihoo.cleandroid
W/System.err( 3084): 	at com.android.server.pm.Settings.getApplicationEnabledSettingLPr(Settings.java:2873)
W/System.err( 3084): 	at com.android.server.pm.PackageManagerService.getApplicationEnabledSetting(PackageManagerService.java:10917)
W/System.err( 3084): 	at android.content.pm.IPackageManager$Stub.onTransact(IPackageManager.java:1081)
W/System.err( 3084): 	at com.android.server.pm.PackageManagerService.onTransact(PackageManagerService.java:1683)
W/System.err( 3084): 	at huawei.com.android.server.pm.HwPackageManagerService.onTransact(HwPackageManagerService.java:361)
W/System.err( 3084): 	at android.os.Binder.transact(Binder.java:361)
W/System.err( 3084): 	at com.kingroot.hook.binder.BinderProxyBase.onTransact(SourceFile:34)
W/System.err( 3084): 	at android.os.Binder.execTransact(Binder.java:404)
W/System.err( 3084): 	at dalvik.system.NativeStart.run(Native Method)
W/System.err( 3084): java.lang.IllegalArgumentException: Unknown package: com.qihoo.appstore
W/System.err( 3084): 	at com.android.server.pm.Settings.getApplicationEnabledSettingLPr(Settings.java:2873)
W/System.err( 3084): 	at com.android.server.pm.PackageManagerService.getApplicationEnabledSetting(PackageManagerService.java:10917)
W/System.err( 3084): 	at android.content.pm.IPackageManager$Stub.onTransact(IPackageManager.java:1081)
W/System.err( 3084): 	at com.android.server.pm.PackageManagerService.onTransact(PackageManagerService.java:1683)
W/System.err( 3084): 	at huawei.com.android.server.pm.HwPackageManagerService.onTransact(HwPackageManagerService.java:361)
W/System.err( 3084): 	at android.os.Binder.transact(Binder.java:361)
W/System.err( 3084): 	at com.kingroot.hook.binder.BinderProxyBase.onTransact(SourceFile:34)
W/System.err( 3084): 	at android.os.Binder.execTransact(Binder.java:404)
W/System.err( 3084): 	at dalvik.system.NativeStart.run(Native Method)
W/System.err( 3084): java.lang.IllegalArgumentException: Unknown package: com.qihoo.antivirus
W/System.err( 3084): 	at com.android.server.pm.Settings.getApplicationEnabledSettingLPr(Settings.java:2873)
W/System.err( 3084): 	at com.android.server.pm.PackageManagerService.getApplicationEnabledSetting(PackageManagerService.java:10917)
W/System.err( 3084): 	at android.content.pm.IPackageManager$Stub.onTransact(IPackageManager.java:1081)
W/System.err( 3084): 	at com.android.server.pm.PackageManagerService.onTransact(PackageManagerService.java:1683)
W/System.err( 3084): 	at huawei.com.android.server.pm.HwPackageManagerService.onTransact(HwPackageManagerService.java:361)
W/System.err( 3084): 	at android.os.Binder.transact(Binder.java:361)
W/System.err( 3084): 	at com.kingroot.hook.binder.BinderProxyBase.onTransact(SourceFile:34)
W/System.err( 3084): 	at android.os.Binder.execTransact(Binder.java:404)
W/System.err( 3084): 	at dalvik.system.NativeStart.run(Native Method)
W/System.err( 3084): java.lang.IllegalArgumentException: Unknown package: com.qihoo.vpnmaster
W/System.err( 3084): 	at com.android.server.pm.Settings.getApplicationEnabledSettingLPr(Settings.java:2873)
W/System.err( 3084): 	at com.android.server.pm.PackageManagerService.getApplicationEnabledSetting(PackageManagerService.java:10917)
W/System.err( 3084): 	at android.content.pm.IPackageManager$Stub.onTransact(IPackageManager.java:1081)
W/System.err( 3084): 	at com.android.server.pm.PackageManagerService.onTransact(PackageManagerService.java:1683)
W/System.err( 3084): 	at huawei.com.android.server.pm.HwPackageManagerService.onTransact(HwPackageManagerService.java:361)
W/System.err( 3084): 	at android.os.Binder.transact(Binder.java:361)
W/System.err( 3084): 	at com.kingroot.hook.binder.BinderProxyBase.onTransact(SourceFile:34)
W/System.err( 3084): 	at android.os.Binder.execTransact(Binder.java:404)
W/System.err( 3084): 	at dalvik.system.NativeStart.run(Native Method)
W/System.err( 3084): java.lang.IllegalArgumentException: Unknown package: com.qihoo360.mobilesafe_lenovo
W/System.err( 3084): 	at com.android.server.pm.Settings.getApplicationEnabledSettingLPr(Settings.java:2873)
W/System.err( 3084): 	at com.android.server.pm.PackageManagerService.getApplicationEnabledSetting(PackageManagerService.java:10917)
W/System.err( 3084): 	at android.content.pm.IPackageManager$Stub.onTransact(IPackageManager.java:1081)
W/System.err( 3084): 	at com.android.server.pm.PackageManagerService.onTransact(PackageManagerService.java:1683)
W/System.err( 3084): 	at huawei.com.android.server.pm.HwPackageManagerService.onTransact(HwPackageManagerService.java:361)
W/System.err( 3084): 	at android.os.Binder.transact(Binder.java:361)
W/System.err( 3084): 	at com.kingroot.hook.binder.BinderProxyBase.onTransact(SourceFile:34)
W/System.err( 3084): 	at android.os.Binder.execTransact(Binder.java:404)
W/System.err( 3084): 	at dalvik.system.NativeStart.run(Native Method)
W/System.err( 3084): java.lang.IllegalArgumentException: Unknown package: com.qihoo360.mobilesafe_lenovoa60
W/System.err( 3084): 	at com.android.server.pm.Settings.getApplicationEnabledSettingLPr(Settings.java:2873)
W/System.err( 3084): 	at com.android.server.pm.PackageManagerService.getApplicationEnabledSetting(PackageManagerService.java:10917)
W/System.err( 3084): 	at android.content.pm.IPackageManager$Stub.onTransact(IPackageManager.java:1081)
W/System.err( 3084): 	at com.android.server.pm.PackageManagerService.onTransact(PackageManagerService.java:1683)
W/System.err( 3084): 	at huawei.com.android.server.pm.HwPackageManagerService.onTransact(HwPackageManagerService.java:361)
W/System.err( 3084): 	at android.os.Binder.transact(Binder.java:361)
W/System.err( 3084): 	at com.kingroot.hook.binder.BinderProxyBase.onTransact(SourceFile:34)
W/System.err( 3084): 	at android.os.Binder.execTransact(Binder.java:404)
W/System.err( 3084): 	at dalvik.system.NativeStart.run(Native Method)
W/System.err( 3084): java.lang.IllegalArgumentException: Unknown package: com.qihoo360.mobilesafe_lenovo_k800
W/System.err( 3084): 	at com.android.server.pm.Settings.getApplicationEnabledSettingLPr(Settings.java:2873)
W/System.err( 3084): 	at com.android.server.pm.PackageManagerService.getApplicationEnabledSetting(PackageManagerService.java:10917)
W/System.err( 3084): 	at android.content.pm.IPackageManager$Stub.onTransact(IPackageManager.java:1081)
W/System.err( 3084): 	at com.android.server.pm.PackageManagerService.onTransact(PackageManagerService.java:1683)
W/System.err( 3084): 	at huawei.com.android.server.pm.HwPackageManagerService.onTransact(HwPackageManagerService.java:361)
W/System.err( 3084): 	at android.os.Binder.transact(Binder.java:361)
W/System.err( 3084): 	at com.kingroot.hook.binder.BinderProxyBase.onTransact(SourceFile:34)
W/System.err( 3084): 	at android.os.Binder.execTransact(Binder.java:404)
W/System.err( 3084): 	at dalvik.system.NativeStart.run(Native Method)
W/System.err( 3084): java.lang.IllegalArgumentException: Unknown package: net.qihoo.launcher
W/System.err( 3084): 	at com.android.server.pm.Settings.getApplicationEnabledSettingLPr(Settings.java:2873)
W/System.err( 3084): 	at com.android.server.pm.PackageManagerService.getApplicationEnabledSetting(PackageManagerService.java:10917)
W/System.err( 3084): 	at android.content.pm.IPackageManager$Stub.onTransact(IPackageManager.java:1081)
W/System.err( 3084): 	at com.android.server.pm.PackageManagerService.onTransact(PackageManagerService.java:1683)
W/System.err( 3084): 	at huawei.com.android.server.pm.HwPackageManagerService.onTransact(HwPackageManagerService.java:361)
W/System.err( 3084): 	at android.os.Binder.transact(Binder.java:361)
W/System.err( 3084): 	at com.kingroot.hook.binder.BinderProxyBase.onTransact(SourceFile:34)
W/System.err( 3084): 	at android.os.Binder.execTransact(Binder.java:404)
W/System.err( 3084): 	at dalvik.system.NativeStart.run(Native Method)
W/System.err( 3084): java.lang.IllegalArgumentException: Unknown package: com.qihoo360.ilauncher
W/System.err( 3084): 	at com.android.server.pm.Settings.getApplicationEnabledSettingLPr(Settings.java:2873)
W/System.err( 3084): 	at com.android.server.pm.PackageManagerService.getApplicationEnabledSetting(PackageManagerService.java:10917)
W/System.err( 3084): 	at android.content.pm.IPackageManager$Stub.onTransact(IPackageManager.java:1081)
W/System.err( 3084): 	at com.android.server.pm.PackageManagerService.onTransact(PackageManagerService.java:1683)
W/System.err( 3084): 	at huawei.com.android.server.pm.HwPackageManagerService.onTransact(HwPackageManagerService.java:361)
W/System.err( 3084): 	at android.os.Binder.transact(Binder.java:361)
W/System.err( 3084): 	at com.kingroot.hook.binder.BinderProxyBase.onTransact(SourceFile:34)
W/System.err( 3084): 	at android.os.Binder.execTransact(Binder.java:404)
W/System.err( 3084): 	at dalvik.system.NativeStart.run(Native Method)
W/System.err( 3084): java.lang.IllegalArgumentException: Unknown package: net.qihoo.launcher.theme.p508
W/System.err( 3084): 	at com.android.server.pm.Settings.getApplicationEnabledSettingLPr(Settings.java:2873)
W/System.err( 3084): 	at com.android.server.pm.PackageManagerService.getApplicationEnabledSetting(PackageManagerService.java:10917)
W/System.err( 3084): 	at android.content.pm.IPackageManager$Stub.onTransact(IPackageManager.java:1081)
W/System.err( 3084): 	at com.android.server.pm.PackageManagerService.onTransact(PackageManagerService.java:1683)
W/System.err( 3084): 	at huawei.com.android.server.pm.HwPackageManagerService.onTransact(HwPackageManagerService.java:361)
W/System.err( 3084): 	at android.os.Binder.transact(Binder.java:361)
W/System.err( 3084): 	at com.kingroot.hook.binder.BinderProxyBase.onTransact(SourceFile:34)
W/System.err( 3084): 	at android.os.Binder.execTransact(Binder.java:404)
W/System.err( 3084): 	at dalvik.system.NativeStart.run(Native Method)
W/System.err( 3084): java.lang.IllegalArgumentException: Unknown package: com.qihoo.browser
W/System.err( 3084): 	at com.android.server.pm.Settings.getApplicationEnabledSettingLPr(Settings.java:2873)
W/System.err( 3084): 	at com.android.server.pm.PackageManagerService.getApplicationEnabledSetting(PackageManagerService.java:10917)
W/System.err( 3084): 	at android.content.pm.IPackageManager$Stub.onTransact(IPackageManager.java:1081)
W/System.err( 3084): 	at com.android.server.pm.PackageManagerService.onTransact(PackageManagerService.java:1683)
W/System.err( 3084): 	at huawei.com.android.server.pm.HwPackageManagerService.onTransact(HwPackageManagerService.java:361)
W/System.err( 3084): 	at android.os.Binder.transact(Binder.java:361)
W/System.err( 3084): 	at com.kingroot.hook.binder.BinderProxyBase.onTransact(SourceFile:34)
W/System.err( 3084): 	at android.os.Binder.execTransact(Binder.java:404)
W/System.err( 3084): 	at dalvik.system.NativeStart.run(Native Method)
I/DesktopLyricService( 7522): received broadcast action = android.intent.action.SCREEN_ON
I/DesktopLyricManager( 7522): scheduleShowLyricView delay = false
I/DesktopLyricManager( 7522): canShowLyric switchOn = false isBackGround = true mIsLyricViewAdded = false isPlaying = false isPreparing = false isUserPresent = true
I/K3V3CpuGovernorPolicy( 3522): close previously scene Hmp policy : 300 , 150
W/Tinker.TinkerLoader(14235): tryLoadPatchFiles:patch dir not exist:/data/data/cn.etouch.ecalendar/tinker
I/MultiDex(14235): VM with version 1.6.0 does not have multidex support
I/MultiDex(14235): install
I/MultiDex(14235): MultiDexExtractor.load(/data/app/cn.etouch.ecalendar-1.apk, false)
I/MultiDex(14235): loading existing secondary dex files
I/MultiDex(14235): load found 1 secondary dex files
I/MultiDex(14235): install done
I/dalvikvm(14235): Could not find method android.app.AlarmManager.setExactAndAllowWhileIdle, referenced from method cn.etouch.ecalendar.manager.ad.a
W/dalvikvm(14235): VFY: unable to resolve virtual method 426: Landroid/app/AlarmManager;.setExactAndAllowWhileIdle (IJLandroid/app/PendingIntent;)V
I/Process (14235): Sending signal. PID: 14235 SIG: 9
W/View    (24221): requestLayout() improperly called by com.android.systemui.statusbar.phone.IconMerger{432b7018 V.E..... ......I. 0,0-270,75 #7f0a0067 app:id/notificationIcons} during layout: running second layout pass
E/CommandListener( 2418): readDefRoute call readDefRoute
E/SecondaryTablController( 2418): isWifiDefaultRouteExisted /system/bin/ip route
W/View    (24221): requestLayout() improperly called by com.android.systemui.statusbar.phone.IconMerger{432b7018 V.E..... ........ 0,0-270,75 #7f0a0067 app:id/notificationIcons} during second layout pass: posting in next frame
W/Tinker.TinkerLoader(14264): tryLoadPatchFiles:patch dir not exist:/data/data/cn.etouch.ecalendar/tinker
E/CommandListener( 2418): readDefRoute Rsp ok
I/MultiDex(14264): VM with version 1.6.0 does not have multidex support
I/MultiDex(14264): install
I/MultiDex(14264): MultiDexExtractor.load(/data/app/cn.etouch.ecalendar-1.apk, false)
I/MultiDex(14264): loading existing secondary dex files
I/MultiDex(14264): load found 1 secondary dex files
I/MultiDex(14264): install done
I/dalvikvm(14264): Could not find method android.app.AlarmManager.setExactAndAllowWhileIdle, referenced from method cn.etouch.ecalendar.manager.ad.a
W/dalvikvm(14264): VFY: unable to resolve virtual method 426: Landroid/app/AlarmManager;.setExactAndAllowWhileIdle (IJLandroid/app/PendingIntent;)V
I/Process (14264): Sending signal. PID: 14264 SIG: 9
W/GooglePlayServicesUtil( 1220): Google Play Store is missing.
W/GooglePlayServicesUtil( 1220): Google Play Store is missing.
I/wpa_supplicant(27084): wlan0: HEART-BEAT-ACK: 4129
I/tnet-jni( 1204): 49962 - [spdyPingRecvCallback] - 
I/tnet-jni( 1204): 49962 - [SpdySessionCallBack.spdyPingRecvCallback] - org.android.spdy.SpdySession@43337438
E/Thermal-daemon( 2432): [charger] temp_new :37  temp_old :38
E/Thermal-daemon( 2432): Report temperature: [charger] temp :37  report_threshold:1
W/View    (24221): requestLayout() improperly called by com.android.systemui.statusbar.phone.IconMerger{432b7018 V.E..... ......I. 0,0-270,75 #7f0a0067 app:id/notificationIcons} during layout: running second layout pass
W/View    (24221): requestLayout() improperly called by com.android.systemui.statusbar.phone.IconMerger{432b7018 V.E..... ........ 0,0-270,75 #7f0a0067 app:id/notificationIcons} during second layout pass: posting in next frame
W/View    (24221): requestLayout() improperly called by com.android.systemui.statusbar.phone.IconMerger{432b7018 V.E..... ......I. 0,0-270,75 #7f0a0067 app:id/notificationIcons} during layout: running second layout pass
I/ActivityManager( 3084): pkg:[cn.etouch.ecalendar:pushservice] pid:[0]  maybe timeout , send to PG
W/View    (24221): requestLayout() improperly called by com.android.systemui.statusbar.phone.IconMerger{432b7018 V.E..... ........ 0,0-270,75 #7f0a0067 app:id/notificationIcons} during second layout pass: posting in next frame
I/CAPALiteReceiver( 3522): USER STATE: STATIONARY SUB STATE: UNKNOWN
W/View    (24221): requestLayout() improperly called by com.android.systemui.statusbar.phone.IconMerger{432b7018 V.E..... ......I. 0,0-270,75 #7f0a0067 app:id/notificationIcons} during layout: running second layout pass
E/Thermal-daemon( 2432): [ap] temp_new :41  temp_old :42
E/Thermal-daemon( 2432): Report temperature: [ap] temp :41  report_threshold:1
I/ActivityManager( 3084): pkg:[cn.etouch.ecalendar:pushservice] pid:[0]  maybe timeout , send to PG
W/View    (24221): requestLayout() improperly called by com.android.systemui.statusbar.phone.IconMerger{432b7018 V.E..... ........ 0,0-270,75 #7f0a0067 app:id/notificationIcons} during second layout pass: posting in next frame
I/ActivityManager( 3084): pkg:[cn.etouch.ecalendar:pushservice] pid:[0]  maybe timeout , send to PG
W/View    (24221): requestLayout() improperly called by com.android.systemui.statusbar.phone.IconMerger{432b7018 V.E..... ......I. 0,0-270,75 #7f0a0067 app:id/notificationIcons} during layout: running second layout pass
W/GooglePlayServicesUtil( 1220): Google Play Store is missing.
W/GooglePlayServicesUtil( 1220): Google Play Store is missing.
W/View    (24221): requestLayout() improperly called by com.android.systemui.statusbar.phone.IconMerger{432b7018 V.E..... ........ 0,0-270,75 #7f0a0067 app:id/notificationIcons} during second layout pass: posting in next frame
W/View    (24221): requestLayout() improperly called by com.android.systemui.statusbar.phone.IconMerger{432b7018 V.E..... ......I. 0,0-270,75 #7f0a0067 app:id/notificationIcons} during layout: running second layout pass
E/android_hardware_fm.cpp(14319): register_android_hardware_fm_fmradio
E/FM_HAL  (14319): [FM_HAL], fm_dynamic_lib is libbcmfm_if
E/FM_HAL  (14319): [FM_HAL], libname is libbcmfm_if
E/fm_if.c (14319): find the id:libbcmfm_if and begins to open the devices
E/android_hardware_fm.cpp(14319): register_android_hardware_fm_fmradio, ret is 0
E/        (14319): ProtocolErrorLog wangkang test!!
I/wpa_supplicant(27084): wlan0: HEART-BEAT-ACK: 4130
W/View    (24221): requestLayout() improperly called by com.android.systemui.statusbar.phone.IconMerger{432b7018 V.E..... ........ 0,0-270,75 #7f0a0067 app:id/notificationIcons} during second layout pass: posting in next frame
W/View    (24221): requestLayout() improperly called by com.android.systemui.statusbar.phone.IconMerger{432b7018 V.E..... ......I. 0,0-270,75 #7f0a0067 app:id/notificationIcons} during layout: running second layout pass
W/GooglePlayServicesUtil( 1220): Google Play Store is missing.
W/GooglePlayServicesUtil( 1220): Google Play Store is missing.
W/View    (24221): requestLayout() improperly called by com.android.systemui.statusbar.phone.IconMerger{432b7018 V.E..... ........ 0,0-270,75 #7f0a0067 app:id/notificationIcons} during second layout pass: posting in next frame
W/View    (24221): requestLayout() improperly called by com.android.systemui.statusbar.phone.IconMerger{432b7018 V.E..... ......I. 0,0-270,75 #7f0a0067 app:id/notificationIcons} during layout: running second layout pass
W/View    (24221): requestLayout() improperly called by com.android.systemui.statusbar.phone.IconMerger{432b7018 V.E..... ......I. 0,0-270,75 #7f0a0067 app:id/notificationIcons} during layout: running second layout pass
W/View    (24221): requestLayout() improperly called by com.android.systemui.statusbar.phone.IconMerger{432b7018 V.E..... ........ 0,0-270,75 #7f0a0067 app:id/notificationIcons} during second layout pass: posting in next frame
W/View    (24221): requestLayout() improperly called by com.android.systemui.statusbar.phone.IconMerger{432b7018 V.E..... ......I. 0,0-270,75 #7f0a0067 app:id/notificationIcons} during second layout pass: posting in next frame
I/CAPALiteReceiver( 3522): USER STATE: STATIONARY SUB STATE: UNKNOWN
W/GooglePlayServicesUtil( 1220): Google Play Store is missing.
W/GooglePlayServicesUtil( 1220): Google Play Store is missing.
E/CommandListener( 2418): readDefRoute call readDefRoute
E/SecondaryTablController( 2418): isWifiDefaultRouteExisted /system/bin/ip route
W/View    (24221): requestLayout() improperly called by com.android.systemui.statusbar.phone.IconMerger{432b7018 V.E..... ......I. 0,0-270,75 #7f0a0067 app:id/notificationIcons} during layout: running second layout pass
E/CommandListener( 2418): readDefRoute Rsp ok
I/wpa_supplicant(27084): wlan0: HEART-BEAT-ACK: 4131
W/View    (24221): requestLayout() improperly called by com.android.systemui.statusbar.phone.IconMerger{432b7018 V.E..... ......I. 0,0-270,75 #7f0a0067 app:id/notificationIcons} during layout: running second layout pass
W/View    (24221): requestLayout() improperly called by com.android.systemui.statusbar.phone.IconMerger{432b7018 V.E..... ........ 0,0-270,75 #7f0a0067 app:id/notificationIcons} during second layout pass: posting in next frame
W/View    (24221): requestLayout() improperly called by com.android.systemui.statusbar.phone.IconMerger{432b7018 V.E..... ......I. 0,0-270,75 #7f0a0067 app:id/notificationIcons} during second layout pass: posting in next frame
W/View    (24221): requestLayout() improperly called by com.android.systemui.statusbar.phone.IconMerger{432b7018 V.E..... ......I. 0,0-270,75 #7f0a0067 app:id/notificationIcons} during layout: running second layout pass
W/GooglePlayServicesUtil( 1220): Google Play Store is missing.
W/GooglePlayServicesUtil( 1220): Google Play Store is missing.
W/View    (24221): requestLayout() improperly called by com.android.systemui.statusbar.phone.IconMerger{432b7018 V.E..... ......I. 0,0-270,75 #7f0a0067 app:id/notificationIcons} during layout: running second layout pass
W/View    (24221): requestLayout() improperly called by com.android.systemui.statusbar.phone.IconMerger{432b7018 V.E..... ........ 0,0-270,75 #7f0a0067 app:id/notificationIcons} during second layout pass: posting in next frame
W/View    (24221): requestLayout() improperly called by com.android.systemui.statusbar.phone.IconMerger{432b7018 V.E..... ......I. 0,0-270,75 #7f0a0067 app:id/notificationIcons} during second layout pass: posting in next frame
E/Thermal-daemon( 2432): [ap] temp_new :40  temp_old :41
E/Thermal-daemon( 2432): Report temperature: [ap] temp :40  report_threshold:1
I/ThermalStateManager( 3522): thermal action: cpu_a15 policy:0
E/AudioFlinger( 2426): setLppDtsGeq():invalid keyValue of dts geq.
W/View    (24221): requestLayout() improperly called by com.android.systemui.statusbar.phone.IconMerger{432b7018 V.E..... ......I. 0,0-270,75 #7f0a0067 app:id/notificationIcons} during layout: running second layout pass
I/CAPALiteReceiver( 3522): USER STATE: STATIONARY SUB STATE: UNKNOWN
W/View    (24221): requestLayout() improperly called by com.android.systemui.statusbar.phone.IconMerger{432b7018 V.E..... ........ 0,0-270,75 #7f0a0067 app:id/notificationIcons} during second layout pass: posting in next frame
E/Thermal-daemon( 2432): [ap] temp_new :41  temp_old :40
E/Thermal-daemon( 2432): Report temperature: [ap] temp :41  report_threshold:1
I/wpa_supplicant(27084): wlan0: HEART-BEAT-ACK: 4132
W/GooglePlayServicesUtil( 1220): Google Play Store is missing.
W/GooglePlayServicesUtil( 1220): Google Play Store is missing.
W/View    (24221): requestLayout() improperly called by com.android.systemui.statusbar.phone.IconMerger{432b7018 V.E..... ......I. 0,0-270,75 #7f0a0067 app:id/notificationIcons} during layout: running second layout pass
E/AudioFlinger( 2426): setLppDtsGeq():invalid keyValue of dts geq.
W/View    (24221): requestLayout() improperly called by com.android.systemui.statusbar.phone.IconMerger{432b7018 V.E..... ......I. 0,0-270,75 #7f0a0067 app:id/notificationIcons} during layout: running second layout pass
W/View    (24221): requestLayout() improperly called by com.android.systemui.statusbar.phone.IconMerger{432b7018 V.E..... ........ 0,0-270,75 #7f0a0067 app:id/notificationIcons} during second layout pass: posting in next frame
W/View    (24221): requestLayout() improperly called by com.android.systemui.statusbar.phone.IconMerger{432b7018 V.E..... ......I. 0,0-270,75 #7f0a0067 app:id/notificationIcons} during second layout pass: posting in next frame
W/GooglePlayServicesUtil( 1220): Google Play Store is missing.
W/GooglePlayServicesUtil( 1220): Google Play Store is missing.
W/View    (24221): requestLayout() improperly called by com.android.systemui.statusbar.phone.IconMerger{432b7018 V.E..... ......I. 0,0-270,75 #7f0a0067 app:id/notificationIcons} during layout: running second layout pass
W/View    (24221): requestLayout() improperly called by com.android.systemui.statusbar.phone.IconMerger{432b7018 V.E..... ......I. 0,0-270,75 #7f0a0067 app:id/notificationIcons} during layout: running second layout pass
W/View    (24221): requestLayout() improperly called by com.android.systemui.statusbar.phone.IconMerger{432b7018 V.E..... ........ 0,0-270,75 #7f0a0067 app:id/notificationIcons} during second layout pass: posting in next frame
W/View    (24221): requestLayout() improperly called by com.android.systemui.statusbar.phone.IconMerger{432b7018 V.E..... ......I. 0,0-270,75 #7f0a0067 app:id/notificationIcons} during second layout pass: posting in next frame
W/View    (24221): requestLayout() improperly called by com.android.systemui.statusbar.phone.IconMerger{432b7018 V.E..... ......I. 0,0-270,75 #7f0a0067 app:id/notificationIcons} during layout: running second layout pass
W/View    (24221): requestLayout() improperly called by com.android.systemui.statusbar.phone.IconMerger{432b7018 V.E..... ......I. 0,0-270,75 #7f0a0067 app:id/notificationIcons} during layout: running second layout pass
W/View    (24221): requestLayout() improperly called by com.android.systemui.statusbar.phone.IconMerger{432b7018 V.E..... ........ 0,0-270,75 #7f0a0067 app:id/notificationIcons} during second layout pass: posting in next frame
W/View    (24221): requestLayout() improperly called by com.android.systemui.statusbar.phone.IconMerger{432b7018 V.E..... ......I. 0,0-270,75 #7f0a0067 app:id/notificationIcons} during second layout pass: posting in next frame
W/View    (24221): requestLayout() improperly called by com.android.systemui.statusbar.phone.IconMerger{432b7018 V.E..... ......I. 0,0-270,75 #7f0a0067 app:id/notificationIcons} during layout: running second layout pass
E/CommandListener( 2418): readDefRoute call readDefRoute
E/SecondaryTablController( 2418): isWifiDefaultRouteExisted /system/bin/ip route
I/wpa_supplicant(27084): wlan0: HEART-BEAT-ACK: 4133
E/CommandListener( 2418): readDefRoute Rsp ok
I/CAPALiteReceiver( 3522): USER STATE: STATIONARY SUB STATE: UNKNOWN
W/View    (24221): requestLayout() improperly called by com.android.systemui.statusbar.phone.IconMerger{432b7018 V.E..... ........ 0,0-270,75 #7f0a0067 app:id/notificationIcons} during second layout pass: posting in next frame
W/View    (24221): requestLayout() improperly called by com.android.systemui.statusbar.phone.IconMerger{432b7018 V.E..... ......I. 0,0-270,75 #7f0a0067 app:id/notificationIcons} during layout: running second layout pass
W/GooglePlayServicesUtil( 1220): Google Play Store is missing.
W/GooglePlayServicesUtil( 1220): Google Play Store is missing.
E/android_hardware_fm.cpp(14486): register_android_hardware_fm_fmradio
E/FM_HAL  (14486): [FM_HAL], fm_dynamic_lib is libbcmfm_if
E/FM_HAL  (14486): [FM_HAL], libname is libbcmfm_if
E/fm_if.c (14486): find the id:libbcmfm_if and begins to open the devices
E/android_hardware_fm.cpp(14486): register_android_hardware_fm_fmradio, ret is 0
E/        (14486): ProtocolErrorLog wangkang test!!
W/View    (24221): requestLayout() improperly called by com.android.systemui.statusbar.phone.IconMerger{432b7018 V.E..... ........ 0,0-270,75 #7f0a0067 app:id/notificationIcons} during second layout pass: posting in next frame
W/View    (24221): requestLayout() improperly called by com.android.systemui.statusbar.phone.IconMerger{432b7018 V.E..... ......I. 0,0-270,75 #7f0a0067 app:id/notificationIcons} during layout: running second layout pass
W/View    (24221): requestLayout() improperly called by com.android.systemui.statusbar.phone.IconMerger{432b7018 V.E..... ........ 0,0-270,75 #7f0a0067 app:id/notificationIcons} during second layout pass: posting in next frame
E/AudioFlinger( 2426): setLppDtsGeq():invalid keyValue of dts geq.
W/GooglePlayServicesUtil( 1220): Google Play Store is missing.
W/GooglePlayServicesUtil( 1220): Google Play Store is missing.
I/wpa_supplicant(27084): wlan0: HEART-BEAT-ACK: 4134
W/View    (24221): requestLayout() improperly called by com.android.systemui.statusbar.phone.IconMerger{432b7018 V.E..... ......I. 0,0-270,75 #7f0a0067 app:id/notificationIcons} during layout: running second layout pass
W/View    (24221): requestLayout() improperly called by com.android.systemui.statusbar.phone.IconMerger{432b7018 V.E..... ......I. 0,0-270,75 #7f0a0067 app:id/notificationIcons} during layout: running second layout pass
W/View    (24221): requestLayout() improperly called by com.android.systemui.statusbar.phone.IconMerger{432b7018 V.E..... ........ 0,0-270,75 #7f0a0067 app:id/notificationIcons} during second layout pass: posting in next frame
W/View    (24221): requestLayout() improperly called by com.android.systemui.statusbar.phone.IconMerger{432b7018 V.E..... ......I. 0,0-270,75 #7f0a0067 app:id/notificationIcons} during second layout pass: posting in next frame
W/View    (24221): requestLayout() improperly called by com.android.systemui.statusbar.phone.IconMerger{432b7018 V.E..... ......I. 0,0-270,75 #7f0a0067 app:id/notificationIcons} during layout: running second layout pass
W/View    (24221): requestLayout() improperly called by com.android.systemui.statusbar.phone.IconMerger{432b7018 V.E..... ......I. 0,0-270,75 #7f0a0067 app:id/notificationIcons} during layout: running second layout pass
