E/Thermal-daemon( 2432): [charger] temp_new :37  temp_old :38
E/Thermal-daemon( 2432): Report temperature: [charger] temp :37  report_threshold:1
E/CommandListener( 2418): readDefRoute call readDefRoute
E/SecondaryTablController( 2418): isWifiDefaultRouteExisted /system/bin/ip route
E/CommandListener( 2418): readDefRoute Rsp ok
W/View    (24221): requestLayout() improperly called by com.android.systemui.statusbar.phone.IconMerger{432b7018 V.E..... ......I. 0,0-270,75 #7f0a0067 app:id/notificationIcons} during layout: running second layout pass
W/View    (24221): requestLayout() improperly called by com.android.systemui.statusbar.phone.IconMerger{432b7018 V.E..... ........ 0,0-270,75 #7f0a0067 app:id/notificationIcons} during second layout pass: posting in next frame
W/View    (24221): requestLayout() improperly called by com.android.systemui.statusbar.phone.IconMerger{432b7018 V.E..... ......I. 0,0-270,75 #7f0a0067 app:id/notificationIcons} during second layout pass: posting in next frame
W/GooglePlayServicesUtil( 1220): Google Play Store is missing.
W/GooglePlayServicesUtil( 1220): Google Play Store is missing.
E/Thermal-daemon( 2432): [pa_0] temp_new :37  temp_old :38
E/Thermal-daemon( 2432): Report temperature: [pa_0] temp :37  report_threshold:1
E/Thermal-daemon( 2432): [charger] temp_new :38  temp_old :37
E/Thermal-daemon( 2432): Report temperature: [charger] temp :38  report_threshold:1
W/View    (24221): requestLayout() improperly called by com.android.systemui.statusbar.phone.IconMerger{432b7018 V.E..... ......I. 0,0-270,75 #7f0a0067 app:id/notificationIcons} during layout: running second layout pass
W/View    (24221): requestLayout() improperly called by com.android.systemui.statusbar.phone.IconMerger{432b7018 V.E..... ........ 0,0-270,75 #7f0a0067 app:id/notificationIcons} during second layout pass: posting in next frame
E/Thermal-daemon( 2432): [charger] temp_new :37  temp_old :38
E/Thermal-daemon( 2432): Report temperature: [charger] temp :37  report_threshold:1
I/wpa_supplicant(27084): wlan0: HEART-BEAT-ACK: 4142
W/GooglePlayServicesUtil( 1220): Google Play Store is missing.
W/GooglePlayServicesUtil( 1220): Google Play Store is missing.
W/View    (24221): requestLayout() improperly called by com.android.systemui.statusbar.phone.IconMerger{432b7018 V.E..... ......I. 0,0-270,75 #7f0a0067 app:id/notificationIcons} during layout: running second layout pass
W/View    (24221): requestLayout() improperly called by com.android.systemui.statusbar.phone.IconMerger{432b7018 V.E..... ......I. 0,0-270,75 #7f0a0067 app:id/notificationIcons} during layout: running second layout pass
W/View    (24221): requestLayout() improperly called by com.android.systemui.statusbar.phone.IconMerger{432b7018 V.E..... ........ 0,0-270,75 #7f0a0067 app:id/notificationIcons} during second layout pass: posting in next frame
W/View    (24221): requestLayout() improperly called by com.android.systemui.statusbar.phone.IconMerger{432b7018 V.E..... ......I. 0,0-270,75 #7f0a0067 app:id/notificationIcons} during second layout pass: posting in next frame
I/CAPALiteReceiver( 3522): USER STATE: STATIONARY SUB STATE: UNKNOWN
E/Thermal-daemon( 2432): [ap] temp_new :38  temp_old :39
E/Thermal-daemon( 2432): Report temperature: [ap] temp :38  report_threshold:1
W/GooglePlayServicesUtil( 1220): Google Play Store is missing.
W/GooglePlayServicesUtil( 1220): Google Play Store is missing.
W/View    (24221): requestLayout() improperly called by com.android.systemui.statusbar.phone.IconMerger{432b7018 V.E..... ......I. 0,0-270,75 #7f0a0067 app:id/notificationIcons} during layout: running second layout pass
W/View    (24221): requestLayout() improperly called by com.android.systemui.statusbar.phone.IconMerger{432b7018 V.E..... ........ 0,0-270,75 #7f0a0067 app:id/notificationIcons} during second layout pass: posting in next frame
W/View    (24221): requestLayout() improperly called by com.android.systemui.statusbar.phone.IconMerger{432b7018 V.E..... ......I. 0,0-270,75 #7f0a0067 app:id/notificationIcons} during layout: running second layout pass
W/View    (24221): requestLayout() improperly called by com.android.systemui.statusbar.phone.IconMerger{432b7018 V.E..... ........ 0,0-270,75 #7f0a0067 app:id/notificationIcons} during second layout pass: posting in next frame
I/wpa_supplicant(27084): wlan0: HEART-BEAT-ACK: 4143
I/tnet-jni( 1204): 49962 - [spdyPingRecvCallback] - 
I/tnet-jni( 1204): 49962 - [SpdySessionCallBack.spdyPingRecvCallback] - org.android.spdy.SpdySession@43337438
W/View    (24221): requestLayout() improperly called by com.android.systemui.statusbar.phone.IconMerger{432b7018 V.E..... ......I. 0,0-270,75 #7f0a0067 app:id/notificationIcons} during layout: running second layout pass
W/View    (24221): requestLayout() improperly called by com.android.systemui.statusbar.phone.IconMerger{432b7018 V.E..... ........ 0,0-270,75 #7f0a0067 app:id/notificationIcons} during second layout pass: posting in next frame
E/Thermal-daemon( 2432): [flash_led] temp_new :37  temp_old :38
E/Thermal-daemon( 2432): Report temperature: [flash_led] temp :37  report_threshold:1
E/CommandListener( 2418): readDefRoute call readDefRoute
E/SecondaryTablController( 2418): isWifiDefaultRouteExisted /system/bin/ip route
W/GooglePlayServicesUtil( 1220): Google Play Store is missing.
W/GooglePlayServicesUtil( 1220): Google Play Store is missing.
E/CommandListener( 2418): readDefRoute Rsp ok
W/View    (24221): requestLayout() improperly called by com.android.systemui.statusbar.phone.IconMerger{432b7018 V.E..... ......I. 0,0-270,75 #7f0a0067 app:id/notificationIcons} during layout: running second layout pass
W/View    (24221): requestLayout() improperly called by com.android.systemui.statusbar.phone.IconMerger{432b7018 V.E..... ......I. 0,0-270,75 #7f0a0067 app:id/notificationIcons} during layout: running second layout pass
W/View    (24221): requestLayout() improperly called by com.android.systemui.statusbar.phone.IconMerger{432b7018 V.E..... ........ 0,0-270,75 #7f0a0067 app:id/notificationIcons} during second layout pass: posting in next frame
W/View    (24221): requestLayout() improperly called by com.android.systemui.statusbar.phone.IconMerger{432b7018 V.E..... ......I. 0,0-270,75 #7f0a0067 app:id/notificationIcons} during second layout pass: posting in next frame
W/GooglePlayServicesUtil( 1220): Google Play Store is missing.
W/GooglePlayServicesUtil( 1220): Google Play Store is missing.
I/wpa_supplicant(27084): wlan0: HEART-BEAT-ACK: 4144
I/CAPALiteReceiver( 3522): USER STATE: STATIONARY SUB STATE: UNKNOWN
W/GooglePlayServicesUtil( 1220): Google Play Store is missing.
W/GooglePlayServicesUtil( 1220): Google Play Store is missing.
W/View    (24221): requestLayout() improperly called by com.android.systemui.statusbar.phone.IconMerger{432b7018 V.E..... ......I. 0,0-270,75 #7f0a0067 app:id/notificationIcons} during layout: running second layout pass
E/android_hardware_fm.cpp(14980): register_android_hardware_fm_fmradio
E/FM_HAL  (14980): [FM_HAL], fm_dynamic_lib is libbcmfm_if
E/FM_HAL  (14980): [FM_HAL], libname is libbcmfm_if
E/fm_if.c (14980): find the id:libbcmfm_if and begins to open the devices
E/android_hardware_fm.cpp(14980): register_android_hardware_fm_fmradio, ret is 0
E/        (14980): ProtocolErrorLog wangkang test!!
E/android_hardware_fm.cpp(15000): register_android_hardware_fm_fmradio
E/FM_HAL  (15000): [FM_HAL], fm_dynamic_lib is libbcmfm_if
E/FM_HAL  (15000): [FM_HAL], libname is libbcmfm_if
E/fm_if.c (15000): find the id:libbcmfm_if and begins to open the devices
E/android_hardware_fm.cpp(15000): register_android_hardware_fm_fmradio, ret is 0
E/        (15000): ProtocolErrorLog wangkang test!!
I/K3V3CpuGovernorPolicy( 3522): set scene Hmp policy : 300 , 150
I/HwSystemManager( 3870): HoldService:preHoldShow start!
I/HwSystemManager( 3870): HoldService:The prePermissionType is: 1
I/HwSystemManager( 3870): HoldService:preHoldShow start!
I/HwSystemManager( 3870): HoldService:The prePermissionType is: 1
I/HwSystemManager( 3870): HoldService:preHoldShow start!
I/HwSystemManager( 3870): HoldService:The prePermissionType is: 1
I/HwSystemManager( 3870): HoldService:preHoldShow start!
I/HwSystemManager( 3870): HoldService:The prePermissionType is: 1
I/HwSystemManager( 3870): HoldService:preHoldShow start!
I/HwSystemManager( 3870): HoldService:The prePermissionType is: 1
W/System.err(11962): com.qq.taf.jce.JceDecodeException: require field not exist.
W/System.err(11962): 	at com.qq.taf.jce.JceInputStream.read(JceInputStream.java:274)
W/System.err(11962): 	at com.tencent.assistant.protocol.jce.GetChannelMsgResponse.readFrom(ProGuard:40)
W/System.err(11962): 	at com.tencent.assistant.utils.JceUtils.bytes2JceObj(ProGuard:105)
W/System.err(11962): 	at com.tencent.assistant.db.JceCache.readSingleFromCache(ProGuard:173)
W/System.err(11962): 	at com.tencent.assistant.db.JceCache.readJceFromCache(ProGuard:152)
W/System.err(11962): 	at com.tencent.assistant.manager.c.getChanelMsgResponse(ProGuard:1522)
W/System.err(11962): 	at com.tencent.pangu.module.o.run(ProGuard:1367)
W/System.err(11962): 	at java.util.concurrent.Executors$RunnableAdapter.call(Executors.java:422)
W/System.err(11962): 	at java.util.concurrent.FutureTask.run(FutureTask.java:237)
W/System.err(11962): 	at java.util.concurrent.ScheduledThreadPoolExecutor$ScheduledFutureTask.access$201(ScheduledThreadPoolExecutor.java:152)
W/System.err(11962): 	at java.util.concurrent.ScheduledThreadPoolExecutor$ScheduledFutureTask.run(ScheduledThreadPoolExecutor.java:265)
W/System.err(11962): 	at java.util.concurrent.ThreadPoolExecutor.runWorker(ThreadPoolExecutor.java:1112)
W/System.err(11962): 	at java.util.concurrent.ThreadPoolExecutor$Worker.run(ThreadPoolExecutor.java:587)
W/System.err(11962): 	at java.lang.Thread.run(Thread.java:841)
E/ChannelMsgEngine(11962): processFlag: daemon, [pool-1-temporary-thread-3:47823] o.run(1410): java.lang.NullPointerException
W/View    (24221): requestLayout() improperly called by com.android.systemui.statusbar.phone.IconMerger{432b7018 V.E..... ........ 0,0-270,75 #7f0a0067 app:id/notificationIcons} during second layout pass: posting in next frame
I/K3V3CpuGovernorPolicy( 3522): close previously scene Hmp policy : 300 , 150
W/View    (24221): requestLayout() improperly called by com.android.systemui.statusbar.phone.IconMerger{432b7018 V.E..... ......I. 0,0-270,75 #7f0a0067 app:id/notificationIcons} during layout: running second layout pass
I/wpa_supplicant(27084): wlan0: HEART-BEAT-ACK: 4145
W/View    (24221): requestLayout() improperly called by com.android.systemui.statusbar.phone.IconMerger{432b7018 V.E..... ........ 0,0-270,75 #7f0a0067 app:id/notificationIcons} during second layout pass: posting in next frame
W/View    (24221): requestLayout() improperly called by com.android.systemui.statusbar.phone.IconMerger{432b7018 V.E..... ......I. 0,0-270,75 #7f0a0067 app:id/notificationIcons} during layout: running second layout pass
I/InputDispatcher( 3084): maybe input dispatch timeout, send to pg
W/View    (24221): requestLayout() improperly called by com.android.systemui.statusbar.phone.IconMerger{432b7018 V.E..... ......I. 0,0-270,75 #7f0a0067 app:id/notificationIcons} during layout: running second layout pass
W/View    (24221): requestLayout() improperly called by com.android.systemui.statusbar.phone.IconMerger{432b7018 V.E..... ........ 0,0-270,75 #7f0a0067 app:id/notificationIcons} during second layout pass: posting in next frame
W/View    (24221): requestLayout() improperly called by com.android.systemui.statusbar.phone.IconMerger{432b7018 V.E..... ......I. 0,0-270,75 #7f0a0067 app:id/notificationIcons} during second layout pass: posting in next frame
W/GooglePlayServicesUtil( 1220): Google Play Store is missing.
W/GooglePlayServicesUtil( 1220): Google Play Store is missing.
E/Thermal-daemon( 2432): [ap] temp_new :39  temp_old :38
E/Thermal-daemon( 2432): Report temperature: [ap] temp :39  report_threshold:1
E/NestedScrollLayout( 1710):  
E/NestedScrollLayout( 1710):  
E/NestedScrollLayout( 1710):  
E/NestedScrollLayout( 1710):  
E/NestedScrollLayout( 1710):  
E/NestedScrollLayout( 1710):  
I/TextToSpeech( 1710): Sucessfully bound to com.svox.pico
E/SelfBrailleClient( 1710): Failed to bind to service
E/RecyclerView( 1710): No adapter attached; skipping layout
W/View    (24221): requestLayout() improperly called by com.android.systemui.statusbar.phone.IconMerger{432b7018 V.E..... ......I. 0,0-270,75 #7f0a0067 app:id/notificationIcons} during layout: running second layout pass
I/TextToSpeech( 1710): Connected to ComponentInfo{com.svox.pico/com.svox.pico.PicoService}
I/TextToSpeech( 1710): Set up connection to ComponentInfo{com.svox.pico/com.svox.pico.PicoService}
I/ActivityManager( 3084): Displayed com.jianshu.haruki/com.baiji.jianshu.ui.articledetail.ArticleDetailActivity: +599ms
W/View    (24221): requestLayout() improperly called by com.android.systemui.statusbar.phone.IconMerger{432b7018 V.E..... ......I. 0,0-270,75 #7f0a0067 app:id/notificationIcons} during layout: running second layout pass
W/View    (24221): requestLayout() improperly called by com.android.systemui.statusbar.phone.IconMerger{432b7018 V.E..... ........ 0,0-270,75 #7f0a0067 app:id/notificationIcons} during second layout pass: posting in next frame
W/View    (24221): requestLayout() improperly called by com.android.systemui.statusbar.phone.IconMerger{432b7018 V.E..... ......I. 0,0-270,75 #7f0a0067 app:id/notificationIcons} during second layout pass: posting in next frame
E/SelfBrailleClient( 1710): Failed to bind to service
W/UnimplementedWebViewApi( 1710): Unimplemented WebView method onKeyDown called from: android.webkit.WebView.onKeyDown(WebView.java:2224)
W/AwContents( 1710): nativeOnDraw failed; clearing to background color.
W/AwContents( 1710): nativeOnDraw failed; clearing to background color.
E/CommandListener( 2418): readDefRoute call readDefRoute
E/SecondaryTablController( 2418): isWifiDefaultRouteExisted /system/bin/ip route
I/chromium( 1710): [INFO:CONSOLE(0)] "The page at https://www.jianshu.com/ ran insecure content from http://static0.jianshu.io/mobile-app-page-v1.js.
I/chromium( 1710): ", source: https://www.jianshu.com/ (0)
I/chromium( 1710): [INFO:web_contents_impl.cc(2308)] https://www.jianshu.com ran insecure content from http://static0.jianshu.io/mobile-app-page-v1.js
E/SelfBrailleClient( 1710): Failed to bind to service
I/chromium( 1710): [INFO:CONSOLE(1)] "imageListener initialization begin", source: https://www.jianshu.com/ (1)
I/chromium( 1710): [INFO:CONSOLE(1)] "imageListener initialization end", source: https://www.jianshu.com/ (1)
I/chromium( 1710): [INFO:async_pixel_transfer_manager_android.cc(56)] Async pixel transfers not supported
I/InputDispatcher( 3084): maybe input dispatch timeout, send to pg
I/chromium( 1710): [INFO:CONSOLE(1)] "onSelectedHtmlListener initialization begin", source: https://www.jianshu.com/ (1)
I/chromium( 1710): [INFO:CONSOLE(1)] "onSelectedHtmlListener initialization end", source: https://www.jianshu.com/ (1)
I/chromium( 1710): [INFO:CONSOLE(1)] "onDeSelectHtmlListener initialization begin", source: https://www.jianshu.com/ (1)
I/chromium( 1710): [INFO:CONSOLE(1)] "onDeSelectHtmlListener initialization end", source: https://www.jianshu.com/ (1)
I/chromium( 1710): [INFO:CONSOLE(0)] "The page at https://www.jianshu.com/ displayed insecure content from file:///storage/emulated/0/Android/data/com.jianshu.haruki/cache/webview-img/-1046648627.0.
I/chromium( 1710): ", source: https://www.jianshu.com/ (0)
W/UnimplementedWebViewApi( 1710): Unimplemented WebView method onKeyDown called from: android.webkit.WebView.onKeyDown(WebView.java:2224)
I/chromium( 1710): [INFO:CONSOLE(0)] "The page at https://www.jianshu.com/ displayed insecure content from file:///storage/emulated/0/Android/data/com.jianshu.haruki/cache/webview-img/-1099729716.0.
I/chromium( 1710): ", source: https://www.jianshu.com/ (0)
I/chromium( 1710): [INFO:CONSOLE(1)] "Uncaught TypeError: Cannot call method 'getContentHeight' of undefined", source: https://www.jianshu.com/ (1)
E/CommandListener( 2418): readDefRoute Rsp ok
I/chromium( 1710): [INFO:CONSOLE(547)] " Image clicked", source: https://www.jianshu.com/ (547)
E/chromium( 1710): [ERROR:immediate_input_router.cc(507)] We seem to have a different key type sent from the renderer. (10 vs. 9). Ignoring event.
E/chromium( 1710): [ERROR:immediate_input_router.cc(504)] Got a KeyEvent back from the renderer but we don't seem to have sent it to the renderer!
I/ActivityManager( 3084): Displayed com.jianshu.haruki/com.baiji.jianshu.ui.articledetail.ArticleImagePreviewActivity: +358ms
I/dalvikvm-heap( 1710): Grow heap (frag case) to 72.028MB for 1712896-byte allocation
I/dalvikvm-heap( 1710): Grow heap (frag case) to 73.658MB for 1710736-byte allocation
E/SelfBrailleClient( 1710): Failed to bind to service
E/Thermal-daemon( 2432): [ap] temp_new :40  temp_old :39
E/Thermal-daemon( 2432): Report temperature: [ap] temp :40  report_threshold:1
W/UnimplementedWebViewApi( 1710): Unimplemented WebView method onKeyMultiple called from: android.webkit.WebView.onKeyMultiple(WebView.java:2234)
W/UnimplementedWebViewApi( 1710): Unimplemented WebView method onKeyDown called from: android.webkit.WebView.onKeyDown(WebView.java:2224)
W/UnimplementedWebViewApi( 1710): Unimplemented WebView method onKeyMultiple called from: android.webkit.WebView.onKeyMultiple(WebView.java:2234)
W/UnimplementedWebViewApi( 1710): Unimplemented WebView method onKeyDown called from: android.webkit.WebView.onKeyDown(WebView.java:2224)
W/View    (24221): requestLayout() improperly called by com.android.systemui.statusbar.phone.IconMerger{432b7018 V.E..... ......I. 0,0-270,75 #7f0a0067 app:id/notificationIcons} during layout: running second layout pass
W/View    (24221): requestLayout() improperly called by com.android.systemui.statusbar.phone.IconMerger{432b7018 V.E..... ........ 0,0-270,75 #7f0a0067 app:id/notificationIcons} during second layout pass: posting in next frame
E/SelfBrailleClient( 1710): Failed to bind to service
W/GooglePlayServicesUtil( 1220): Google Play Store is missing.
W/GooglePlayServicesUtil( 1220): Google Play Store is missing.
I/TextToSpeech( 1710): Sucessfully bound to com.svox.pico
E/SelfBrailleClient( 1710): Failed to bind to service
E/RecyclerView( 1710): No adapter attached; skipping layout
I/TextToSpeech( 1710): Connected to ComponentInfo{com.svox.pico/com.svox.pico.PicoService}
I/TextToSpeech( 1710): Set up connection to ComponentInfo{com.svox.pico/com.svox.pico.PicoService}
I/ActivityManager( 3084): Displayed com.jianshu.haruki/com.baiji.jianshu.ui.articledetail.ArticleDetailActivity: +513ms
E/Thermal-daemon( 2432): [ap] temp_new :41  temp_old :40
E/Thermal-daemon( 2432): Report temperature: [ap] temp :41  report_threshold:1
E/SelfBrailleClient( 1710): Failed to bind to service
I/chromium( 1710): [INFO:CONSOLE(0)] "The page at https://www.jianshu.com/ ran insecure content from http://static0.jianshu.io/mobile-app-page-v1.js.
I/chromium( 1710): ", source: https://www.jianshu.com/ (0)
I/chromium( 1710): [INFO:web_contents_impl.cc(2308)] https://www.jianshu.com ran insecure content from http://static0.jianshu.io/mobile-app-page-v1.js
W/View    (24221): requestLayout() improperly called by com.android.systemui.statusbar.phone.IconMerger{432b7018 V.E..... ......I. 0,0-270,75 #7f0a0067 app:id/notificationIcons} during layout: running second layout pass
I/chromium( 1710): [INFO:async_pixel_transfer_manager_android.cc(56)] Async pixel transfers not supported
W/View    (24221): requestLayout() improperly called by com.android.systemui.statusbar.phone.IconMerger{432b7018 V.E..... ........ 0,0-270,75 #7f0a0067 app:id/notificationIcons} during second layout pass: posting in next frame
I/chromium( 1710): [INFO:CONSOLE(1)] "imageListener initialization begin", source: https://www.jianshu.com/ (1)
I/chromium( 1710): [INFO:CONSOLE(1)] "imageListener initialization end", source: https://www.jianshu.com/ (1)
I/chromium( 1710): [INFO:CONSOLE(1)] "onSelectedHtmlListener initialization begin", source: https://www.jianshu.com/ (1)
I/chromium( 1710): [INFO:CONSOLE(1)] "onSelectedHtmlListener initialization end", source: https://www.jianshu.com/ (1)
I/chromium( 1710): [INFO:CONSOLE(1)] "onDeSelectHtmlListener initialization begin", source: https://www.jianshu.com/ (1)
I/chromium( 1710): [INFO:CONSOLE(1)] "onDeSelectHtmlListener initialization end", source: https://www.jianshu.com/ (1)
E/SelfBrailleClient( 1710): Failed to bind to service
I/chromium( 1710): [INFO:CONSOLE(1)] "Uncaught TypeError: Cannot call method 'getContentHeight' of undefined", source: https://www.jianshu.com/ (1)
I/wpa_supplicant(27084): wlan0: HEART-BEAT-ACK: 4146
I/dalvikvm( 1710): Could not find method android.support.v7.widget.ag.drawableHotspotChanged, referenced from method android.support.v7.widget.ag.a
W/dalvikvm( 1710): VFY: unable to resolve virtual method 11844: Landroid/support/v7/widget/ag;.drawableHotspotChanged (FF)V
I/dalvikvm( 1710): Could not find method android.view.View.drawableHotspotChanged, referenced from method android.support.v7.widget.ag.a
W/dalvikvm( 1710): VFY: unable to resolve virtual method 13414: Landroid/view/View;.drawableHotspotChanged (FF)V
W/Binder  ( 1710): Caught a RuntimeException from the binder stub implementation.
W/Binder  ( 1710): java.lang.NullPointerException
W/Binder  ( 1710): 	at android.view.WindowManagerGlobal.dumpGfxInfo(WindowManagerGlobal.java:447)
W/Binder  ( 1710): 	at android.app.ActivityThread$ApplicationThread.dumpGfxInfo(ActivityThread.java:1060)
W/Binder  ( 1710): 	at android.app.ApplicationThreadNative.onTransact(ApplicationThreadNative.java:550)
W/Binder  ( 1710): 	at android.os.Binder.execTransact(Binder.java:404)
W/Binder  ( 1710): 	at dalvik.system.NativeStart.run(Native Method)
W/System.err( 1710): java.lang.NullPointerException
W/System.err( 1710): 	at android.view.WindowManagerGlobal.dumpGfxInfo(WindowManagerGlobal.java:447)
W/System.err( 1710): 	at android.app.ActivityThread$ApplicationThread.dumpGfxInfo(ActivityThread.java:1060)
W/System.err( 1710): 	at android.app.ApplicationThreadNative.onTransact(ApplicationThreadNative.java:550)
W/System.err( 1710): 	at android.os.Binder.execTransact(Binder.java:404)
W/System.err( 1710): 	at dalvik.system.NativeStart.run(Native Method)
W/View    (24221): requestLayout() improperly called by com.android.systemui.statusbar.phone.IconMerger{432b7018 V.E..... ......I. 0,0-270,75 #7f0a0067 app:id/notificationIcons} during layout: running second layout pass
W/InputEventReceiver( 1710): Attempted to finish an input event but the input event receiver has already been disposed.
W/InputEventReceiver( 1710): Attempted to finish an input event but the input event receiver has already been disposed.
W/View    (24221): requestLayout() improperly called by com.android.systemui.statusbar.phone.IconMerger{432b7018 V.E..... ........ 0,0-270,75 #7f0a0067 app:id/notificationIcons} during second layout pass: posting in next frame
E/SelfBrailleClient( 1710): Failed to bind to service
I/AndroidRuntime(15000): VM exiting with result code 0.
E/Thermal-daemon( 2432): [pa_0] temp_new :38  temp_old :37
E/Thermal-daemon( 2432): Report temperature: [pa_0] temp :38  report_threshold:1
E/Thermal-daemon( 2432): [flash_led] temp_new :38  temp_old :37
E/Thermal-daemon( 2432): Report temperature: [flash_led] temp :38  report_threshold:1
W/View    (24221): requestLayout() improperly called by com.android.systemui.statusbar.phone.IconMerger{432b7018 V.E..... ......I. 0,0-270,75 #7f0a0067 app:id/notificationIcons} during layout: running second layout pass
I/KeepAlive(15563): onCheckState
I/KeepAlive(15563): Check Push Process Importance [100], isFocus [true].
I/KeepAlive(15563): onCloseOffScreenActivity
W/View    (24221): requestLayout() improperly called by com.android.systemui.statusbar.phone.IconMerger{432b7018 V.E..... ......I. 0,0-270,75 #7f0a0067 app:id/notificationIcons} during layout: running second layout pass
W/View    (24221): requestLayout() improperly called by com.android.systemui.statusbar.phone.IconMerger{432b7018 V.E..... ........ 0,0-270,75 #7f0a0067 app:id/notificationIcons} during second layout pass: posting in next frame
W/View    (24221): requestLayout() improperly called by com.android.systemui.statusbar.phone.IconMerger{432b7018 V.E..... ......I. 0,0-270,75 #7f0a0067 app:id/notificationIcons} during second layout pass: posting in next frame
E/SelfBrailleClient( 1710): Failed to bind to service
E/SelfBrailleClient( 1710): Failed to bind to service
W/GooglePlayServicesUtil( 1220): Google Play Store is missing.
W/GooglePlayServicesUtil( 1220): Google Play Store is missing.
W/View    (24221): requestLayout() improperly called by com.android.systemui.statusbar.phone.IconMerger{432b7018 V.E..... ......I. 0,0-270,75 #7f0a0067 app:id/notificationIcons} during layout: running second layout pass
W/View    (24221): requestLayout() improperly called by com.android.systemui.statusbar.phone.IconMerger{432b7018 V.E..... ......I. 0,0-270,75 #7f0a0067 app:id/notificationIcons} during layout: running second layout pass
W/View    (24221): requestLayout() improperly called by com.android.systemui.statusbar.phone.IconMerger{432b7018 V.E..... ........ 0,0-270,75 #7f0a0067 app:id/notificationIcons} during second layout pass: posting in next frame
W/View    (24221): requestLayout() improperly called by com.android.systemui.statusbar.phone.IconMerger{432b7018 V.E..... ......I. 0,0-270,75 #7f0a0067 app:id/notificationIcons} during second layout pass: posting in next frame
W/View    (24221): requestLayout() improperly called by com.android.systemui.statusbar.phone.IconMerger{432b7018 V.E..... ......I. 0,0-270,75 #7f0a0067 app:id/notificationIcons} during layout: running second layout pass
W/View    (24221): requestLayout() improperly called by com.android.systemui.statusbar.phone.IconMerger{432b7018 V.E..... ........ 0,0-270,75 #7f0a0067 app:id/notificationIcons} during second layout pass: posting in next frame
E/Thermal-daemon( 2432): [ap] temp_new :40  temp_old :41
E/Thermal-daemon( 2432): Report temperature: [ap] temp :40  report_threshold:1
E/SelfBrailleClient( 1710): Failed to bind to service
W/View    (24221): requestLayout() improperly called by com.android.systemui.statusbar.phone.IconMerger{432b7018 V.E..... ......I. 0,0-270,75 #7f0a0067 app:id/notificationIcons} during layout: running second layout pass
W/Settings(31588): Setting auto_time has moved from android.provider.Settings.System to android.provider.Settings.Global, returning read-only value.
I/wpa_supplicant(27084): wlan0: HEART-BEAT-ACK: 4147
W/View    (24221): requestLayout() improperly called by com.android.systemui.statusbar.phone.IconMerger{432b7018 V.E..... ........ 0,0-270,75 #7f0a0067 app:id/notificationIcons} during second layout pass: posting in next frame
I/CAPALiteReceiver( 3522): USER STATE: STATIONARY SUB STATE: UNKNOWN
W/GooglePlayServicesUtil( 1220): Google Play Store is missing.
W/GooglePlayServicesUtil( 1220): Google Play Store is missing.
W/View    (24221): requestLayout() improperly called by com.android.systemui.statusbar.phone.IconMerger{432b7018 V.E..... ......I. 0,0-270,75 #7f0a0067 app:id/notificationIcons} during layout: running second layout pass
W/View    (24221): requestLayout() improperly called by com.android.systemui.statusbar.phone.IconMerger{432b7018 V.E..... ........ 0,0-270,75 #7f0a0067 app:id/notificationIcons} during second layout pass: posting in next frame
E/Thermal-daemon( 2432): [charger] temp_new :38  temp_old :37
E/Thermal-daemon( 2432): Report temperature: [charger] temp :38  report_threshold:1
W/View    (24221): requestLayout() improperly called by com.android.systemui.statusbar.phone.IconMerger{432b7018 V.E..... ......I. 0,0-270,75 #7f0a0067 app:id/notificationIcons} during layout: running second layout pass
E/CommandListener( 2418): readDefRoute call readDefRoute
E/SecondaryTablController( 2418): isWifiDefaultRouteExisted /system/bin/ip route
E/CommandListener( 2418): readDefRoute Rsp ok
W/View    (24221): requestLayout() improperly called by com.android.systemui.statusbar.phone.IconMerger{432b7018 V.E..... ........ 0,0-270,75 #7f0a0067 app:id/notificationIcons} during second layout pass: posting in next frame
E/Thermal-daemon( 2432): [ap] temp_new :39  temp_old :40
E/Thermal-daemon( 2432): Report temperature: [ap] temp :39  report_threshold:1
W/GooglePlayServicesUtil( 1220): Google Play Store is missing.
W/GooglePlayServicesUtil( 1220): Google Play Store is missing.
W/View    (24221): requestLayout() improperly called by com.android.systemui.statusbar.phone.IconMerger{432b7018 V.E..... ......I. 0,0-270,75 #7f0a0067 app:id/notificationIcons} during layout: running second layout pass
I/wpa_supplicant(27084): wlan0: HEART-BEAT-ACK: 4148
W/View    (24221): requestLayout() improperly called by com.android.systemui.statusbar.phone.IconMerger{432b7018 V.E..... ........ 0,0-270,75 #7f0a0067 app:id/notificationIcons} during second layout pass: posting in next frame
W/View    (24221): requestLayout() improperly called by com.android.systemui.statusbar.phone.IconMerger{432b7018 V.E..... ......I. 0,0-270,75 #7f0a0067 app:id/notificationIcons} during layout: running second layout pass
W/GooglePlayServicesUtil( 1220): Google Play Store is missing.
W/GooglePlayServicesUtil( 1220): Google Play Store is missing.
E/android_hardware_fm.cpp(15232): register_android_hardware_fm_fmradio
E/FM_HAL  (15232): [FM_HAL], fm_dynamic_lib is libbcmfm_if
E/FM_HAL  (15232): [FM_HAL], libname is libbcmfm_if
E/fm_if.c (15232): find the id:libbcmfm_if and begins to open the devices
E/android_hardware_fm.cpp(15232): register_android_hardware_fm_fmradio, ret is 0
E/        (15232): ProtocolErrorLog wangkang test!!
W/View    (24221): requestLayout() improperly called by com.android.systemui.statusbar.phone.IconMerger{432b7018 V.E..... ........ 0,0-270,75 #7f0a0067 app:id/notificationIcons} during second layout pass: posting in next frame
E/Thermal-daemon( 2432): [flash_led] temp_new :37  temp_old :38
E/Thermal-daemon( 2432): Report temperature: [flash_led] temp :37  report_threshold:1
W/View    (24221): requestLayout() improperly called by com.android.systemui.statusbar.phone.IconMerger{432b7018 V.E..... ......I. 0,0-270,75 #7f0a0067 app:id/notificationIcons} during layout: running second layout pass
W/View    (24221): requestLayout() improperly called by com.android.systemui.statusbar.phone.IconMerger{432b7018 V.E..... ......I. 0,0-270,75 #7f0a0067 app:id/notificationIcons} during layout: running second layout pass
W/View    (24221): requestLayout() improperly called by com.android.systemui.statusbar.phone.IconMerger{432b7018 V.E..... ........ 0,0-270,75 #7f0a0067 app:id/notificationIcons} during second layout pass: posting in next frame
W/View    (24221): requestLayout() improperly called by com.android.systemui.statusbar.phone.IconMerger{432b7018 V.E..... ......I. 0,0-270,75 #7f0a0067 app:id/notificationIcons} during second layout pass: posting in next frame
W/View    (24221): requestLayout() improperly called by com.android.systemui.statusbar.phone.IconMerger{432b7018 V.E..... ......I. 0,0-270,75 #7f0a0067 app:id/notificationIcons} during layout: running second layout pass
E/Thermal-daemon( 2432): [pa_0] temp_new :37  temp_old :38
E/Thermal-daemon( 2432): Report temperature: [pa_0] temp :37  report_threshold:1
W/GooglePlayServicesUtil( 1220): Google Play Store is missing.
W/GooglePlayServicesUtil( 1220): Google Play Store is missing.
W/View    (24221): requestLayout() improperly called by com.android.systemui.statusbar.phone.IconMerger{432b7018 V.E..... ......I. 0,0-270,75 #7f0a0067 app:id/notificationIcons} during layout: running second layout pass
W/View    (24221): requestLayout() improperly called by com.android.systemui.statusbar.phone.IconMerger{432b7018 V.E..... ........ 0,0-270,75 #7f0a0067 app:id/notificationIcons} during second layout pass: posting in next frame
W/View    (24221): requestLayout() improperly called by com.android.systemui.statusbar.phone.IconMerger{432b7018 V.E..... ......I. 0,0-270,75 #7f0a0067 app:id/notificationIcons} during second layout pass: posting in next frame
I/wpa_supplicant(27084): wlan0: HEART-BEAT-ACK: 4149
W/View    (24221): requestLayout() improperly called by com.android.systemui.statusbar.phone.IconMerger{432b7018 V.E..... ......I. 0,0-270,75 #7f0a0067 app:id/notificationIcons} during layout: running second layout pass
W/View    (24221): requestLayout() improperly called by com.android.systemui.statusbar.phone.IconMerger{432b7018 V.E..... ........ 0,0-270,75 #7f0a0067 app:id/notificationIcons} during second layout pass: posting in next frame
W/View    (24221): requestLayout() improperly called by com.android.systemui.statusbar.phone.IconMerger{432b7018 V.E..... ......I. 0,0-270,75 #7f0a0067 app:id/notificationIcons} during layout: running second layout pass
W/View    (24221): requestLayout() improperly called by com.android.systemui.statusbar.phone.IconMerger{432b7018 V.E..... ........ 0,0-270,75 #7f0a0067 app:id/notificationIcons} during second layout pass: posting in next frame
E/CommandListener( 2418): readDefRoute call readDefRoute
E/SecondaryTablController( 2418): isWifiDefaultRouteExisted /system/bin/ip route
W/GooglePlayServicesUtil( 1220): Google Play Store is missing.
W/GooglePlayServicesUtil( 1220): Google Play Store is missing.
E/Thermal-daemon( 2432): [ap] temp_new :38  temp_old :39
E/Thermal-daemon( 2432): Report temperature: [ap] temp :38  report_threshold:1
E/CommandListener( 2418): readDefRoute Rsp ok
I/dalvikvm( 1220): Jit: resizing JitTable from 8192 to 16384
E/android_hardware_fm.cpp(15269): register_android_hardware_fm_fmradio
E/FM_HAL  (15269): [FM_HAL], fm_dynamic_lib is libbcmfm_if
E/FM_HAL  (15269): [FM_HAL], libname is libbcmfm_if
E/fm_if.c (15269): find the id:libbcmfm_if and begins to open the devices
E/android_hardware_fm.cpp(15269): register_android_hardware_fm_fmradio, ret is 0
E/        (15269): ProtocolErrorLog wangkang test!!
E/android_hardware_fm.cpp(15281): register_android_hardware_fm_fmradio
E/FM_HAL  (15281): [FM_HAL], fm_dynamic_lib is libbcmfm_if
E/FM_HAL  (15281): [FM_HAL], libname is libbcmfm_if
E/fm_if.c (15281): find the id:libbcmfm_if and begins to open the devices
E/android_hardware_fm.cpp(15281): register_android_hardware_fm_fmradio, ret is 0
E/        (15281): ProtocolErrorLog wangkang test!!
