W/View    (24221): requestLayout() improperly called by com.android.systemui.statusbar.phone.IconMerger{432b7018 V.E..... ......I. 0,0-270,75 #7f0a0067 app:id/notificationIcons} during second layout pass: posting in next frame
W/View    (24221): requestLayout() improperly called by com.android.systemui.statusbar.phone.IconMerger{432b7018 V.E..... ......I. 0,0-270,75 #7f0a0067 app:id/notificationIcons} during layout: running second layout pass
W/View    (24221): requestLayout() improperly called by com.android.systemui.statusbar.phone.IconMerger{432b7018 V.E..... ........ 0,0-270,75 #7f0a0067 app:id/notificationIcons} during second layout pass: posting in next frame
E/Thermal-daemon( 2432): [flash_led] temp_new :39  temp_old :40
E/Thermal-daemon( 2432): Report temperature: [flash_led] temp :39  report_threshold:1
W/View    (24221): requestLayout() improperly called by com.android.systemui.statusbar.phone.IconMerger{432b7018 V.E..... ......I. 0,0-270,75 #7f0a0067 app:id/notificationIcons} during layout: running second layout pass
W/View    (24221): requestLayout() improperly called by com.android.systemui.statusbar.phone.IconMerger{432b7018 V.E..... ......I. 0,0-270,75 #7f0a0067 app:id/notificationIcons} during layout: running second layout pass
W/View    (24221): requestLayout() improperly called by com.android.systemui.statusbar.phone.IconMerger{432b7018 V.E..... ........ 0,0-270,75 #7f0a0067 app:id/notificationIcons} during second layout pass: posting in next frame
W/View    (24221): requestLayout() improperly called by com.android.systemui.statusbar.phone.IconMerger{432b7018 V.E..... ......I. 0,0-270,75 #7f0a0067 app:id/notificationIcons} during second layout pass: posting in next frame
I/K3V3CpuGovernorPolicy( 3522): set scene Hmp policy : 300 , 150
E/HwSystemManager( 3870): SavingSettingUtil: doRecordsChargeInfo POWER_LEVEL_CONNECTED_USB_SET POWER_CHARGE_TIME =519868376 POWER_LEVEL_LAST_CAPACITY_RM = 2325 chargeType =0
W/View    (24221): requestLayout() improperly called by com.android.systemui.statusbar.phone.IconMerger{432b7018 V.E..... ......I. 0,0-270,75 #7f0a0067 app:id/notificationIcons} during layout: running second layout pass
I/HwOUC   (30111): [main-1]PowerConnectedReceiver receive ACTION_POWER_CONNECTED intent(hwouc/PowerConnectedReceiver.java:24)
I/HwOUC   (30111): [main-1]WifiAutoDownloadManageService onCreate()(hwouc/WifiAutoDownloadManageService.java:36)
E/HwOUC   (30111): [main-1]isMeteredWifi NoSuchMethodException, ex:getHwMeteredHint [class android.content.Context](hwouc/HwOucUtility.java:2556)
E/HwOUC   (30111): java.lang.NoSuchMethodException: getHwMeteredHint [class android.content.Context]
E/HwOUC   (30111): 	at java.lang.Class.getConstructorOrMethod(Class.java:472)
E/HwOUC   (30111): 	at java.lang.Class.getMethod(Class.java:857)
E/HwOUC   (30111): 	at com.huawei.android.hwouc.util.HwOucUtility.getWifiType(HwOucUtility.java:2550)
E/HwOUC   (30111): 	at com.huawei.android.hwouc.biz.impl.service.WifiAutoDownloadManageService.onCreate(WifiAutoDownloadManageService.java:42)
E/HwOUC   (30111): 	at android.app.ActivityThread.handleCreateService(ActivityThread.java:2702)
E/HwOUC   (30111): 	at android.app.ActivityThread.access$2100(ActivityThread.java:139)
E/HwOUC   (30111): 	at android.app.ActivityThread$H.handleMessage(ActivityThread.java:1348)
E/HwOUC   (30111): 	at android.os.Handler.dispatchMessage(Handler.java:102)
E/HwOUC   (30111): 	at android.os.Looper.loop(Looper.java:136)
E/HwOUC   (30111): 	at android.app.ActivityThread.main(ActivityThread.java:5314)
E/HwOUC   (30111): 	at java.lang.reflect.Method.invokeNative(Native Method)
E/HwOUC   (30111): 	at java.lang.reflect.Method.invoke(Method.java:515)
E/HwOUC   (30111): 	at com.android.internal.os.ZygoteInit$MethodAndArgsCaller.run(ZygoteInit.java:864)
E/HwOUC   (30111): 	at com.android.internal.os.ZygoteInit.main(ZygoteInit.java:680)
E/HwOUC   (30111): 	at dalvik.system.NativeStart.main(Native Method)
I/HwSystemManager(12334): SavingSettingUtil:setAlarm and high_level_standard is 10 msg_send_interval is 240 count_frequency is 60 dangerous_level_standard is 25 dangerous_current_level is 30 min_interval_time is 3 average_current_fg is 350 count_frequency_fg is 5 app_show_level is 1
I/HwSystemManager(12334): BootBroadcastReceiver:ACTION_POWER_CONNECTED Received !
I/HwSystemManager(12334): HsmIntentService:destroyed. this:com.huawei.systemmanager.util.content.HsmIntentService_ui@4349a348
W/Tinker.TinkerLoader(14741): tryLoadPatchFiles:patch dir not exist:/data/data/cn.etouch.ecalendar/tinker
I/Core Utils( 1220): main:com.ticlock.EulaPopupManager - Upgrade - continue
I/MultiDex(14741): VM with version 1.6.0 does not have multidex support
I/MultiDex(14741): install
I/MultiDex(14741): MultiDexExtractor.load(/data/app/cn.etouch.ecalendar-1.apk, false)
I/MultiDex(14741): loading existing secondary dex files
I/MultiDex(14741): load found 1 secondary dex files
I/MultiDex(14741): install done
W/View    (24221): requestLayout() improperly called by com.android.systemui.statusbar.phone.IconMerger{432b7018 V.E..... ......I. 0,0-270,75 #7f0a0067 app:id/notificationIcons} during second layout pass: posting in next frame
I/dalvikvm(14741): Could not find method android.app.AlarmManager.setExactAndAllowWhileIdle, referenced from method cn.etouch.ecalendar.manager.ad.a
W/dalvikvm(14741): VFY: unable to resolve virtual method 426: Landroid/app/AlarmManager;.setExactAndAllowWhileIdle (IJLandroid/app/PendingIntent;)V
I/Process (14741): Sending signal. PID: 14741 SIG: 9
I/HWSERVICES(14703): hwnative_get_component  comes...
I/StagefrightMediaScannerEx(14703): StagefrightMediaScanner Constructor
I/HWSERVICES(14703): hwnative_get_component_mtpServer  comes...
I/HwMtpServerExJNI(14703): Finish to setup MtpServer
E/HwMtpServerExJNI(14703): void android_mtp_MtpServerEx_add_storage(JNIEnv*, jobject, jobject), line 138: descriptionStr = 
I/HWSERVICES(14703): hwnative_get_component_mtpStorage  comes...
E/HwMtpServerExJNI(14703): void android_mtp_MtpServerEx_add_storage(JNIEnv*, jobject, jobject), line 138: descriptionStr = SD 
I/HWSERVICES(14703): hwnative_get_component_mtpStorage  comes...
W/ManagedEGLContext( 2446): doTerminate failed: EGL count is 2 but managed count is 1
W/Settings(12397): Setting adb_enabled has moved from android.provider.Settings.System to android.provider.Settings.Global, returning read-only value.
I/awcn.ComponentCallbacks2( 1220):  onTrimMemory level:5
I/awcn.ComponentCallbacks2( 1204):  onTrimMemory level:5
W/Settings(12397): Setting adb_enabled has moved from android.provider.Settings.System to android.provider.Settings.Global, returning read-only value.
W/System.err( 3084): java.lang.SecurityException: Isolated process not allowed to call registerReceiver
W/System.err( 3084): 	at com.android.server.am.ActivityManagerService.enforceNotIsolatedCaller(ActivityManagerService.java:3245)
W/System.err( 3084): 	at com.android.server.am.ActivityManagerService.registerReceiver(ActivityManagerService.java:13636)
W/System.err( 3084): 	at android.app.ActivityManagerNative.onTransact(ActivityManagerNative.java:312)
W/System.err( 3084): 	at com.android.server.am.ActivityManagerService.onTransact(ActivityManagerService.java:2282)
W/System.err( 3084): 	at huawei.com.android.server.am.HwActivityManagerService.onTransact(HwActivityManagerService.java:173)
W/System.err( 3084): 	at android.os.Binder.execTransact(Binder.java:404)
W/System.err( 3084): 	at dalvik.system.NativeStart.run(Native Method)
E/UsbSettings(13274): USB Normal Mode
E/UsbSettings(13274): UsbAccessoryMode false
E/textview(13274): initAddtionalStyle default
E/textview(13274): initAddtionalStyle default
W/GooglePlayServicesUtil( 1220): Google Play Store is missing.
W/GooglePlayServicesUtil( 1220): Google Play Store is missing.
W/IInputConnectionWrapper( 1710): showStatusIcon on inactive InputConnection
I/ActivityManager( 3084): Displayed com.android.settings/.deviceinfo.UsbSettingsActivity: +431ms (total +875ms)
I/MediaSyncService( 7522): synchronizeData() started
W/System.err(11962): com.qq.taf.jce.JceDecodeException: require field not exist.
W/System.err(11962): 	at com.qq.taf.jce.JceInputStream.read(JceInputStream.java:274)
W/System.err(11962): 	at com.tencent.assistant.protocol.jce.GetChannelMsgResponse.readFrom(ProGuard:40)
W/System.err(11962): 	at com.tencent.assistant.utils.JceUtils.bytes2JceObj(ProGuard:105)
W/System.err(11962): 	at com.tencent.assistant.db.JceCache.readSingleFromCache(ProGuard:173)
W/System.err(11962): 	at com.tencent.assistant.db.JceCache.readJceFromCache(ProGuard:152)
W/System.err(11962): 	at com.tencent.assistant.manager.c.getChanelMsgResponse(ProGuard:1522)
W/System.err(11962): 	at com.tencent.pangu.module.o.run(ProGuard:1367)
W/System.err(11962): 	at java.util.concurrent.Executors$RunnableAdapter.call(Executors.java:422)
W/System.err(11962): 	at java.util.concurrent.FutureTask.run(FutureTask.java:237)
W/System.err(11962): 	at java.util.concurrent.ScheduledThreadPoolExecutor$ScheduledFutureTask.access$201(ScheduledThreadPoolExecutor.java:152)
W/System.err(11962): 	at java.util.concurrent.ScheduledThreadPoolExecutor$ScheduledFutureTask.run(ScheduledThreadPoolExecutor.java:265)
W/System.err(11962): 	at java.util.concurrent.ThreadPoolExecutor.runWorker(ThreadPoolExecutor.java:1112)
W/System.err(11962): 	at java.util.concurrent.ThreadPoolExecutor$Worker.run(ThreadPoolExecutor.java:587)
W/System.err(11962): 	at java.lang.Thread.run(Thread.java:841)
E/ChannelMsgEngine(11962): processFlag: daemon, [pool-1-temporary-thread-2:47822] o.run(1410): java.lang.NullPointerException
I/MediaSyncService( 7522): sd file path=/storage/sdcard1/Music/Sarah Connor;Natural-Just One Last Dance.mp3 file.exists()=true
I/MediaSyncService( 7522): update count=0||sdcardExists flag=1||prePath=/storage/sdcard1
I/MusicProvider( 7522): MediaCenterProvider       -------->  tableName uri = content://mediacenter/external/audio/info/static
I/MusicProvider( 7522): MediaCenterProvider       -------->  BaseProvider  is null  in query function!
I/MediaSyncService( 7522): mSongCache.size()=13
I/MediaSyncService( 7522): provider music count=13
I/MusicProvider( 7522): MediaCenterProvider       -------->  tableName uri = content://mediacenter/external/playlist/1/members
I/MediaSyncService( 7522): songs deleted size:0
I/MediaSyncService( 7522): synchronizeData() end 2  deletedCount=0
I/MediaSyncService( 7522): addAudios.length=0 deleteAudios.length=0 updateAudios.length=0
I/K3V3CpuGovernorPolicy( 3522): close previously scene Hmp policy : 300 , 150
I/CAPALiteReceiver( 3522): USER STATE: WALKING SUB STATE: UNKNOWN
W/Tinker.TinkerLoader(14802): tryLoadPatchFiles:patch dir not exist:/data/data/cn.etouch.ecalendar/tinker
I/MultiDex(14802): VM with version 1.6.0 does not have multidex support
I/MultiDex(14802): install
I/MultiDex(14802): MultiDexExtractor.load(/data/app/cn.etouch.ecalendar-1.apk, false)
I/MultiDex(14802): loading existing secondary dex files
I/MultiDex(14802): load found 1 secondary dex files
I/MultiDex(14802): install done
I/dalvikvm(14802): Could not find method android.app.AlarmManager.setExactAndAllowWhileIdle, referenced from method cn.etouch.ecalendar.manager.ad.a
W/dalvikvm(14802): VFY: unable to resolve virtual method 426: Landroid/app/AlarmManager;.setExactAndAllowWhileIdle (IJLandroid/app/PendingIntent;)V
I/Process (14802): Sending signal. PID: 14802 SIG: 9
I/PGManager( 3522): current power level: 405
I/awcn.ComponentCallbacks2( 1220):  onTrimMemory level:5
I/awcn.ComponentCallbacks2( 1204):  onTrimMemory level:5
W/ManagedEGLContext( 2446): doTerminate failed: EGL count is 2 but managed count is 1
W/ManagedEGLContext( 1710): doTerminate failed: EGL count is 2 but managed count is 1
I/HwOUC   (30111): [main-1]WifiAutoDownloadManageService ServiceHandler(hwouc/WifiAutoDownloadManageService.java:161)
I/HwOUC   (30111): [main-1]WifiAutoDownloadManageService ServiceHandler stop service(hwouc/WifiAutoDownloadManageService.java:164)
I/HwOUC   (30111): [main-1]WifiAutoDownloadManageService onDestroy()(hwouc/WifiAutoDownloadManageService.java:103)
I/audio_hw_primary( 2426): [do_output_standby],do_output_standby-----out->standby_lpp : 1
W/Tinker.TinkerLoader(14819): tryLoadPatchFiles:patch dir not exist:/data/data/cn.etouch.ecalendar/tinker
I/MultiDex(14819): VM with version 1.6.0 does not have multidex support
I/MultiDex(14819): install
I/MultiDex(14819): MultiDexExtractor.load(/data/app/cn.etouch.ecalendar-1.apk, false)
I/MultiDex(14819): loading existing secondary dex files
I/MultiDex(14819): load found 1 secondary dex files
I/MultiDex(14819): install done
I/dalvikvm(14819): Could not find method android.app.AlarmManager.setExactAndAllowWhileIdle, referenced from method cn.etouch.ecalendar.manager.ad.a
W/dalvikvm(14819): VFY: unable to resolve virtual method 426: Landroid/app/AlarmManager;.setExactAndAllowWhileIdle (IJLandroid/app/PendingIntent;)V
I/Process (14819): Sending signal. PID: 14819 SIG: 9
E/Thermal-daemon( 2432): [ap] temp_new :42  temp_old :41
E/Thermal-daemon( 2432): Report temperature: [ap] temp :42  report_threshold:1
I/ThermalStateManager( 3522): thermal action: cpu_a15 policy:1497600
I/DownloadedSongHelperService( 7776): startLoaderData start 
I/MusicProvider( 7776): MediaCenterProvider       -------->  tableName uri = content://mediacenter/external/audio/static
I/MusicProvider( 7776): MediaCenterProvider       -------->  BaseProvider  is null  in query function!
I/DownloadedSongHelperService( 7776): startLoaderData end 
I/wpa_supplicant(27084): wlan0: HEART-BEAT-ACK: 4138
W/View    (24221): requestLayout() improperly called by com.android.systemui.statusbar.phone.IconMerger{432b7018 V.E..... ......ID 0,0-270,75 #7f0a0067 app:id/notificationIcons} during layout: running second layout pass
W/View    (24221): requestLayout() improperly called by com.android.systemui.statusbar.phone.IconMerger{432b7018 V.E..... ......I. 0,0-270,75 #7f0a0067 app:id/notificationIcons} during layout: running second layout pass
W/View    (24221): requestLayout() improperly called by com.android.systemui.statusbar.phone.IconMerger{432b7018 V.E..... ........ 0,0-270,75 #7f0a0067 app:id/notificationIcons} during second layout pass: posting in next frame
W/View    (24221): requestLayout() improperly called by com.android.systemui.statusbar.phone.IconMerger{432b7018 V.E..... ........ 0,0-270,75 #7f0a0067 app:id/notificationIcons} during second layout pass: posting in next frame
W/View    (24221): requestLayout() improperly called by com.android.systemui.statusbar.phone.IconMerger{432b7018 V.E..... ......I. 0,0-270,75 #7f0a0067 app:id/notificationIcons} during layout: running second layout pass
W/View    (24221): requestLayout() improperly called by com.android.systemui.statusbar.phone.IconMerger{432b7018 V.E..... ........ 0,0-270,75 #7f0a0067 app:id/notificationIcons} during second layout pass: posting in next frame
W/View    (24221): requestLayout() improperly called by com.android.systemui.statusbar.phone.IconMerger{432b7018 V.E..... ......I. 0,0-270,75 #7f0a0067 app:id/notificationIcons} during layout: running second layout pass
W/View    (24221): requestLayout() improperly called by com.android.systemui.statusbar.phone.IconMerger{432b7018 V.E..... ......I. 0,0-270,75 #7f0a0067 app:id/notificationIcons} during layout: running second layout pass
W/View    (24221): requestLayout() improperly called by com.android.systemui.statusbar.phone.IconMerger{432b7018 V.E..... ........ 0,0-270,75 #7f0a0067 app:id/notificationIcons} during second layout pass: posting in next frame
W/View    (24221): requestLayout() improperly called by com.android.systemui.statusbar.phone.IconMerger{432b7018 V.E..... ......I. 0,0-270,75 #7f0a0067 app:id/notificationIcons} during second layout pass: posting in next frame
I/ActivityManager( 3084): pkg:[cn.etouch.ecalendar:pushservice] pid:[0]  maybe timeout , send to PG
W/GooglePlayServicesUtil( 1220): Google Play Store is missing.
W/GooglePlayServicesUtil( 1220): Google Play Store is missing.
I/ActivityManager( 3084): pkg:[cn.etouch.ecalendar:pushservice] pid:[0]  maybe timeout , send to PG
I/ActivityManager( 3084): pkg:[cn.etouch.ecalendar:pushservice] pid:[0]  maybe timeout , send to PG
E/Thermal-daemon( 2432): [ap] temp_new :41  temp_old :42
E/Thermal-daemon( 2432): Report temperature: [ap] temp :41  report_threshold:1
I/CAPALiteReceiver( 3522): USER STATE: STATIONARY SUB STATE: UNKNOWN
I/PGManager( 3522): current power level: 403
W/View    (24221): requestLayout() improperly called by com.android.systemui.statusbar.phone.IconMerger{432b7018 V.E..... ......I. 0,0-270,75 #7f0a0067 app:id/notificationIcons} during layout: running second layout pass
E/Thermal-daemon( 2432): [ap] temp_new :40  temp_old :41
E/Thermal-daemon( 2432): Report temperature: [ap] temp :40  report_threshold:1
I/ThermalStateManager( 3522): thermal action: cpu_a15 policy:0
I/RongLog-Push[PushConnectivityManager]( 1777): startPingTimer, 10s
I/RongLog-Push[PushProtocalStack]( 1777): receive message type:PINGRESP
I/RongLog-Push[PushConnectivityManager]( 1777): stopPingTimer
I/RongLog-Push[PushConnectivityManager]( 1777): startHeartbeat
W/GooglePlayServicesUtil( 1220): Google Play Store is missing.
W/GooglePlayServicesUtil( 1220): Google Play Store is missing.
I/wpa_supplicant(27084): wlan0: HEART-BEAT-ACK: 4139
W/View    (24221): requestLayout() improperly called by com.android.systemui.statusbar.phone.IconMerger{432b7018 V.E..... ......I. 0,0-270,75 #7f0a0067 app:id/notificationIcons} during layout: running second layout pass
W/View    (24221): requestLayout() improperly called by com.android.systemui.statusbar.phone.IconMerger{432b7018 V.E..... ........ 0,0-270,75 #7f0a0067 app:id/notificationIcons} during second layout pass: posting in next frame
W/View    (24221): requestLayout() improperly called by com.android.systemui.statusbar.phone.IconMerger{432b7018 V.E..... ......I. 0,0-270,75 #7f0a0067 app:id/notificationIcons} during second layout pass: posting in next frame
E/CommandListener( 2418): readDefRoute call readDefRoute
E/SecondaryTablController( 2418): isWifiDefaultRouteExisted /system/bin/ip route
E/CommandListener( 2418): readDefRoute Rsp ok
W/View    (24221): requestLayout() improperly called by com.android.systemui.statusbar.phone.IconMerger{432b7018 V.E..... ......I. 0,0-270,75 #7f0a0067 app:id/notificationIcons} during layout: running second layout pass
W/View    (24221): requestLayout() improperly called by com.android.systemui.statusbar.phone.IconMerger{432b7018 V.E..... ........ 0,0-270,75 #7f0a0067 app:id/notificationIcons} during second layout pass: posting in next frame
E/Thermal-daemon( 2432): [charger] temp_new :38  temp_old :37
E/Thermal-daemon( 2432): Report temperature: [charger] temp :38  report_threshold:1
E/Thermal-daemon( 2432): [flash_led] temp_new :38  temp_old :39
E/Thermal-daemon( 2432): Report temperature: [flash_led] temp :38  report_threshold:1
W/System.err(12397): java.lang.IllegalArgumentException: Service not registered: com.tencent.assistant.plugin.PluginIPCClient@432d8070
W/System.err(12397): 	at android.app.LoadedApk.forgetServiceDispatcher(LoadedApk.java:992)
W/System.err(12397): 	at android.app.ContextImpl.unbindService(ContextImpl.java:1685)
W/System.err(12397): 	at android.content.ContextWrapper.unbindService(ContextWrapper.java:529)
W/System.err(12397): 	at com.tencent.assistant.sdk.SDKClient.close(ProGuard:57)
W/System.err(12397): 	at com.connector.qq.AppService.AppServiceImpl.s(ProGuard:1344)
W/System.err(12397): 	at com.connector.qq.AppService.AppServiceImpl.r(ProGuard:892)
W/System.err(12397): 	at com.connector.tencent.assistant.ConnectorProxy.AppServiceOnDestroy(ProGuard:332)
W/System.err(12397): 	at java.lang.reflect.Method.invokeNative(Native Method)
W/System.err(12397): 	at java.lang.reflect.Method.invoke(Method.java:515)
W/System.err(12397): 	at com.tencent.connector.a.a(ProGuard:136)
W/System.err(12397): 	at com.tencent.connector.a.g(ProGuard:408)
W/System.err(12397): 	at com.qq.AppService.AppService.onDestroy(ProGuard:37)
W/System.err(12397): 	at android.app.ActivityThread.handleStopService(ActivityThread.java:2952)
W/System.err(12397): 	at android.app.ActivityThread.access$2500(ActivityThread.java:139)
W/System.err(12397): 	at android.app.ActivityThread$H.handleMessage(ActivityThread.java:1388)
W/System.err(12397): 	at android.os.Handler.dispatchMessage(Handler.java:102)
W/System.err(12397): 	at android.os.Looper.loop(Looper.java:136)
W/System.err(12397): 	at android.app.ActivityThread.main(ActivityThread.java:5314)
W/System.err(12397): 	at java.lang.reflect.Method.invokeNative(Native Method)
W/System.err(12397): 	at java.lang.reflect.Method.invoke(Method.java:515)
W/System.err(12397): 	at com.android.internal.os.ZygoteInit$MethodAndArgsCaller.run(ZygoteInit.java:864)
W/System.err(12397): 	at com.android.internal.os.ZygoteInit.main(ZygoteInit.java:680)
W/System.err(12397): 	at dalvik.system.NativeStart.main(Native Method)
W/System.err(12397): java.net.SocketException: Socket closed
W/System.err(12397): 	at libcore.io.Posix.accept(Native Method)
W/System.err(12397): 	at libcore.io.BlockGuardOs.accept(BlockGuardOs.java:55)
W/System.err(12397): 	at java.net.PlainSocketImpl.accept(PlainSocketImpl.java:98)
W/System.err(12397): 	at java.net.ServerSocket.implAccept(ServerSocket.java:203)
W/System.err(12397): 	at java.net.ServerSocket.accept(ServerSocket.java:128)
W/System.err(12397): 	at com.connector.qq.AppService.aq.run(ProGuard:636)
W/System.err(12397): java.net.SocketException: Socket closed
W/System.err(12397): java.net.SocketException: Socket closed
W/System.err(12397): 	at libcore.io.Posix.accept(Native Method)
W/System.err(12397): 	at 	at libcore.io.BlockGuardOs.accept(BlockGuardOs.java:55)
W/System.err(12397): 	at libcore.io.Posix.accept(Native Method)
W/System.err(12397): 	at java.net.PlainSocketImpl.accept(PlainSocketImpl.java:98)libcore.io.BlockGuardOs.accept(BlockGuardOs.java:55)
W/System.err(12397): 	at java.net.PlainSocketImpl.accept(PlainSocketImpl.java:98)
W/System.err(12397): 	at java.net.ServerSocket.implAccept(ServerSocket.java:203)
W/System.err(12397): 	at java.net.ServerSocket.accept(ServerSocket.java:128)
W/System.err(12397): 	at com.connector.qq.AppService.ax.run(ProGuard:93)
W/System.err(12397): java.net.SocketException: Socket closed
W/System.err(12397): 	at libcore.io.Posix.accept(Native Method)
W/System.err(12397): 	at libcore.io.BlockGuardOs.accept(BlockGuardOs.java:55)
W/System.err(12397): 	at java.net.PlainSocketImpl.accept(PlainSocketImpl.java:98)
W/System.err(12397): 	at 
W/System.err(12397): 	at java.net.ServerSocket.implAccept(ServerSocket.java:203)
W/System.err(12397): java.net.ServerSocket.implAccept(ServerSocket.java:203)
W/System.err(12397): 	at 	at java.net.ServerSocket.accept(ServerSocket.java:128)
W/System.err(12397): 	at java.net.ServerSocket.accept(ServerSocket.java:128)
W/System.err(12397): 	at com.connector.qq.AppService.aw.run(ProGuard:145)
W/System.err(12397): com.connector.qq.AppService.q.run(ProGuard:107)
W/GooglePlayServicesUtil( 1220): Google Play Store is missing.
W/GooglePlayServicesUtil( 1220): Google Play Store is missing.
W/View    (24221): requestLayout() improperly called by com.android.systemui.statusbar.phone.IconMerger{432b7018 V.E..... ......I. 0,0-270,75 #7f0a0067 app:id/notificationIcons} during layout: running second layout pass
W/View    (24221): requestLayout() improperly called by com.android.systemui.statusbar.phone.IconMerger{432b7018 V.E..... ........ 0,0-270,75 #7f0a0067 app:id/notificationIcons} during second layout pass: posting in next frame
I/CAPALiteReceiver( 3522): USER STATE: STATIONARY SUB STATE: UNKNOWN
E/Thermal-daemon( 2432): [ap] temp_new :39  temp_old :40
E/Thermal-daemon( 2432): Report temperature: [ap] temp :39  report_threshold:1
W/View    (24221): requestLayout() improperly called by com.android.systemui.statusbar.phone.IconMerger{432b7018 V.E..... ......I. 0,0-270,75 #7f0a0067 app:id/notificationIcons} during layout: running second layout pass
I/wpa_supplicant(27084): wlan0: HEART-BEAT-ACK: 4140
W/View    (24221): requestLayout() improperly called by com.android.systemui.statusbar.phone.IconMerger{432b7018 V.E..... ......I. 0,0-270,75 #7f0a0067 app:id/notificationIcons} during layout: running second layout pass
W/View    (24221): requestLayout() improperly called by com.android.systemui.statusbar.phone.IconMerger{432b7018 V.E..... ........ 0,0-270,75 #7f0a0067 app:id/notificationIcons} during second layout pass: posting in next frame
W/View    (24221): requestLayout() improperly called by com.android.systemui.statusbar.phone.IconMerger{432b7018 V.E..... ......I. 0,0-270,75 #7f0a0067 app:id/notificationIcons} during second layout pass: posting in next frame
W/View    (24221): requestLayout() improperly called by com.android.systemui.statusbar.phone.IconMerger{432b7018 V.E..... ......I. 0,0-270,75 #7f0a0067 app:id/notificationIcons} during layout: running second layout pass
W/GooglePlayServicesUtil( 1220): Google Play Store is missing.
W/GooglePlayServicesUtil( 1220): Google Play Store is missing.
W/View    (24221): requestLayout() improperly called by com.android.systemui.statusbar.phone.IconMerger{432b7018 V.E..... ........ 0,0-270,75 #7f0a0067 app:id/notificationIcons} during second layout pass: posting in next frame
W/View    (24221): requestLayout() improperly called by com.android.systemui.statusbar.phone.IconMerger{432b7018 V.E..... ......I. 0,0-270,75 #7f0a0067 app:id/notificationIcons} during layout: running second layout pass
E/android_hardware_fm.cpp(14896): register_android_hardware_fm_fmradio
E/FM_HAL  (14896): [FM_HAL], fm_dynamic_lib is libbcmfm_if
E/FM_HAL  (14896): [FM_HAL], libname is libbcmfm_if
E/fm_if.c (14896): find the id:libbcmfm_if and begins to open the devices
E/android_hardware_fm.cpp(14896): register_android_hardware_fm_fmradio, ret is 0
E/        (14896): ProtocolErrorLog wangkang test!!
W/View    (24221): requestLayout() improperly called by com.android.systemui.statusbar.phone.IconMerger{432b7018 V.E..... ........ 0,0-270,75 #7f0a0067 app:id/notificationIcons} during second layout pass: posting in next frame
W/View    (24221): requestLayout() improperly called by com.android.systemui.statusbar.phone.IconMerger{432b7018 V.E..... ......I. 0,0-270,75 #7f0a0067 app:id/notificationIcons} during layout: running second layout pass
W/GooglePlayServicesUtil( 1220): Google Play Store is missing.
W/GooglePlayServicesUtil( 1220): Google Play Store is missing.
I/CAPALiteReceiver( 3522): USER STATE: STATIONARY SUB STATE: UNKNOWN
I/wpa_supplicant(27084): wlan0: HEART-BEAT-ACK: 4141
E/Thermal-daemon( 2432): [charger] temp_new :37  temp_old :38
E/Thermal-daemon( 2432): Report temperature: [charger] temp :37  report_threshold:1
E/CommandListener( 2418): readDefRoute call readDefRoute
E/SecondaryTablController( 2418): isWifiDefaultRouteExisted /system/bin/ip route
E/CommandListener( 2418): readDefRoute Rsp ok
W/View    (24221): requestLayout() improperly called by com.android.systemui.statusbar.phone.IconMerger{432b7018 V.E..... ......I. 0,0-270,75 #7f0a0067 app:id/notificationIcons} during layout: running second layout pass
W/View    (24221): requestLayout() improperly called by com.android.systemui.statusbar.phone.IconMerger{432b7018 V.E..... ........ 0,0-270,75 #7f0a0067 app:id/notificationIcons} during second layout pass: posting in next frame
W/View    (24221): requestLayout() improperly called by com.android.systemui.statusbar.phone.IconMerger{432b7018 V.E..... ......I. 0,0-270,75 #7f0a0067 app:id/notificationIcons} during second layout pass: posting in next frame
W/GooglePlayServicesUtil( 1220): Google Play Store is missing.
W/GooglePlayServicesUtil( 1220): Google Play Store is missing.
E/Thermal-daemon( 2432): [pa_0] temp_new :37  temp_old :38
E/Thermal-daemon( 2432): Report temperature: [pa_0] temp :37  report_threshold:1
E/Thermal-daemon( 2432): [charger] temp_new :38  temp_old :37
E/Thermal-daemon( 2432): Report temperature: [charger] temp :38  report_threshold:1
W/View    (24221): requestLayout() improperly called by com.android.systemui.statusbar.phone.IconMerger{432b7018 V.E..... ......I. 0,0-270,75 #7f0a0067 app:id/notificationIcons} during layout: running second layout pass
W/View    (24221): requestLayout() improperly called by com.android.systemui.statusbar.phone.IconMerger{432b7018 V.E..... ........ 0,0-270,75 #7f0a0067 app:id/notificationIcons} during second layout pass: posting in next frame
E/Thermal-daemon( 2432): [charger] temp_new :37  temp_old :38
E/Thermal-daemon( 2432): Report temperature: [charger] temp :37  report_threshold:1
I/wpa_supplicant(27084): wlan0: HEART-BEAT-ACK: 4142
W/GooglePlayServicesUtil( 1220): Google Play Store is missing.
W/GooglePlayServicesUtil( 1220): Google Play Store is missing.
W/View    (24221): requestLayout() improperly called by com.android.systemui.statusbar.phone.IconMerger{432b7018 V.E..... ......I. 0,0-270,75 #7f0a0067 app:id/notificationIcons} during layout: running second layout pass
W/View    (24221): requestLayout() improperly called by com.android.systemui.statusbar.phone.IconMerger{432b7018 V.E..... ......I. 0,0-270,75 #7f0a0067 app:id/notificationIcons} during layout: running second layout pass
W/View    (24221): requestLayout() improperly called by com.android.systemui.statusbar.phone.IconMerger{432b7018 V.E..... ........ 0,0-270,75 #7f0a0067 app:id/notificationIcons} during second layout pass: posting in next frame
W/View    (24221): requestLayout() improperly called by com.android.systemui.statusbar.phone.IconMerger{432b7018 V.E..... ......I. 0,0-270,75 #7f0a0067 app:id/notificationIcons} during second layout pass: posting in next frame
I/CAPALiteReceiver( 3522): USER STATE: STATIONARY SUB STATE: UNKNOWN
E/Thermal-daemon( 2432): [ap] temp_new :38  temp_old :39
E/Thermal-daemon( 2432): Report temperature: [ap] temp :38  report_threshold:1
W/GooglePlayServicesUtil( 1220): Google Play Store is missing.
W/GooglePlayServicesUtil( 1220): Google Play Store is missing.
W/View    (24221): requestLayout() improperly called by com.android.systemui.statusbar.phone.IconMerger{432b7018 V.E..... ......I. 0,0-270,75 #7f0a0067 app:id/notificationIcons} during layout: running second layout pass
W/View    (24221): requestLayout() improperly called by com.android.systemui.statusbar.phone.IconMerger{432b7018 V.E..... ........ 0,0-270,75 #7f0a0067 app:id/notificationIcons} during second layout pass: posting in next frame
W/View    (24221): requestLayout() improperly called by com.android.systemui.statusbar.phone.IconMerger{432b7018 V.E..... ......I. 0,0-270,75 #7f0a0067 app:id/notificationIcons} during layout: running second layout pass
W/View    (24221): requestLayout() improperly called by com.android.systemui.statusbar.phone.IconMerger{432b7018 V.E..... ........ 0,0-270,75 #7f0a0067 app:id/notificationIcons} during second layout pass: posting in next frame
I/wpa_supplicant(27084): wlan0: HEART-BEAT-ACK: 4143
I/tnet-jni( 1204): 49962 - [spdyPingRecvCallback] - 
I/tnet-jni( 1204): 49962 - [SpdySessionCallBack.spdyPingRecvCallback] - org.android.spdy.SpdySession@43337438
W/View    (24221): requestLayout() improperly called by com.android.systemui.statusbar.phone.IconMerger{432b7018 V.E..... ......I. 0,0-270,75 #7f0a0067 app:id/notificationIcons} during layout: running second layout pass
W/View    (24221): requestLayout() improperly called by com.android.systemui.statusbar.phone.IconMerger{432b7018 V.E..... ........ 0,0-270,75 #7f0a0067 app:id/notificationIcons} during second layout pass: posting in next frame
E/Thermal-daemon( 2432): [flash_led] temp_new :37  temp_old :38
E/Thermal-daemon( 2432): Report temperature: [flash_led] temp :37  report_threshold:1
E/CommandListener( 2418): readDefRoute call readDefRoute
E/SecondaryTablController( 2418): isWifiDefaultRouteExisted /system/bin/ip route
W/GooglePlayServicesUtil( 1220): Google Play Store is missing.
W/GooglePlayServicesUtil( 1220): Google Play Store is missing.
E/CommandListener( 2418): readDefRoute Rsp ok
W/View    (24221): requestLayout() improperly called by com.android.systemui.statusbar.phone.IconMerger{432b7018 V.E..... ......I. 0,0-270,75 #7f0a0067 app:id/notificationIcons} during layout: running second layout pass
W/View    (24221): requestLayout() improperly called by com.android.systemui.statusbar.phone.IconMerger{432b7018 V.E..... ......I. 0,0-270,75 #7f0a0067 app:id/notificationIcons} during layout: running second layout pass
W/View    (24221): requestLayout() improperly called by com.android.systemui.statusbar.phone.IconMerger{432b7018 V.E..... ........ 0,0-270,75 #7f0a0067 app:id/notificationIcons} during second layout pass: posting in next frame
W/View    (24221): requestLayout() improperly called by com.android.systemui.statusbar.phone.IconMerger{432b7018 V.E..... ......I. 0,0-270,75 #7f0a0067 app:id/notificationIcons} during second layout pass: posting in next frame
W/GooglePlayServicesUtil( 1220): Google Play Store is missing.
W/GooglePlayServicesUtil( 1220): Google Play Store is missing.
I/wpa_supplicant(27084): wlan0: HEART-BEAT-ACK: 4144
I/CAPALiteReceiver( 3522): USER STATE: STATIONARY SUB STATE: UNKNOWN
W/GooglePlayServicesUtil( 1220): Google Play Store is missing.
W/GooglePlayServicesUtil( 1220): Google Play Store is missing.
W/View    (24221): requestLayout() improperly called by com.android.systemui.statusbar.phone.IconMerger{432b7018 V.E..... ......I. 0,0-270,75 #7f0a0067 app:id/notificationIcons} during layout: running second layout pass
E/android_hardware_fm.cpp(14980): register_android_hardware_fm_fmradio
E/FM_HAL  (14980): [FM_HAL], fm_dynamic_lib is libbcmfm_if
E/FM_HAL  (14980): [FM_HAL], libname is libbcmfm_if
E/fm_if.c (14980): find the id:libbcmfm_if and begins to open the devices
E/android_hardware_fm.cpp(14980): register_android_hardware_fm_fmradio, ret is 0
E/        (14980): ProtocolErrorLog wangkang test!!
