int logctl_get(): open '/dev/hwlog_switch' fail -1, 13. Permission denied

Note: log switch off, only log_main and log_events will have logs!
--------- beginning of /dev/log/main
E/Thermal-daemon( 2432): Report temperature: [charger] temp :38  report_threshold:1
W/View    (24221): requestLayout() improperly called by com.android.systemui.statusbar.phone.IconMerger{432b7018 V.E..... ......I. 0,0-270,75 #7f0a0067 app:id/notificationIcons} during layout: running second layout pass
W/View    (24221): requestLayout() improperly called by com.android.systemui.statusbar.phone.IconMerger{432b7018 V.E..... ........ 0,0-270,75 #7f0a0067 app:id/notificationIcons} during second layout pass: posting in next frame
W/View    (24221): requestLayout() improperly called by com.android.systemui.statusbar.phone.IconMerger{432b7018 V.E..... ......I. 0,0-270,75 #7f0a0067 app:id/notificationIcons} during layout: running second layout pass
W/View    (24221): requestLayout() improperly called by com.android.systemui.statusbar.phone.IconMerger{432b7018 V.E..... ........ 0,0-270,75 #7f0a0067 app:id/notificationIcons} during second layout pass: posting in next frame
W/View    (24221): requestLayout() improperly called by com.android.systemui.statusbar.phone.IconMerger{432b7018 V.E..... ......I. 0,0-270,75 #7f0a0067 app:id/notificationIcons} during layout: running second layout pass
W/GooglePlayServicesUtil( 1220): Google Play Store is missing.
W/GooglePlayServicesUtil( 1220): Google Play Store is missing.
W/View    (24221): requestLayout() improperly called by com.android.systemui.statusbar.phone.IconMerger{432b7018 V.E..... ......I. 0,0-270,75 #7f0a0067 app:id/notificationIcons} during layout: running second layout pass
W/View    (24221): requestLayout() improperly called by com.android.systemui.statusbar.phone.IconMerger{432b7018 V.E..... ........ 0,0-270,75 #7f0a0067 app:id/notificationIcons} during second layout pass: posting in next frame
W/View    (24221): requestLayout() improperly called by com.android.systemui.statusbar.phone.IconMerger{432b7018 V.E..... ......I. 0,0-270,75 #7f0a0067 app:id/notificationIcons} during second layout pass: posting in next frame
I/wpa_supplicant(27084): wlan0: HEART-BEAT-ACK: 4105
W/GooglePlayServicesUtil( 1220): Google Play Store is missing.
W/GooglePlayServicesUtil( 1220): Google Play Store is missing.
E/CommandListener( 2418): readDefRoute call readDefRoute
E/SecondaryTablController( 2418): isWifiDefaultRouteExisted /system/bin/ip route
E/CommandListener( 2418): readDefRoute Rsp ok
W/View    (24221): requestLayout() improperly called by com.android.systemui.statusbar.phone.IconMerger{432b7018 V.E..... ......I. 0,0-270,75 #7f0a0067 app:id/notificationIcons} during layout: running second layout pass
I/wpa_supplicant(27084): wlan0: HEART-BEAT-ACK: 4106
W/View    (24221): requestLayout() improperly called by com.android.systemui.statusbar.phone.IconMerger{432b7018 V.E..... ........ 0,0-270,75 #7f0a0067 app:id/notificationIcons} during second layout pass: posting in next frame
E/android_hardware_fm.cpp(11312): register_android_hardware_fm_fmradio
E/FM_HAL  (11312): [FM_HAL], fm_dynamic_lib is libbcmfm_if
E/FM_HAL  (11312): [FM_HAL], libname is libbcmfm_if
E/fm_if.c (11312): find the id:libbcmfm_if and begins to open the devices
E/android_hardware_fm.cpp(11312): register_android_hardware_fm_fmradio, ret is 0
E/        (11312): ProtocolErrorLog wangkang test!!
I/AndroidRuntime(11312): VM exiting with result code 0.
I/ctrlSocket( 2418): gethostbyname normal
W/View    (24221): requestLayout() improperly called by com.android.systemui.statusbar.phone.IconMerger{432b7018 V.E..... ......I. 0,0-270,75 #7f0a0067 app:id/notificationIcons} during layout: running second layout pass
W/GooglePlayServicesUtil( 1220): Google Play Store is missing.
W/GooglePlayServicesUtil( 1220): Google Play Store is missing.
W/View    (24221): requestLayout() improperly called by com.android.systemui.statusbar.phone.IconMerger{432b7018 V.E..... ......I. 0,0-270,75 #7f0a0067 app:id/notificationIcons} during layout: running second layout pass
W/View    (24221): requestLayout() improperly called by com.android.systemui.statusbar.phone.IconMerger{432b7018 V.E..... ........ 0,0-270,75 #7f0a0067 app:id/notificationIcons} during second layout pass: posting in next frame
W/View    (24221): requestLayout() improperly called by com.android.systemui.statusbar.phone.IconMerger{432b7018 V.E..... ......I. 0,0-270,75 #7f0a0067 app:id/notificationIcons} during second layout pass: posting in next frame
W/View    (24221): requestLayout() improperly called by com.android.systemui.statusbar.phone.IconMerger{432b7018 V.E..... ......I. 0,0-270,75 #7f0a0067 app:id/notificationIcons} during layout: running second layout pass
W/View    (24221): requestLayout() improperly called by com.android.systemui.statusbar.phone.IconMerger{432b7018 V.E..... ........ 0,0-270,75 #7f0a0067 app:id/notificationIcons} during second layout pass: posting in next frame
W/GooglePlayServicesUtil( 1220): Google Play Store is missing.
W/GooglePlayServicesUtil( 1220): Google Play Store is missing.
I/RongLog-Push[PushConnectivityManager]( 1777): startPingTimer, 10s
I/wpa_supplicant(27084): wlan0: HEART-BEAT-ACK: 4107
I/RongLog-Push[PushProtocalStack]( 1777): receive message type:PINGRESP
I/RongLog-Push[PushConnectivityManager]( 1777): stopPingTimer
I/RongLog-Push[PushConnectivityManager]( 1777): startHeartbeat
W/View    (24221): requestLayout() improperly called by com.android.systemui.statusbar.phone.IconMerger{432b7018 V.E..... ......I. 0,0-270,75 #7f0a0067 app:id/notificationIcons} during layout: running second layout pass
W/View    (24221): requestLayout() improperly called by com.android.systemui.statusbar.phone.IconMerger{432b7018 V.E..... ........ 0,0-270,75 #7f0a0067 app:id/notificationIcons} during second layout pass: posting in next frame
W/GooglePlayServicesUtil( 1220): Google Play Store is missing.
W/GooglePlayServicesUtil( 1220): Google Play Store is missing.
W/View    (24221): requestLayout() improperly called by com.android.systemui.statusbar.phone.IconMerger{432b7018 V.E..... ......I. 0,0-270,75 #7f0a0067 app:id/notificationIcons} during layout: running second layout pass
E/CommandListener( 2418): readDefRoute call readDefRoute
E/SecondaryTablController( 2418): isWifiDefaultRouteExisted /system/bin/ip route
E/CommandListener( 2418): readDefRoute Rsp ok
W/View    (24221): requestLayout() improperly called by com.android.systemui.statusbar.phone.IconMerger{432b7018 V.E..... ........ 0,0-270,75 #7f0a0067 app:id/notificationIcons} during second layout pass: posting in next frame
W/GooglePlayServicesUtil( 1220): Google Play Store is missing.
W/GooglePlayServicesUtil( 1220): Google Play Store is missing.
I/wpa_supplicant(27084): wlan0: HEART-BEAT-ACK: 4108
E/android_hardware_fm.cpp(11570): register_android_hardware_fm_fmradio
E/FM_HAL  (11570): [FM_HAL], fm_dynamic_lib is libbcmfm_if
E/FM_HAL  (11570): [FM_HAL], libname is libbcmfm_if
E/fm_if.c (11570): find the id:libbcmfm_if and begins to open the devices
E/android_hardware_fm.cpp(11570): register_android_hardware_fm_fmradio, ret is 0
E/        (11570): ProtocolErrorLog wangkang test!!
W/View    (24221): requestLayout() improperly called by com.android.systemui.statusbar.phone.IconMerger{432b7018 V.E..... ......I. 0,0-270,75 #7f0a0067 app:id/notificationIcons} during layout: running second layout pass
W/View    (24221): requestLayout() improperly called by com.android.systemui.statusbar.phone.IconMerger{432b7018 V.E..... ........ 0,0-270,75 #7f0a0067 app:id/notificationIcons} during second layout pass: posting in next frame
W/GooglePlayServicesUtil( 1220): Google Play Store is missing.
W/GooglePlayServicesUtil( 1220): Google Play Store is missing.
E/android_hardware_fm.cpp(11618): register_android_hardware_fm_fmradio
E/FM_HAL  (11618): [FM_HAL], fm_dynamic_lib is libbcmfm_if
E/FM_HAL  (11618): [FM_HAL], libname is libbcmfm_if
E/fm_if.c (11618): find the id:libbcmfm_if and begins to open the devices
E/android_hardware_fm.cpp(11618): register_android_hardware_fm_fmradio, ret is 0
E/        (11618): ProtocolErrorLog wangkang test!!
I/AndroidRuntime(11618): VM exiting with result code 0.
W/View    (24221): requestLayout() improperly called by com.android.systemui.statusbar.phone.IconMerger{432b7018 V.E..... ......I. 0,0-270,75 #7f0a0067 app:id/notificationIcons} during layout: running second layout pass
W/View    (24221): requestLayout() improperly called by com.android.systemui.statusbar.phone.IconMerger{432b7018 V.E..... ........ 0,0-270,75 #7f0a0067 app:id/notificationIcons} during second layout pass: posting in next frame
W/View    (24221): requestLayout() improperly called by com.android.systemui.statusbar.phone.IconMerger{432b7018 V.E..... ......I. 0,0-270,75 #7f0a0067 app:id/notificationIcons} during layout: running second layout pass
I/wpa_supplicant(27084): wlan0: HEART-BEAT-ACK: 4109
W/GooglePlayServicesUtil( 1220): Google Play Store is missing.
W/GooglePlayServicesUtil( 1220): Google Play Store is missing.
E/CommandListener( 2418): readDefRoute call readDefRoute
E/SecondaryTablController( 2418): isWifiDefaultRouteExisted /system/bin/ip route
E/CommandListener( 2418): readDefRoute Rsp ok
W/GooglePlayServicesUtil( 1220): Google Play Store is missing.
W/GooglePlayServicesUtil( 1220): Google Play Store is missing.
W/View    (24221): requestLayout() improperly called by com.android.systemui.statusbar.phone.IconMerger{432b7018 V.E..... ......I. 0,0-270,75 #7f0a0067 app:id/notificationIcons} during layout: running second layout pass
W/View    (24221): requestLayout() improperly called by com.android.systemui.statusbar.phone.IconMerger{432b7018 V.E..... ........ 0,0-270,75 #7f0a0067 app:id/notificationIcons} during second layout pass: posting in next frame
W/View    (24221): requestLayout() improperly called by com.android.systemui.statusbar.phone.IconMerger{432b7018 V.E..... ......I. 0,0-270,75 #7f0a0067 app:id/notificationIcons} during second layout pass: posting in next frame
E/android_hardware_fm.cpp(11764): register_android_hardware_fm_fmradio
E/FM_HAL  (11764): [FM_HAL], fm_dynamic_lib is libbcmfm_if
E/FM_HAL  (11764): [FM_HAL], libname is libbcmfm_if
E/fm_if.c (11764): find the id:libbcmfm_if and begins to open the devices
E/android_hardware_fm.cpp(11764): register_android_hardware_fm_fmradio, ret is 0
E/        (11764): ProtocolErrorLog wangkang test!!
I/wpa_supplicant(27084): wlan0: HEART-BEAT-ACK: 4110
W/GooglePlayServicesUtil( 1220): Google Play Store is missing.
W/GooglePlayServicesUtil( 1220): Google Play Store is missing.
W/View    (24221): requestLayout() improperly called by com.android.systemui.statusbar.phone.IconMerger{432b7018 V.E..... ......I. 0,0-270,75 #7f0a0067 app:id/notificationIcons} during layout: running second layout pass
W/View    (24221): requestLayout() improperly called by com.android.systemui.statusbar.phone.IconMerger{432b7018 V.E..... ........ 0,0-270,75 #7f0a0067 app:id/notificationIcons} during second layout pass: posting in next frame
I/wpa_supplicant(27084): wlan0: HEART-BEAT-ACK: 4111
W/GooglePlayServicesUtil( 1220): Google Play Store is missing.
W/GooglePlayServicesUtil( 1220): Google Play Store is missing.
W/GooglePlayServicesUtil( 1220): Google Play Store is missing.
W/GooglePlayServicesUtil( 1220): Google Play Store is missing.
E/CommandListener( 2418): readDefRoute call readDefRoute
E/SecondaryTablController( 2418): isWifiDefaultRouteExisted /system/bin/ip route
E/CommandListener( 2418): readDefRoute Rsp ok
I/wpa_supplicant(27084): wlan0: HEART-BEAT-ACK: 4112
I/CAPALiteReceiver( 3522): USER STATE: STATIONARY SUB STATE: UNKNOWN
W/View    (24221): requestLayout() improperly called by com.android.systemui.statusbar.phone.IconMerger{432b7018 V.E..... ......I. 0,0-270,75 #7f0a0067 app:id/notificationIcons} during layout: running second layout pass
W/View    (24221): requestLayout() improperly called by com.android.systemui.statusbar.phone.IconMerger{432b7018 V.E..... ........ 0,0-270,75 #7f0a0067 app:id/notificationIcons} during second layout pass: posting in next frame
W/GooglePlayServicesUtil( 1220): Google Play Store is missing.
W/GooglePlayServicesUtil( 1220): Google Play Store is missing.
W/View    (24221): requestLayout() improperly called by com.android.systemui.statusbar.phone.IconMerger{432b7018 V.E..... ......I. 0,0-270,75 #7f0a0067 app:id/notificationIcons} during layout: running second layout pass
W/GooglePlayServicesUtil( 1220): Google Play Store is missing.
W/GooglePlayServicesUtil( 1220): Google Play Store is missing.
I/wpa_supplicant(27084): wlan0: HEART-BEAT-ACK: 4113
E/android_hardware_fm.cpp(12286): register_android_hardware_fm_fmradio
E/FM_HAL  (12286): [FM_HAL], fm_dynamic_lib is libbcmfm_if
E/FM_HAL  (12286): [FM_HAL], libname is libbcmfm_if
E/fm_if.c (12286): find the id:libbcmfm_if and begins to open the devices
E/android_hardware_fm.cpp(12286): register_android_hardware_fm_fmradio, ret is 0
E/        (12286): ProtocolErrorLog wangkang test!!
W/GooglePlayServicesUtil( 1220): Google Play Store is missing.
W/GooglePlayServicesUtil( 1220): Google Play Store is missing.
W/View    (24221): requestLayout() improperly called by com.android.systemui.statusbar.phone.IconMerger{432b7018 V.E..... ......I. 0,0-270,75 #7f0a0067 app:id/notificationIcons} during layout: running second layout pass
W/View    (24221): requestLayout() improperly called by com.android.systemui.statusbar.phone.IconMerger{432b7018 V.E..... ........ 0,0-270,75 #7f0a0067 app:id/notificationIcons} during second layout pass: posting in next frame
W/View    (24221): requestLayout() improperly called by com.android.systemui.statusbar.phone.IconMerger{432b7018 V.E..... ......I. 0,0-270,75 #7f0a0067 app:id/notificationIcons} during second layout pass: posting in next frame
E/CommandListener( 2418): readDefRoute call readDefRoute
E/SecondaryTablController( 2418): isWifiDefaultRouteExisted /system/bin/ip route
E/CommandListener( 2418): readDefRoute Rsp ok
I/wpa_supplicant(27084): wlan0: HEART-BEAT-ACK: 4114
W/GooglePlayServicesUtil( 1220): Google Play Store is missing.
W/GooglePlayServicesUtil( 1220): Google Play Store is missing.
W/View    (24221): requestLayout() improperly called by com.android.systemui.statusbar.phone.IconMerger{432b7018 V.E..... ......I. 0,0-270,75 #7f0a0067 app:id/notificationIcons} during layout: running second layout pass
W/View    (24221): requestLayout() improperly called by com.android.systemui.statusbar.phone.IconMerger{432b7018 V.E..... ........ 0,0-270,75 #7f0a0067 app:id/notificationIcons} during second layout pass: posting in next frame
I/KeepAlive(15563): onCheckState
I/KeepAlive(15563): Check Push Process Importance [100], isFocus [true].
I/KeepAlive(15563): onCloseOffScreenActivity
W/View    (24221): requestLayout() improperly called by com.android.systemui.statusbar.phone.IconMerger{432b7018 V.E..... ......I. 0,0-270,75 #7f0a0067 app:id/notificationIcons} during layout: running second layout pass
W/View    (24221): requestLayout() improperly called by com.android.systemui.statusbar.phone.IconMerger{432b7018 V.E..... ........ 0,0-270,75 #7f0a0067 app:id/notificationIcons} during second layout pass: posting in next frame
W/GooglePlayServicesUtil( 1220): Google Play Store is missing.
W/GooglePlayServicesUtil( 1220): Google Play Store is missing.
I/wpa_supplicant(27084): wlan0: HEART-BEAT-ACK: 4115
I/tnet-jni( 1204): 49962 - [spdyPingRecvCallback] - 
I/tnet-jni( 1204): 49962 - [SpdySessionCallBack.spdyPingRecvCallback] - org.android.spdy.SpdySession@43337438
W/View    (24221): requestLayout() improperly called by com.android.systemui.statusbar.phone.IconMerger{432b7018 V.E..... ......I. 0,0-270,75 #7f0a0067 app:id/notificationIcons} during layout: running second layout pass
W/View    (24221): requestLayout() improperly called by com.android.systemui.statusbar.phone.IconMerger{432b7018 V.E..... ........ 0,0-270,75 #7f0a0067 app:id/notificationIcons} during second layout pass: posting in next frame
W/GooglePlayServicesUtil( 1220): Google Play Store is missing.
W/GooglePlayServicesUtil( 1220): Google Play Store is missing.
E/CommandListener( 2418): readDefRoute call readDefRoute
E/SecondaryTablController( 2418): isWifiDefaultRouteExisted /system/bin/ip route
E/CommandListener( 2418): readDefRoute Rsp ok
I/wpa_supplicant(27084): wlan0: HEART-BEAT-ACK: 4116
W/GooglePlayServicesUtil( 1220): Google Play Store is missing.
W/GooglePlayServicesUtil( 1220): Google Play Store is missing.
W/GooglePlayServicesUtil( 1220): Google Play Store is missing.
W/GooglePlayServicesUtil( 1220): Google Play Store is missing.
W/View    (24221): requestLayout() improperly called by com.android.systemui.statusbar.phone.IconMerger{432b7018 V.E..... ......I. 0,0-270,75 #7f0a0067 app:id/notificationIcons} during layout: running second layout pass
I/wpa_supplicant(27084): wlan0: HEART-BEAT-ACK: 4117
W/GooglePlayServicesUtil( 1220): Google Play Store is missing.
W/GooglePlayServicesUtil( 1220): Google Play Store is missing.
W/GooglePlayServicesUtil( 1220): Google Play Store is missing.
W/GooglePlayServicesUtil( 1220): Google Play Store is missing.
I/logserver( 2434): get alarm time = 519573 (sec.)!
I/logserver( 2434): send_files, commercial version, send by other, return!
I/logserver( 2434): Object Path:/data/log/apr/, mask=0x00000008
I/logserver( 2434): Timeout, apr update!
I/logserver( 2434): event->len=80, name=H60-L02_V100R001CHNC00B316_DU2TAN15AJ049163_20170111211033_statistics
I/logserver( 2434): process_one_event, can not find this event(H60-L02_V100R001CHNC00B316_DU2TAN15AJ049163_20170111211033_statistics)
I/logserver( 2434): clean_cur_cache:962, system(rm -r /data/log/logcache/5564192/* > /dev/null 2>&1)
E/CommandListener( 2418): readDefRoute call readDefRoute
E/SecondaryTablController( 2418): isWifiDefaultRouteExisted /system/bin/ip route
I/wpa_supplicant(27084): wlan0: HEART-BEAT-ACK: 4118
E/CommandListener( 2418): readDefRoute Rsp ok
W/View    (24221): requestLayout() improperly called by com.android.systemui.statusbar.phone.IconMerger{432b7018 V.E..... ......I. 0,0-270,75 #7f0a0067 app:id/notificationIcons} during layout: running second layout pass
W/View    (24221): requestLayout() improperly called by com.android.systemui.statusbar.phone.IconMerger{432b7018 V.E..... ........ 0,0-270,75 #7f0a0067 app:id/notificationIcons} during second layout pass: posting in next frame
W/View    (24221): requestLayout() improperly called by com.android.systemui.statusbar.phone.IconMerger{432b7018 V.E..... ......I. 0,0-270,75 #7f0a0067 app:id/notificationIcons} during second layout pass: posting in next frame
W/GooglePlayServicesUtil( 1220): Google Play Store is missing.
W/GooglePlayServicesUtil( 1220): Google Play Store is missing.
I/wpa_supplicant(27084): wlan0: HEART-BEAT-ACK: 4119
W/GooglePlayServicesUtil( 1220): Google Play Store is missing.
W/GooglePlayServicesUtil( 1220): Google Play Store is missing.
W/GooglePlayServicesUtil( 1220): Google Play Store is missing.
W/GooglePlayServicesUtil( 1220): Google Play Store is missing.
I/wpa_supplicant(27084): wlan0: HEART-BEAT-ACK: 4120
E/CommandListener( 2418): readDefRoute call readDefRoute
E/SecondaryTablController( 2418): isWifiDefaultRouteExisted /system/bin/ip route
E/CommandListener( 2418): readDefRoute Rsp ok
W/GooglePlayServicesUtil( 1220): Google Play Store is missing.
W/GooglePlayServicesUtil( 1220): Google Play Store is missing.
I/HwLauncher( 3562): Launcher.LauncherProvider  begin check permission at checkPermission 
W/System.err( 3562): java.lang.SecurityException: Permission Denial: reading com.huawei.android.launcher.LauncherProvider from pid=30864, uid=10092 requires com.huawei.android.launcher.permission.WRITE_SETTINGS: uid 10092 does not have com.huawei.android.launcher.permission.WRITE_SETTINGS.
W/System.err( 3562): 	at android.app.ContextImpl.enforce(ContextImpl.java:1775)
W/System.err( 3562): 	at android.app.ContextImpl.enforcePermission(ContextImpl.java:1787)
W/System.err( 3562): 	at android.content.ContextWrapper.enforcePermission(ContextWrapper.java:561)
W/System.err( 3562): 	at com.huawei.android.launcher.LauncherProvider.checkPermission(LauncherProvider.java:560)
W/System.err( 3562): 	at com.huawei.android.launcher.LauncherProvider.call(LauncherProvider.java:575)
W/System.err( 3562): 	at android.content.ContentProvider$Transport.call(ContentProvider.java:325)
W/System.err( 3562): 	at android.content.ContentProviderNative.onTransact(ContentProviderNative.java:284)
W/System.err( 3562): 	at android.os.Binder.execTransact(Binder.java:404)
W/System.err( 3562): 	at dalvik.system.NativeStart.run(Native Method)
E/DatabaseUtils( 3562): Writing exception to parcel
E/DatabaseUtils( 3562): java.lang.SecurityException: Permission Denial: reading com.huawei.android.launcher.LauncherProvider from pid=30864, uid=10092 requires com.huawei.android.launcher.permission.WRITE_SETTINGS: uid 10092 does not have com.huawei.android.launcher.permission.WRITE_SETTINGS.
E/DatabaseUtils( 3562): 	at android.app.ContextImpl.enforce(ContextImpl.java:1775)
E/DatabaseUtils( 3562): 	at android.app.ContextImpl.enforcePermission(ContextImpl.java:1787)
E/DatabaseUtils( 3562): 	at android.content.ContextWrapper.enforcePermission(ContextWrapper.java:561)
E/DatabaseUtils( 3562): 	at com.huawei.android.launcher.LauncherProvider.checkPermission(LauncherProvider.java:560)
E/DatabaseUtils( 3562): 	at com.huawei.android.launcher.LauncherProvider.call(LauncherProvider.java:575)
E/DatabaseUtils( 3562): 	at android.content.ContentProvider$Transport.call(ContentProvider.java:325)
E/DatabaseUtils( 3562): 	at android.content.ContentProviderNative.onTransact(ContentProviderNative.java:284)
E/DatabaseUtils( 3562): 	at android.os.Binder.execTransact(Binder.java:404)
E/DatabaseUtils( 3562): 	at dalvik.system.NativeStart.run(Native Method)
E/android_hardware_fm.cpp(13305): register_android_hardware_fm_fmradio
E/FM_HAL  (13305): [FM_HAL], fm_dynamic_lib is libbcmfm_if
E/FM_HAL  (13305): [FM_HAL], libname is libbcmfm_if
E/fm_if.c (13305): find the id:libbcmfm_if and begins to open the devices
E/android_hardware_fm.cpp(13305): register_android_hardware_fm_fmradio, ret is 0
E/        (13305): ProtocolErrorLog wangkang test!!
E/HwSystemManager( 3870): BgPowerManagerService: conusmPower = -17 result = -203 flag1 =false flag2 = false
W/View    (24221): requestLayout() improperly called by com.android.systemui.statusbar.phone.IconMerger{432b7018 V.E..... ......I. 0,0-270,75 #7f0a0067 app:id/notificationIcons} during layout: running second layout pass
W/GooglePlayServicesUtil( 1220): Google Play Store is missing.
W/GooglePlayServicesUtil( 1220): Google Play Store is missing.
I/wpa_supplicant(27084): wlan0: HEART-BEAT-ACK: 4121
W/Settings(31588): Setting auto_time has moved from android.provider.Settings.System to android.provider.Settings.Global, returning read-only value.
W/Settings(31588): Setting auto_time has moved from android.provider.Settings.System to android.provider.Settings.Global, returning read-only value.
W/View    (24221): requestLayout() improperly called by com.android.systemui.statusbar.phone.IconMerger{432b7018 V.E..... ......I. 0,0-270,75 #7f0a0067 app:id/notificationIcons} during layout: running second layout pass
W/View    (24221): requestLayout() improperly called by com.android.systemui.statusbar.phone.IconMerger{432b7018 V.E..... ........ 0,0-270,75 #7f0a0067 app:id/notificationIcons} during second layout pass: posting in next frame
W/View    (24221): requestLayout() improperly called by com.android.systemui.statusbar.phone.IconMerger{432b7018 V.E..... ......I. 0,0-270,75 #7f0a0067 app:id/notificationIcons} during second layout pass: posting in next frame
W/View    (24221): requestLayout() improperly called by com.android.systemui.statusbar.phone.IconMerger{432b7018 V.E..... ......I. 0,0-270,75 #7f0a0067 app:id/notificationIcons} during layout: running second layout pass
W/View    (24221): requestLayout() improperly called by com.android.systemui.statusbar.phone.IconMerger{432b7018 V.E..... ......I. 0,0-270,75 #7f0a0067 app:id/notificationIcons} during layout: running second layout pass
W/View    (24221): requestLayout() improperly called by com.android.systemui.statusbar.phone.IconMerger{432b7018 V.E..... ........ 0,0-270,75 #7f0a0067 app:id/notificationIcons} during second layout pass: posting in next frame
W/View    (24221): requestLayout() improperly called by com.android.systemui.statusbar.phone.IconMerger{432b7018 V.E..... ......I. 0,0-270,75 #7f0a0067 app:id/notificationIcons} during second layout pass: posting in next frame
W/Settings(31520): Setting auto_time has moved from android.provider.Settings.System to android.provider.Settings.Global, returning read-only value.
W/View    (24221): requestLayout() improperly called by com.android.systemui.statusbar.phone.IconMerger{432b7018 V.E..... ......I. 0,0-270,75 #7f0a0067 app:id/notificationIcons} during layout: running second layout pass
W/View    (24221): requestLayout() improperly called by com.android.systemui.statusbar.phone.IconMerger{432b7018 V.E..... ........ 0,0-270,75 #7f0a0067 app:id/notificationIcons} during second layout pass: posting in next frame
W/GooglePlayServicesUtil( 1220): Google Play Store is missing.
W/GooglePlayServicesUtil( 1220): Google Play Store is missing.
W/View    (24221): requestLayout() improperly called by com.android.systemui.statusbar.phone.IconMerger{432b7018 V.E..... ......I. 0,0-270,75 #7f0a0067 app:id/notificationIcons} during layout: running second layout pass
W/View    (24221): requestLayout() improperly called by com.android.systemui.statusbar.phone.IconMerger{432b7018 V.E..... ........ 0,0-270,75 #7f0a0067 app:id/notificationIcons} during second layout pass: posting in next frame
I/wpa_supplicant(27084): wlan0: HEART-BEAT-ACK: 4122
E/CommandListener( 2418): readDefRoute call readDefRoute
E/SecondaryTablController( 2418): isWifiDefaultRouteExisted /system/bin/ip route
E/CommandListener( 2418): readDefRoute Rsp ok
W/GooglePlayServicesUtil( 1220): Google Play Store is missing.
W/GooglePlayServicesUtil( 1220): Google Play Store is missing.
W/View    (24221): requestLayout() improperly called by com.android.systemui.statusbar.phone.IconMerger{432b7018 V.E..... ......I. 0,0-270,75 #7f0a0067 app:id/notificationIcons} during layout: running second layout pass
W/View    (24221): requestLayout() improperly called by com.android.systemui.statusbar.phone.IconMerger{432b7018 V.E..... ........ 0,0-270,75 #7f0a0067 app:id/notificationIcons} during second layout pass: posting in next frame
W/View    (24221): requestLayout() improperly called by com.android.systemui.statusbar.phone.IconMerger{432b7018 V.E..... ......I. 0,0-270,75 #7f0a0067 app:id/notificationIcons} during layout: running second layout pass
E/Thermal-daemon( 2432): [pa_0] temp_new :38  temp_old :37
E/Thermal-daemon( 2432): Report temperature: [pa_0] temp :38  report_threshold:1
W/View    (24221): requestLayout() improperly called by com.android.systemui.statusbar.phone.IconMerger{432b7018 V.E..... ........ 0,0-270,75 #7f0a0067 app:id/notificationIcons} during second layout pass: posting in next frame
W/View    (24221): requestLayout() improperly called by com.android.systemui.statusbar.phone.IconMerger{432b7018 V.E..... ......I. 0,0-270,75 #7f0a0067 app:id/notificationIcons} during layout: running second layout pass
W/View    (24221): requestLayout() improperly called by com.android.systemui.statusbar.phone.IconMerger{432b7018 V.E..... ........ 0,0-270,75 #7f0a0067 app:id/notificationIcons} during second layout pass: posting in next frame
W/GooglePlayServicesUtil( 1220): Google Play Store is missing.
W/GooglePlayServicesUtil( 1220): Google Play Store is missing.
I/RongLog-Push[PushConnectivityManager]( 1777): startPingTimer, 10s
I/RongLog-Push[PushProtocalStack]( 1777): receive message type:PINGRESP
I/RongLog-Push[PushConnectivityManager]( 1777): stopPingTimer
I/RongLog-Push[PushConnectivityManager]( 1777): startHeartbeat
I/wpa_supplicant(27084): wlan0: HEART-BEAT-ACK: 4123
W/View    (24221): requestLayout() improperly called by com.android.systemui.statusbar.phone.IconMerger{432b7018 V.E..... ......I. 0,0-270,75 #7f0a0067 app:id/notificationIcons} during layout: running second layout pass
W/View    (24221): requestLayout() improperly called by com.android.systemui.statusbar.phone.IconMerger{432b7018 V.E..... ........ 0,0-270,75 #7f0a0067 app:id/notificationIcons} during second layout pass: posting in next frame
W/GooglePlayServicesUtil( 1220): Google Play Store is missing.
W/GooglePlayServicesUtil( 1220): Google Play Store is missing.
I/wpa_supplicant(27084): wlan0: HEART-BEAT-ACK: 4124
W/GooglePlayServicesUtil( 1220): Google Play Store is missing.
W/GooglePlayServicesUtil( 1220): Google Play Store is missing.
E/CommandListener( 2418): readDefRoute call readDefRoute
E/SecondaryTablController( 2418): isWifiDefaultRouteExisted /system/bin/ip route
E/CommandListener( 2418): readDefRoute Rsp ok
W/View    (24221): requestLayout() improperly called by com.android.systemui.statusbar.phone.IconMerger{432b7018 V.E..... ......I. 0,0-270,75 #7f0a0067 app:id/notificationIcons} during layout: running second layout pass
E/Thermal-daemon( 2432): [pa_0] temp_new :37  temp_old :38
E/Thermal-daemon( 2432): Report temperature: [pa_0] temp :37  report_threshold:1
W/View    (24221): requestLayout() improperly called by com.android.systemui.statusbar.phone.IconMerger{432b7018 V.E..... ........ 0,0-270,75 #7f0a0067 app:id/notificationIcons} during second layout pass: posting in next frame
W/GooglePlayServicesUtil( 1220): Google Play Store is missing.
W/GooglePlayServicesUtil( 1220): Google Play Store is missing.
W/View    (24221): requestLayout() improperly called by com.android.systemui.statusbar.phone.IconMerger{432b7018 V.E..... ......I. 0,0-270,75 #7f0a0067 app:id/notificationIcons} during layout: running second layout pass
I/wpa_supplicant(27084): wlan0: HEART-BEAT-ACK: 4125
W/GooglePlayServicesUtil( 1220): Google Play Store is missing.
W/GooglePlayServicesUtil( 1220): Google Play Store is missing.
W/GooglePlayServicesUtil( 1220): Google Play Store is missing.
W/GooglePlayServicesUtil( 1220): Google Play Store is missing.
W/View    (24221): requestLayout() improperly called by com.android.systemui.statusbar.phone.IconMerger{432b7018 V.E..... ......I. 0,0-270,75 #7f0a0067 app:id/notificationIcons} during layout: running second layout pass
W/View    (24221): requestLayout() improperly called by com.android.systemui.statusbar.phone.IconMerger{432b7018 V.E..... ........ 0,0-270,75 #7f0a0067 app:id/notificationIcons} during second layout pass: posting in next frame
W/View    (24221): requestLayout() improperly called by com.android.systemui.statusbar.phone.IconMerger{432b7018 V.E..... ......I. 0,0-270,75 #7f0a0067 app:id/notificationIcons} during second layout pass: posting in next frame
I/wpa_supplicant(27084): wlan0: HEART-BEAT-ACK: 4126
I/dalvikvm-heap(11962): Grow heap (frag case) to 42.979MB for 345760-byte allocation
W/View    (24221): requestLayout() improperly called by com.android.systemui.statusbar.phone.IconMerger{432b7018 V.E..... ......I. 0,0-270,75 #7f0a0067 app:id/notificationIcons} during layout: running second layout pass
I/dalvikvm-heap(11962): Grow heap (frag case) to 43.267MB for 129616-byte allocation
I/dalvikvm-heap(11962): Grow heap (frag case) to 43.434MB for 129616-byte allocation
W/View    (24221): requestLayout() improperly called by com.android.systemui.statusbar.phone.IconMerger{432b7018 V.E..... ........ 0,0-270,75 #7f0a0067 app:id/notificationIcons} during second layout pass: posting in next frame
E/CommandListener( 2418): readDefRoute call readDefRoute
E/SecondaryTablController( 2418): isWifiDefaultRouteExisted /system/bin/ip route
W/System.err(11962): java.lang.NoSuchMethodException: isSupportChangeBadgeByCallMethod []
W/System.err(11962): 	at java.lang.Class.getConstructorOrMethod(Class.java:472)
W/System.err(11962): 	at java.lang.Class.getMethod(Class.java:857)
W/System.err(11962): 	at com.tencent.nucleus.manager.badge.a.f.a(ProGuard:53)
W/System.err(11962): 	at com.tencent.nucleus.manager.badge.a.f.a(ProGuard:28)
W/System.err(11962): 	at com.tencent.nucleus.manager.badge.a.b(ProGuard:131)
W/System.err(11962): 	at com.tencent.nucleus.manager.badge.a.a(ProGuard:107)
W/System.err(11962): 	at com.tencent.pangu.managerv7.a.a(ProGuard:57)
W/System.err(11962): 	at com.tencent.pangu.managerv7.a.handleUIEvent(ProGuard:77)
W/System.err(11962): 	at com.tencent.assistant.event.a.run(ProGuard:124)
W/System.err(11962): 	at android.os.Handler.handleCallback(Handler.java:733)
W/System.err(11962): 	at android.os.Handler.dispatchMessage(Handler.java:95)
W/System.err(11962): 	at android.os.Looper.loop(Looper.java:136)
W/System.err(11962): 	at android.app.ActivityThread.main(ActivityThread.java:5314)
W/System.err(11962): 	at java.lang.reflect.Method.invokeNative(Native Method)
W/System.err(11962): 	at java.lang.reflect.Method.invoke(Method.java:515)
W/System.err(11962): 	at com.android.internal.os.ZygoteInit$MethodAndArgsCaller.run(ZygoteInit.java:864)
W/System.err(11962): 	at com.android.internal.os.ZygoteInit.main(ZygoteInit.java:680)
W/System.err(11962): 	at dalvik.system.NativeStart.main(Native Method)
E/CommandListener( 2418): readDefRoute Rsp ok
E/Thermal-daemon( 2432): [pa_0] temp_new :38  temp_old :37
E/Thermal-daemon( 2432): Report temperature: [pa_0] temp :38  report_threshold:1
E/Thermal-daemon( 2432): [ap] temp_new :40  temp_old :39
E/Thermal-daemon( 2432): Report temperature: [ap] temp :40  report_threshold:1
W/GooglePlayServicesUtil( 1220): Google Play Store is missing.
W/GooglePlayServicesUtil( 1220): Google Play Store is missing.
W/View    (24221): requestLayout() improperly called by com.android.systemui.statusbar.phone.IconMerger{432b7018 V.E..... ......ID 0,0-270,75 #7f0a0067 app:id/notificationIcons} during layout: running second layout pass
W/View    (24221): requestLayout() improperly called by com.android.systemui.statusbar.phone.IconMerger{432b7018 V.E..... ........ 0,0-270,75 #7f0a0067 app:id/notificationIcons} during second layout pass: posting in next frame
W/View    (24221): requestLayout() improperly called by com.android.systemui.statusbar.phone.IconMerger{432b7018 V.E..... ......I. 0,0-270,75 #7f0a0067 app:id/notificationIcons} during layout: running second layout pass
W/View    (24221): requestLayout() improperly called by com.android.systemui.statusbar.phone.IconMerger{432b7018 V.E..... ........ 0,0-270,75 #7f0a0067 app:id/notificationIcons} during second layout pass: posting in next frame
W/View    (24221): requestLayout() improperly called by com.android.systemui.statusbar.phone.IconMerger{432b7018 V.E..... ......I. 0,0-270,75 #7f0a0067 app:id/notificationIcons} during layout: running second layout pass
W/View    (24221): requestLayout() improperly called by com.android.systemui.statusbar.phone.IconMerger{432b7018 V.E..... ........ 0,0-270,75 #7f0a0067 app:id/notificationIcons} during second layout pass: posting in next frame
W/View    (24221): requestLayout() improperly called by com.android.systemui.statusbar.phone.IconMerger{432b7018 V.E..... ......I. 0,0-270,75 #7f0a0067 app:id/notificationIcons} during layout: running second layout pass
I/wpa_supplicant(27084): wlan0: HEART-BEAT-ACK: 4127
E/Thermal-daemon( 2432): [ap] temp_new :39  temp_old :40
E/Thermal-daemon( 2432): Report temperature: [ap] temp :39  report_threshold:1
W/View    (24221): requestLayout() improperly called by com.android.systemui.statusbar.phone.IconMerger{432b7018 V.E..... ......I. 0,0-270,75 #7f0a0067 app:id/notificationIcons} during layout: running second layout pass
W/View    (24221): requestLayout() improperly called by com.android.systemui.statusbar.phone.IconMerger{432b7018 V.E..... ........ 0,0-270,75 #7f0a0067 app:id/notificationIcons} during second layout pass: posting in next frame
W/View    (24221): requestLayout() improperly called by com.android.systemui.statusbar.phone.IconMerger{432b7018 V.E..... ......I. 0,0-270,75 #7f0a0067 app:id/notificationIcons} during second layout pass: posting in next frame
W/GooglePlayServicesUtil( 1220): Google Play Store is missing.
W/GooglePlayServicesUtil( 1220): Google Play Store is missing.
W/View    (24221): requestLayout() improperly called by com.android.systemui.statusbar.phone.IconMerger{432b7018 V.E..... ......I. 0,0-270,75 #7f0a0067 app:id/notificationIcons} during layout: running second layout pass
W/View    (24221): requestLayout() improperly called by com.android.systemui.statusbar.phone.IconMerger{432b7018 V.E..... ........ 0,0-270,75 #7f0a0067 app:id/notificationIcons} during second layout pass: posting in next frame
W/View    (24221): requestLayout() improperly called by com.android.systemui.statusbar.phone.IconMerger{432b7018 V.E..... ......I. 0,0-270,75 #7f0a0067 app:id/notificationIcons} during layout: running second layout pass
W/View    (24221): requestLayout() improperly called by com.android.systemui.statusbar.phone.IconMerger{432b7018 V.E..... ........ 0,0-270,75 #7f0a0067 app:id/notificationIcons} during second layout pass: posting in next frame
I/PhoneStatusBar(24221): Whether the call in front: true; true indicates that the call in the foreground,false indicates in the background
I/PhoneStatusBar(24221): isForegroundActivity : true, callState : 0
I/BasePlaybackService( 7522): onReceive action:android.intent.action.PHONE_STATE
I/MediaPlaybackService( 7522): pauseWithoutCancleNotification
I/MediaPlaybackService( 7522): pause() begin
I/MediaPlaybackService( 7522): pause()--end
I/PhoneStatusBar(24221): Whether the call in front: true; true indicates that the call in the foreground,false indicates in the background
I/PhoneStatusBar(24221): isForegroundActivity : true, callState : 0
I/BasePlaybackService( 7522): onReceive action:android.intent.action.PHONE_STATE
I/MediaPlaybackService( 7522): pauseWithoutCancleNotification
I/MediaPlaybackService( 7522): pause() begin
I/MediaPlaybackService( 7522): pause()--end
W/HwSystemManager( 3870): DxEngine:handleIncomingCall: NOT implemented
E/CallNotifier( 3507): checked result = 0
W/StubController(30755): calendar access!
I/HwSystemManager( 3870): HoldService:preHoldShow start!
I/HwSystemManager( 3870): HoldService:The prePermissionType is: 1
I/MediaFocusControl( 3084):  AudioFocus  requestAudioFocus() from AudioFocus_For_Phone_Ring_And_Calls
W/View    (24221): requestLayout() improperly called by com.android.systemui.statusbar.phone.IconMerger{432b7018 V.E..... ......I. 0,0-270,75 #7f0a0067 app:id/notificationIcons} during layout: running second layout pass
I/AudioManager( 3507): setMode mode:1
W/Settings( 3507): Setting airplane_mode_on has moved from android.provider.Settings.System to android.provider.Settings.Global, returning read-only value.
W/StubController(30755): calendar access!
I/CallModeler( 3507): onPhoneStateChanged: 
I/HwSystemManager( 3870): HoldService:preHoldShow start!
I/HwSystemManager( 3870): HoldService:The prePermissionType is: 1
I/AudioRouter( 3507): Audio mode changing to SPEAKER
I/CallHandlerServiceProxy( 3507): Updating with new audio mode: SPEAKER with mute false
I/MediaFocusControl( 3084):  AudioFocus  abandonAudioFocus() from android.media.AudioManager@456e9778
I/InCall  ( 3507): CallHandlerService - onAudioModeChange : SPEAKER
I/InCall  ( 3507): CallHandlerService - onSupportedAudioModeChange : EARPIECE, SPEAKER
I/InCall  ( 3507): CallHandlerService - ON_AUDIO_MODE: SPEAKER, muted (false)
I/InCall  ( 3507): ProximitySensor - ProximitySensor{keybrd=0, dpad=0, offhook=0, hor=0, ui=0, aud=SPEAKER}
I/InCall  ( 3507): ProximitySensor - turning off proximity sensor: already released
I/InCall  ( 3507): CallHandlerService - ON_SUPPORTED_AUDIO_MODE: EARPIECE, SPEAKER
W/MotionDetectionManager( 3507): startMotionAppsReco motionApps: 101 disabled
W/MotionDetectionManager( 3507): startMotionAppsReco motionApps: 201 disabled
W/MotionDetectionManager( 3507): startMotionAppsReco motionApps: 301 disabled
W/MotionDetectionManager( 3507): startMotionAppsReco motionApps: 801 disabled
E/CallDetails( 3507): list is null in setConfUriList
E/CallDetails( 3507): list is null in setConfUriList
W/Settings( 3507): Setting airplane_mode_on has moved from android.provider.Settings.System to android.provider.Settings.Global, returning read-only value.
I/PackageManager( 3084):   Action: "android.intent.action.SENDTO"
I/PackageManager( 3084):   Category: "android.intent.category.DEFAULT"
I/PackageManager( 3084):   Scheme: "sms"
I/PackageManager( 3084):   Action: "android.intent.action.SENDTO"
I/PackageManager( 3084):   Category: "android.intent.category.DEFAULT"
I/PackageManager( 3084):   Scheme: "smsto"
I/PackageManager( 3084):   Action: "android.intent.action.SENDTO"
I/PackageManager( 3084):   Category: "android.intent.category.DEFAULT"
I/PackageManager( 3084):   Scheme: "mms"
I/PackageManager( 3084):   Action: "android.intent.action.SENDTO"
I/PackageManager( 3084):   Category: "android.intent.category.DEFAULT"
I/PackageManager( 3084):   Scheme: "mmsto"
I/HwLauncher( 3562): Launcher.LauncherProvider  begin check permission at checkPermission 
W/System.err( 3562): java.lang.SecurityException: Permission Denial: reading com.huawei.android.launcher.LauncherProvider from pid=30864, uid=10092 requires com.huawei.android.launcher.permission.WRITE_SETTINGS: uid 10092 does not have com.huawei.android.launcher.permission.WRITE_SETTINGS.
W/System.err( 3562): 	at android.app.ContextImpl.enforce(ContextImpl.java:1775)
W/System.err( 3562): 	at android.app.ContextImpl.enforcePermission(ContextImpl.java:1787)
W/System.err( 3562): 	at android.content.ContextWrapper.enforcePermission(ContextWrapper.java:561)
W/System.err( 3562): 	at com.huawei.android.launcher.LauncherProvider.checkPermission(LauncherProvider.java:560)
W/System.err( 3562): 	at com.huawei.android.launcher.LauncherProvider.call(LauncherProvider.java:575)
W/System.err( 3562): 	at android.content.ContentProvider$Transport.call(ContentProvider.java:325)
W/System.err( 3562): 	at android.content.ContentProviderNative.onTransact(ContentProviderNative.java:284)
W/System.err( 3562): 	at android.os.Binder.execTransact(Binder.java:404)
W/System.err( 3562): 	at dalvik.system.NativeStart.run(Native Method)
E/DatabaseUtils( 3562): Writing exception to parcel
E/DatabaseUtils( 3562): java.lang.SecurityException: Permission Denial: reading com.huawei.android.launcher.LauncherProvider from pid=30864, uid=10092 requires com.huawei.android.launcher.permission.WRITE_SETTINGS: uid 10092 does not have com.huawei.android.launcher.permission.WRITE_SETTINGS.
E/DatabaseUtils( 3562): 	at android.app.ContextImpl.enforce(ContextImpl.java:1775)
E/DatabaseUtils( 3562): 	at android.app.ContextImpl.enforcePermission(ContextImpl.java:1787)
E/DatabaseUtils( 3562): 	at android.content.ContextWrapper.enforcePermission(ContextWrapper.java:561)
E/DatabaseUtils( 3562): 	at com.huawei.android.launcher.LauncherProvider.checkPermission(LauncherProvider.java:560)
E/DatabaseUtils( 3562): 	at com.huawei.android.launcher.LauncherProvider.call(LauncherProvider.java:575)
E/DatabaseUtils( 3562): 	at android.content.ContentProvider$Transport.call(ContentProvider.java:325)
E/DatabaseUtils( 3562): 	at android.content.ContentProviderNative.onTransact(ContentProviderNative.java:284)
E/DatabaseUtils( 3562): 	at android.os.Binder.execTransact(Binder.java:404)
E/DatabaseUtils( 3562): 	at dalvik.system.NativeStart.run(Native Method)
I/InCall  ( 3507): CallHandlerService - onIncomingCall: Call{mCallId=18, mState=INCOMING, mDisconnectCause=NOT_DISCONNECTED, mCapabilities=34, mConnectTime=0, mChildCallIds=[], mGatewayNumber=null, mGatewayPackage=null, mIdentification=CallIdentification{mCallId=18, mNumber=xxxxxxxxxxx, mNumberPresentation=1, mCnapName=, mCnapNamePresentation=0}, mSsNotification=null, mCallDetails= calltype0 domain4 erroinfonull mConfParList multipartyfalse , mCallModifyDetails= calltype0 domain4 erroinfonull mConfParList multipartyfalse , mSubscription=1, mBlockInCallUi=false, mNumberMarkInfo=NumberMarkInfo{number=, attribute=, name=, classify=, classifyName=, isVip=false, vipMsg=, isVerified=false, isCloudMark=false, markedCount=0}, mConnectTimeReal=0}
E/cjhTest ( 2556): DefaultCallLogInsertionHelper->updateNumberLocation->number is know!
I/InCall  ( 3507): CallHandlerService - ON_INCOMING_CALL: Call{mCallId=18, mState=INCOMING, mDisconnectCause=NOT_DISCONNECTED, mCapabilities=34, mConnectTime=0, mChildCallIds=[], mGatewayNumber=null, mGatewayPackage=null, mIdentification=CallIdentification{mCallId=18, mNumber=xxxxxxxxxxx, mNumberPresentation=1, mCnapName=, mCnapNamePresentation=0}, mSsNotification=null, mCallDetails= calltype0 domain4 erroinfonull mConfParList multipartyfalse , mCallModifyDetails= calltype0 domain4 erroinfonull mConfParList multipartyfalse , mSubscription=1, mBlockInCallUi=false, mNumberMarkInfo=NumberMarkInfo{number=, attribute=, name=, classify=, classifyName=, isVip=false, vipMsg=, isVerified=false, isCloudMark=false, markedCount=0}, mConnectTimeReal=0}
I/InCall  ( 3507): InCallPresenter - Start Full Screen in call UI
W/Settings( 3507): Setting airplane_mode_on has moved from android.provider.Settings.System to android.provider.Settings.Global, returning read-only value.
I/InCall  ( 3507): CallCommandClient - getMuteState for subscription: 1
I/InCall  ( 3507): CallCommandClient - get mute state false
I/InCall  ( 3507): InCallPresenter - initMediaHandler: hasImsCall: false isImsMediaInitialized: false
I/InCall  ( 3507): InCallPresenter - Phone switching state: NO_CALLS -> INCOMING
E/cjhTest ( 2556): DefaultCallLogInsertionHelper->updateNumberLocation->number is know!
I/InCall  ( 3507): CallCommandClient - getMuteState for subscription: 1
I/InCall  ( 3507): CallCommandClient - get mute state false
E/cjhTest ( 2556): DefaultCallLogInsertionHelper->updateNumberLocation->number is know!
I/InCall  ( 3507): CallHandlerService - onUpdate: [Call{mCallId=18, mState=INCOMING, mDisconnectCause=NOT_DISCONNECTED, mCapabilities=34, mConnectTime=0, mChildCallIds=[], mGatewayNumber=null, mGatewayPackage=null, mIdentification=CallIdentification{mCallId=18, mNumber=xxxxxxxxxxx, mNumberPresentation=1, mCnapName=, mCnapNamePresentation=0}, mSsNotification=null, mCallDetails= calltype0 domain4 erroinfonull mConfParList multipartyfalse , mCallModifyDetails= calltype0 domain4 erroinfonull mConfParList multipartyfalse , mSubscription=1, mBlockInCallUi=false, mNumberMarkInfo=NumberMarkInfo{number=xxxxxxxxxxx, attribute=, name=null, classify=null, classifyName=null, isVip=false, vipMsg=, isVerified=false, isCloudMark=true, markedCount=0}, mConnectTimeReal=0}]
I/InCall  ( 3507): CallHandlerService - ON_UPDATE_MULTI_CALL: [Call{mCallId=18, mState=INCOMING, mDisconnectCause=NOT_DISCONNECTED, mCapabilities=34, mConnectTime=0, mChildCallIds=[], mGatewayNumber=null, mGatewayPackage=null, mIdentification=CallIdentification{mCallId=18, mNumber=xxxxxxxxxxx, mNumberPresentation=1, mCnapName=, mCnapNamePresentation=0}, mSsNotification=null, mCallDetails= calltype0 domain4 erroinfonull mConfParList multipartyfalse , mCallModifyDetails= calltype0 domain4 erroinfonull mConfParList multipartyfalse , mSubscription=1, mBlockInCallUi=false, mNumberMarkInfo=NumberMarkInfo{number=xxxxxxxxxxx, attribute=, name=null, classify=null, classifyName=null, isVip=false, vipMsg=, isVerified=false, isCloudMark=true, markedCount=0}, mConnectTimeReal=0}]
I/InCall  ( 3507): CallCommandClient - get active sub 1
I/InCall  ( 3507): InCallPresenter - Phone switching state: INCOMING -> INCOMING
I/InCall  ( 3507): CallCommandClient - getMuteState for subscription: 1
I/InCall  ( 3507): CallCommandClient - get mute state false
I/K3V3CpuGovernorPolicy( 3522): set scene Hmp policy : 300 , 150
W/View    (24221): requestLayout() improperly called by com.android.systemui.statusbar.phone.IconMerger{432b7018 V.E..... ......ID 0,0-270,75 #7f0a0067 app:id/notificationIcons} during second layout pass: posting in next frame
I/InCall  ( 3507): InCallPresenter - UI Initialized
I/InCall  ( 3507): InCallPresenter - Phone switching state: INCOMING -> INCOMING
I/InCall  ( 3507): CallCommandClient - getMuteState for subscription: 1
I/InCall  ( 3507): CallCommandClient - get mute state false
W/GooglePlayServicesUtil( 1220): Google Play Store is missing.
I/InCall  ( 3507): CallCommandClient - set active sub = 1
I/CalendarProvider2(14040): Sending notification intent: Intent { act=android.intent.action.PROVIDER_CHANGED dat=content://com.android.calendar }
W/ContentResolver(14040): Failed to get type for: content://com.android.calendar (Unknown URL content://com.android.calendar)
W/GooglePlayServicesUtil( 1220): Google Play Store is missing.
I/InCall  ( 3507): CallCommandClient - getMuteState for subscription: 1
I/InCall  ( 3507): CallCommandClient - get mute state false
I/InCall  ( 3507): CallCommandClient - getMuteState for subscription: 1
I/InCall  ( 3507): CallCommandClient - get mute state false
I/InCall  ( 3507): ProximitySensor - ProximitySensor{keybrd=0, dpad=0, offhook=0, hor=0, ui=0, aud=SPEAKER}
I/InCall  ( 3507): ProximitySensor - turning off proximity sensor: already released
I/InCall  ( 3507): CallCommandClient - getMuteState for subscription: 1
I/InCall  ( 3507): CallCommandClient - get mute state false
I/InCall  ( 3507): CallCommandClient - getMuteState for subscription: 1
I/InCall  ( 3507): CallCommandClient - get mute state false
