I/HwSystemManager( 3870): HoldService:The prePermissionType is: 1
W/Settings( 1220): Setting android_id has moved from android.provider.Settings.System to android.provider.Settings.Secure, returning read-only value.
I/HwSystemManager( 3870): HoldService:preHoldShow start!
I/HwSystemManager( 3870): HoldService:The prePermissionType is: 1
I/HwSystemManager( 3870): HoldService:preHoldShow start!
I/HwSystemManager( 3870): HoldService:The prePermissionType is: 1
I/HwSystemManager( 3870): HoldService:preHoldShow start!
I/HwSystemManager( 3870): HoldService:The prePermissionType is: 1
W/View    (24221): requestLayout() improperly called by com.android.systemui.statusbar.phone.IconMerger{432b7018 V.E..... ........ 0,0-270,75 #7f0a0067 app:id/notificationIcons} during second layout pass: posting in next frame
I/wpa_supplicant(27084): wlan0: HEART-BEAT-ACK: 3989
W/View    (24221): requestLayout() improperly called by com.android.systemui.statusbar.phone.IconMerger{432b7018 V.E..... ......I. 0,0-270,75 #7f0a0067 app:id/notificationIcons} during layout: running second layout pass
I/HwLauncher( 3562): ClockDynamicUpdater date changed!!!!!!
I/HwLauncher( 3562): DynamicIconData , getDrawableForDynamic begin, pkg = com.android.deskclock, picName = deskclock_bg
I/HwLauncher( 3562): DynamicIconData , getDrawableForDynamic end, pkg = com.android.deskclock, picName = deskclock_bg
I/HwLauncher( 3562): DynamicIconData , getDrawableForDynamic begin, pkg = com.android.deskclock, picName = deskclock_bg
I/HwLauncher( 3562): DynamicIconData , getDrawableForDynamic end, pkg = com.android.deskclock, picName = deskclock_bg
I/HwLauncher( 3562): Launcher.Utilities createIconBitmap sourceWidth = 180sourceHeight = 180
I/HwLauncher( 3562): ClockDynamicUpdater calender update folder at CalenderDynamicUpdater
I/HwLauncher( 3562): DynamicUpdater call updateFolder
I/HwLauncher( 3562): ClockDynamicUpdater Calender update and call updateFolder
I/HwLauncher( 3562): CalenderDynamicUpdater date changed!!!!!!
I/HwLauncher( 3562): CalenderDynamicUpdater Calender update and call updateFolder
I/accs.SilenceConnumeng:53870cb556240be6e4017771( 1204):  0 getChannelHost:umengjmacs.m.taobao.com
E/accs.SilenceConnumeng:53870cb556240be6e4017771( 1204):  0 connect strategys ip:106.11.61.109 port:80
E/accs.SilenceConnumeng:53870cb556240be6e4017771( 1204):  0 connect strategys ip:106.11.61.109 port:443
E/accs.SilenceConnumeng:53870cb556240be6e4017771( 1204):  0 get ip from amdc succ:106.11.61.109:80 originPos:0
E/accs.SilenceConnumeng:53870cb556240be6e4017771( 1204):  0 connect URL:https://106.11.61.109:80/accs/
E/accs.SilenceConnumeng:53870cb556240be6e4017771( 1204):  0 connect normal
I/accs.SilenceConnumeng:53870cb556240be6e4017771( 1204):  0 getChannelHost:umengjmacs.m.taobao.com
I/accs.SilenceConnumeng:53870cb556240be6e4017771( 1204):  use custom pub key pubKey:11
I/tnet-jni( 1204): 49975 -  create new session: 106.11.61.109:80
E/accs.SilenceConnumeng:53870cb556240be6e4017771( 1204):  0 notifyStatus:CONNECTING
I/accs.SilenceConnumeng:53870cb556240be6e4017771( 1204):  0 notifyStatus:CONNECTING handled
I/tnet-jni( 1204): 49962 - [SpdySessionCallBack.getSSLMeta] - org.android.spdy.SpdySession@43337438
I/tnet-jni( 1204): 49962 - [spdySessionConnectCB] - 
I/tnet-jni( 1204): 49962 - [SpdySessionCallBack.spdySessionConnectCB] - org.android.spdy.SpdySession@43337438
E/accs.SilenceConn( 1204):  0 spdySessionConnectCB sessionConnectInterval:51 sslTime:3 reuse:0
W/View    (24221): requestLayout() improperly called by com.android.systemui.statusbar.phone.IconMerger{432b7018 V.E..... ......I. 0,0-270,75 #7f0a0067 app:id/notificationIcons} during layout: running second layout pass
I/HwSystemManager( 3870): HoldService:preHoldShow start!
I/HwSystemManager( 3870): HoldService:The prePermissionType is: 1
W/View    (24221): requestLayout() improperly called by com.android.systemui.statusbar.phone.IconMerger{432b7018 V.E..... ........ 0,0-270,75 #7f0a0067 app:id/notificationIcons} during second layout pass: posting in next frame
I/awcn.HMacUtil( 1204):  hmacSha1Hex result:cdff8d75cb91f5883ef070167088621a5ce3610f6519ac62930be8544acb1c3c
W/View    (24221): requestLayout() improperly called by com.android.systemui.statusbar.phone.IconMerger{432b7018 V.E..... ......I. 0,0-270,75 #7f0a0067 app:id/notificationIcons} during second layout pass: posting in next frame
E/accs.SilenceConnumeng:53870cb556240be6e4017771( 1204):  0 auth URL:https://106.11.61.109:80/accs/auth?1=VkybL%2B3wftsDAKEQf7ZThV3C&2=cdff8d75cb91f5883ef070167088621a5ce3610f6519ac62930be8544acb1c3c&3=umeng:53870cb556240be6e4017771&5=0&6=wifi&7=46001&8=220&9=1503735062590&10=1&11=19&12=com.ygkj.chelaile.standard&13=3.35.0&14=null&15=H60-L02&16=Huawei&17=220&19=0
I/accs.Utils( 1204):  getMode mode:0
I/accs.SilenceConnumeng:53870cb556240be6e4017771( 1204):  0 getChannelHost:umengjmacs.m.taobao.com
I/accs.SilenceConnumeng:53870cb556240be6e4017771( 1204):  0 getChannelHost:umengjmacs.m.taobao.com
I/tnet-jni( 1204): 49962 - index=1  starttime=1503735062594
I/tnet-jni( 1204): 49962 - index=1   calltime=1503735062594
I/tnet-jni( 1204): 49962 - [SpdySessionCallBack.putSSLMeta] - org.android.spdy.SpdySession@43337438
I/tnet-jni( 1204): 49962 - [spdyStreamResponseRecv] - 
I/tnet-jni( 1204): 49962 - [SpdySessionCallBack.spdyOnStreamResponse] - org.android.spdy.SpdySession@43337438
I/accs.SilenceConnumeng:53870cb556240be6e4017771( 1204):  	header:server value:Tengine/Aserver/3.0.169_1337936
I/accs.SilenceConnumeng:53870cb556240be6e4017771( 1204):  	header:x-workerid value:6023277576317829129
I/accs.SilenceConnumeng:53870cb556240be6e4017771( 1204):  	header:date value:Sat, 26 Aug 2017 08:11:06 GMT
I/accs.SilenceConnumeng:53870cb556240be6e4017771( 1204):  	header::status value:200
I/accs.SilenceConnumeng:53870cb556240be6e4017771( 1204):  	header:content-length value:0
I/accs.SilenceConnumeng:53870cb556240be6e4017771( 1204):  	header::version value:HTTP/1.1
I/accs.SilenceConnumeng:53870cb556240be6e4017771( 1204):  	header:x-at value:VkybL%2B3wftsDAKEQf7ZThV3Cumeng:53870cb556240be6e40177711503749466
E/accs.SilenceConn( 1204):  0 spdyOnStreamResponse httpStatusCode: 200
E/accs.SilenceConnumeng:53870cb556240be6e4017771( 1204):  0 notifyStatus:CONNECTED
I/accs.SilenceConnumeng:53870cb556240be6e4017771( 1204):  0 notifyStatus:CONNECTED handled
I/tnet-jni( 1204): 49962 - [spdyStreamCloseCallback] - 
I/tnet-jni( 1204): 49962 - [SpdySessionCallBack.spdyStreamCloseCallback] - org.android.spdy.SpdySession@43337438
I/tnet-jni( 1204): 49962 - index=1    endtime=1503735062656
E/Thermal-daemon( 2432): [flash_led] temp_new :36  temp_old :35
E/Thermal-daemon( 2432): Report temperature: [flash_led] temp :36  report_threshold:1
W/View    (24221): requestLayout() improperly called by com.android.systemui.statusbar.phone.IconMerger{432b7018 V.E..... ......I. 0,0-270,75 #7f0a0067 app:id/notificationIcons} during layout: running second layout pass
W/View    (24221): requestLayout() improperly called by com.android.systemui.statusbar.phone.IconMerger{432b7018 V.E..... ........ 0,0-270,75 #7f0a0067 app:id/notificationIcons} during second layout pass: posting in next frame
I/accs.Config( 1204):  getAgooAppKey appkey:umeng:53870cb556240be6e4017771
I/accs.ElectionServiceImpl( 1204):  onStartCommand begin action:com.taobao.accs.intent.action.START_SERVICE
I/accs.OrangeAdapter( 1204):  isElectionEnable result:false
I/accs.ElectionServiceImpl( 1204):  try to saveAppKey appkey:umeng:53870cb556240be6e4017771 appSecret:5cc69fd8aa13f1d8e5e82579df5f67ee ttid:android@umeng pkg:com.ygkj.chelaile.standard
I/accs.Utils( 1204):  setMode mode:0
I/accs.ElectionServiceImpl( 1204):  getConnection appkey:umeng:53870cb556240be6e4017771
I/accs.Utils( 1204):  getMode mode:0
I/accs.ElectionServiceImpl( 1204):  save agoo appKey appkey:umeng:53870cb556240be6e4017771
I/accs.Config( 1204):  setAgooAppKey appkey:umeng:53870cb556240be6e4017771
I/accs.OrangeAdapter( 1204):  isElectionEnable result:false
I/accs.OrangeAdapter( 1204):  isElectionEnable result:false
I/accs.ElectionServiceImpl( 1204):  deliver to channelservice host pkg:
I/accs.ServiceImpl( 1204):  onHostStartCommand:Intent { act=com.taobao.accs.intent.action.START_SERVICE cmp=com.ygkj.chelaile.standard/com.taobao.accs.ChannelService (has extras) }
I/accs.LoadSoFailUtil( 1204):  getSoFailTimes times:0
I/accs.ACCSManager( 1204):  getAppkey:umeng:53870cb556240be6e4017771
I/accs.ElectionServiceImpl( 1204):  getConnection appkey:umeng:53870cb556240be6e4017771
I/accs.Utils( 1204):  getMode mode:0
I/accs.Config( 1204):  getAgooAppKey appkey:umeng:53870cb556240be6e4017771
I/dalvikvm( 1204): Could not find method com.alibaba.wireless.security.open.SecurityGuardManager.getInstance, referenced from method org.android.agoo.control.AgooFactory.parseEncryptedMsg
W/dalvikvm( 1204): VFY: unable to resolve static method 1773: Lcom/alibaba/wireless/security/open/SecurityGuardManager;.getInstance (Landroid/content/Context;)Lcom/alibaba/wireless/security/open/SecurityGuardManager;
I/dalvikvm( 1204): DexOpt: unable to optimize instance field ref 0x00b1 at 0x91 in Lorg/android/agoo/control/AgooFactory;.parseEncryptedMsg
I/dalvikvm( 1204): DexOpt: unable to optimize instance field ref 0x00b2 at 0x93 in Lorg/android/agoo/control/AgooFactory;.parseEncryptedMsg
I/dalvikvm( 1204): DexOpt: unable to optimize instance field ref 0x00b3 at 0xb2 in Lorg/android/agoo/control/AgooFactory;.parseEncryptedMsg
I/accs.ElectionServiceImpl( 1204):  onStartCommand begin action:com.taobao.accs.intent.action.START_SERVICE
I/accs.OrangeAdapter( 1204):  isElectionEnable result:false
I/accs.BaseIntentService( 1204):  onHandleIntent,action=org.agoo.android.intent.action.REPORT,agooCommand=com.ygkj.chelaile.standard.intent.action.COMMAND,mipushCommand=com.ygkj.chelaile.standard.intent.thirdPush.action.COMMAND
I/accs.BaseIntentService( 1204):  is report cache msg,Config.isReportCacheMsg(mContext)=false
I/accs.ElectionServiceImpl( 1204):  try to saveAppKey appkey:umeng:53870cb556240be6e4017771 appSecret:5cc69fd8aa13f1d8e5e82579df5f67ee ttid:android@umeng pkg:com.ygkj.chelaile.standard
I/accs.Utils( 1204):  setMode mode:0
I/accs.BaseIntentService( 1204):  is clear all msg=false
I/accs.ElectionServiceImpl( 1204):  getConnection appkey:umeng:53870cb556240be6e4017771
I/accs.Utils( 1204):  getMode mode:0
I/accs.ElectionServiceImpl( 1204):  save agoo appKey appkey:umeng:53870cb556240be6e4017771
I/accs.Config( 1204):  setAgooAppKey appkey:umeng:53870cb556240be6e4017771
I/accs.OrangeAdapter( 1204):  isElectionEnable result:false
I/accs.OrangeAdapter( 1204):  isElectionEnable result:false
I/accs.ElectionServiceImpl( 1204):  deliver to channelservice host pkg:
I/accs.ServiceImpl( 1204):  onHostStartCommand:Intent { act=com.taobao.accs.intent.action.START_SERVICE cmp=com.ygkj.chelaile.standard/com.taobao.accs.ChannelService (has extras) }
I/accs.LoadSoFailUtil( 1204):  getSoFailTimes times:0
I/accs.ACCSManager( 1204):  getAppkey:umeng:53870cb556240be6e4017771
I/accs.ElectionServiceImpl( 1204):  getConnection appkey:umeng:53870cb556240be6e4017771
I/accs.Utils( 1204):  getMode mode:0
I/accs.BaseIntentService( 1204):  onHandleIntent,action=org.agoo.android.intent.action.REPORT,agooCommand=com.ygkj.chelaile.standard.intent.action.COMMAND,mipushCommand=com.ygkj.chelaile.standard.intent.thirdPush.action.COMMAND
I/accs.BaseIntentService( 1204):  is report cache msg,Config.isReportCacheMsg(mContext)=false
I/accs.BaseIntentService( 1204):  is clear all msg=false
I/accs.Config( 1220):  getAgooAppKey appkey:umeng:53870cb556240be6e4017771
I/accs.ElectionServiceImpl( 1204):  onStartCommand begin action:com.taobao.accs.intent.action.START_SERVICE
I/accs.OrangeAdapter( 1204):  isElectionEnable result:false
I/accs.ElectionServiceImpl( 1204):  try to saveAppKey appkey:umeng:53870cb556240be6e4017771 appSecret:5cc69fd8aa13f1d8e5e82579df5f67ee ttid:android@umeng pkg:com.ygkj.chelaile.standard
I/accs.Utils( 1204):  setMode mode:0
I/accs.ElectionServiceImpl( 1204):  getConnection appkey:umeng:53870cb556240be6e4017771
I/accs.Utils( 1204):  getMode mode:0
I/accs.ElectionServiceImpl( 1204):  save agoo appKey appkey:umeng:53870cb556240be6e4017771
I/accs.Config( 1204):  setAgooAppKey appkey:umeng:53870cb556240be6e4017771
I/accs.OrangeAdapter( 1204):  isElectionEnable result:false
I/accs.OrangeAdapter( 1204):  isElectionEnable result:false
I/accs.ElectionServiceImpl( 1204):  deliver to channelservice host pkg:
I/accs.Config( 1220):  getAgooAppKey appkey:umeng:53870cb556240be6e4017771
I/accs.ServiceImpl( 1204):  onHostStartCommand:Intent { act=com.taobao.accs.intent.action.START_SERVICE cmp=com.ygkj.chelaile.standard/com.taobao.accs.ChannelService (has extras) }
I/accs.LoadSoFailUtil( 1204):  getSoFailTimes times:0
I/accs.ACCSManager( 1204):  getAppkey:umeng:53870cb556240be6e4017771
I/accs.ElectionServiceImpl( 1204):  getConnection appkey:umeng:53870cb556240be6e4017771
I/accs.Utils( 1204):  getMode mode:0
I/accs.ElectionServiceImpl( 1204):  onStartCommand begin action:com.taobao.accs.intent.action.START_SERVICE
I/accs.BaseIntentService( 1204):  onHandleIntent,action=org.agoo.android.intent.action.REPORT,agooCommand=com.ygkj.chelaile.standard.intent.action.COMMAND,mipushCommand=com.ygkj.chelaile.standard.intent.thirdPush.action.COMMAND
I/accs.OrangeAdapter( 1204):  isElectionEnable result:false
I/accs.BaseIntentService( 1204):  is report cache msg,Config.isReportCacheMsg(mContext)=false
I/accs.BaseIntentService( 1204):  is clear all msg=false
I/accs.ElectionServiceImpl( 1204):  try to saveAppKey appkey:umeng:53870cb556240be6e4017771 appSecret:5cc69fd8aa13f1d8e5e82579df5f67ee ttid:android@umeng pkg:com.ygkj.chelaile.standard
I/accs.Utils( 1204):  setMode mode:0
I/accs.ElectionServiceImpl( 1204):  getConnection appkey:umeng:53870cb556240be6e4017771
I/accs.Utils( 1204):  getMode mode:0
I/accs.ElectionServiceImpl( 1204):  save agoo appKey appkey:umeng:53870cb556240be6e4017771
I/accs.Config( 1204):  setAgooAppKey appkey:umeng:53870cb556240be6e4017771
I/accs.OrangeAdapter( 1204):  isElectionEnable result:false
I/accs.OrangeAdapter( 1204):  isElectionEnable result:false
I/accs.ElectionServiceImpl( 1204):  deliver to channelservice host pkg:
I/accs.ServiceImpl( 1204):  onHostStartCommand:Intent { act=com.taobao.accs.intent.action.START_SERVICE cmp=com.ygkj.chelaile.standard/com.taobao.accs.ChannelService (has extras) }
I/HwSystemManager( 3870): HoldService:preHoldShow start!
I/HwSystemManager( 3870): HoldService:The prePermissionType is: 1
I/accs.LoadSoFailUtil( 1204):  getSoFailTimes times:0
I/accs.ACCSManager( 1204):  getAppkey:umeng:53870cb556240be6e4017771
I/accs.ElectionServiceImpl( 1204):  getConnection appkey:umeng:53870cb556240be6e4017771
I/accs.Utils( 1204):  getMode mode:0
I/accs.BaseIntentService( 1204):  onHandleIntent,action=org.agoo.android.intent.action.REPORT,agooCommand=com.ygkj.chelaile.standard.intent.action.COMMAND,mipushCommand=com.ygkj.chelaile.standard.intent.thirdPush.action.COMMAND
I/accs.BaseIntentService( 1204):  is report cache msg,Config.isReportCacheMsg(mContext)=false
I/accs.BaseIntentService( 1204):  is clear all msg=false
I/HwSystemManager( 3870): HoldService:preHoldShow start!
I/HwSystemManager( 3870): HoldService:The prePermissionType is: 1
I/HwSystemManager( 3870): HoldService:preHoldShow start!
I/HwSystemManager( 3870): HoldService:The prePermissionType is: 1
I/HwSystemManager( 3870): HoldService:preHoldShow start!
I/HwSystemManager( 3870): HoldService:The prePermissionType is: 1
W/beacon  ( 1220): get app channel fail!
I/HwSystemManager( 3870): HoldService:preHoldShow start!
I/HwSystemManager( 3870): HoldService:The prePermissionType is: 1
I/HwSystemManager( 3870): HoldService:preHoldShow start!
I/HwSystemManager( 3870): HoldService:The prePermissionType is: 1
W/View    (24221): requestLayout() improperly called by com.android.systemui.statusbar.phone.IconMerger{432b7018 V.E..... ......I. 0,0-270,75 #7f0a0067 app:id/notificationIcons} during layout: running second layout pass
W/View    (24221): requestLayout() improperly called by com.android.systemui.statusbar.phone.IconMerger{432b7018 V.E..... ........ 0,0-270,75 #7f0a0067 app:id/notificationIcons} during second layout pass: posting in next frame
E/CommandListener( 2418): readDefRoute call readDefRoute
E/SecondaryTablController( 2418): isWifiDefaultRouteExisted /system/bin/ip route
E/CommandListener( 2418): readDefRoute Rsp ok
W/View    (24221): requestLayout() improperly called by com.android.systemui.statusbar.phone.IconMerger{432b7018 V.E..... ......I. 0,0-270,75 #7f0a0067 app:id/notificationIcons} during layout: running second layout pass
I/wpa_supplicant(27084): wlan0: HEART-BEAT-ACK: 3990
W/View    (24221): requestLayout() improperly called by com.android.systemui.statusbar.phone.IconMerger{432b7018 V.E..... ........ 0,0-270,75 #7f0a0067 app:id/notificationIcons} during second layout pass: posting in next frame
E/android_hardware_fm.cpp( 1433): register_android_hardware_fm_fmradio
E/FM_HAL  ( 1433): [FM_HAL], fm_dynamic_lib is libbcmfm_if
E/FM_HAL  ( 1433): [FM_HAL], libname is libbcmfm_if
E/fm_if.c ( 1433): find the id:libbcmfm_if and begins to open the devices
E/android_hardware_fm.cpp( 1433): register_android_hardware_fm_fmradio, ret is 0
E/        ( 1433): ProtocolErrorLog wangkang test!!
W/System.err( 1220): java.lang.NullPointerException
W/System.err( 1220): 	at com.tencent.tbs.sdk.extension.s.o(Unknown Source)
W/System.err( 1220): 	at com.tencent.tbs.sdk.extension.TbsSDKExtension.b(Unknown Source)
W/System.err( 1220): 	at com.tencent.tbs.sdk.extension.TbsSDKExtension.a(Unknown Source)
W/System.err( 1220): 	at com.tencent.tbs.sdk.extension.n.run(Unknown Source)
W/System.err( 1220): 	at java.util.Timer$TimerImpl.run(Timer.java:284)
I/HwSystemManager( 3870): HoldService:preHoldShow start!
I/HwSystemManager( 3870): HoldService:The prePermissionType is: 1
I/HwSystemManager( 3870): HoldService:preHoldShow start!
I/HwSystemManager( 3870): HoldService:The prePermissionType is: 1
W/System.err( 1220): java.lang.NullPointerException
W/System.err( 1220): 	at com.tencent.tbs.sdk.extension.s.o(Unknown Source)
W/System.err( 1220): 	at com.tencent.tbs.sdk.extension.TbsSDKExtension.a(Unknown Source)
W/System.err( 1220): 	at com.tencent.tbs.sdk.extension.TbsSDKExtension.b(Unknown Source)
W/System.err( 1220): 	at com.tencent.tbs.sdk.extension.TbsSDKExtension.a(Unknown Source)
W/System.err( 1220): 	at com.tencent.tbs.sdk.extension.n.run(Unknown Source)
W/System.err( 1220): 	at java.util.Timer$TimerImpl.run(Timer.java:284)
W/View    (24221): requestLayout() improperly called by com.android.systemui.statusbar.phone.IconMerger{432b7018 V.E..... ......I. 0,0-270,75 #7f0a0067 app:id/notificationIcons} during layout: running second layout pass
W/View    (24221): requestLayout() improperly called by com.android.systemui.statusbar.phone.IconMerger{432b7018 V.E..... ........ 0,0-270,75 #7f0a0067 app:id/notificationIcons} during second layout pass: posting in next frame
I/wpa_supplicant(27084): wlan0: HEART-BEAT-ACK: 3991
E/PushLog2551( 8362): [SocketRead_11:06:34-560]cmdId:0 is not exist, all:[-91, -92, -89, -90, -95, -96, -46, -45, -48, -47, -42, -41, -38, -37, -34, -33, -36, -35](android/IDMapMessage.java:70)
E/PushLog2551( 8362): [SocketRead_11:06:34-560]call getEntityByCmdId(cmd:0 cause InstantiationException(android/PushSocketReadThread.java:108)
E/PushLog2551( 8362): [SocketRead_11:06:34-560]cmdId:17 is not exist, all:[-91, -92, -89, -90, -95, -96, -46, -45, -48, -47, -42, -41, -38, -37, -34, -33, -36, -35](android/IDMapMessage.java:70)
E/PushLog2551( 8362): [SocketRead_11:06:34-560]call getEntityByCmdId(cmd:17 cause InstantiationException(android/PushSocketReadThread.java:108)
E/PushLog2551( 8362): [SocketRead_11:06:34-560]cmdId:123 is not exist, all:[-91, -92, -89, -90, -95, -96, -46, -45, -48, -47, -42, -41, -38, -37, -34, -33, -36, -35](android/IDMapMessage.java:70)
E/PushLog2551( 8362): [SocketRead_11:06:34-560]call getEntityByCmdId(cmd:123 cause InstantiationException(android/PushSocketReadThread.java:108)
E/PushLog2551( 8362): [SocketRead_11:06:34-560]cmdId:34 is not exist, all:[-91, -92, -89, -90, -95, -96, -46, -45, -48, -47, -42, -41, -38, -37, -34, -33, -36, -35](android/IDMapMessage.java:70)
E/PushLog2551( 8362): [SocketRead_11:06:34-560]call getEntityByCmdId(cmd:34 cause InstantiationException(android/PushSocketReadThread.java:108)
I/PushLog2551( 8362): [ReceiverDispatcher-334]read to Send:A1(android/ConnectEntity.java:120)
E/PushLog2551( 8362): [SocketRead_11:06:34-560]cmdId:117 is not exist, all:[-91, -92, -89, -90, -95, -96, -46, -45, -48, -47, -42, -41, -38, -37, -34, -33, -36, -35](android/IDMapMessage.java:70)
I/PushLog2551( 8362): [ReceiverDispatcher-334]rspPushMessage the response msg is :A1(android/PushCommandProcessor.java:428)
E/PushLog2551( 8362): [SocketRead_11:06:34-560]call getEntityByCmdId(cmd:117 cause InstantiationException(android/PushSocketReadThread.java:108)
E/PushLog2551( 8362): [SocketRead_11:06:34-560]cmdId:115 is not exist, all:[-91, -92, -89, -90, -95, -96, -46, -45, -48, -47, -42, -41, -38, -37, -34, -33, -36, -35](android/IDMapMessage.java:70)
E/PushLog2551( 8362): [SocketRead_11:06:34-560]call getEntityByCmdId(cmd:115 cause InstantiationException(android/PushSocketReadThread.java:108)
E/PushLog2551( 8362): [SocketRead_11:06:34-560]cmdId:101 is not exist, all:[-91, -92, -89, -90, -95, -96, -46, -45, -48, -47, -42, -41, -38, -37, -34, -33, -36, -35](android/IDMapMessage.java:70)
E/PushLog2551( 8362): [SocketRead_11:06:34-560]call getEntityByCmdId(cmd:101 cause InstantiationException(android/PushSocketReadThread.java:108)
E/PushLog2551( 8362): [SocketRead_11:06:34-560]cmdId:114 is not exist, all:[-91, -92, -89, -90, -95, -96, -46, -45, -48, -47, -42, -41, -38, -37, -34, -33, -36, -35](android/IDMapMessage.java:70)
E/PushLog2551( 8362): [SocketRead_11:06:34-560]call getEntityByCmdId(cmd:114 cause InstantiationException(android/PushSocketReadThread.java:108)
E/PushLog2551( 8362): [SocketRead_11:06:34-560]cmdId:84 is not exist, all:[-91, -92, -89, -90, -95, -96, -46, -45, -48, -47, -42, -41, -38, -37, -34, -33, -36, -35](android/IDMapMessage.java:70)
E/PushLog2551( 8362): [SocketRead_11:06:34-560]call getEntityByCmdId(cmd:84 cause InstantiationException(android/PushSocketReadThread.java:108)
E/PushLog2551( 8362): [SocketRead_11:06:34-560]cmdId:121 is not exist, all:[-91, -92, -89, -90, -95, -96, -46, -45, -48, -47, -42, -41, -38, -37, -34, -33, -36, -35](android/IDMapMessage.java:70)
E/PushLog2551( 8362): [SocketRead_11:06:34-560]call getEntityByCmdId(cmd:121 cause InstantiationException(android/PushSocketReadThread.java:108)
E/PushLog2551( 8362): [SocketRead_11:06:34-560]cmdId:112 is not exist, all:[-91, -92, -89, -90, -95, -96, -46, -45, -48, -47, -42, -41, -38, -37, -34, -33, -36, -35](android/IDMapMessage.java:70)
E/PushLog2551( 8362): [SocketRead_11:06:34-560]call getEntityByCmdId(cmd:112 cause InstantiationException(android/PushSocketReadThread.java:108)
E/PushLog2551( 8362): [SocketRead_11:06:34-560]cmdId:101 is not exist, all:[-91, -92, -89, -90, -95, -96, -46, -45, -48, -47, -42, -41, -38, -37, -34, -33, -36, -35](android/IDMapMessage.java:70)
E/PushLog2551( 8362): [SocketRead_11:06:34-560]call getEntityByCmdId(cmd:101 cause InstantiationException(android/PushSocketReadThread.java:108)
E/PushLog2551( 8362): [SocketRead_11:06:34-560]cmdId:34 is not exist, all:[-91, -92, -89, -90, -95, -96, -46, -45, -48, -47, -42, -41, -38, -37, -34, -33, -36, -35](android/IDMapMessage.java:70)
E/PushLog2551( 8362): [SocketRead_11:06:34-560]call getEntityByCmdId(cmd:34 cause InstantiationException(android/PushSocketReadThread.java:108)
E/PushLog2551( 8362): [SocketRead_11:06:34-560]cmdId:58 is not exist, all:[-91, -92, -89, -90, -95, -96, -46, -45, -48, -47, -42, -41, -38, -37, -34, -33, -36, -35](android/IDMapMessage.java:70)
E/PushLog2551( 8362): [SocketRead_11:06:34-560]call getEntityByCmdId(cmd:58 cause InstantiationException(android/PushSocketReadThread.java:108)
E/PushLog2551( 8362): [SocketRead_11:06:34-560]cmdId:34 is not exist, all:[-91, -92, -89, -90, -95, -96, -46, -45, -48, -47, -42, -41, -38, -37, -34, -33, -36, -35](android/IDMapMessage.java:70)
E/PushLog2551( 8362): [SocketRead_11:06:34-560]call getEntityByCmdId(cmd:34 cause InstantiationException(android/PushSocketReadThread.java:108)
E/PushLog2551( 8362): [SocketRead_11:06:34-560]cmdId:45 is not exist, all:[-91, -92, -89, -90, -95, -96, -46, -45, -48, -47, -42, -41, -38, -37, -34, -33, -36, -35](android/IDMapMessage.java:70)
E/PushLog2551( 8362): [SocketRead_11:06:34-560]call getEntityByCmdId(cmd:45 cause InstantiationException(android/PushSocketReadThread.java:108)
E/PushLog2551( 8362): [SocketRead_11:06:34-560]cmdId:49 is not exist, all:[-91, -92, -89, -90, -95, -96, -46, -45, -48, -47, -42, -41, -38, -37, -34, -33, -36, -35](android/IDMapMessage.java:70)
E/PushLog2551( 8362): [SocketRead_11:06:34-560]call getEntityByCmdId(cmd:49 cause InstantiationException(android/PushSocketReadThread.java:108)
E/PushLog2551( 8362): [SocketRead_11:06:34-560]cmdId:34 is not exist, all:[-91, -92, -89, -90, -95, -96, -46, -45, -48, -47, -42, -41, -38, -37, -34, -33, -36, -35](android/IDMapMessage.java:70)
E/PushLog2551( 8362): [SocketRead_11:06:34-560]call getEntityByCmdId(cmd:34 cause InstantiationException(android/PushSocketReadThread.java:108)
E/PushLog2551( 8362): [SocketRead_11:06:34-560]cmdId:125 is not exist, all:[-91, -92, -89, -90, -95, -96, -46, -45, -48, -47, -42, -41, -38, -37, -34, -33, -36, -35](android/IDMapMessage.java:70)
E/PushLog2551( 8362): [SocketRead_11:06:34-560]call getEntityByCmdId(cmd:125 cause InstantiationException(android/PushSocketReadThread.java:108)
W/View    (24221): requestLayout() improperly called by com.android.systemui.statusbar.phone.IconMerger{432b7018 V.E..... ......I. 0,0-270,75 #7f0a0067 app:id/notificationIcons} during layout: running second layout pass
W/View    (24221): requestLayout() improperly called by com.android.systemui.statusbar.phone.IconMerger{432b7018 V.E..... ........ 0,0-270,75 #7f0a0067 app:id/notificationIcons} during second layout pass: posting in next frame
W/Settings(31588): Setting auto_time has moved from android.provider.Settings.System to android.provider.Settings.Global, returning read-only value.
W/View    (24221): requestLayout() improperly called by com.android.systemui.statusbar.phone.IconMerger{432b7018 V.E..... ......I. 0,0-270,75 #7f0a0067 app:id/notificationIcons} during layout: running second layout pass
E/Thermal-daemon( 2432): [flash_led] temp_new :35  temp_old :36
E/Thermal-daemon( 2432): Report temperature: [flash_led] temp :35  report_threshold:1
W/View    (24221): requestLayout() improperly called by com.android.systemui.statusbar.phone.IconMerger{432b7018 V.E..... ........ 0,0-270,75 #7f0a0067 app:id/notificationIcons} during second layout pass: posting in next frame
E/awcn.DefaultHeartbeatImpl( 1220):  close session in background session:Session@[umeng:53870cb556240be6e4017771.AWCN1_1|http2_0rtt_acs]
I/awcn.DefaultHeartbeatImpl( 1220):  heartbeat stop session:Session@[umeng:53870cb556240be6e4017771.AWCN1_1|http2_0rtt_acs]
E/awcn.TnetSpdySession( 1220): |[seq:umeng:53870cb556240be6e4017771.AWCN1_1] force close! session:Session@[umeng:53870cb556240be6e4017771.AWCN1_1|http2_0rtt_acs]
E/awcn.Session( 1220): |[seq:umeng:53870cb556240be6e4017771.AWCN1_1] notifyStatus status:DISCONNECTING
E/awcn.TnetSpdySession( 1220): |[seq:umeng:53870cb556240be6e4017771.AWCN1_1] spdySessionCloseCallback  errorCode::-2002
E/awcn.Session( 1220): |[seq:umeng:53870cb556240be6e4017771.AWCN1_1] notifyStatus status:DISCONNECTED
I/accs.MsgDistributeService( 1220):  onStartCommand action:com.taobao.accs.intent.action.RECEIVE
I/accs.MsgDistribute( 1220):  distribute command::103  serviceId::  dataId:: appkey:
W/View    (24221): requestLayout() improperly called by com.android.systemui.statusbar.phone.IconMerger{432b7018 V.E..... ......I. 0,0-270,75 #7f0a0067 app:id/notificationIcons} during layout: running second layout pass
E/CommandListener( 2418): readDefRoute call readDefRoute
E/SecondaryTablController( 2418): isWifiDefaultRouteExisted /system/bin/ip route
I/wpa_supplicant(27084): wlan0: HEART-BEAT-ACK: 3992
E/CommandListener( 2418): readDefRoute Rsp ok
W/View    (24221): requestLayout() improperly called by com.android.systemui.statusbar.phone.IconMerger{432b7018 V.E..... ........ 0,0-270,75 #7f0a0067 app:id/notificationIcons} during second layout pass: posting in next frame
W/View    (24221): requestLayout() improperly called by com.android.systemui.statusbar.phone.IconMerger{432b7018 V.E..... ......I. 0,0-270,75 #7f0a0067 app:id/notificationIcons} during layout: running second layout pass
W/View    (24221): requestLayout() improperly called by com.android.systemui.statusbar.phone.IconMerger{432b7018 V.E..... ......I. 0,0-270,75 #7f0a0067 app:id/notificationIcons} during layout: running second layout pass
W/View    (24221): requestLayout() improperly called by com.android.systemui.statusbar.phone.IconMerger{432b7018 V.E..... ........ 0,0-270,75 #7f0a0067 app:id/notificationIcons} during second layout pass: posting in next frame
W/View    (24221): requestLayout() improperly called by com.android.systemui.statusbar.phone.IconMerger{432b7018 V.E..... ......I. 0,0-270,75 #7f0a0067 app:id/notificationIcons} during second layout pass: posting in next frame
I/HwSystemManager( 3870): HoldService:preHoldShow start!
I/HwSystemManager( 3870): HoldService:The prePermissionType is: 1
I/dalvikvm(32460): Total arena pages for JIT: 11
I/dalvikvm(32460): Total arena pages for JIT: 12
I/dalvikvm(32460): Total arena pages for JIT: 13
I/dalvikvm(32460): Total arena pages for JIT: 14
I/dalvikvm(32460): Total arena pages for JIT: 15
I/dalvikvm(32460): Total arena pages for JIT: 16
I/dalvikvm(32460): Total arena pages for JIT: 17
I/dalvikvm(32460): Total arena pages for JIT: 18
I/dalvikvm(32460): Total arena pages for JIT: 19
W/View    (24221): requestLayout() improperly called by com.android.systemui.statusbar.phone.IconMerger{432b7018 V.E..... ......I. 0,0-270,75 #7f0a0067 app:id/notificationIcons} during layout: running second layout pass
W/View    (24221): requestLayout() improperly called by com.android.systemui.statusbar.phone.IconMerger{432b7018 V.E..... ........ 0,0-270,75 #7f0a0067 app:id/notificationIcons} during second layout pass: posting in next frame
W/View    (24221): requestLayout() improperly called by com.android.systemui.statusbar.phone.IconMerger{432b7018 V.E..... ......I. 0,0-270,75 #7f0a0067 app:id/notificationIcons} during layout: running second layout pass
W/View    (24221): requestLayout() improperly called by com.android.systemui.statusbar.phone.IconMerger{432b7018 V.E..... ........ 0,0-270,75 #7f0a0067 app:id/notificationIcons} during second layout pass: posting in next frame
I/wpa_supplicant(27084): wlan0: HEART-BEAT-ACK: 3993
W/View    (24221): requestLayout() improperly called by com.android.systemui.statusbar.phone.IconMerger{432b7018 V.E..... ......I. 0,0-270,75 #7f0a0067 app:id/notificationIcons} during layout: running second layout pass
I/HwLauncher( 3562): ClockDynamicUpdater date changed!!!!!!
I/HwLauncher( 3562): DynamicIconData , getDrawableForDynamic begin, pkg = com.android.deskclock, picName = deskclock_bg
I/HwLauncher( 3562): DynamicIconData , getDrawableForDynamic end, pkg = com.android.deskclock, picName = deskclock_bg
I/HwLauncher( 3562): DynamicIconData , getDrawableForDynamic begin, pkg = com.android.deskclock, picName = deskclock_bg
I/HwLauncher( 3562): DynamicIconData , getDrawableForDynamic end, pkg = com.android.deskclock, picName = deskclock_bg
I/HwLauncher( 3562): Launcher.Utilities createIconBitmap sourceWidth = 180sourceHeight = 180
I/HwLauncher( 3562): ClockDynamicUpdater calender update folder at CalenderDynamicUpdater
I/HwLauncher( 3562): DynamicUpdater call updateFolder
I/HwLauncher( 3562): ClockDynamicUpdater Calender update and call updateFolder
I/HwLauncher( 3562): CalenderDynamicUpdater date changed!!!!!!
I/HwLauncher( 3562): CalenderDynamicUpdater Calender update and call updateFolder
I/HwLauncher( 3562): Launcher.LauncherProvider  begin check permission at checkPermission 
W/System.err( 3562): java.lang.SecurityException: Permission Denial: reading com.huawei.android.launcher.LauncherProvider from pid=30864, uid=10092 requires com.huawei.android.launcher.permission.WRITE_SETTINGS: uid 10092 does not have com.huawei.android.launcher.permission.WRITE_SETTINGS.
W/System.err( 3562): 	at android.app.ContextImpl.enforce(ContextImpl.java:1775)
W/System.err( 3562): 	at android.app.ContextImpl.enforcePermission(ContextImpl.java:1787)
W/System.err( 3562): 	at android.content.ContextWrapper.enforcePermission(ContextWrapper.java:561)
W/System.err( 3562): 	at com.huawei.android.launcher.LauncherProvider.checkPermission(LauncherProvider.java:560)
W/System.err( 3562): 	at com.huawei.android.launcher.LauncherProvider.call(LauncherProvider.java:575)
W/System.err( 3562): 	at android.content.ContentProvider$Transport.call(ContentProvider.java:325)
W/System.err( 3562): 	at android.content.ContentProviderNative.onTransact(ContentProviderNative.java:284)
W/System.err( 3562): 	at android.os.Binder.execTransact(Binder.java:404)
W/System.err( 3562): 	at dalvik.system.NativeStart.run(Native Method)
E/DatabaseUtils( 3562): Writing exception to parcel
E/DatabaseUtils( 3562): java.lang.SecurityException: Permission Denial: reading com.huawei.android.launcher.LauncherProvider from pid=30864, uid=10092 requires com.huawei.android.launcher.permission.WRITE_SETTINGS: uid 10092 does not have com.huawei.android.launcher.permission.WRITE_SETTINGS.
E/DatabaseUtils( 3562): 	at android.app.ContextImpl.enforce(ContextImpl.java:1775)
E/DatabaseUtils( 3562): 	at android.app.ContextImpl.enforcePermission(ContextImpl.java:1787)
E/DatabaseUtils( 3562): 	at android.content.ContextWrapper.enforcePermission(ContextWrapper.java:561)
E/DatabaseUtils( 3562): 	at com.huawei.android.launcher.LauncherProvider.checkPermission(LauncherProvider.java:560)
E/DatabaseUtils( 3562): 	at com.huawei.android.launcher.LauncherProvider.call(LauncherProvider.java:575)
E/DatabaseUtils( 3562): 	at android.content.ContentProvider$Transport.call(ContentProvider.java:325)
E/DatabaseUtils( 3562): 	at android.content.ContentProviderNative.onTransact(ContentProviderNative.java:284)
E/DatabaseUtils( 3562): 	at android.os.Binder.execTransact(Binder.java:404)
E/DatabaseUtils( 3562): 	at dalvik.system.NativeStart.run(Native Method)
W/View    (24221): requestLayout() improperly called by com.android.systemui.statusbar.phone.IconMerger{432b7018 V.E..... ......I. 0,0-270,75 #7f0a0067 app:id/notificationIcons} during layout: running second layout pass
W/View    (24221): requestLayout() improperly called by com.android.systemui.statusbar.phone.IconMerger{432b7018 V.E..... ........ 0,0-270,75 #7f0a0067 app:id/notificationIcons} during second layout pass: posting in next frame
W/View    (24221): requestLayout() improperly called by com.android.systemui.statusbar.phone.IconMerger{432b7018 V.E..... ......I. 0,0-270,75 #7f0a0067 app:id/notificationIcons} during second layout pass: posting in next frame
E/android_hardware_fm.cpp( 1498): register_android_hardware_fm_fmradio
E/FM_HAL  ( 1498): [FM_HAL], fm_dynamic_lib is libbcmfm_if
E/FM_HAL  ( 1498): [FM_HAL], libname is libbcmfm_if
E/fm_if.c ( 1498): find the id:libbcmfm_if and begins to open the devices
E/android_hardware_fm.cpp( 1498): register_android_hardware_fm_fmradio, ret is 0
E/        ( 1498): ProtocolErrorLog wangkang test!!
I/wpa_supplicant(27084): wlan0: HEART-BEAT-ACK: 3994
E/CommandListener( 2418): readDefRoute call readDefRoute
E/SecondaryTablController( 2418): isWifiDefaultRouteExisted /system/bin/ip route
E/CommandListener( 2418): readDefRoute Rsp ok
I/wpa_supplicant(27084): wlan0: HEART-BEAT-ACK: 3995
W/View    (24221): requestLayout() improperly called by com.android.systemui.statusbar.phone.IconMerger{432b7018 V.E..... ......I. 0,0-270,75 #7f0a0067 app:id/notificationIcons} during layout: running second layout pass
W/View    (24221): requestLayout() improperly called by com.android.systemui.statusbar.phone.IconMerger{432b7018 V.E..... ........ 0,0-270,75 #7f0a0067 app:id/notificationIcons} during second layout pass: posting in next frame
I/CAPALiteReceiver( 3522): USER STATE: STATIONARY SUB STATE: UNKNOWN
E/HwSystemManager( 3870): BgPowerManagerService: conusmPower = 0 result = 0 flag1 =false flag2 = false
I/wpa_supplicant(27084): wlan0: HEART-BEAT-ACK: 3996
E/CommandListener( 2418): readDefRoute call readDefRoute
E/SecondaryTablController( 2418): isWifiDefaultRouteExisted /system/bin/ip route
E/CommandListener( 2418): readDefRoute Rsp ok
W/View    (24221): requestLayout() improperly called by com.android.systemui.statusbar.phone.IconMerger{432b7018 V.E..... ......I. 0,0-270,75 #7f0a0067 app:id/notificationIcons} during layout: running second layout pass
W/View    (24221): requestLayout() improperly called by com.android.systemui.statusbar.phone.IconMerger{432b7018 V.E..... ......I. 0,0-270,75 #7f0a0067 app:id/notificationIcons} during layout: running second layout pass
W/View    (24221): requestLayout() improperly called by com.android.systemui.statusbar.phone.IconMerger{432b7018 V.E..... ........ 0,0-270,75 #7f0a0067 app:id/notificationIcons} during second layout pass: posting in next frame
W/View    (24221): requestLayout() improperly called by com.android.systemui.statusbar.phone.IconMerger{432b7018 V.E..... ......I. 0,0-270,75 #7f0a0067 app:id/notificationIcons} during second layout pass: posting in next frame
I/accs.InAppConnumeng:53870cb556240be6e4017771( 1204):  mTryStartServiceRunable bindapp
W/View    (24221): requestLayout() improperly called by com.android.systemui.statusbar.phone.IconMerger{432b7018 V.E..... ......I. 0,0-270,75 #7f0a0067 app:id/notificationIcons} during layout: running second layout pass
I/accs.InAppConnumeng:53870cb556240be6e4017771( 1220):  mTryStartServiceRunable bindapp
W/View    (24221): requestLayout() improperly called by com.android.systemui.statusbar.phone.IconMerger{432b7018 V.E..... ........ 0,0-270,75 #7f0a0067 app:id/notificationIcons} during second layout pass: posting in next frame
E/Thermal-daemon( 2432): [ap] temp_new :36  temp_old :37
E/Thermal-daemon( 2432): Report temperature: [ap] temp :36  report_threshold:1
I/wpa_supplicant(27084): wlan0: HEART-BEAT-ACK: 3997
W/View    (24221): requestLayout() improperly called by com.android.systemui.statusbar.phone.IconMerger{432b7018 V.E..... ......I. 0,0-270,75 #7f0a0067 app:id/notificationIcons} during layout: running second layout pass
I/HwLauncher( 3562): ClockDynamicUpdater date changed!!!!!!
I/HwLauncher( 3562): DynamicIconData , getDrawableForDynamic begin, pkg = com.android.deskclock, picName = deskclock_bg
I/HwLauncher( 3562): DynamicIconData , getDrawableForDynamic end, pkg = com.android.deskclock, picName = deskclock_bg
I/HwLauncher( 3562): DynamicIconData , getDrawableForDynamic begin, pkg = com.android.deskclock, picName = deskclock_bg
I/HwLauncher( 3562): DynamicIconData , getDrawableForDynamic end, pkg = com.android.deskclock, picName = deskclock_bg
I/HwLauncher( 3562): Launcher.Utilities createIconBitmap sourceWidth = 180sourceHeight = 180
I/HwLauncher( 3562): ClockDynamicUpdater calender update folder at CalenderDynamicUpdater
I/HwLauncher( 3562): DynamicUpdater call updateFolder
I/HwLauncher( 3562): ClockDynamicUpdater Calender update and call updateFolder
I/HwLauncher( 3562): CalenderDynamicUpdater date changed!!!!!!
I/HwLauncher( 3562): CalenderDynamicUpdater Calender update and call updateFolder
W/View    (24221): requestLayout() improperly called by com.android.systemui.statusbar.phone.IconMerger{432b7018 V.E..... ......I. 0,0-270,75 #7f0a0067 app:id/notificationIcons} during layout: running second layout pass
W/View    (24221): requestLayout() improperly called by com.android.systemui.statusbar.phone.IconMerger{432b7018 V.E..... ........ 0,0-270,75 #7f0a0067 app:id/notificationIcons} during second layout pass: posting in next frame
W/View    (24221): requestLayout() improperly called by com.android.systemui.statusbar.phone.IconMerger{432b7018 V.E..... ......I. 0,0-270,75 #7f0a0067 app:id/notificationIcons} during second layout pass: posting in next frame
E/Thermal-daemon( 2432): [ap] temp_new :37  temp_old :36
E/Thermal-daemon( 2432): Report temperature: [ap] temp :37  report_threshold:1
I/accs.Config( 1204):  getAgooAppKey appkey:umeng:53870cb556240be6e4017771
I/accs.ElectionServiceImpl( 1204):  onStartCommand begin action:com.taobao.accs.intent.action.START_SERVICE
I/accs.OrangeAdapter( 1204):  isElectionEnable result:false
I/accs.ElectionServiceImpl( 1204):  try to saveAppKey appkey:umeng:53870cb556240be6e4017771 appSecret:5cc69fd8aa13f1d8e5e82579df5f67ee ttid:android@umeng pkg:com.ygkj.chelaile.standard
I/accs.Utils( 1204):  setMode mode:0
I/accs.ElectionServiceImpl( 1204):  getConnection appkey:umeng:53870cb556240be6e4017771
I/accs.Utils( 1204):  getMode mode:0
I/accs.ElectionServiceImpl( 1204):  save agoo appKey appkey:umeng:53870cb556240be6e4017771
I/accs.Config( 1204):  setAgooAppKey appkey:umeng:53870cb556240be6e4017771
I/accs.OrangeAdapter( 1204):  isElectionEnable result:false
I/accs.OrangeAdapter( 1204):  isElectionEnable result:false
I/accs.ElectionServiceImpl( 1204):  deliver to channelservice host pkg:
I/accs.ServiceImpl( 1204):  onHostStartCommand:Intent { act=com.taobao.accs.intent.action.START_SERVICE cmp=com.ygkj.chelaile.standard/com.taobao.accs.ChannelService (has extras) }
I/accs.LoadSoFailUtil( 1204):  getSoFailTimes times:0
I/accs.ACCSManager( 1204):  getAppkey:umeng:53870cb556240be6e4017771
I/accs.ElectionServiceImpl( 1204):  getConnection appkey:umeng:53870cb556240be6e4017771
I/accs.Utils( 1204):  getMode mode:0
I/accs.BaseIntentService( 1204):  onHandleIntent,action=org.agoo.android.intent.action.REPORT,agooCommand=com.ygkj.chelaile.standard.intent.action.COMMAND,mipushCommand=com.ygkj.chelaile.standard.intent.thirdPush.action.COMMAND
I/accs.BaseIntentService( 1204):  is report cache msg,Config.isReportCacheMsg(mContext)=false
I/accs.BaseIntentService( 1204):  is clear all msg=false
I/accs.Config( 1220):  getAgooAppKey appkey:umeng:53870cb556240be6e4017771
I/accs.ElectionServiceImpl( 1204):  onStartCommand begin action:com.taobao.accs.intent.action.START_SERVICE
I/accs.OrangeAdapter( 1204):  isElectionEnable result:false
I/accs.ElectionServiceImpl( 1204):  try to saveAppKey appkey:umeng:53870cb556240be6e4017771 appSecret:5cc69fd8aa13f1d8e5e82579df5f67ee ttid:android@umeng pkg:com.ygkj.chelaile.standard
I/accs.Utils( 1204):  setMode mode:0
I/accs.ElectionServiceImpl( 1204):  getConnection appkey:umeng:53870cb556240be6e4017771
I/accs.Utils( 1204):  getMode mode:0
I/accs.ElectionServiceImpl( 1204):  save agoo appKey appkey:umeng:53870cb556240be6e4017771
I/accs.Config( 1204):  setAgooAppKey appkey:umeng:53870cb556240be6e4017771
I/accs.OrangeAdapter( 1204):  isElectionEnable result:false
I/accs.OrangeAdapter( 1204):  isElectionEnable result:false
I/accs.ElectionServiceImpl( 1204):  deliver to channelservice host pkg:
I/accs.ServiceImpl( 1204):  onHostStartCommand:Intent { act=com.taobao.accs.intent.action.START_SERVICE cmp=com.ygkj.chelaile.standard/com.taobao.accs.ChannelService (has extras) }
I/accs.LoadSoFailUtil( 1204):  getSoFailTimes times:0
I/accs.ACCSManager( 1204):  getAppkey:umeng:53870cb556240be6e4017771
I/accs.ElectionServiceImpl( 1204):  getConnection appkey:umeng:53870cb556240be6e4017771
I/accs.Utils( 1204):  getMode mode:0
I/accs.BaseIntentService( 1204):  onHandleIntent,action=org.agoo.android.intent.action.REPORT,agooCommand=com.ygkj.chelaile.standard.intent.action.COMMAND,mipushCommand=com.ygkj.chelaile.standard.intent.thirdPush.action.COMMAND
I/accs.BaseIntentService( 1204):  is report cache msg,Config.isReportCacheMsg(mContext)=false
I/accs.BaseIntentService( 1204):  is clear all msg=false
W/View    (24221): requestLayout() improperly called by com.android.systemui.statusbar.phone.IconMerger{432b7018 V.E..... ......I. 0,0-270,75 #7f0a0067 app:id/notificationIcons} during layout: running second layout pass
W/View    (24221): requestLayout() improperly called by com.android.systemui.statusbar.phone.IconMerger{432b7018 V.E..... ........ 0,0-270,75 #7f0a0067 app:id/notificationIcons} during second layout pass: posting in next frame
I/wpa_supplicant(27084): wlan0: HEART-BEAT-ACK: 3998
E/CommandListener( 2418): readDefRoute call readDefRoute
E/SecondaryTablController( 2418): isWifiDefaultRouteExisted /system/bin/ip route
E/CommandListener( 2418): readDefRoute Rsp ok
E/Thermal-daemon( 2432): [ap] temp_new :36  temp_old :37
E/Thermal-daemon( 2432): Report temperature: [ap] temp :36  report_threshold:1
I/wpa_supplicant(27084): wlan0: HEART-BEAT-ACK: 3999
W/View    (24221): requestLayout() improperly called by com.android.systemui.statusbar.phone.IconMerger{432b7018 V.E..... ......I. 0,0-270,75 #7f0a0067 app:id/notificationIcons} during layout: running second layout pass
W/View    (24221): requestLayout() improperly called by com.android.systemui.statusbar.phone.IconMerger{432b7018 V.E..... ........ 0,0-270,75 #7f0a0067 app:id/notificationIcons} during second layout pass: posting in next frame
I/dalvikvm(31632): Jit: resizing JitTable from 4096 to 8192
E/Thermal-daemon( 2432): [ap] temp_new :37  temp_old :36
E/Thermal-daemon( 2432): Report temperature: [ap] temp :37  report_threshold:1
I/wpa_supplicant(27084): wlan0: HEART-BEAT-ACK: 4000
E/CommandListener( 2418): readDefRoute call readDefRoute
E/SecondaryTablController( 2418): isWifiDefaultRouteExisted /system/bin/ip route
E/Thermal-daemon( 2432): [ap] temp_new :36  temp_old :37
E/Thermal-daemon( 2432): Report temperature: [ap] temp :36  report_threshold:1
E/CommandListener( 2418): readDefRoute Rsp ok
W/View    (24221): requestLayout() improperly called by com.android.systemui.statusbar.phone.IconMerger{432b7018 V.E..... ......I. 0,0-270,75 #7f0a0067 app:id/notificationIcons} during layout: running second layout pass
W/View    (24221): requestLayout() improperly called by com.android.systemui.statusbar.phone.IconMerger{432b7018 V.E..... ........ 0,0-270,75 #7f0a0067 app:id/notificationIcons} during second layout pass: posting in next frame
W/View    (24221): requestLayout() improperly called by com.android.systemui.statusbar.phone.IconMerger{432b7018 V.E..... ......I. 0,0-270,75 #7f0a0067 app:id/notificationIcons} during layout: running second layout pass
W/View    (24221): requestLayout() improperly called by com.android.systemui.statusbar.phone.IconMerger{432b7018 V.E..... ........ 0,0-270,75 #7f0a0067 app:id/notificationIcons} during second layout pass: posting in next frame
E/Thermal-daemon( 2432): [ap] temp_new :37  temp_old :36
E/Thermal-daemon( 2432): Report temperature: [ap] temp :37  report_threshold:1
E/android_hardware_fm.cpp( 1551): register_android_hardware_fm_fmradio
E/FM_HAL  ( 1551): [FM_HAL], fm_dynamic_lib is libbcmfm_if
E/FM_HAL  ( 1551): [FM_HAL], libname is libbcmfm_if
E/fm_if.c ( 1551): find the id:libbcmfm_if and begins to open the devices
E/android_hardware_fm.cpp( 1551): register_android_hardware_fm_fmradio, ret is 0
E/        ( 1551): ProtocolErrorLog wangkang test!!
I/wpa_supplicant(27084): wlan0: HEART-BEAT-ACK: 4001
W/View    (24221): requestLayout() improperly called by com.android.systemui.statusbar.phone.IconMerger{432b7018 V.E..... ......I. 0,0-270,75 #7f0a0067 app:id/notificationIcons} during layout: running second layout pass
I/HwLauncher( 3562): ClockDynamicUpdater date changed!!!!!!
I/HwLauncher( 3562): DynamicIconData , getDrawableForDynamic begin, pkg = com.android.deskclock, picName = deskclock_bg
I/HwLauncher( 3562): DynamicIconData , getDrawableForDynamic end, pkg = com.android.deskclock, picName = deskclock_bg
I/HwLauncher( 3562): DynamicIconData , getDrawableForDynamic begin, pkg = com.android.deskclock, picName = deskclock_bg
I/HwLauncher( 3562): DynamicIconData , getDrawableForDynamic end, pkg = com.android.deskclock, picName = deskclock_bg
I/HwLauncher( 3562): Launcher.Utilities createIconBitmap sourceWidth = 180sourceHeight = 180
I/HwLauncher( 3562): ClockDynamicUpdater calender update folder at CalenderDynamicUpdater
I/HwLauncher( 3562): DynamicUpdater call updateFolder
I/HwLauncher( 3562): ClockDynamicUpdater Calender update and call updateFolder
I/HwLauncher( 3562): CalenderDynamicUpdater date changed!!!!!!
I/HwLauncher( 3562): CalenderDynamicUpdater Calender update and call updateFolder
W/View    (24221): requestLayout() improperly called by com.android.systemui.statusbar.phone.IconMerger{432b7018 V.E..... ......I. 0,0-270,75 #7f0a0067 app:id/notificationIcons} during layout: running second layout pass
W/View    (24221): requestLayout() improperly called by com.android.systemui.statusbar.phone.IconMerger{432b7018 V.E..... ........ 0,0-270,75 #7f0a0067 app:id/notificationIcons} during second layout pass: posting in next frame
W/View    (24221): requestLayout() improperly called by com.android.systemui.statusbar.phone.IconMerger{432b7018 V.E..... ......I. 0,0-270,75 #7f0a0067 app:id/notificationIcons} during second layout pass: posting in next frame
W/View    (24221): requestLayout() improperly called by com.android.systemui.statusbar.phone.IconMerger{432b7018 V.E..... ......I. 0,0-270,75 #7f0a0067 app:id/notificationIcons} during layout: running second layout pass
