int logctl_get(): open '/dev/hwlog_switch' fail -1, 13. Permission denied

Note: log switch off, only log_main and log_events will have logs!
--------- beginning of /dev/log/main
W/dalvikvm( 1204): VFY: unable to resolve static method 24147: Lcom/alibaba/mtl/appmonitor/model/DimensionValueSet;.create ()Lcom/alibaba/mtl/appmonitor/model/DimensionValueSet;
I/dalvikvm( 1204): Could not find method com.alibaba.mtl.appmonitor.model.DimensionSet.create, referenced from method anet.channel.appmonitor.DefaultAppMonitor.register
W/dalvikvm( 1204): VFY: unable to resolve static method 24146: Lcom/alibaba/mtl/appmonitor/model/DimensionSet;.create ()Lcom/alibaba/mtl/appmonitor/model/DimensionSet;
I/accs.ElectionServiceImpl( 1204):  onCreate, sdkv:220
I/accs.ACCSManager( 1204):  getAppkey:umeng:53870cb556240be6e4017771
I/accs.Utils( 1204):  getMode mode:0
I/accs.ServiceImpl( 1204):  ServiceImpl onCreate ClassLoader:dalvik.system.PathClassLoader[DexPathList[[zip file "/mnt/asec/com.ygkj.chelaile.standard-1/pkg.apk", zip file "/data/data/com.ygkj.chelaile.standard/code_cache/secondary-dexes/pkg.apk.classes2.zip"],nativeLibraryDirectories=[/mnt/asec/com.ygkj.chelaile.standard-1/lib, /vendor/lib, /system/lib, /data/datalib]]] sdkv:220 procStart:0
I/accs.ElectionServiceImpl( 1204):  onStartCommand begin action:
W/accs.com.taobao.accs.b.a( 1204):  time is daytime, wakeup cpu for keeping connecntion
I/accs.OrangeAdapter( 1204):  isElectionEnable result:false
I/accs.OrangeAdapter( 1204):  isElectionEnable result:false
I/accs.ElectionServiceImpl( 1204):  deliver to channelservice host pkg:
W/accs.com.taobao.accs.b.a( 1204):  open assets from = armeabi/DaemonServer
I/accs.ServiceImpl( 1204):  onHostStartCommand:Intent { cmp=com.ygkj.chelaile.standard/com.taobao.accs.ChannelService }
I/accs.LoadSoFailUtil( 1204):  getSoFailTimes times:0
I/accs.ACCSManager( 1204):  getAppkey:umeng:53870cb556240be6e4017771
I/accs.ElectionServiceImpl( 1204):  getConnection appkey:umeng:53870cb556240be6e4017771
I/accs.Utils( 1204):  getMode mode:0
W/System.err( 1220): java.lang.NullPointerException
W/System.err( 1220): 	at com.tencent.tbs.sdk.extension.s.q(Unknown Source)
W/System.err( 1220): 	at com.tencent.tbs.sdk.extension.s.<init>(Unknown Source)
W/System.err( 1220): 	at com.tencent.tbs.sdk.extension.s.a(Unknown Source)
W/System.err( 1220): 	at com.tencent.tbs.sdk.extension.TbsSDKExtension.c(Unknown Source)
W/System.err( 1220): 	at com.tencent.tbs.sdk.extension.TbsSDKExtension.<init>(Unknown Source)
W/System.err( 1220): 	at com.tencent.tbs.sdk.extension.TbsSDKExtension.<init>(Unknown Source)
W/System.err( 1220): 	at java.lang.reflect.Constructor.constructNative(Native Method)
W/System.err( 1220): 	at java.lang.reflect.Constructor.newInstance(Constructor.java:423)
W/System.err( 1220): 	at com.tencent.smtt.sdk.QbSdk.b(Unknown Source)
W/System.err( 1220): 	at com.tencent.smtt.sdk.QbSdk.a(Unknown Source)
W/System.err( 1220): 	at com.tencent.smtt.sdk.QbSdk.a(Unknown Source)
W/System.err( 1220): 	at com.tencent.smtt.sdk.TbsShareManager.findCoreForThirdPartyApp(Unknown Source)
W/System.err( 1220): 	at com.tencent.smtt.sdk.TbsDownloader.a(Unknown Source)
W/System.err( 1220): 	at com.tencent.smtt.sdk.TbsDownloader.needDownload(Unknown Source)
W/System.err( 1220): 	at com.tencent.smtt.sdk.QbSdk.initX5Environment(Unknown Source)
W/System.err( 1220): 	at dev.xesam.chelaile.app.core.i.f(Unknown Source)
W/System.err( 1220): 	at dev.xesam.chelaile.app.core.i.onCreate(Unknown Source)
W/System.err( 1220): 	at android.app.Instrumentation.callApplicationOnCreate(Instrumentation.java:1009)
W/System.err( 1220): 	at android.app.ActivityThread.handleBindApplication(ActivityThread.java:4613)
W/System.err( 1220): 	at android.app.ActivityThread.access$1800(ActivityThread.java:139)
W/System.err( 1220): 	at android.app.ActivityThread$H.handleMessage(ActivityThread.java:1316)
W/System.err( 1220): 	at android.os.Handler.dispatchMessage(Handler.java:102)
W/System.err( 1220): 	at android.os.Looper.loop(Looper.java:136)
W/System.err( 1220): 	at android.app.ActivityThread.main(ActivityThread.java:5314)
W/System.err( 1220): 	at java.lang.reflect.Method.invokeNative(Native Method)
W/System.err( 1220): 	at java.lang.reflect.Method.invoke(Method.java:515)
W/System.err( 1220): 	at com.android.internal.os.ZygoteInit$MethodAndArgsCaller.run(ZygoteInit.java:864)
W/System.err( 1220): 	at com.android.internal.os.ZygoteInit.main(ZygoteInit.java:680)
W/System.err( 1220): 	at dalvik.system.NativeStart.main(Native Method)
W/System.err( 1220): java.lang.NullPointerException
W/System.err( 1220): 	at com.tencent.tbs.sdk.extension.s.o(Unknown Source)
W/System.err( 1220): 	at com.tencent.tbs.sdk.extension.s.q(Unknown Source)
W/System.err( 1220): 	at com.tencent.tbs.sdk.extension.s.<init>(Unknown Source)
W/System.err( 1220): 	at com.tencent.tbs.sdk.extension.s.a(Unknown Source)
W/System.err( 1220): 	at com.tencent.tbs.sdk.extension.TbsSDKExtension.c(Unknown Source)
W/System.err( 1220): 	at com.tencent.tbs.sdk.extension.TbsSDKExtension.<init>(Unknown Source)
W/System.err( 1220): 	at com.tencent.tbs.sdk.extension.TbsSDKExtension.<init>(Unknown Source)
W/System.err( 1220): 	at java.lang.reflect.Constructor.constructNative(Native Method)
W/System.err( 1220): 	at java.lang.reflect.Constructor.newInstance(Constructor.java:423)
W/System.err( 1220): 	at com.tencent.smtt.sdk.QbSdk.b(Unknown Source)
W/System.err( 1220): 	at com.tencent.smtt.sdk.QbSdk.a(Unknown Source)
W/System.err( 1220): 	at com.tencent.smtt.sdk.QbSdk.a(Unknown Source)
W/System.err( 1220): 	at com.tencent.smtt.sdk.TbsShareManager.findCoreForThirdPartyApp(Unknown Source)
W/System.err( 1220): 	at com.tencent.smtt.sdk.TbsDownloader.a(Unknown Source)
W/System.err( 1220): 	at com.tencent.smtt.sdk.TbsDownloader.needDownload(Unknown Source)
W/System.err( 1220): 	at com.tencent.smtt.sdk.QbSdk.initX5Environment(Unknown Source)
W/System.err( 1220): 	at dev.xesam.chelaile.app.core.i.f(Unknown Source)
W/System.err( 1220): 	at dev.xesam.chelaile.app.core.i.onCreate(Unknown Source)
W/System.err( 1220): 	at android.app.Instrumentation.callApplicationOnCreate(Instrumentation.java:1009)
W/System.err( 1220): 	at android.app.ActivityThread.handleBindApplication(ActivityThread.java:4613)
W/System.err( 1220): 	at android.app.ActivityThread.access$1800(ActivityThread.java:139)
W/System.err( 1220): 	at android.app.ActivityThread$H.handleMessage(ActivityThread.java:1316)
W/System.err( 1220): 	at android.os.Handler.dispatchMessage(Handler.java:102)
W/System.err( 1220): 	at android.os.Looper.loop(Looper.java:136)
W/System.err( 1220): 	at android.app.ActivityThread.main(ActivityThread.java:5314)
W/System.err( 1220): 	at java.lang.reflect.Method.invokeNative(Native Method)
W/System.err( 1220): 	at java.lang.reflect.Method.invoke(Method.java:515)
W/System.err( 1220): 	at com.android.internal.os.ZygoteInit$MethodAndArgsCaller.run(ZygoteInit.java:864)
W/System.err( 1220): 	at com.android.internal.os.ZygoteInit.main(ZygoteInit.java:680)
W/System.err( 1220): 	at dalvik.system.NativeStart.main(Native Method)
I/crash_recorder( 1220): JNI_OnLoad at vm:0x414e6108
I/crash_recorder( 1220): starting registerNativeSignalAction...
I/accs.ACCSManager( 1204):  getAppkey:umeng:53870cb556240be6e4017771
E/com.taobao.accs.b.a( 1204): pidfile:/proc/30056
W/TAG.    ( 1204): chmod 500 /data/data/com.ygkj.chelaile.standard/files/DaemonServer
I/HwSystemManager( 3870): HoldService:preHoldShow start!
I/accs.SilenceConnumeng:53870cb556240be6e4017771( 1204):  0 getChannelHost:umengjmacs.m.taobao.com
I/HwSystemManager( 3870): HoldService:The prePermissionType is: 1
W/StrategyCenter not initialized( 1204): |[seq:isInitialized] false
I/accs.LoadSoFailUtil( 1204):  getSoFailTimes times:0
I/accs.OrangeAdapter( 1204):  isTnetLogOff result:false
I/accs.SilenceConnumeng:53870cb556240be6e4017771( 1204):  close keepalive
I/dalvikvm( 1204): Could not find method com.alibaba.wireless.security.open.SecurityGuardManager.getInstance, referenced from method anet.channel.security.b.dynamicGetBytes
W/dalvikvm( 1204): VFY: unable to resolve static method 24231: Lcom/alibaba/wireless/security/open/SecurityGuardManager;.getInstance (Landroid/content/Context;)Lcom/alibaba/wireless/security/open/SecurityGuardManager;
I/dalvikvm( 1204): Could not find method com.alibaba.wireless.security.open.SecurityGuardManager.getInstance, referenced from method anet.channel.security.b.dynamicPutBytes
W/dalvikvm( 1204): VFY: unable to resolve static method 24231: Lcom/alibaba/wireless/security/open/SecurityGuardManager;.getInstance (Landroid/content/Context;)Lcom/alibaba/wireless/security/open/SecurityGuardManager;
I/dalvikvm( 1204): Could not find method com.alibaba.wireless.security.open.SecurityGuardManager.getInstance, referenced from method anet.channel.security.b.sign
W/dalvikvm( 1204): VFY: unable to resolve static method 24231: Lcom/alibaba/wireless/security/open/SecurityGuardManager;.getInstance (Landroid/content/Context;)Lcom/alibaba/wireless/security/open/SecurityGuardManager;
I/dalvikvm( 1204): Could not find method com.alibaba.wireless.security.open.SecurityGuardManager.getInstance, referenced from method anet.channel.security.b.staticDecrypt
W/dalvikvm( 1204): VFY: unable to resolve static method 24231: Lcom/alibaba/wireless/security/open/SecurityGuardManager;.getInstance (Landroid/content/Context;)Lcom/alibaba/wireless/security/open/SecurityGuardManager;
I/dalvikvm( 1204): DexOpt: unable to optimize instance field ref 0x2c68 at 0x26 in Lanet/channel/security/b;.sign
I/dalvikvm( 1204): DexOpt: unable to optimize instance field ref 0x2c69 at 0x28 in Lanet/channel/security/b;.sign
I/dalvikvm( 1204): DexOpt: unable to optimize instance field ref 0x2c6a at 0x3b in Lanet/channel/security/b;.sign
I/dalvikvm( 1220): Could not find method android.content.Context.checkSelfPermission, referenced from method com.tencent.smtt.utils.k.a
W/dalvikvm( 1220): VFY: unable to resolve virtual method 184: Landroid/content/Context;.checkSelfPermission (Ljava/lang/String;)I
I/awan.AccsHostManager( 1204):  addAccsHost host:acs.m.taobao.com
I/awcn.StrategyCenter( 1204):  StrategyCenter initialize started.
I/awcn.StrategySerializeHelper( 1204):  StrateyFolder path:/storage/emulated/0/Android/data/com.ygkj.chelaile.standard/files/awcn_strategy/channel
I/awcn.NetworkStatusMonitor( 1204):  checkNetworkStatus info.isConnected:true info.isAvailable:true
I/awcn.NetworkStatusHelper( 1204):  
I/awcn.NetworkStatusHelper( 1204): Network detail*******************************
I/awcn.NetworkStatusHelper( 1204): Status: WIFI
I/awcn.NetworkStatusHelper( 1204): Subtype: wifi
I/awcn.NetworkStatusHelper( 1204): BSSID: e4:f3:f5:4e:36:ba
I/awcn.NetworkStatusHelper( 1204): SSID: "s1002"
I/awcn.NetworkStatusHelper( 1204): *********************************************
I/awcn.ThreadPoolExecutorFactory( 1204):  thread created! name:AWCN Scheduler1
I/awcn.SessionCenter( 1204): |[seq:[default]] recreate session failed: infos is empty
W/TAG.    ( 1204): /data/data/com.ygkj.chelaile.standard/files/DaemonServer -s "/data/data/com.ygkj.chelaile.standard/lib/" -n "runServer" -p "startservice -n com.ygkj.chelaile.standard/com.taobao.accs.ChannelService --user 0" -f "/data/data/com.ygkj.chelaile.standard" -t "600" -c "agoo.pid" -P /data/data/com.ygkj.chelaile.standard -K 1009527 -U tb_accs_eudemon_1.1.3 -L http://agoodm.m.taobao.com/agoo/report -D %7B%22package%22%3A%22com.ygkj.chelaile.standard%22%2C%22appKey%22%3A%22umeng%3A53870cb556240be6e4017771%22%2C%22utdid%22%3A%22VkybL%2B3wftsDAKEQf7ZThV3C%22%2C%22sdkVersion%22%3A%22220%22%7D -I agoodm.m.taobao.com -O 80 -T -Z 
W/accs.com.taobao.accs.b.a( 1204):  /data/data/com.ygkj.chelaile.standard/files/DaemonServer -s "/data/data/com.ygkj.chelaile.standard/lib/" -n "runServer" -p "startservice -n com.ygkj.chelaile.standard/com.taobao.accs.ChannelService --user 0" -f "/data/data/com.ygkj.chelaile.standard" -t "600" -c "agoo.pid" -P /data/data/com.ygkj.chelaile.standard -K 1009527 -U tb_accs_eudemon_1.1.3 -L http://agoodm.m.taobao.com/agoo/report -D %7B%22package%22%3A%22com.ygkj.chelaile.standard%22%2C%22appKey%22%3A%22umeng%3A53870cb556240be6e4017771%22%2C%22utdid%22%3A%22VkybL%2B3wftsDAKEQf7ZThV3C%22%2C%22sdkVersion%22%3A%22220%22%7D -I agoodm.m.taobao.com -O 80 -T -Z 
I/ctrlSocket( 2418): gethostbyname normal
E/LOG_FILE( 1220): file.getAbsolutePath=/storage/emulated/0/Android/data/com.ygkj.chelaile.standard/files/tbslog/tbslog.txt append=true
E/LOG_FILE( 1220): java.lang.NullPointerException
E/LOG_FILE( 1220): 	at java.io.OutputStream.write(OutputStream.java:82)
E/LOG_FILE( 1220): 	at com.tencent.smtt.utils.LogFileUtils.writeDataToStorage(Unknown Source)
E/LOG_FILE( 1220): 	at com.tencent.smtt.utils.TbsLogClient.writeLogToDisk(Unknown Source)
E/LOG_FILE( 1220): 	at com.tencent.smtt.utils.TbsLogClient.writeLog(Unknown Source)
E/LOG_FILE( 1220): 	at com.tencent.smtt.utils.TbsLog.i(Unknown Source)
E/LOG_FILE( 1220): 	at com.tencent.smtt.sdk.QbSdk.a(Unknown Source)
E/LOG_FILE( 1220): 	at com.tencent.smtt.sdk.QbSdk.a(Unknown Source)
E/LOG_FILE( 1220): 	at com.tencent.smtt.sdk.l.a(Unknown Source)
E/LOG_FILE( 1220): 	at com.tencent.smtt.sdk.g.run(Unknown Source)
I/awcn.StrategyCenter( 1204):  StrategyCenter initialize finished.
W/awcn.DefaultAppMonitor( 1204):  no appmonitor sdk
I/awan.AccsHostManager( 1204):  addAccsHost host:umengacs.m.taobao.com
I/accs.SilenceConnumeng:53870cb556240be6e4017771( 1204):  init awcn success!
I/accs.SilenceConnumeng:53870cb556240be6e4017771( 1204):  0 start thread
I/accs.NetworkThreadumeng:53870cb556240be6e4017771( 1204):  0 NetworkThread run
I/accs.Utils( 1220):  setMode mode:0
I/accs.NetworkThreadumeng:53870cb556240be6e4017771( 1204):  0 send:PING status:3
I/accs.ServiceImpl( 1204):  ping connection appkey:umeng:53870cb556240be6e4017771
I/accs.ElectionServiceImpl( 1204):  onStartCommand begin action:
I/accs.OrangeAdapter( 1204):  isElectionEnable result:false
I/accs.OrangeAdapter( 1204):  isElectionEnable result:false
I/accs.ElectionServiceImpl( 1204):  deliver to channelservice host pkg:
I/accs.ServiceImpl( 1204):  onHostStartCommand:Intent { cmp=com.ygkj.chelaile.standard/com.taobao.accs.ChannelService }
I/accs.LoadSoFailUtil( 1204):  getSoFailTimes times:0
I/accs.ACCSManager( 1204):  getAppkey:umeng:53870cb556240be6e4017771
I/accs.ElectionServiceImpl( 1204):  getConnection appkey:umeng:53870cb556240be6e4017771
I/accs.Utils( 1204):  getMode mode:0
E/accs.NetworkThreadumeng:53870cb556240be6e4017771( 1204):  0 try connect, force = true failTimes = 0
I/accs.NetworkThreadumeng:53870cb556240be6e4017771( 1204):  0 try connect, need sleep
I/accs.ServiceImpl( 1204):  ping connection appkey:umeng:53870cb556240be6e4017771
I/awcn.NetworkStatusMonitor( 1204):  checkNetworkStatus info.isConnected:true info.isAvailable:true
I/accs.AccsClientConfig( 1220):  build config:AccsClientConfig{mAppKey=umeng:53870cb556240be6e4017771, mAppSecret=5cc69fd8aa13f1d8e5e82579df5f67ee, mInappHost=umengacs.m.taobao.com, mChannelHost=umengjmacs.m.taobao.com, mSecurity=2, mAuthCode=null, mInappPubKey=11, mChannelPubKey=11, mKeepalive=true, mAutoUnit=false, mConfigEnv=0, mTag=umeng:53870cb556240be6e4017771
I/accs.ACCSClient( 1220):  init config:AccsClientConfig{mAppKey=umeng:53870cb556240be6e4017771, mAppSecret=5cc69fd8aa13f1d8e5e82579df5f67ee, mInappHost=umengacs.m.taobao.com, mChannelHost=umengjmacs.m.taobao.com, mSecurity=2, mAuthCode=null, mInappPubKey=11, mChannelPubKey=11, mKeepalive=true, mAutoUnit=false, mConfigEnv=0, mTag=umeng:53870cb556240be6e4017771
W/View    (24221): requestLayout() improperly called by com.android.systemui.statusbar.phone.IconMerger{432b7018 V.E..... ......I. 0,0-270,75 #7f0a0067 app:id/notificationIcons} during layout: running second layout pass
I/accs.TaobaoRegister( 1220):  register appKey:umeng:53870cb556240be6e4017771
I/accs.Config( 1220):  setAgooAppKey appkey:umeng:53870cb556240be6e4017771
I/accs.TaobaoRegister( 1220):  config exist config:AccsClientConfig{mAppKey=umeng:53870cb556240be6e4017771, mAppSecret=5cc69fd8aa13f1d8e5e82579df5f67ee, mInappHost=umengacs.m.taobao.com, mChannelHost=umengjmacs.m.taobao.com, mSecurity=2, mAuthCode=null, mInappPubKey=11, mChannelPubKey=11, mKeepalive=true, mAutoUnit=false, mConfigEnv=0, mTag=umeng:53870cb556240be6e4017771
W/accs.ACCSManager( 1220):  new accs instance appkey:umeng:53870cb556240be6e4017771
I/dalvikvm( 1220): Failed resolving Lcom/taobao/accs/utl/h$a; interface 7307 'Lcom/taobao/orange/OrangeConfigListenerV1;'
W/dalvikvm( 1220): Link of class 'Lcom/taobao/accs/utl/h$a;' failed
E/dalvikvm( 1220): Could not find class 'com.taobao.accs.utl.h$a', referenced from method com.taobao.accs.internal.ACCSManagerImpl.bindApp
W/dalvikvm( 1220): VFY: unable to resolve new-instance 7284 (Lcom/taobao/accs/utl/h$a;) in Lcom/taobao/accs/internal/ACCSManagerImpl;
I/dalvikvm( 1220): Failed resolving Lcom/taobao/accs/utl/h$a; interface 7307 'Lcom/taobao/orange/OrangeConfigListenerV1;'
W/dalvikvm( 1220): Link of class 'Lcom/taobao/accs/utl/h$a;' failed
I/dalvikvm( 1220): Could not find method com.taobao.orange.OrangeConfig.getInstance, referenced from method com.taobao.accs.utl.h.a
W/dalvikvm( 1220): VFY: unable to resolve static method 54523: Lcom/taobao/orange/OrangeConfig;.getInstance ()Lcom/taobao/orange/OrangeConfig;
W/dalvikvm( 1220): VFY: unable to find class referenced in signature (Lcom/taobao/orange/OrangeConfigListenerV1;)
I/dalvikvm( 1220): Could not find method com.taobao.orange.OrangeConfig.getInstance, referenced from method com.taobao.accs.utl.h.a
W/dalvikvm( 1220): VFY: unable to resolve static method 54523: Lcom/taobao/orange/OrangeConfig;.getInstance ()Lcom/taobao/orange/OrangeConfig;
W/accs.OrangeAdapter( 1220):  no orange sdk
I/accs.OrangeAdapter( 1220):  isTnetLogOff result:false
I/dalvikvm( 1220): Could not find method com.alibaba.wireless.security.open.SecurityGuardManager.getInstance, referenced from method com.taobao.accs.utl.UtilityImpl.SecurityGuardGetSslTicket2
W/dalvikvm( 1220): VFY: unable to resolve static method 24231: Lcom/alibaba/wireless/security/open/SecurityGuardManager;.getInstance (Landroid/content/Context;)Lcom/alibaba/wireless/security/open/SecurityGuardManager;
I/dalvikvm( 1220): Could not find method com.alibaba.wireless.security.open.SecurityGuardManager.getInstance, referenced from method com.taobao.accs.utl.UtilityImpl.SecurityGuardPutSslTicket2
W/dalvikvm( 1220): VFY: unable to resolve static method 24231: Lcom/alibaba/wireless/security/open/SecurityGuardManager;.getInstance (Landroid/content/Context;)Lcom/alibaba/wireless/security/open/SecurityGuardManager;
I/dalvikvm( 1220): Could not find method com.alibaba.wireless.security.open.SecurityGuardManager.getInstance, referenced from method com.taobao.accs.utl.UtilityImpl.getAppsign
W/dalvikvm( 1220): VFY: unable to resolve static method 24231: Lcom/alibaba/wireless/security/open/SecurityGuardManager;.getInstance (Landroid/content/Context;)Lcom/alibaba/wireless/security/open/SecurityGuardManager;
I/dalvikvm( 1220): Could not find method com.alibaba.wireless.security.open.SecurityGuardManager.getInstance, referenced from method com.taobao.accs.utl.UtilityImpl.staticBinarySafeDecryptNoB64
W/dalvikvm( 1220): VFY: unable to resolve static method 24231: Lcom/alibaba/wireless/security/open/SecurityGuardManager;.getInstance (Landroid/content/Context;)Lcom/alibaba/wireless/security/open/SecurityGuardManager;
I/dalvikvm( 1220): DexOpt: unable to optimize instance field ref 0x2c68 at 0x6b in Lcom/taobao/accs/utl/UtilityImpl;.getAppsign
I/dalvikvm( 1220): DexOpt: unable to optimize instance field ref 0x2c69 at 0x6d in Lcom/taobao/accs/utl/UtilityImpl;.getAppsign
I/dalvikvm( 1220): DexOpt: unable to optimize instance field ref 0x2c6a at 0x86 in Lcom/taobao/accs/utl/UtilityImpl;.getAppsign
I/HwSystemManager( 3870): HoldService:preHoldShow start!
I/HwSystemManager( 3870): HoldService:The prePermissionType is: 1
I/HwSystemManager( 3870): HoldService:preHoldShow start!
I/HwSystemManager( 3870): HoldService:The prePermissionType is: 1
I/awcn.HMacUtil( 1220):  hmacSha1Hex result:cdff8d75cb91f5883ef070167088621a5ce3610f6519ac62930be8544acb1c3c
I/HwSystemManager( 3870): HoldService:preHoldShow start!
I/HwSystemManager( 3870): HoldService:The prePermissionType is: 1
I/HwSystemManager( 3870): HoldService:preHoldShow start!
I/HwSystemManager( 3870): HoldService:The prePermissionType is: 1
I/dalvikvm( 1220): Could not find method com.alibaba.wireless.security.open.SecurityGuardManager.getInstance, referenced from method anet.channel.security.b.dynamicGetBytes
W/dalvikvm( 1220): VFY: unable to resolve static method 24231: Lcom/alibaba/wireless/security/open/SecurityGuardManager;.getInstance (Landroid/content/Context;)Lcom/alibaba/wireless/security/open/SecurityGuardManager;
I/dalvikvm( 1220): Could not find method com.alibaba.wireless.security.open.SecurityGuardManager.getInstance, referenced from method anet.channel.security.b.dynamicPutBytes
W/dalvikvm( 1220): VFY: unable to resolve static method 24231: Lcom/alibaba/wireless/security/open/SecurityGuardManager;.getInstance (Landroid/content/Context;)Lcom/alibaba/wireless/security/open/SecurityGuardManager;
I/dalvikvm( 1220): Could not find method com.alibaba.wireless.security.open.SecurityGuardManager.getInstance, referenced from method anet.channel.security.b.sign
W/dalvikvm( 1220): VFY: unable to resolve static method 24231: Lcom/alibaba/wireless/security/open/SecurityGuardManager;.getInstance (Landroid/content/Context;)Lcom/alibaba/wireless/security/open/SecurityGuardManager;
I/dalvikvm( 1220): Could not find method com.alibaba.wireless.security.open.SecurityGuardManager.getInstance, referenced from method anet.channel.security.b.staticDecrypt
W/dalvikvm( 1220): VFY: unable to resolve static method 24231: Lcom/alibaba/wireless/security/open/SecurityGuardManager;.getInstance (Landroid/content/Context;)Lcom/alibaba/wireless/security/open/SecurityGuardManager;
I/dalvikvm( 1220): DexOpt: unable to optimize instance field ref 0x2c68 at 0x26 in Lanet/channel/security/b;.sign
I/dalvikvm( 1220): DexOpt: unable to optimize instance field ref 0x2c69 at 0x28 in Lanet/channel/security/b;.sign
I/dalvikvm( 1220): DexOpt: unable to optimize instance field ref 0x2c6a at 0x3b in Lanet/channel/security/b;.sign
I/awan.AccsHostManager( 1220):  addAccsHost host:acs.m.taobao.com
I/awcn.StrategyCenter( 1220):  StrategyCenter initialize started.
I/awcn.StrategySerializeHelper( 1220):  StrateyFolder path:/storage/emulated/0/Android/data/com.ygkj.chelaile.standard/files/awcn_strategy
I/awcn.NetworkStatusMonitor( 1220):  checkNetworkStatus info.isConnected:true info.isAvailable:true
I/awcn.NetworkStatusHelper( 1220):  
I/awcn.NetworkStatusHelper( 1220): Network detail*******************************
I/awcn.NetworkStatusHelper( 1220): Status: WIFI
I/awcn.NetworkStatusHelper( 1220): Subtype: wifi
I/awcn.NetworkStatusHelper( 1220): BSSID: e4:f3:f5:4e:36:ba
I/awcn.NetworkStatusHelper( 1220): SSID: "s1002"
I/awcn.NetworkStatusHelper( 1220): *********************************************
I/awcn.ThreadPoolExecutorFactory( 1220):  thread created! name:AWCN Scheduler1
I/awcn.SessionCenter( 1220): |[seq:[default]] recreate session failed: infos is empty
W/awcn.SerializeHelper( 1220):  file not exist. file:5048a3cbff65b1d79909221c14e1cca2
I/dalvikvm( 1220): Could not find method com.alibaba.mtl.appmonitor.AppMonitor$Alarm.commitFail, referenced from method anet.channel.appmonitor.DefaultAppMonitor.commitAlarm
W/dalvikvm( 1220): VFY: unable to resolve static method 24140: Lcom/alibaba/mtl/appmonitor/AppMonitor$Alarm;.commitFail (Ljava/lang/String;Ljava/lang/String;Ljava/lang/String;Ljava/lang/String;Ljava/lang/String;)V
I/dalvikvm( 1220): Could not find method com.alibaba.mtl.appmonitor.AppMonitor$Alarm.commitSuccess, referenced from method anet.channel.appmonitor.DefaultAppMonitor.commitAlarm
W/dalvikvm( 1220): VFY: unable to resolve static method 24141: Lcom/alibaba/mtl/appmonitor/AppMonitor$Alarm;.commitSuccess (Ljava/lang/String;Ljava/lang/String;Ljava/lang/String;)V
I/dalvikvm( 1220): Could not find method com.alibaba.mtl.appmonitor.AppMonitor$Counter.commit, referenced from method anet.channel.appmonitor.DefaultAppMonitor.commitCount
W/dalvikvm( 1220): VFY: unable to resolve static method 24142: Lcom/alibaba/mtl/appmonitor/AppMonitor$Counter;.commit (Ljava/lang/String;Ljava/lang/String;Ljava/lang/String;D)V
I/dalvikvm( 1220): Could not find method com.alibaba.mtl.appmonitor.model.DimensionValueSet.create, referenced from method anet.channel.appmonitor.DefaultAppMonitor.commitStat
W/dalvikvm( 1220): VFY: unable to resolve static method 24147: Lcom/alibaba/mtl/appmonitor/model/DimensionValueSet;.create ()Lcom/alibaba/mtl/appmonitor/model/DimensionValueSet;
I/dalvikvm( 1220): Could not find method com.alibaba.mtl.appmonitor.model.DimensionSet.create, referenced from method anet.channel.appmonitor.DefaultAppMonitor.register
W/dalvikvm( 1220): VFY: unable to resolve static method 24146: Lcom/alibaba/mtl/appmonitor/model/DimensionSet;.create ()Lcom/alibaba/mtl/appmonitor/model/DimensionSet;
I/awcn.StrategyCenter( 1220):  StrategyCenter initialize finished.
W/awcn.DefaultAppMonitor( 1220):  no appmonitor sdk
I/awan.AccsHostManager( 1220):  addAccsHost host:umengacs.m.taobao.com
I/accs.InAppConnumeng:53870cb556240be6e4017771( 1220):  init awcn success!
E/awcn.SessionCenter( 1220): |[seq:umeng:53870cb556240be6e4017771] setDataReceiveCb AccsFrameCb:com.taobao.accs.net.j@4327f358
I/accs.ClientManager( 1220):  restoreClients mBindStatus restore={com.ygkj.chelaile.standard=2}
I/accs.ClientManager( 1220):  isAppBinded begin..appStatus=2,mBindStatus={com.ygkj.chelaile.standard=2}
I/accs.ACCSMgrImplumeng:53870cb556240be6e4017771( 1220):  com.ygkj.chelaile.standard isAppBinded
I/accs.MsgDistribute( 1220):  distribute command::1  serviceId::  dataId:: appkey:umeng:53870cb556240be6e4017771
I/accs.TaobaoRegister( 1220):  onBindApp errorCode:200
E/dalvikvm( 1220): Could not find class 'com.ut.mini.internal.UTOriginalCustomHitBuilder', referenced from method com.taobao.accs.utl.UTMini.commitEvent
W/dalvikvm( 1220): VFY: unable to resolve new-instance 7740 (Lcom/ut/mini/internal/UTOriginalCustomHitBuilder;) in Lcom/taobao/accs/utl/UTMini;
E/dalvikvm( 1220): Could not find class 'com.ut.mini.internal.UTOriginalCustomHitBuilder', referenced from method com.taobao.accs.utl.UTMini.commitEvent
W/dalvikvm( 1220): VFY: unable to resolve new-instance 7740 (Lcom/ut/mini/internal/UTOriginalCustomHitBuilder;) in Lcom/taobao/accs/utl/UTMini;
E/dalvikvm( 1220): Could not find class 'com.ut.mini.internal.UTOriginalCustomHitBuilder', referenced from method com.taobao.accs.utl.UTMini.commitEvent
W/dalvikvm( 1220): VFY: unable to resolve new-instance 7740 (Lcom/ut/mini/internal/UTOriginalCustomHitBuilder;) in Lcom/taobao/accs/utl/UTMini;
E/dalvikvm( 1220): Could not find class 'com.ut.mini.internal.UTOriginalCustomHitBuilder', referenced from method com.taobao.accs.utl.UTMini.commitEvent
W/dalvikvm( 1220): VFY: unable to resolve new-instance 7740 (Lcom/ut/mini/internal/UTOriginalCustomHitBuilder;) in Lcom/taobao/accs/utl/UTMini;
I/dalvikvm( 1220): Could not find method com.ut.mini.UTAnalytics.getInstance, referenced from method com.taobao.accs.utl.UTMini.start
W/dalvikvm( 1220): VFY: unable to resolve static method 57777: Lcom/ut/mini/UTAnalytics;.getInstance ()Lcom/ut/mini/UTAnalytics;
I/accs.AgooBindCache( 1220):  restoreAgooClients mAgooBindStatus restore = {com.ygkj.chelaile.standard=2}
I/accs.AgooBindCache( 1220):  isAgooRegistered begin..appStatus=2,mAgooBindStatus={com.ygkj.chelaile.standard=2}
I/accs.TaobaoRegister( 1220):  agoo aready Registered return 
I/accs.Config( 1220):  getDeviceToken token:AuIDS-Jypdse8kygU4U5F5Ly_nrc52JGHSxgBb_DA6Y8
I/com.umeng.message.PushAgent( 1220): register-->onSuccess:AuIDS-Jypdse8kygU4U5F5Ly_nrc52JGHSxgBb_DA6Y8
I/dalvikvm( 1220): Failed resolving Lcom/taobao/accs/utl/i; interface 7733 'Lcom/ut/mini/IUTApplication;'
W/dalvikvm( 1220): Link of class 'Lcom/taobao/accs/utl/i;' failed
W/accs.ACCSMgrImplumeng:53870cb556240be6e4017771( 1220):  no orange sdk
I/accs.GlobalConfig( 1220):  setEnableForground enable:false
I/accs.MsgDistribute( 1220):  distribMessage serviceId is null!! command:1
I/accs.OrangeAdapter( 1220):  saveConfigToSP key:support_foreground_v value:0
E/accs.MiPushRegistar( 1220): checkDevice result: false
I/accs.Config( 1220):  getAgooAppKey appkey:umeng:53870cb556240be6e4017771
E/awcn.SessionCenter( 1220): |[seq:umeng:53870cb556240be6e4017771] setDataReceiveCb AccsFrameCb:com.taobao.accs.net.j@4327f358
I/accs.ACCSMgrImplumeng:53870cb556240be6e4017771( 1220):  sendControlMessage command:5
I/accs.InAppConnumeng:53870cb556240be6e4017771( 1220):  try send:DATA dataId:3 appkey:umeng:53870cb556240be6e4017771
E/SdkPushReceiver( 1220): receive broadcast
I/awcn.ThreadPoolExecutorFactory( 1220):  thread created! name:AWCN Dispatcher1
E/SdkPushReceiver( 1220): receive broadcast
I/awcn.ThreadPoolExecutorFactory( 1220):  thread created! name:AWCN Worker(H)1
E/SdkPushReceiver( 1220): receive broadcast
E/awcn.AccsSession( 1220): |[seq:umeng:53870cb556240be6e4017771.AWCN1_1] setFrameCb AccsFrameCb:com.taobao.accs.net.j@4327f358
I/awcn.SessionRequest( 1220): |[seq:umeng:53870cb556240be6e4017771.AWCN1_1] create connection... Host:https://umengacs.m.taobao.com Type:http2_0rtt_acs IP:106.11.61.105 Port:443 heartbeat:45000 session:Session@[umeng:53870cb556240be6e4017771.AWCN1_1|http2_0rtt_acs]
E/awcn.TnetSpdySession( 1220): |[seq:umeng:53870cb556240be6e4017771.AWCN1_1] [connect] host:https://umengacs.m.taobao.com connect :106.11.61.105:443 sessionId:1503735057971 SpdyProtocol,:http2_0rtt_acs proxyIp,: proxyPort,:0
E/awcn.Session( 1220): |[seq:umeng:53870cb556240be6e4017771.AWCN1_1] notifyStatus status:CONNECTING
W/dalvikvm( 1220): VFY: unable to resolve instance field 7849
E/awcn.Session( 1220): |[seq:umeng:53870cb556240be6e4017771.AWCN1_1] notifyStatus status:CONNECTED
I/awcn.HMacUtil( 1220):  hmacSha1Hex result:cdff8d75cb91f5883ef070167088621a5ce3610f6519ac62930be8544acb1c3c
I/HwSystemManager( 3870): HoldService:preHoldShow start!
I/HwSystemManager( 3870): HoldService:The prePermissionType is: 1
E/awcn.AccsSession( 1220): |[seq:umeng:53870cb556240be6e4017771.AWCN1_1] auth auth url:https://106.11.61.105:443/accs/auth?1=VkybL%2B3wftsDAKEQf7ZThV3C&2=cdff8d75cb91f5883ef070167088621a5ce3610f6519ac62930be8544acb1c3c&3=umeng:53870cb556240be6e4017771&5=1&6=wifi&7=46001&8=1.1.2&9=1503735058046&10=1&11=19&12=com.ygkj.chelaile.standard&13=3.35.0&14=null&15=H60-L02&16=Huawei&17=220&19=0
E/awcn.TnetSpdySession( 1220): |[seq:umeng:53870cb556240be6e4017771.AWCN1_1] spdySessionConnectCB connect connectTime:49 sslTime::3
I/dalvikvm( 1220): DexOpt: unable to optimize instance field ref 0x1ea8 at 0x4c in Lcom/tencent/smtt/webkit/y;.getHitTestResult
E/awcn.AccsSession( 1220): |[seq:umeng:53870cb556240be6e4017771.AWCN1_1] AUTH httpStatusCode: 200
E/awcn.Session( 1220): |[seq:umeng:53870cb556240be6e4017771.AWCN1_1] notifyStatus status:AUTH_SUCC
I/awcn.DefaultHeartbeatImpl( 1220):  heartbeat start session:Session@[umeng:53870cb556240be6e4017771.AWCN1_1|http2_0rtt_acs]
I/awcn.NetworkStatusMonitor( 1220):  checkNetworkStatus info.isConnected:true info.isAvailable:true
E/awcn.AccsSession( 1220): |[seq:umeng:53870cb556240be6e4017771.AWCN1_1] setFrameCb AccsFrameCb:com.taobao.accs.net.j@4327f358
I/accs.MsgDistributeService( 1220):  onStartCommand action:com.taobao.accs.intent.action.RECEIVE
I/accs.MsgDistribute( 1220):  distribute command::103  serviceId::  dataId:: appkey:
E/awcn.SessionCenter( 1220): |[seq:umeng:53870cb556240be6e4017771] setDataReceiveCb AccsFrameCb:com.taobao.accs.net.j@4327f358
E/awcn.AccsSession( 1220): |[seq:umeng:53870cb556240be6e4017771.AWCN1_1] setFrameCb AccsFrameCb:com.taobao.accs.net.j@4327f358
I/accs.InAppConnumeng:53870cb556240be6e4017771( 1220):  send data  len:110 dataId:3 command:5 host:https://umengacs.m.taobao.com utdid:VkybL+3wftsDAKEQf7ZThV3C
E/awcn.AccsSession( 1220): |[seq:umeng:53870cb556240be6e4017771.AWCN1_1] sendCustomFrame dataId:3 type:200
E/awcn.AccsSession( 1220): |[seq:umeng:53870cb556240be6e4017771.AWCN1_1] [spdyCustomControlFrameRecvCallback] len:122 frameCb:com.taobao.accs.net.j@4327f358
E/awcn.AccsSession( 1220): |[seq:umeng:53870cb556240be6e4017771.AWCN1_1] str:20 0 0 76 0 74 60 0 3d 56 6b 79 62 4c 2b 33 77 66 74 73 44 41 4b 45 51 66 37 5a 54 68 56 33 43 7c 63 6f 6d 2e 79 67 6b 6a 2e 63 68 65 6c 61 69 6c 65 2e 73 74 61 6e 64 61 72 64 7c 61 67 6f 6f 53 65 6e 64 7c 5 33 7c 64 6d 7c 1 33 0 0 7b 22 64 61 74 61 22 3a 22 22 2c 22 63 6f 64 65 22 3a 32 30 30 2c 22 6d 65 73 73 61 67 65 22 3a 22 73 75 63 63 65 73 73 22 7d 
I/accs.InAppConnumeng:53870cb556240be6e4017771( 1220):  onDataReceive, type:200 len:122
E/accs.InAppConnumeng:53870cb556240be6e4017771( 1220):  onDataReceive, end:
I/accs.MsgRecvumeng:53870cb556240be6e4017771( 1220):  1 dataId 3:type CONTROL:reqType RES:resType NO_ACK:target VkybL+3wftsDAKEQf7ZThV3C|com.ygkj.chelaile.standard|agooSend|
I/accs.MsgDistribute( 1220):  distribute command::5  serviceId::agooSend  dataId:: appkey:umeng:53870cb556240be6e4017771
W/accs.MsgDistribute( 1220):  appReceiver null! serviceId:agooSend appkey:umeng:53870cb556240be6e4017771
I/dalvikvm( 1220): Could not find method com.alibaba.wireless.security.open.SecurityGuardManager.getInstance, referenced from method org.android.agoo.control.AgooFactory.parseEncryptedMsg
W/dalvikvm( 1220): VFY: unable to resolve static method 1773: Lcom/alibaba/wireless/security/open/SecurityGuardManager;.getInstance (Landroid/content/Context;)Lcom/alibaba/wireless/security/open/SecurityGuardManager;
I/dalvikvm( 1220): DexOpt: unable to optimize instance field ref 0x00b1 at 0x91 in Lorg/android/agoo/control/AgooFactory;.parseEncryptedMsg
I/dalvikvm( 1220): DexOpt: unable to optimize instance field ref 0x00b2 at 0x93 in Lorg/android/agoo/control/AgooFactory;.parseEncryptedMsg
I/dalvikvm( 1220): DexOpt: unable to optimize instance field ref 0x00b3 at 0xb2 in Lorg/android/agoo/control/AgooFactory;.parseEncryptedMsg
W/dalvikvm( 1220): VFY: unable to resolve instance field 7851
I/cr_LibraryLoader( 1220): Time to load native libraries: 1 ms (timestamps 6558-6559)
I/cr_LibraryLoader( 1220): Expected native library version number "", actual native library version number "53.0.2785.49"
I/accs.AccsAbstractDataListener( 1220):  onReceiveData dataId:null serviceId:agooSend command:5
E/accs.AgooService( 1220):  into--[onBind]:serviceId:agooSend,errorCode=200
I/com.umeng.message.PushAgent( 1220): bindAgoo-->onSuccess
I/cr_LibraryLoader( 1220): Expected native library version number "", actual native library version number "53.0.2785.49"
W/dalvikvm( 1220): Unable to resolve superclass of Lorg/chromium/net/NetworkChangeNotifierAutoDetect$MyNetworkCallback; (265)
W/dalvikvm( 1220): Link of class 'Lorg/chromium/net/NetworkChangeNotifierAutoDetect$MyNetworkCallback;' failed
E/dalvikvm( 1220): Could not find class 'org.chromium.net.NetworkChangeNotifierAutoDetect$MyNetworkCallback', referenced from method org.chromium.net.NetworkChangeNotifierAutoDetect.<init>
W/dalvikvm( 1220): VFY: unable to resolve new-instance 4804 (Lorg/chromium/net/NetworkChangeNotifierAutoDetect$MyNetworkCallback;) in Lorg/chromium/net/NetworkChangeNotifierAutoDetect;
W/dalvikvm( 1220): Unable to resolve superclass of Lorg/chromium/net/NetworkChangeNotifierAutoDetect$MyNetworkCallback; (265)
W/dalvikvm( 1220): Link of class 'Lorg/chromium/net/NetworkChangeNotifierAutoDetect$MyNetworkCallback;' failed
W/dalvikvm( 1220): VFY: unable to find class referenced in signature (Landroid/net/Network;)
I/dalvikvm( 1220): Could not find method android.net.Network.toString, referenced from method org.chromium.net.NetworkChangeNotifierAutoDetect.a
W/dalvikvm( 1220): VFY: unable to resolve virtual method 1010: Landroid/net/Network;.toString ()Ljava/lang/String;
W/dalvikvm( 1220): VFY: unable to find class referenced in signature (Landroid/net/Network;)
W/dalvikvm( 1220): VFY: unable to find class referenced in signature (Landroid/net/Network;)
W/dalvikvm( 1220): VFY: unable to find class referenced in signature ([Landroid/net/Network;)
W/dalvikvm( 1220): VFY: unable to find class referenced in signature ([Landroid/net/Network;)
W/dalvikvm( 1220): VFY: unable to find class referenced in signature (Landroid/net/Network;)
W/dalvikvm( 1220): VFY: unable to find class referenced in signature ([Landroid/net/Network;)
I/dalvikvm( 1220): Could not find method android.net.Network.equals, referenced from method org.chromium.net.NetworkChangeNotifierAutoDetect.b
W/dalvikvm( 1220): VFY: unable to resolve virtual method 1007: Landroid/net/Network;.equals (Ljava/lang/Object;)Z
E/dalvikvm( 1220): Could not find class 'android.net.Network[]', referenced from method org.chromium.net.NetworkChangeNotifierAutoDetect.b
W/dalvikvm( 1220): VFY: unable to resolve check-cast 4943 ([Landroid/net/Network;) in Lorg/chromium/net/NetworkChangeNotifierAutoDetect;
W/dalvikvm( 1220): VFY: unable to find class referenced in signature (Landroid/net/Network;)
W/dalvikvm( 1220): VFY: unable to find class referenced in signature ([Landroid/net/Network;)
W/dalvikvm( 1220): VFY: unable to find class referenced in signature (Landroid/net/Network;)
W/dalvikvm( 1220): VFY: unable to find class referenced in signature (Landroid/net/Network;)
W/dalvikvm( 1220): VFY: unable to find class referenced in signature (Landroid/net/Network;)
W/dalvikvm( 1220): VFY: unable to find class referenced in signature (Landroid/net/Network;)
W/dalvikvm( 1220): Unable to resolve superclass of Lorg/chromium/net/NetworkChangeNotifierAutoDetect$MyNetworkCallback; (265)
W/dalvikvm( 1220): Link of class 'Lorg/chromium/net/NetworkChangeNotifierAutoDetect$MyNetworkCallback;' failed
W/dalvikvm( 1220): Unable to resolve superclass of Lorg/chromium/net/NetworkChangeNotifierAutoDetect$MyNetworkCallback; (265)
W/dalvikvm( 1220): Link of class 'Lorg/chromium/net/NetworkChangeNotifierAutoDetect$MyNetworkCallback;' failed
W/dalvikvm( 1220): Unable to resolve superclass of Lorg/chromium/net/NetworkChangeNotifierAutoDetect$MyNetworkCallback; (265)
W/dalvikvm( 1220): Link of class 'Lorg/chromium/net/NetworkChangeNotifierAutoDetect$MyNetworkCallback;' failed
I/dalvikvm( 1220): Could not find method org.chromium.net.NetworkChangeNotifierAutoDetect$MyNetworkCallback.a, referenced from method org.chromium.net.NetworkChangeNotifierAutoDetect.b
W/dalvikvm( 1220): VFY: unable to resolve virtual method 36126: Lorg/chromium/net/NetworkChangeNotifierAutoDetect$MyNetworkCallback;.a ()V
W/dalvikvm( 1220): Unable to resolve superclass of Lorg/chromium/net/NetworkChangeNotifierAutoDetect$MyNetworkCallback; (265)
W/dalvikvm( 1220): Link of class 'Lorg/chromium/net/NetworkChangeNotifierAutoDetect$MyNetworkCallback;' failed
W/dalvikvm( 1220): Unable to resolve superclass of Lorg/chromium/net/NetworkChangeNotifierAutoDetect$MyNetworkCallback; (265)
W/dalvikvm( 1220): Link of class 'Lorg/chromium/net/NetworkChangeNotifierAutoDetect$MyNetworkCallback;' failed
W/dalvikvm( 1220): Unable to resolve superclass of Lorg/chromium/net/NetworkChangeNotifierAutoDetect$MyNetworkCallback; (265)
W/dalvikvm( 1220): Link of class 'Lorg/chromium/net/NetworkChangeNotifierAutoDetect$MyNetworkCallback;' failed
W/dalvikvm( 1220): Unable to resolve superclass of Lorg/chromium/net/NetworkChangeNotifierAutoDetect$MyNetworkCallback; (265)
W/dalvikvm( 1220): Link of class 'Lorg/chromium/net/NetworkChangeNotifierAutoDetect$MyNetworkCallback;' failed
I/dalvikvm( 1220): Could not find method android.app.Activity.finishAfterTransition, referenced from method org.chromium.base.ApiCompatibilityUtils.finishAfterTransition
W/dalvikvm( 1220): VFY: unable to resolve virtual method 37: Landroid/app/Activity;.finishAfterTransition ()V
I/dalvikvm( 1220): Could not find method android.app.Activity.finishAndRemoveTask, referenced from method org.chromium.base.ApiCompatibilityUtils.finishAndRemoveTask
W/dalvikvm( 1220): VFY: unable to resolve virtual method 38: Landroid/app/Activity;.finishAndRemoveTask ()V
W/dalvikvm( 1220): VFY: unable to find class referenced in signature (Landroid/net/Network;)
I/dalvikvm( 1220): Could not find method android.net.ConnectivityManager.getNetworkInfo, referenced from method org.chromium.net.NetworkChangeNotifierAutoDetect$ConnectivityManagerDelegate.a
W/dalvikvm( 1220): VFY: unable to resolve virtual method 997: Landroid/net/ConnectivityManager;.getNetworkInfo (Landroid/net/Network;)Landroid/net/NetworkInfo;
I/dalvikvm( 1220): Could not find method android.net.ConnectivityManager.getNetworkInfo, referenced from method org.chromium.net.NetworkChangeNotifierAutoDetect$ConnectivityManagerDelegate.a
W/dalvikvm( 1220): VFY: unable to resolve virtual method 997: Landroid/net/ConnectivityManager;.getNetworkInfo (Landroid/net/Network;)Landroid/net/NetworkInfo;
I/dalvikvm( 1220): Could not find method android.graphics.drawable.Drawable.getColorFilter, referenced from method org.chromium.base.ApiCompatibilityUtils.getColorFilter
W/dalvikvm( 1220): VFY: unable to resolve virtual method 695: Landroid/graphics/drawable/Drawable;.getColorFilter ()Landroid/graphics/ColorFilter;
I/dalvikvm( 1220): Could not find method android.content.res.Resources.getDrawable, referenced from method org.chromium.base.ApiCompatibilityUtils.getDrawable
W/dalvikvm( 1220): VFY: unable to resolve virtual method 399: Landroid/content/res/Resources;.getDrawable (ILandroid/content/res/Resources$Theme;)Landroid/graphics/drawable/Drawable;
I/dalvikvm( 1220): Could not find method android.content.res.Resources.getDrawableForDensity, referenced from method org.chromium.base.ApiCompatibilityUtils.getDrawableForDensity
W/dalvikvm( 1220): VFY: unable to resolve virtual method 401: Landroid/content/res/Resources;.getDrawableForDensity (IILandroid/content/res/Resources$Theme;)Landroid/graphics/drawable/Drawable;
W/dalvikvm( 1220): VFY: unable to find class referenced in signature (Landroid/net/Network;)
W/dalvikvm( 1220): VFY: unable to find class referenced in signature ([Landroid/net/Network;)
I/dalvikvm( 1220): Could not find method android.content.pm.PackageManager.getUserBadgedDrawableForDensity, referenced from method org.chromium.base.ApiCompatibilityUtils.getUserBadgedDrawableForDensity
W/dalvikvm( 1220): VFY: unable to resolve virtual method 361: Landroid/content/pm/PackageManager;.getUserBadgedDrawableForDensity (Landroid/graphics/drawable/Drawable;Landroid/os/UserHandle;Landroid/graphics/Rect;I)Landroid/graphics/drawable/Drawable;
I/dalvikvm( 1220): Could not find method android.content.pm.PackageManager.getUserBadgedIcon, referenced from method org.chromium.base.ApiCompatibilityUtils.getUserBadgedIcon
W/dalvikvm( 1220): VFY: unable to resolve virtual method 362: Landroid/content/pm/PackageManager;.getUserBadgedIcon (Landroid/graphics/drawable/Drawable;Landroid/os/UserHandle;)Landroid/graphics/drawable/Drawable;
W/dalvikvm( 1220): VFY: unable to find class referenced in signature (Landroid/net/Network;)
W/dalvikvm( 1220): VFY: unable to find class referenced in signature (Landroid/net/Network;)
W/dalvikvm( 1220): VFY: unable to find class referenced in signature (Landroid/net/Network;)
I/dalvikvm( 1220): Could not find method android.os.PowerManager.isInteractive, referenced from method org.chromium.base.ApiCompatibilityUtils.isInteractive
W/dalvikvm( 1220): VFY: unable to resolve virtual method 1310: Landroid/os/PowerManager;.isInteractive ()Z
W/dalvikvm( 1220): VFY: unable to find class referenced in signature (Landroid/net/Network;)
W/dalvikvm( 1220): VFY: unable to find class referenced in signature (Landroid/net/Network;)
W/dalvikvm( 1220): VFY: unable to find class referenced in signature (Landroid/net/Network;)
W/dalvikvm( 1220): VFY: unable to find class referenced in signature (Landroid/net/Network;)
I/dalvikvm( 1220): Could not find method android.net.ConnectivityManager.getNetworkCapabilities, referenced from method org.chromium.net.NetworkChangeNotifierAutoDetect$ConnectivityManagerDelegate.a
W/dalvikvm( 1220): VFY: unable to resolve virtual method 995: Landroid/net/ConnectivityManager;.getNetworkCapabilities (Landroid/net/Network;)Landroid/net/NetworkCapabilities;
I/dalvikvm( 1220): Could not find method android.view.View.setElevation, referenced from method org.chromium.base.ApiCompatibilityUtils.setElevation
W/dalvikvm( 1220): VFY: unable to resolve virtual method 1757: Landroid/view/View;.setElevation (F)V
I/dalvikvm( 1220): Could not find method android.net.ConnectivityManager.unregisterNetworkCallback, referenced from method org.chromium.net.NetworkChangeNotifierAutoDetect$ConnectivityManagerDelegate.a
W/dalvikvm( 1220): VFY: unable to resolve virtual method 1000: Landroid/net/ConnectivityManager;.unregisterNetworkCallback (Landroid/net/ConnectivityManager$NetworkCallback;)V
I/dalvikvm( 1220): Could not find method android.view.Window.getNavigationBarColor, referenced from method org.chromium.base.ApiCompatibilityUtils.setStatusBarColor
W/dalvikvm( 1220): VFY: unable to resolve virtual method 1906: Landroid/view/Window;.getNavigationBarColor ()I
I/dalvikvm( 1220): Could not find method android.view.Window.setStatusBarColor, referenced from method org.chromium.base.ApiCompatibilityUtils.setStatusBarColor
W/dalvikvm( 1220): VFY: unable to resolve virtual method 1914: Landroid/view/Window;.setStatusBarColor (I)V
W/dalvikvm( 1220): VFY: unable to find class referenced in signature (Landroid/net/NetworkRequest;)
I/dalvikvm( 1220): Could not find method android.net.ConnectivityManager.registerNetworkCallback, referenced from method org.chromium.net.NetworkChangeNotifierAutoDetect$ConnectivityManagerDelegate.a
W/dalvikvm( 1220): VFY: unable to resolve virtual method 999: Landroid/net/ConnectivityManager;.registerNetworkCallback (Landroid/net/NetworkRequest;Landroid/net/ConnectivityManager$NetworkCallback;)V
E/dalvikvm( 1220): Could not find class 'android.app.ActivityManager$TaskDescription', referenced from method org.chromium.base.ApiCompatibilityUtils.setTaskDescription
W/dalvikvm( 1220): VFY: unable to resolve new-instance 32 (Landroid/app/ActivityManager$TaskDescription;) in Lorg/chromium/base/ApiCompatibilityUtils;
W/dalvikvm( 1220): VFY: unable to find class referenced in signature (Landroid/net/Network;)
I/dalvikvm( 1220): Could not find method android.net.Network.getSocketFactory, referenced from method org.chromium.net.NetworkChangeNotifierAutoDetect$ConnectivityManagerDelegate.a
W/dalvikvm( 1220): VFY: unable to resolve virtual method 1008: Landroid/net/Network;.getSocketFactory ()Ljavax/net/SocketFactory;
I/dalvikvm( 1220): Could not find method android.net.ConnectivityManager.getAllNetworks, referenced from method org.chromium.net.NetworkChangeNotifierAutoDetect$ConnectivityManagerDelegate.a
W/dalvikvm( 1220): VFY: unable to resolve virtual method 994: Landroid/net/ConnectivityManager;.getAllNetworks ()[Landroid/net/Network;
I/icumtt  ( 1220): ICU load finished. 51
W/dalvikvm( 1220): VFY: unable to find class referenced in signature (Landroid/view/inputmethod/CursorAnchorInfo;)
I/dalvikvm( 1220): Could not find method android.view.inputmethod.InputMethodManager.updateCursorAnchorInfo, referenced from method org.chromium.content.browser.input.InputMethodManagerWrapper.updateCursorAnchorInfo
W/dalvikvm( 1220): VFY: unable to resolve virtual method 2061: Landroid/view/inputmethod/InputMethodManager;.updateCursorAnchorInfo (Landroid/view/View;Landroid/view/inputmethod/CursorAnchorInfo;)V
E/dalvikvm( 1220): Could not find class 'android.view.inputmethod.CursorAnchorInfo$Builder', referenced from method org.chromium.content.browser.input.CursorAnchorInfoController.<init>
W/dalvikvm( 1220): VFY: unable to resolve new-instance 496 (Landroid/view/inputmethod/CursorAnchorInfo$Builder;) in Lorg/chromium/content/browser/input/CursorAnchorInfoController;
I/dalvikvm( 1220): Could not find method android.view.inputmethod.CursorAnchorInfo$Builder.reset, referenced from method org.chromium.content.browser.input.CursorAnchorInfoController.a
W/dalvikvm( 1220): VFY: unable to resolve virtual method 2050: Landroid/view/inputmethod/CursorAnchorInfo$Builder;.reset ()V
W/dalvikvm( 1220): VFY: unable to find class referenced in signature (Landroid/view/inputmethod/CursorAnchorInfo;)
I/HwSystemManager( 3870): HoldService:preHoldShow start!
I/HwSystemManager( 3870): HoldService:The prePermissionType is: 1
I/HwSystemManager( 3870): HoldService:preHoldShow start!
I/HwSystemManager( 3870): HoldService:The prePermissionType is: 1
I/HwSystemManager( 3870): HoldService:preHoldShow start!
I/HwSystemManager( 3870): HoldService:The prePermissionType is: 1
I/UmengMessageDeviceConfig( 1220): no umid
W/Settings( 1220): Setting android_id has moved from android.provider.Settings.System to android.provider.Settings.Secure, returning read-only value.
I/HwSystemManager( 3870): HoldService:preHoldShow start!
I/HwSystemManager( 3870): HoldService:The prePermissionType is: 1
I/HwSystemManager( 3870): HoldService:preHoldShow start!
I/HwSystemManager( 3870): HoldService:The prePermissionType is: 1
I/HwSystemManager( 3870): HoldService:preHoldShow start!
I/HwSystemManager( 3870): HoldService:The prePermissionType is: 1
I/HwSystemManager( 3870): HoldService:preHoldShow start!
I/HwSystemManager( 3870): HoldService:The prePermissionType is: 1
I/HwSystemManager( 3870): HoldService:preHoldShow start!
I/HwSystemManager( 3870): HoldService:The prePermissionType is: 1
I/HwSystemManager( 3870): HoldService:preHoldShow start!
