E/HwLauncher( 3562): Launcher dialog dismiss failed : java.lang.IllegalArgumentException: no dialog with id 1 was ever shown via Activity#showDialog
I/HwLauncher( 3562): Launcher dynamicIconsUnregister
I/HwLauncher( 3562): DynamicUpdater unregisterReceiver
I/HwLauncher( 3562): DynamicIcon onPause  isvisible = true   mAttachedToWindow:true    mWindowVisible:falsecom.android.deskclock
I/HwLauncher( 3562): DynamicUpdater unregisterReceiver
I/HwLauncher( 3562): DynamicIcon onPause  isvisible = true   mAttachedToWindow:false    mWindowVisible:falsecom.android.calendar
I/HwLauncher( 3562): DynamicUpdater unregisterReceiver
I/HwLauncher( 3562): DynamicIcon onPause  isvisible = true   mAttachedToWindow:true    mWindowVisible:falsecom.huawei.android.totemweather
I/HwLauncher( 3562): DynamicIcon onVisibilityChanged 4 - com.android.deskclock
I/HwLauncher( 3562): DynamicIcon onVisibilityChanged 4 - com.huawei.android.totemweather
I/System.out(30864): [roylkchen] Create proxy class:SSLSocketFactory consumed:1
I/System.out(30864): [roylkchen] Create proxy class:SSLSocketFactory consumed:2
I/wpa_supplicant(27084): wlan0: HEART-BEAT-ACK: 4012
I/InputDispatcher( 3084): maybe input dispatch timeout, send to pg
W/View    (24221): requestLayout() improperly called by com.android.systemui.statusbar.phone.IconMerger{432b7018 V.E..... ......I. 0,0-270,75 #7f0a0067 app:id/notificationIcons} during layout: running second layout pass
W/View    (24221): requestLayout() improperly called by com.android.systemui.statusbar.phone.IconMerger{432b7018 V.E..... ........ 0,0-270,75 #7f0a0067 app:id/notificationIcons} during second layout pass: posting in next frame
W/View    (24221): requestLayout() improperly called by com.android.systemui.statusbar.phone.IconMerger{432b7018 V.E..... ......I. 0,0-270,75 #7f0a0067 app:id/notificationIcons} during second layout pass: posting in next frame
I/dalvikvm(30864): Could not find method android.content.Context.getDrawable, referenced from method android.support.v4.content.a.c
W/dalvikvm(30864): VFY: unable to resolve virtual method 305: Landroid/content/Context;.getDrawable (I)Landroid/graphics/drawable/Drawable;
I/dalvikvm(30864): Could not find method android.content.Context.getColorStateList, referenced from method android.support.v4.content.a.d
W/dalvikvm(30864): VFY: unable to resolve virtual method 301: Landroid/content/Context;.getColorStateList (I)Landroid/content/res/ColorStateList;
I/dalvikvm(30864): Could not find method android.content.Context.getColor, referenced from method android.support.v4.content.a.e
W/dalvikvm(30864): VFY: unable to resolve virtual method 300: Landroid/content/Context;.getColor (I)I
I/System.out(30864): [roylkchen] Create proxy class:SSLSocketFactory consumed:3
I/System.out(30864): [roylkchen] Create proxy class:SSLSocketFactory consumed:3
I/System.out(30864): [roylkchen] Create proxy class:SSLSocketFactory consumed:3
I/Choreographer(30864): Skipped 49 frames!  The application may be doing too much work on its main thread.
I/Choreographer(30864): Skipped 32 frames!  The application may be doing too much work on its main thread.
I/dalvikvm(30864): Jit: resizing JitTable from 4096 to 8192
I/System.out(30864): [roylkchen] Create proxy class:SSLSocketFactory consumed:3
W/ResourceType( 3084): Skipping entry 0x7f02003a in package table 0 because it is not complex!
I/ActivityManager( 3084): Displayed com.tencent.androidqqmail/com.tencent.qqmail.fragment.base.MailFragmentActivity: +1s584ms
I/PhoneStatusBar(24221): hw_status_bar_operators = true, setSystemUIVisibily(SHOW_OPERATOR = false)
W/View    (24221): requestLayout() improperly called by com.android.systemui.statusbar.phone.IconMerger{432b7018 V.E..... ......I. 0,0-270,75 #7f0a0067 app:id/notificationIcons} during layout: running second layout pass
E/Thermal-daemon( 2432): [flash_led] temp_new :36  temp_old :35
E/Thermal-daemon( 2432): Report temperature: [flash_led] temp :36  report_threshold:1
E/Thermal-daemon( 2432): [ap] temp_new :38  temp_old :37
E/Thermal-daemon( 2432): Report temperature: [ap] temp :38  report_threshold:1
I/dalvikvm( 3522): Jit: resizing JitTable from 8192 to 16384
W/View    (24221): requestLayout() improperly called by com.android.systemui.statusbar.phone.IconMerger{432b7018 V.E..... ........ 0,0-270,75 #7f0a0067 app:id/notificationIcons} during second layout pass: posting in next frame
W/View    (24221): requestLayout() improperly called by com.android.systemui.statusbar.phone.IconMerger{432b7018 V.E..... ......I. 0,0-270,75 #7f0a0067 app:id/notificationIcons} during layout: running second layout pass
W/View    (24221): requestLayout() improperly called by com.android.systemui.statusbar.phone.IconMerger{432b7018 V.E..... ......I. 0,0-270,75 #7f0a0067 app:id/notificationIcons} during layout: running second layout pass
E/HwSystemManager( 3870): SavingSettingUtil: doRecordsChargeInfo POWER_LEVEL_CONNECTED_USB_SET POWER_CHARGE_TIME =517989284 POWER_LEVEL_LAST_CAPACITY_RM = 2263 chargeType =0
I/K3V3CpuGovernorPolicy( 3522): set scene Hmp policy : 300 , 150
W/View    (24221): requestLayout() improperly called by com.android.systemui.statusbar.phone.IconMerger{432b7018 V.E..... ........ 0,0-270,75 #7f0a0067 app:id/notificationIcons} during second layout pass: posting in next frame
W/View    (24221): requestLayout() improperly called by com.android.systemui.statusbar.phone.IconMerger{432b7018 V.E..... ......I. 0,0-270,75 #7f0a0067 app:id/notificationIcons} during second layout pass: posting in next frame
I/PhoneStatusBar(24221): hw_status_bar_operators = true, setSystemUIVisibily(SHOW_OPERATOR = false)
I/HwOUC   (30111): [main-1]PowerConnectedReceiver receive ACTION_POWER_CONNECTED intent(hwouc/PowerConnectedReceiver.java:24)
I/HwOUC   (30111): [main-1]WifiAutoDownloadManageService onCreate()(hwouc/WifiAutoDownloadManageService.java:36)
I/PhoneStatusBar(24221): hw_status_bar_operators = true, setSystemUIVisibily(SHOW_OPERATOR = false)
E/HwOUC   (30111): [main-1]isMeteredWifi NoSuchMethodException, ex:getHwMeteredHint [class android.content.Context](hwouc/HwOucUtility.java:2556)
E/HwOUC   (30111): java.lang.NoSuchMethodException: getHwMeteredHint [class android.content.Context]
E/HwOUC   (30111): 	at java.lang.Class.getConstructorOrMethod(Class.java:472)
E/HwOUC   (30111): 	at java.lang.Class.getMethod(Class.java:857)
E/HwOUC   (30111): 	at com.huawei.android.hwouc.util.HwOucUtility.getWifiType(HwOucUtility.java:2550)
E/HwOUC   (30111): 	at com.huawei.android.hwouc.biz.impl.service.WifiAutoDownloadManageService.onCreate(WifiAutoDownloadManageService.java:42)
E/HwOUC   (30111): 	at android.app.ActivityThread.handleCreateService(ActivityThread.java:2702)
E/HwOUC   (30111): 	at android.app.ActivityThread.access$2100(ActivityThread.java:139)
E/HwOUC   (30111): 	at android.app.ActivityThread$H.handleMessage(ActivityThread.java:1348)
E/HwOUC   (30111): 	at android.os.Handler.dispatchMessage(Handler.java:102)
E/HwOUC   (30111): 	at android.os.Looper.loop(Looper.java:136)
E/HwOUC   (30111): 	at android.app.ActivityThread.main(ActivityThread.java:5314)
E/HwOUC   (30111): 	at java.lang.reflect.Method.invokeNative(Native Method)
E/HwOUC   (30111): 	at java.lang.reflect.Method.invoke(Method.java:515)
E/HwOUC   (30111): 	at com.android.internal.os.ZygoteInit$MethodAndArgsCaller.run(ZygoteInit.java:864)
E/HwOUC   (30111): 	at com.android.internal.os.ZygoteInit.main(ZygoteInit.java:680)
E/HwOUC   (30111): 	at dalvik.system.NativeStart.main(Native Method)
I/HwSystemManager(12334): SavingSettingUtil:setAlarm and high_level_standard is 10 msg_send_interval is 240 count_frequency is 60 dangerous_level_standard is 25 dangerous_current_level is 30 min_interval_time is 3 average_current_fg is 350 count_frequency_fg is 5 app_show_level is 1
I/HwSystemManager(12334): BootBroadcastReceiver:ACTION_POWER_CONNECTED Received !
I/HwSystemManager(12334): HsmIntentService:destroyed. this:com.huawei.systemmanager.util.content.HsmIntentService_ui@432a9840
W/Tinker.TinkerLoader( 1982): tryLoadPatchFiles:patch dir not exist:/data/data/cn.etouch.ecalendar/tinker
I/MultiDex( 1982): VM with version 1.6.0 does not have multidex support
I/MultiDex( 1982): install
I/MultiDex( 1982): MultiDexExtractor.load(/data/app/cn.etouch.ecalendar-1.apk, false)
I/MultiDex( 1982): loading existing secondary dex files
I/MultiDex( 1982): load found 1 secondary dex files
I/MultiDex( 1982): install done
I/dalvikvm( 1982): Could not find method android.app.AlarmManager.setExactAndAllowWhileIdle, referenced from method cn.etouch.ecalendar.manager.ad.a
W/dalvikvm( 1982): VFY: unable to resolve virtual method 426: Landroid/app/AlarmManager;.setExactAndAllowWhileIdle (IJLandroid/app/PendingIntent;)V
I/Core Utils( 1220): main:com.ticlock.EulaPopupManager - Upgrade - continue
I/dalvikvm( 1220): Could not find method android.view.Display.getState, referenced from method com.analyticsutils.core.util.m.b
W/dalvikvm( 1220): VFY: unable to resolve virtual method 20286: Landroid/view/Display;.getState ()I
I/Process ( 1982): Sending signal. PID: 1982 SIG: 9
I/dalvikvm( 1220): Could not find method android.content.pm.PackageManager.getPackageInstaller, referenced from method com.google.android.gms.common.zze.zzs
W/dalvikvm( 1220): VFY: unable to resolve virtual method 723: Landroid/content/pm/PackageManager;.getPackageInstaller ()Landroid/content/pm/PackageInstaller;
W/GooglePlayServicesUtil( 1220): Google Play Store is missing.
I/dalvikvm( 1220): Could not find method android.app.AlarmManager.setExactAndAllowWhileIdle, referenced from method com.evernote.android.job.v14.a.b
W/dalvikvm( 1220): VFY: unable to resolve virtual method 167: Landroid/app/AlarmManager;.setExactAndAllowWhileIdle (IJLandroid/app/PendingIntent;)V
W/GooglePlayServicesUtil( 1220): Google Play Store is missing.
I/HWSERVICES(14703): hwnative_get_component  comes...
I/StagefrightMediaScannerEx(14703): StagefrightMediaScanner Constructor
I/HWSERVICES(14703): hwnative_get_component_mtpServer  comes...
I/HwMtpServerExJNI(14703): Finish to setup MtpServer
E/HwMtpServerExJNI(14703): void android_mtp_MtpServerEx_add_storage(JNIEnv*, jobject, jobject), line 138: descriptionStr = 
I/HWSERVICES(14703): hwnative_get_component_mtpStorage  comes...
E/HwMtpServerExJNI(14703): void android_mtp_MtpServerEx_add_storage(JNIEnv*, jobject, jobject), line 138: descriptionStr = SD 
I/HWSERVICES(14703): hwnative_get_component_mtpStorage  comes...
W/Settings(12397): Setting adb_enabled has moved from android.provider.Settings.System to android.provider.Settings.Global, returning read-only value.
W/Settings(12397): Setting adb_enabled has moved from android.provider.Settings.System to android.provider.Settings.Global, returning read-only value.
W/Settings(12397): Setting adb_enabled has moved from android.provider.Settings.System to android.provider.Settings.Global, returning read-only value.
I/PhoneStatusBar(24221): hw_status_bar_operators = true, setSystemUIVisibily(SHOW_OPERATOR = false)
W/dalvikvm(13274): method Lhuawei/com/android/internal/app/HwActionBarImpl;.animateToMode incorrectly overrides package-private method with same name in Lcom/android/internal/app/ActionBarImpl;
I/PhoneStatusBar(24221): hw_status_bar_operators = true, setSystemUIVisibily(SHOW_OPERATOR = false)
I/HwLauncher( 3562): Launcher.LauncherProvider  begin check permission at checkPermission 
W/System.err( 3562): java.lang.SecurityException: Permission Denial: reading com.huawei.android.launcher.LauncherProvider from pid=30864, uid=10092 requires com.huawei.android.launcher.permission.WRITE_SETTINGS: uid 10092 does not have com.huawei.android.launcher.permission.WRITE_SETTINGS.
W/System.err( 3562): 	at android.app.ContextImpl.enforce(ContextImpl.java:1775)
W/System.err( 3562): 	at android.app.ContextImpl.enforcePermission(ContextImpl.java:1787)
W/System.err( 3562): 	at android.content.ContextWrapper.enforcePermission(ContextWrapper.java:561)
W/System.err( 3562): 	at com.huawei.android.launcher.LauncherProvider.checkPermission(LauncherProvider.java:560)
W/System.err( 3562): 	at com.huawei.android.launcher.LauncherProvider.call(LauncherProvider.java:575)
W/System.err( 3562): 	at android.content.ContentProvider$Transport.call(ContentProvider.java:325)
W/System.err( 3562): 	at android.content.ContentProviderNative.onTransact(ContentProviderNative.java:284)
W/System.err( 3562): 	at android.os.Binder.execTransact(Binder.java:404)
W/System.err( 3562): 	at dalvik.system.NativeStart.run(Native Method)
E/DatabaseUtils( 3562): Writing exception to parcel
E/DatabaseUtils( 3562): java.lang.SecurityException: Permission Denial: reading com.huawei.android.launcher.LauncherProvider from pid=30864, uid=10092 requires com.huawei.android.launcher.permission.WRITE_SETTINGS: uid 10092 does not have com.huawei.android.launcher.permission.WRITE_SETTINGS.
E/DatabaseUtils( 3562): 	at android.app.ContextImpl.enforce(ContextImpl.java:1775)
E/DatabaseUtils( 3562): 	at android.app.ContextImpl.enforcePermission(ContextImpl.java:1787)
E/DatabaseUtils( 3562): 	at android.content.ContextWrapper.enforcePermission(ContextWrapper.java:561)
E/DatabaseUtils( 3562): 	at com.huawei.android.launcher.LauncherProvider.checkPermission(LauncherProvider.java:560)
E/DatabaseUtils( 3562): 	at com.huawei.android.launcher.LauncherProvider.call(LauncherProvider.java:575)
E/DatabaseUtils( 3562): 	at android.content.ContentProvider$Transport.call(ContentProvider.java:325)
E/DatabaseUtils( 3562): 	at android.content.ContentProviderNative.onTransact(ContentProviderNative.java:284)
E/DatabaseUtils( 3562): 	at android.os.Binder.execTransact(Binder.java:404)
E/DatabaseUtils( 3562): 	at dalvik.system.NativeStart.run(Native Method)
E/UsbSettings(13274): USB Normal Mode
E/UsbSettings(13274): UsbAccessoryMode false
W/dalvikvm(13274): method Lhuawei/com/android/internal/view/menu/HwActionMenuViewEx;.drawDividersHorizontal incorrectly overrides package-private method with same name in Landroid/widget/LinearLayout;
W/dalvikvm(13274): method Lcom/huawei/android/hwcontrol/HwEditor;.isInSelectionActionMode incorrectly overrides package-private method with same name in Landroid/widget/Editor;
E/textview(13274): initAddtionalStyle default
I/ActivityManager( 3084): Displayed com.android.settings/.deviceinfo.UsbSettingsActivity: +766ms (total +1s377ms)
E/textview(13274): initAddtionalStyle default
W/Tinker.TinkerLoader( 2038): tryLoadPatchFiles:patch dir not exist:/data/data/cn.etouch.ecalendar/tinker
I/K3V3CpuGovernorPolicy( 3522): close previously scene Hmp policy : 300 , 150
W/System.err(11962): com.qq.taf.jce.JceDecodeException: require field not exist.
W/System.err(11962): 	at com.qq.taf.jce.JceInputStream.read(JceInputStream.java:274)
W/System.err(11962): 	at com.tencent.assistant.protocol.jce.GetChannelMsgResponse.readFrom(ProGuard:40)
W/System.err(11962): 	at com.tencent.assistant.utils.JceUtils.bytes2JceObj(ProGuard:105)
W/System.err(11962): 	at com.tencent.assistant.db.JceCache.readSingleFromCache(ProGuard:173)
W/System.err(11962): 	at com.tencent.assistant.db.JceCache.readJceFromCache(ProGuard:152)
W/System.err(11962): 	at com.tencent.assistant.manager.c.getChanelMsgResponse(ProGuard:1522)
W/System.err(11962): 	at com.tencent.pangu.module.o.run(ProGuard:1367)
W/System.err(11962): 	at java.util.concurrent.Executors$RunnableAdapter.call(Executors.java:422)
W/System.err(11962): 	at java.util.concurrent.FutureTask.run(FutureTask.java:237)
W/System.err(11962): 	at java.util.concurrent.ScheduledThreadPoolExecutor$ScheduledFutureTask.access$201(ScheduledThreadPoolExecutor.java:152)
W/System.err(11962): 	at java.util.concurrent.ScheduledThreadPoolExecutor$ScheduledFutureTask.run(ScheduledThreadPoolExecutor.java:265)
W/System.err(11962): 	at java.util.concurrent.ThreadPoolExecutor.runWorker(ThreadPoolExecutor.java:1112)
W/System.err(11962): 	at java.util.concurrent.ThreadPoolExecutor$Worker.run(ThreadPoolExecutor.java:587)
W/System.err(11962): 	at java.lang.Thread.run(Thread.java:841)
E/ChannelMsgEngine(11962): processFlag: daemon, [pool-1-temporary-thread-2:47822] o.run(1410): java.lang.NullPointerException
I/MultiDex( 2038): VM with version 1.6.0 does not have multidex support
I/MultiDex( 2038): install
I/MultiDex( 2038): MultiDexExtractor.load(/data/app/cn.etouch.ecalendar-1.apk, false)
I/MultiDex( 2038): loading existing secondary dex files
I/MultiDex( 2038): load found 1 secondary dex files
I/MultiDex( 2038): install done
I/dalvikvm( 2038): Could not find method android.app.AlarmManager.setExactAndAllowWhileIdle, referenced from method cn.etouch.ecalendar.manager.ad.a
W/dalvikvm( 2038): VFY: unable to resolve virtual method 426: Landroid/app/AlarmManager;.setExactAndAllowWhileIdle (IJLandroid/app/PendingIntent;)V
I/Process ( 2038): Sending signal. PID: 2038 SIG: 9
I/StatusBar.KeyButtonView(24221): action=0, flags=0, when=413011898, repeatCount=0, mDownTime=413011898, mCode=4
I/StatusBar.KeyButtonView(24221): action=1, flags=0, when=413011980, repeatCount=0, mDownTime=413011898, mCode=4
I/System.out(30864): [roylkchen] Create proxy class:SSLSocketFactory consumed:5
I/PhoneStatusBar(24221): hw_status_bar_operators = true, setSystemUIVisibily(SHOW_OPERATOR = false)
I/dalvikvm-heap(12612): Grow heap (frag case) to 30.772MB for 408196-byte allocation
I/HwOUC   (30111): [main-1]WifiAutoDownloadManageService ServiceHandler(hwouc/WifiAutoDownloadManageService.java:161)
I/HwOUC   (30111): [main-1]WifiAutoDownloadManageService ServiceHandler stop service(hwouc/WifiAutoDownloadManageService.java:164)
I/HwOUC   (30111): [main-1]WifiAutoDownloadManageService onDestroy()(hwouc/WifiAutoDownloadManageService.java:103)
E/CommandListener( 2418): readDefRoute call readDefRoute
E/SecondaryTablController( 2418): isWifiDefaultRouteExisted /system/bin/ip route
W/Tinker.TinkerLoader( 2074): tryLoadPatchFiles:patch dir not exist:/data/data/cn.etouch.ecalendar/tinker
I/MultiDex( 2074): VM with version 1.6.0 does not have multidex support
I/MultiDex( 2074): install
I/MultiDex( 2074): MultiDexExtractor.load(/data/app/cn.etouch.ecalendar-1.apk, false)
I/MultiDex( 2074): loading existing secondary dex files
I/MultiDex( 2074): load found 1 secondary dex files
I/MultiDex( 2074): install done
I/dalvikvm( 2074): Could not find method android.app.AlarmManager.setExactAndAllowWhileIdle, referenced from method cn.etouch.ecalendar.manager.ad.a
W/dalvikvm( 2074): VFY: unable to resolve virtual method 426: Landroid/app/AlarmManager;.setExactAndAllowWhileIdle (IJLandroid/app/PendingIntent;)V
W/System.err(11962): com.qq.taf.jce.JceDecodeException: require field not exist.
W/System.err(11962): 	at com.qq.taf.jce.JceInputStream.read(JceInputStream.java:274)
W/System.err(11962): 	at com.tencent.assistant.protocol.jce.GetChannelMsgResponse.readFrom(ProGuard:40)
W/System.err(11962): 	at com.tencent.assistant.utils.JceUtils.bytes2JceObj(ProGuard:105)
W/System.err(11962): 	at com.tencent.assistant.db.JceCache.readSingleFromCache(ProGuard:173)
W/System.err(11962): 	at com.tencent.assistant.db.JceCache.readJceFromCache(ProGuard:152)
W/System.err(11962): 	at com.tencent.assistant.manager.c.getChanelMsgResponse(ProGuard:1522)
W/System.err(11962): 	at com.tencent.pangu.module.o.run(ProGuard:1367)
W/System.err(11962): 	at java.util.concurrent.Executors$RunnableAdapter.call(Executors.java:422)
W/System.err(11962): 	at java.util.concurrent.FutureTask.run(FutureTask.java:237)
W/System.err(11962): 	at java.util.concurrent.ScheduledThreadPoolExecutor$ScheduledFutureTask.access$201(ScheduledThreadPoolExecutor.java:152)
W/System.err(11962): 	at java.util.concurrent.ScheduledThreadPoolExecutor$ScheduledFutureTask.run(ScheduledThreadPoolExecutor.java:265)
W/System.err(11962): 	at java.util.concurrent.ThreadPoolExecutor.runWorker(ThreadPoolExecutor.java:1112)
W/System.err(11962): 	at java.util.concurrent.ThreadPoolExecutor$Worker.run(ThreadPoolExecutor.java:587)
W/System.err(11962): 	at java.lang.Thread.run(Thread.java:841)
E/ChannelMsgEngine(11962): processFlag: daemon, [pool-1-temporary-thread-1:47821] o.run(1410): java.lang.NullPointerException
I/Process ( 2074): Sending signal. PID: 2074 SIG: 9
I/StatusBar.KeyButtonView(24221): action=0, flags=0, when=413013776, repeatCount=0, mDownTime=413013776, mCode=4
E/CommandListener( 2418): readDefRoute Rsp ok
I/StatusBar.KeyButtonView(24221): action=1, flags=0, when=413013853, repeatCount=0, mDownTime=413013776, mCode=4
I/PhoneStatusBar(24221): hw_status_bar_operators = true, setSystemUIVisibily(SHOW_OPERATOR = false)
I/HwLauncher( 3562): DynamicIcon onWindowVisibilityChanged 4 - com.android.deskclock
I/HwLauncher( 3562): DynamicIcon onWindowVisibilityChanged 4 - com.huawei.android.totemweather
I/HwLauncher( 3562): Launcher onStart()
I/HwLauncher( 3562): Launcher dynamicIconsRegister
I/HwLauncher( 3562): DynamicUpdater registerReceiver
I/HwLauncher( 3562): DynamicUpdater call updateFolder
I/HwLauncher( 3562): DynamicIcon onResume  isvisible = false   mAttachedToWindow:true    mWindowVisible:falsecom.android.deskclock
I/HwLauncher( 3562): DynamicUpdater registerReceiver
I/HwLauncher( 3562): DynamicUpdater call updateFolder
I/HwLauncher( 3562): DynamicIcon onResume  isvisible = true   mAttachedToWindow:false    mWindowVisible:falsecom.android.calendar
I/HwLauncher( 3562): DynamicUpdater registerReceiver
I/HwLauncher( 3562): DynamicUpdater call updateFolder
I/HwLauncher( 3562): WeatherDynamicUpdaterpositiveUpdate at WeatherDynamicUpdater
I/HwLauncher( 3562): DynamicIcon onResume  isvisible = false   mAttachedToWindow:true    mWindowVisible:falsecom.huawei.android.totemweather
I/HwLauncher( 3562): Launcher onResume()
I/HwLauncher( 3562): Launcher doResumeWork()
W/MotionDetectionManager( 3562): startMotionAppsReco motionApps: 402 disabled
W/HwLauncher( 3562): Launcher.MotionManager failed to start TYPE_SHAKE_CHANGE_WALLPAPER
I/HwLauncher( 3562): Launcher.MotionManager startShakeMotion mIsShakeInHome=true
I/StatusBar.KeyButtonView(24221): action=0, flags=0, when=413013980, repeatCount=0, mDownTime=413013980, mCode=4
I/InputDispatcher( 3084): maybe input dispatch timeout, send to pg
W/MotionDetectionManager( 3562): startMotionAppsReco motionApps: 404 disabled
W/HwLauncher( 3562): Launcher.MotionManager failed to start TYPE_SHAKE_START_PRIVACY
I/HwLauncher( 3562): Launcher changeNaviBarStatus
W/HwLauncher( 3562): Launcher  updateMarginLayoutParamsForView:the target view is null.
I/HwLauncher( 3562): Launcher  onResume mIsToUninstallApp = false
I/HwLauncher( 3562): DynamicIcon onVisibilityChanged 0 - com.android.deskclock
I/HwLauncher( 3562): DynamicIcon onVisibilityChanged 0 - com.huawei.android.totemweather
I/HwLauncher( 3562): DynamicIcon onWindowVisibilityChanged 0 - com.android.deskclock
I/HwLauncher( 3562): DynamicIcon onWindowVisibilityChanged 0 - com.huawei.android.totemweather
I/PhoneStatusBar(24221): hw_status_bar_operators = true, setSystemUIVisibily(SHOW_OPERATOR = false)
I/HwLauncher( 3562): WeatherDynamicUpdaterreceive action = com.huawei.android.action.launcher_weather_icon_change
I/HwLauncher( 3562): WeatherDynamicUpdaterreceiver data is int[] = [0, 0, 52, 0, 96, 0, 140, 0]
I/HwLauncher( 3562):  stringArray[] [sunny, num3, num4, tempc]
I/StatusBar.KeyButtonView(24221): action=1, flags=0, when=413014048, repeatCount=0, mDownTime=413013980, mCode=4
I/PhoneStatusBar(24221): hw_status_bar_operators = true, setSystemUIVisibily(SHOW_OPERATOR = false)
I/StatusBar.KeyButtonView(24221): action=0, flags=0, when=413014172, repeatCount=0, mDownTime=413014172, mCode=4
I/HwLauncher( 3562): Launcher.LauncherProvider  begin check permission at checkPermission 
W/System.err( 3562): java.lang.SecurityException: Permission Denial: reading com.huawei.android.launcher.LauncherProvider from pid=30864, uid=10092 requires com.huawei.android.launcher.permission.WRITE_SETTINGS: uid 10092 does not have com.huawei.android.launcher.permission.WRITE_SETTINGS.
W/System.err( 3562): 	at android.app.ContextImpl.enforce(ContextImpl.java:1775)
W/System.err( 3562): 	at android.app.ContextImpl.enforcePermission(ContextImpl.java:1787)
W/System.err( 3562): 	at android.content.ContextWrapper.enforcePermission(ContextWrapper.java:561)
W/System.err( 3562): 	at com.huawei.android.launcher.LauncherProvider.checkPermission(LauncherProvider.java:560)
W/System.err( 3562): 	at com.huawei.android.launcher.LauncherProvider.call(LauncherProvider.java:575)
W/System.err( 3562): 	at android.content.ContentProvider$Transport.call(ContentProvider.java:325)
W/System.err( 3562): 	at android.content.ContentProviderNative.onTransact(ContentProviderNative.java:284)
W/System.err( 3562): 	at android.os.Binder.execTransact(Binder.java:404)
W/System.err( 3562): 	at dalvik.system.NativeStart.run(Native Method)
E/DatabaseUtils( 3562): Writing exception to parcel
E/DatabaseUtils( 3562): java.lang.SecurityException: Permission Denial: reading com.huawei.android.launcher.LauncherProvider from pid=30864, uid=10092 requires com.huawei.android.launcher.permission.WRITE_SETTINGS: uid 10092 does not have com.huawei.android.launcher.permission.WRITE_SETTINGS.
E/DatabaseUtils( 3562): 	at android.app.ContextImpl.enforce(ContextImpl.java:1775)
E/DatabaseUtils( 3562): 	at android.app.ContextImpl.enforcePermission(ContextImpl.java:1787)
E/DatabaseUtils( 3562): 	at android.content.ContextWrapper.enforcePermission(ContextWrapper.java:561)
E/DatabaseUtils( 3562): 	at com.huawei.android.launcher.LauncherProvider.checkPermission(LauncherProvider.java:560)
E/DatabaseUtils( 3562): 	at com.huawei.android.launcher.LauncherProvider.call(LauncherProvider.java:575)
E/DatabaseUtils( 3562): 	at android.content.ContentProvider$Transport.call(ContentProvider.java:325)
E/DatabaseUtils( 3562): 	at android.content.ContentProviderNative.onTransact(ContentProviderNative.java:284)
E/DatabaseUtils( 3562): 	at android.os.Binder.execTransact(Binder.java:404)
E/DatabaseUtils( 3562): 	at dalvik.system.NativeStart.run(Native Method)
I/StatusBar.KeyButtonView(24221): action=1, flags=0, when=413014248, repeatCount=0, mDownTime=413014172, mCode=4
I/HwLauncher( 3562): Launcher onBackPressed zoomEnable=true
W/System.err(11962): com.qq.taf.jce.JceDecodeException: require field not exist.
W/System.err(11962): 	at com.qq.taf.jce.JceInputStream.read(JceInputStream.java:274)
W/System.err(11962): 	at com.tencent.assistant.protocol.jce.GetChannelMsgResponse.readFrom(ProGuard:40)
W/System.err(11962): 	at com.tencent.assistant.utils.JceUtils.bytes2JceObj(ProGuard:105)
W/System.err(11962): 	at com.tencent.assistant.db.JceCache.readSingleFromCache(ProGuard:173)
W/System.err(11962): 	at com.tencent.assistant.db.JceCache.readJceFromCache(ProGuard:152)
W/System.err(11962): 	at com.tencent.assistant.manager.c.getChanelMsgResponse(ProGuard:1522)
W/System.err(11962): 	at com.tencent.pangu.module.o.run(ProGuard:1367)
W/System.err(11962): 	at java.util.concurrent.Executors$RunnableAdapter.call(Executors.java:422)
W/System.err(11962): 	at java.util.concurrent.FutureTask.run(FutureTask.java:237)
W/System.err(11962): 	at java.util.concurrent.ScheduledThreadPoolExecutor$ScheduledFutureTask.access$201(ScheduledThreadPoolExecutor.java:152)
W/System.err(11962): 	at java.util.concurrent.ScheduledThreadPoolExecutor$ScheduledFutureTask.run(ScheduledThreadPoolExecutor.java:265)
W/System.err(11962): 	at java.util.concurrent.ThreadPoolExecutor.runWorker(ThreadPoolExecutor.java:1112)
W/System.err(11962): 	at java.util.concurrent.ThreadPoolExecutor$Worker.run(ThreadPoolExecutor.java:587)
W/System.err(11962): 	at java.lang.Thread.run(Thread.java:841)
E/ChannelMsgEngine(11962): processFlag: daemon, [pool-1-temporary-thread-6:47833] o.run(1410): java.lang.NullPointerException
W/View    (24221): requestLayout() improperly called by com.android.systemui.statusbar.phone.IconMerger{432b7018 V.E..... ......ID 0,0-270,75 #7f0a0067 app:id/notificationIcons} during layout: running second layout pass
W/View    (24221): requestLayout() improperly called by com.android.systemui.statusbar.phone.IconMerger{432b7018 V.E..... ........ 0,0-270,75 #7f0a0067 app:id/notificationIcons} during second layout pass: posting in next frame
E/Thermal-daemon( 2432): [ap] temp_new :39  temp_old :38
E/Thermal-daemon( 2432): Report temperature: [ap] temp :39  report_threshold:1
I/HwLauncher( 3562): Model  onReceive intent=Intent { act=android.intent.action.PACKAGE_CHANGED dat=package:com.tencent.androidqqmail flg=0x4000010 (has extras) }
I/HwSystemManager( 3870): HsmPackageManager:Receive intent:Intent { act=android.intent.action.PACKAGE_CHANGED dat=package:com.tencent.androidqqmail flg=0x4000010 (has extras) }
I/HwLauncher( 3562): Model isStk =false replacing = false package = com.tencent.androidqqmail
I/HwSystemManager( 3870): HsmPackageManager:replacing:false
I/HwSystemManager( 3870): HsmPackageManager:pkgName:com.tencent.androidqqmail
I/HwLauncher( 3562): MutilSelectedIconsonPreHandleUpdatedTask : mIsInMutilSelectMode = false task = 2 packages = [com.tencent.androidqqmail]
I/HwLauncher( 3562): Model mAllAppsList.updatePackage com.tencent.androidqqmail
I/HwLauncher( 3562): SimpleLauncherModeaction= android.intent.action.PACKAGE_CHANGEDpackageName = com.tencent.androidqqmail
I/HwLauncher( 3562): AllIdleAppsList  updatePackage : package[com.tencent.androidqqmail] matched activity's size is 1 and data List size is 75
I/HwSystemManager( 3870): HsmPackageManager:doAppChanged, put com.tencent.androidqqmail, path:/data/app
I/HwSystemManager(12334): HsmPackageManager:Receive intent:Intent { act=android.intent.action.PACKAGE_CHANGED dat=package:com.tencent.androidqqmail flg=0x4000010 (has extras) }
I/HwSystemManager(12334): HsmPackageManager:replacing:false
I/InputReader( 3084): Reconfiguring input devices.  changes=0x00000010
I/HwSystemManager(12334): HsmPackageManager:pkgName:com.tencent.androidqqmail
I/HwSystemManager(12334): HsmPackageManager:doAppChanged, put com.tencent.androidqqmail, path:/data/app
I/HwLauncher( 3562): Launcher.IconCache, cacheLocked begin Utilities.createIconBitmap entry.title = QQ
I/HwLauncher( 3562): Launcher.IconCache, getDrawableForDensity begin, iconId = 2131231097
E/hisync  (18848): HWFLOW Exception: 
E/hisync  (18848): java.lang.NoSuchFieldException: HWINFO
E/hisync  (18848): 	at java.lang.Class.getField(Class.java:724)
E/hisync  (18848): 	at com.huawei.android.util.e.<clinit>(Unknown Source)
E/hisync  (18848): 	at com.huawei.android.hicloud.provider.HicloudLoginProvider.query(Unknown Source)
E/hisync  (18848): 	at android.content.ContentProvider.query(ContentProvider.java:857)
E/hisync  (18848): 	at android.content.ContentProvider$Transport.query(ContentProvider.java:200)
E/hisync  (18848): 	at android.content.ContentProviderNative.onTransact(ContentProviderNative.java:112)
E/hisync  (18848): 	at android.os.Binder.execTransact(Binder.java:404)
E/hisync  (18848): 	at dalvik.system.NativeStart.run(Native Method)
I/HwLauncher( 3562): Launcher.IconCache, getDrawableForDensity end,iconId = 2131231097
I/HwLauncher( 3562): Launcher.Utilities createIconBitmap sourceWidth = 180sourceHeight = 180
I/HwLauncher( 3562): Launcher.IconCache, cacheLocked end Utilities.createIconBitmap entry.title = QQ
I/HwLauncher( 3562): Model shortcutInfo.title = QQ
I/HwLauncher( 3562): SimpleLauncherModemAllAppsList.updatePackage com.tencent.androidqqmail
I/HwLauncher( 3562): SimpleAllAppsList  updatePackage : package[com.tencent.androidqqmail] matched activity's size is 1 and data List size is 7
I/HwLauncher( 3562): SimpleAllAppsList  updatePackage do not add new SimpleApplicationInfo,It's in normal now. package = com.tencent.androidqqmail
W/HwLauncher( 3562): SimpleLauncherModeNobody to tell about the new app.  Launcher is probably loading.
I/HwLauncher( 3562): Workspace updateShortcuts apps.size() 1
I/HwLauncher( 3562): Launcher.Folder childCount: 9
I/HwLauncher( 3562): Launcher.Folder childCount: 8
I/HwLauncher( 3562): Launcher.Folder childCount: 2
I/HwLauncher( 3562): Launcher.Folder childCount: 7
I/HwLauncher( 3562): Workspace updateShortcuts shortcutInfo = QQ
I/YhdsEngine(12334): [EngineIntentService] Received: com.dianxinos.optimizer.engine.action.PKG_CHANGE
I/HwSystemManager(12334): DX-Optimizer:[PackageChangeReceiver] Received: android.intent.action.PACKAGE_CHANGED, data: package:com.tencent.androidqqmail, replacing: false
I/AccountTypeManager( 2446): Adding account type = com.android.contacts.model.account.ExternalAccountType@43e23f38 in the cache
W/ResourceType( 2446): getEntry failing because entryIndex 1164 is beyond type entryCount 1010
W/ResourceType( 2446): Failure getting entry for 0x7f02048c (t=1 e=1164) in package 0 (error -2147483647)
I/AccountTypeManager( 2446): Adding account type = com.android.contacts.model.account.ExternalAccountType@43e21c78 in the cache
I/AccountTypeManager( 2446): Adding account type = com.android.contacts.model.account.ExchangeAccountType@439708a8 in the cache
I/SimFactoryManager( 2446): Get SIM state from SIM factory manager: 5,For slotId:1
I/HwSystemManager(12334): DX-Optimizer:[CommonIntentService] Received: com.dianxinos.optimizer.action.PKG_CHANGE
I/AccountTypeManager( 2446): Adding account type = com.android.contacts.hap.sim.advanced.AdvancedSimAccountType@43354000 in the cache
I/AccountTypeManager( 2446): Adding account type = com.android.contacts.model.account.ExternalAccountType@43e01280 in the cache
I/SimFactoryManager( 2446): Get SIM state from SIM factory manager: 5,For slotId:0
I/AccountTypeManager( 2446): Adding account type = com.android.contacts.hap.sim.advanced.AdvancedSimAccountType@43369d30 in the cache
I/AccountTypeManager( 2446): Adding account type = com.android.contacts.model.account.ExternalAccountType@43d4fa68 in the cache
I/AccountTypeManager( 2446): Loaded meta-data for 7 account types, 5 accounts in 275ms(wall) 81ms(cpu)
I/dalvikvm-heap(12397): Grow heap (frag case) to 29.366MB for 147472-byte allocation
I/dalvikvm-heap(12397): Grow heap (frag case) to 29.472MB for 129616-byte allocation
W/Searchables( 3084): No global search activity found
I/dalvikvm-heap(12397): Grow heap (frag case) to 29.579MB for 129616-byte allocation
W/View    (24221): requestLayout() improperly called by com.android.systemui.statusbar.phone.IconMerger{432b7018 V.E..... ......I. 0,0-270,75 #7f0a0067 app:id/notificationIcons} during layout: running second layout pass
I/dalvikvm-heap(12397): Grow heap (frag case) to 29.703MB for 129616-byte allocation
I/dalvikvm-heap(12397): Grow heap (frag case) to 29.826MB for 129616-byte allocation
W/View    (24221): requestLayout() improperly called by com.android.systemui.statusbar.phone.IconMerger{432b7018 V.E..... ......I. 0,0-270,75 #7f0a0067 app:id/notificationIcons} during layout: running second layout pass
W/View    (24221): requestLayout() improperly called by com.android.systemui.statusbar.phone.IconMerger{432b7018 V.E..... ........ 0,0-270,75 #7f0a0067 app:id/notificationIcons} during second layout pass: posting in next frame
W/View    (24221): requestLayout() improperly called by com.android.systemui.statusbar.phone.IconMerger{432b7018 V.E..... ......I. 0,0-270,75 #7f0a0067 app:id/notificationIcons} during second layout pass: posting in next frame
I/HwLauncher( 3562): ClockDynamicUpdater date changed!!!!!!
I/HwLauncher( 3562): DynamicIconData , getDrawableForDynamic begin, pkg = com.android.deskclock, picName = deskclock_bg
I/HwLauncher( 3562): DynamicIconData , getDrawableForDynamic end, pkg = com.android.deskclock, picName = deskclock_bg
I/HwLauncher( 3562): DynamicIconData , getDrawableForDynamic begin, pkg = com.android.deskclock, picName = deskclock_bg
I/HwLauncher( 3562): DynamicIconData , getDrawableForDynamic end, pkg = com.android.deskclock, picName = deskclock_bg
I/HwLauncher( 3562): Launcher.Utilities createIconBitmap sourceWidth = 180sourceHeight = 180
I/HwLauncher( 3562): ClockDynamicUpdater calender update folder at CalenderDynamicUpdater
I/HwLauncher( 3562): DynamicUpdater call updateFolder
I/HwLauncher( 3562): ClockDynamicUpdater Calender update and call updateFolder
I/HwLauncher( 3562): CalenderDynamicUpdater date changed!!!!!!
I/HwLauncher( 3562): CalenderDynamicUpdater Calender update and call updateFolder
I/wpa_supplicant(27084): wlan0: HEART-BEAT-ACK: 4013
W/View    (24221): requestLayout() improperly called by com.android.systemui.statusbar.phone.IconMerger{432b7018 V.E..... ......I. 0,0-270,75 #7f0a0067 app:id/notificationIcons} during layout: running second layout pass
W/View    (24221): requestLayout() improperly called by com.android.systemui.statusbar.phone.IconMerger{432b7018 V.E..... ......I. 0,0-270,75 #7f0a0067 app:id/notificationIcons} during layout: running second layout pass
W/View    (24221): requestLayout() improperly called by com.android.systemui.statusbar.phone.IconMerger{432b7018 V.E..... ........ 0,0-270,75 #7f0a0067 app:id/notificationIcons} during second layout pass: posting in next frame
W/View    (24221): requestLayout() improperly called by com.android.systemui.statusbar.phone.IconMerger{432b7018 V.E..... ......I. 0,0-270,75 #7f0a0067 app:id/notificationIcons} during second layout pass: posting in next frame
W/InstanceID/Rpc( 1710): Backoff due to AUTHENTICATION_FAILED for 2876
I/ActivityManager( 3084): pkg:[cn.etouch.ecalendar:pushservice] pid:[0]  maybe timeout , send to PG
W/GooglePlayServicesUtil( 1220): Google Play Store is missing.
W/GooglePlayServicesUtil( 1220): Google Play Store is missing.
W/GooglePlayServicesUtil( 1220): Google Play Store is missing.
W/GooglePlayServicesUtil( 1220): Google Play Store is missing.
W/GooglePlayServicesUtil( 1220): Google Play Store is missing.
W/GooglePlayServicesUtil( 1220): Google Play Store is missing.
W/GooglePlayServicesUtil( 1220): Google Play Store is missing.
W/GooglePlayServicesUtil( 1220): Google Play Store is missing.
I/HwLauncher( 3562): Launcher.LauncherProvider  begin check permission at checkPermission 
W/System.err( 3562): java.lang.SecurityException: Permission Denial: reading com.huawei.android.launcher.LauncherProvider from pid=30864, uid=10092 requires com.huawei.android.launcher.permission.WRITE_SETTINGS: uid 10092 does not have com.huawei.android.launcher.permission.WRITE_SETTINGS.
W/System.err( 3562): 	at android.app.ContextImpl.enforce(ContextImpl.java:1775)
W/System.err( 3562): 	at android.app.ContextImpl.enforcePermission(ContextImpl.java:1787)
W/System.err( 3562): 	at android.content.ContextWrapper.enforcePermission(ContextWrapper.java:561)
W/System.err( 3562): 	at com.huawei.android.launcher.LauncherProvider.checkPermission(LauncherProvider.java:560)
W/System.err( 3562): 	at com.huawei.android.launcher.LauncherProvider.call(LauncherProvider.java:575)
W/System.err( 3562): 	at android.content.ContentProvider$Transport.call(ContentProvider.java:325)
W/System.err( 3562): 	at android.content.ContentProviderNative.onTransact(ContentProviderNative.java:284)
W/System.err( 3562): 	at android.os.Binder.execTransact(Binder.java:404)
W/System.err( 3562): 	at dalvik.system.NativeStart.run(Native Method)
E/DatabaseUtils( 3562): Writing exception to parcel
E/DatabaseUtils( 3562): java.lang.SecurityException: Permission Denial: reading com.huawei.android.launcher.LauncherProvider from pid=30864, uid=10092 requires com.huawei.android.launcher.permission.WRITE_SETTINGS: uid 10092 does not have com.huawei.android.launcher.permission.WRITE_SETTINGS.
E/DatabaseUtils( 3562): 	at android.app.ContextImpl.enforce(ContextImpl.java:1775)
E/DatabaseUtils( 3562): 	at android.app.ContextImpl.enforcePermission(ContextImpl.java:1787)
E/DatabaseUtils( 3562): 	at android.content.ContextWrapper.enforcePermission(ContextWrapper.java:561)
E/DatabaseUtils( 3562): 	at com.huawei.android.launcher.LauncherProvider.checkPermission(LauncherProvider.java:560)
E/DatabaseUtils( 3562): 	at com.huawei.android.launcher.LauncherProvider.call(LauncherProvider.java:575)
E/DatabaseUtils( 3562): 	at android.content.ContentProvider$Transport.call(ContentProvider.java:325)
E/DatabaseUtils( 3562): 	at android.content.ContentProviderNative.onTransact(ContentProviderNative.java:284)
E/DatabaseUtils( 3562): 	at android.os.Binder.execTransact(Binder.java:404)
E/DatabaseUtils( 3562): 	at dalvik.system.NativeStart.run(Native Method)
W/GooglePlayServicesUtil( 1220): Google Play Store is missing.
W/GooglePlayServicesUtil( 1220): Google Play Store is missing.
W/GooglePlayServicesUtil( 1220): Google Play Store is missing.
W/GooglePlayServicesUtil( 1220): Google Play Store is missing.
W/GooglePlayServicesUtil( 1220): Google Play Store is missing.
W/GooglePlayServicesUtil( 1220): Google Play Store is missing.
W/GooglePlayServicesUtil( 1220): Google Play Store is missing.
W/GooglePlayServicesUtil( 1220): Google Play Store is missing.
W/GooglePlayServicesUtil( 1220): Google Play Store is missing.
W/GooglePlayServicesUtil( 1220): Google Play Store is missing.
W/GooglePlayServicesUtil( 1220): Google Play Store is missing.
W/GooglePlayServicesUtil( 1220): Google Play Store is missing.
W/GooglePlayServicesUtil( 1220): Google Play Store is missing.
I/ActivityManager( 3084): pkg:[cn.etouch.ecalendar:pushservice] pid:[0]  maybe timeout , send to PG
W/GooglePlayServicesUtil( 1220): Google Play Store is missing.
W/GooglePlayServicesUtil( 1220): Google Play Store is missing.
W/GooglePlayServicesUtil( 1220): Google Play Store is missing.
W/GooglePlayServicesUtil( 1220): Google Play Store is missing.
W/GooglePlayServicesUtil( 1220): Google Play Store is missing.
W/GooglePlayServicesUtil( 1220): Google Play Store is missing.
W/GooglePlayServicesUtil( 1220): Google Play Store is missing.
W/GooglePlayServicesUtil( 1220): Google Play Store is missing.
W/GooglePlayServicesUtil( 1220): Google Play Store is missing.
W/GooglePlayServicesUtil( 1220): Google Play Store is missing.
W/GooglePlayServicesUtil( 1220): Google Play Store is missing.
E/Thermal-daemon( 2432): [pa_0] temp_new :37  temp_old :36
E/Thermal-daemon( 2432): Report temperature: [pa_0] temp :37  report_threshold:1
E/Thermal-daemon( 2432): [charger] temp_new :37  temp_old :36
E/Thermal-daemon( 2432): Report temperature: [charger] temp :37  report_threshold:1
W/GooglePlayServicesUtil( 1220): Google Play Store is missing.
W/GooglePlayServicesUtil( 1220): Google Play Store is missing.
W/GooglePlayServicesUtil( 1220): Google Play Store is missing.
W/GooglePlayServicesUtil( 1220): Google Play Store is missing.
W/GooglePlayServicesUtil( 1220): Google Play Store is missing.
W/GooglePlayServicesUtil( 1220): Google Play Store is missing.
W/GooglePlayServicesUtil( 1220): Google Play Store is missing.
W/GooglePlayServicesUtil( 1220): Google Play Store is missing.
W/GooglePlayServicesUtil( 1220): Google Play Store is missing.
W/GooglePlayServicesUtil( 1220): Google Play Store is missing.
W/GooglePlayServicesUtil( 1220): Google Play Store is missing.
W/GooglePlayServicesUtil( 1220): Google Play Store is missing.
W/GooglePlayServicesUtil(31775): Cannot find Google Play services package name.
W/GooglePlayServicesUtil(31775): android.content.pm.PackageManager$NameNotFoundException: com.google.android.gms
W/GooglePlayServicesUtil(31775): 	at android.app.ApplicationPackageManager.getPackageInfo(ApplicationPackageManager.java:84)
W/GooglePlayServicesUtil(31775): 	at com.google.android.gms.t.PNP.D(Unknown Source)
W/GooglePlayServicesUtil(31775): 	at com.google.android.gms.common.L.y(Unknown Source)
W/GooglePlayServicesUtil(31775): 	at com.google.android.gms.common.C.M(Unknown Source)
W/GooglePlayServicesUtil(31775): 	at com.google.android.apps.chrome.externalauth.ExternalAuthUtilsInternal.checkIsPackageGoogleSigned$5166KOBMC4NMOOBECSNL6T3ID5N6EEQCC5N68SJFD5I2UORFDPQ6ARJK5TO6QBQGC5HMMOB7CL6M2RJ1CTIN4EQCCDNMQBR7DTNMER355TGMSP3IDTKM8BR7DLPIUORFDLMMURHF8TNMUPRCCL9MIPREC5Q7ASJ5APIN4QB6D5IN4EP9B8______(ExternalAuthUtilsInternal.java:72)
W/GooglePlayServicesUtil(31775): 	at com.google.android.apps.chrome.externalauth.ExternalAuthUtilsInternal.isGoogleSignedInternal(ExternalAuthUtilsInternal.java:55)
W/GooglePlayServicesUtil(31775): 	at com.google.android.apps.chrome.externalauth.ExternalAuthUtilsInternal.isGoogleSigned$51662RJ4E9NMIP1FCDNMST35DPQ2UGRFDPQ6AU3K7D66KOBMC4NMOOBECSNL6T3ID5N6EEP9B8______(ExternalAuthUtilsInternal.java:45)
W/GooglePlayServicesUtil(31775): 	at org.chromium.chrome.browser.externalauth.ExternalAuthUtils.isCallerValid(ExternalAuthUtils.java:134)
W/GooglePlayServicesUtil(31775): 	at org.chromium.chrome.browser.externalauth.ExternalAuthUtils.isCallerValid(ExternalAuthUtils.java:165)
W/GooglePlayServicesUtil(31775): 	at org.chromium.chrome.browser.provider.ChromeBrowserProvider.hasPermission(ChromeBrowserProvider.java:1194)
W/GooglePlayServicesUtil(31775): 	at org.chromium.chrome.browser.provider.ChromeBrowserProvider.query(ChromeBrowserProvider.java:1653)
W/GooglePlayServicesUtil(31775): 	at android.content.ContentProvider.query(ContentProvider.java:857)
W/GooglePlayServicesUtil(31775): 	at android.content.ContentProvider$Transport.query(ContentProvider.java:200)
W/GooglePlayServicesUtil(31775): 	at android.content.ContentProviderNative.onTransact(ContentProviderNative.java:112)
W/GooglePlayServicesUtil(31775): 	at android.os.Binder.execTransact(Binder.java:404)
W/GooglePlayServicesUtil(31775): 	at dalvik.system.NativeStart.run(Native Method)
W/DynamiteModule(31775): Local module descriptor class for com.google.android.gms.googlecertificates not found.
W/GooglePlayServicesUtil(31775): Google Play Store is missing.
I/DynamiteModule(31775): Considering local module com.google.android.gms.googlecertificates:0 and remote module com.google.android.gms.googlecertificates:0
E/GoogleCertificates(31775): Failed to load com.google.android.gms.googlecertificates: No acceptable module found. Local version is 0 and remote version is 0.
W/DynamiteModule(31775): Local module descriptor class for com.google.android.gms.googlecertificates not found.
W/GooglePlayServicesUtil(31775): Google Play Store is missing.
I/DynamiteModule(31775): Considering local module com.google.android.gms.googlecertificates:0 and remote module com.google.android.gms.googlecertificates:0
E/GoogleCertificates(31775): Failed to load com.google.android.gms.googlecertificates: No acceptable module found. Local version is 0 and remote version is 0.
W/DynamiteModule(31775): Local module descriptor class for com.google.android.gms.googlecertificates not found.
W/GooglePlayServicesUtil(31775): Google Play Store is missing.
I/DynamiteModule(31775): Considering local module com.google.android.gms.googlecertificates:0 and remote module com.google.android.gms.googlecertificates:0
E/GoogleCertificates(31775): Failed to load com.google.android.gms.googlecertificates: No acceptable module found. Local version is 0 and remote version is 0.
W/DynamiteModule(31775): Local module descriptor class for com.google.android.gms.googlecertificates not found.
W/GooglePlayServicesUtil(31775): Google Play Store is missing.
I/DynamiteModule(31775): Considering local module com.google.android.gms.googlecertificates:0 and remote module com.google.android.gms.googlecertificates:0
E/GoogleCertificates(31775): Failed to load com.google.android.gms.googlecertificates: No acceptable module found. Local version is 0 and remote version is 0.
I/ActivityManager( 3084): pkg:[cn.etouch.ecalendar:pushservice] pid:[0]  maybe timeout , send to PG
E/chromium(31775): [ERROR:android_provider_backend.cc(860)] Can not find favicon's page url
E/chromium(31775): [ERROR:android_provider_backend.cc(860)] Can not find favicon's page url
E/chromium(31775): [ERROR:android_provider_backend.cc(860)] Can not find favicon's page url
E/chromium(31775): [ERROR:android_provider_backend.cc(860)] Can not find favicon's page url
W/GooglePlayServicesUtil( 1220): Google Play Store is missing.
W/GooglePlayServicesUtil( 1220): Google Play Store is missing.
E/chromium(31775): [ERROR:android_provider_backend.cc(860)] Can not find favicon's page url
E/chromium(31775): [ERROR:android_provider_backend.cc(860)] Can not find favicon's page url
E/chromium(31775): [ERROR:android_provider_backend.cc(860)] Can not find favicon's page url
E/chromium(31775): [ERROR:android_provider_backend.cc(860)] Can not find favicon's page url
I/dalvikvm-heap( 1220): Grow heap (frag case) to 30.407MB for 58150-byte allocation
I/dalvikvm-heap( 1220): Grow heap (frag case) to 30.423MB for 58150-byte allocation
I/dalvikvm-heap( 1220): Grow heap (frag case) to 30.449MB for 79384-byte allocation
W/View    (24221): requestLayout() improperly called by com.android.systemui.statusbar.phone.IconMerger{432b7018 V.E..... ......I. 0,0-270,75 #7f0a0067 app:id/notificationIcons} during layout: running second layout pass
I/dalvikvm-heap( 1220): Grow heap (frag case) to 30.505MB for 56822-byte allocation
I/dalvikvm-heap( 1220): Grow heap (frag case) to 30.542MB for 79394-byte allocation
W/GooglePlayServicesUtil( 1220): Google Play Store is missing.
W/GooglePlayServicesUtil( 1220): Google Play Store is missing.
E/android_hardware_fm.cpp( 2180): register_android_hardware_fm_fmradio
E/FM_HAL  ( 2180): [FM_HAL], fm_dynamic_lib is libbcmfm_if
E/FM_HAL  ( 2180): [FM_HAL], libname is libbcmfm_if
E/fm_if.c ( 2180): find the id:libbcmfm_if and begins to open the devices
E/android_hardware_fm.cpp( 2180): register_android_hardware_fm_fmradio, ret is 0
E/        ( 2180): ProtocolErrorLog wangkang test!!
E/android_hardware_fm.cpp( 2179): register_android_hardware_fm_fmradio
E/FM_HAL  ( 2179): [FM_HAL], fm_dynamic_lib is libbcmfm_if
E/FM_HAL  ( 2179): [FM_HAL], libname is libbcmfm_if
