E/fm_if.c ( 2179): find the id:libbcmfm_if and begins to open the devices
E/android_hardware_fm.cpp( 2179): register_android_hardware_fm_fmradio, ret is 0
E/        ( 2179): ProtocolErrorLog wangkang test!!
W/View    (24221): requestLayout() improperly called by com.android.systemui.statusbar.phone.IconMerger{432b7018 V.E..... ......I. 0,0-270,75 #7f0a0067 app:id/notificationIcons} during layout: running second layout pass
W/View    (24221): requestLayout() improperly called by com.android.systemui.statusbar.phone.IconMerger{432b7018 V.E..... ........ 0,0-270,75 #7f0a0067 app:id/notificationIcons} during second layout pass: posting in next frame
W/View    (24221): requestLayout() improperly called by com.android.systemui.statusbar.phone.IconMerger{432b7018 V.E..... ......I. 0,0-270,75 #7f0a0067 app:id/notificationIcons} during second layout pass: posting in next frame
E/android_hardware_fm.cpp( 2207): register_android_hardware_fm_fmradio
E/FM_HAL  ( 2207): [FM_HAL], fm_dynamic_lib is libbcmfm_if
E/FM_HAL  ( 2207): [FM_HAL], libname is libbcmfm_if
E/fm_if.c ( 2207): find the id:libbcmfm_if and begins to open the devices
E/android_hardware_fm.cpp( 2207): register_android_hardware_fm_fmradio, ret is 0
E/        ( 2207): ProtocolErrorLog wangkang test!!
I/K3V3CpuGovernorPolicy( 3522): set scene Hmp policy : 300 , 150
I/HwLauncher( 3562): Launcher onPause()
W/HwLauncher( 3562): Launcher.MotionManager failed to stop TYPE_SHAKE_CHANGE_WALLPAPER
W/HwLauncher( 3562): Launcher.MotionManager failed to stop TYPE_SHAKE_START_PRIVACY
I/dalvikvm( 1710): Could not find method android.view.Window.setStatusBarColor, referenced from method com.baiji.jianshu.base.d.onCreate
W/dalvikvm( 1710): VFY: unable to resolve virtual method 13795: Landroid/view/Window;.setStatusBarColor (I)V
W/dalvikvm( 1710): VFY: unable to find class referenced in signature (Landroid/os/PersistableBundle;)
I/dalvikvm( 1710): Could not find method android.view.Window.setStatusBarColor, referenced from method com.baiji.jianshu.base.d.setupMainActivityStatusBar
W/dalvikvm( 1710): VFY: unable to resolve virtual method 13795: Landroid/view/Window;.setStatusBarColor (I)V
I/dalvikvm( 1710): Could not find method android.view.Window.setStatusBarColor, referenced from method com.baiji.jianshu.base.d.setupMainActivityStatusBar
W/dalvikvm( 1710): VFY: unable to resolve virtual method 13795: Landroid/view/Window;.setStatusBarColor (I)V
I/dalvikvm( 1710): Could not find method android.view.Window.setStatusBarColor, referenced from method com.baiji.jianshu.base.d.setupMainActivityStatusBar
W/dalvikvm( 1710): VFY: unable to resolve virtual method 13795: Landroid/view/Window;.setStatusBarColor (I)V
I/dalvikvm( 1710): Could not find method android.view.Window.setStatusBarColor, referenced from method com.baiji.jianshu.base.d.setupMainActivityStatusBar
W/dalvikvm( 1710): VFY: unable to resolve virtual method 13795: Landroid/view/Window;.setStatusBarColor (I)V
E/JTIME   ( 1710): main|39690|splash_onCreate
I/dalvikvm-heap( 1710): Grow heap (frag case) to 36.864MB for 8294416-byte allocation
E/JTIME   ( 1710): 1710|main|39873|splash_onCreate|END. Cost 183
I/HwSystemManager( 3870): HoldService:preHoldShow start!
I/HwSystemManager( 3870): HoldService:The prePermissionType is: 1
I/PushLog ( 1710): [main-1]framework push exist, use framework push first(/null:-1)
W/PushLog2551( 8362): [main-1]no macAddress in device_info(android/CommFun.java:1209)
I/PhoneStatusBar(24221): hw_status_bar_operators = true, setSystemUIVisibily(SHOW_OPERATOR = false)
I/InputDispatcher( 3084): maybe input dispatch timeout, send to pg
I/dalvikvm( 1710): Total arena pages for JIT: 11
I/dalvikvm( 1710): Total arena pages for JIT: 12
I/dalvikvm( 1710): Total arena pages for JIT: 13
I/dalvikvm( 1710): Total arena pages for JIT: 14
I/dalvikvm( 1710): Total arena pages for JIT: 15
I/dalvikvm( 1710): Total arena pages for JIT: 16
I/dalvikvm( 1710): Total arena pages for JIT: 17
I/dalvikvm( 1710): Total arena pages for JIT: 18
I/dalvikvm( 1710): Total arena pages for JIT: 19
I/PushLog ( 1710): [main-1]push client begin to receive the token(/null:-1)
I/HwSystemManager( 3870): HoldService:preHoldShow start!
I/HwSystemManager( 3870): HoldService:The prePermissionType is: 1
I/HwSystemManager( 3870): HoldService:preHoldShow start!
I/HwSystemManager( 3870): HoldService:The prePermissionType is: 1
I/HwSystemManager( 3870): HoldService:preHoldShow start!
I/HwSystemManager( 3870): HoldService:The prePermissionType is: 1
I/PhoneStatusBar(24221): hw_status_bar_operators = true, setSystemUIVisibily(SHOW_OPERATOR = false)
I/ActivityManager( 3084): Displayed com.jianshu.haruki/com.baiji.jianshu.ui.splash.SplashScreenActivity: +786ms
I/K3V3CpuGovernorPolicy( 3522): close previously scene Hmp policy : 300 , 150
I/HwSystemManager( 3870): HoldService:preHoldShow start!
I/HwSystemManager( 3870): HoldService:The prePermissionType is: 1
I/HwSystemManager( 3870): HoldService:preHoldShow start!
I/HwSystemManager( 3870): HoldService:The prePermissionType is: 1
I/HwSystemManager( 3870): HoldService:preHoldShow start!
I/HwSystemManager( 3870): HoldService:The prePermissionType is: 1
I/HwSystemManager( 3870): HoldService:preHoldShow start!
I/HwSystemManager( 3870): HoldService:The prePermissionType is: 1
I/HwSystemManager( 3870): HoldService:preHoldShow start!
I/HwSystemManager( 3870): HoldService:The prePermissionType is: 1
W/View    (24221): requestLayout() improperly called by com.android.systemui.statusbar.phone.IconMerger{432b7018 V.E..... ......I. 0,0-270,75 #7f0a0067 app:id/notificationIcons} during layout: running second layout pass
W/View    (24221): requestLayout() improperly called by com.android.systemui.statusbar.phone.IconMerger{432b7018 V.E..... ........ 0,0-270,75 #7f0a0067 app:id/notificationIcons} during second layout pass: posting in next frame
W/System.err(11962): com.qq.taf.jce.JceDecodeException: require field not exist.
W/System.err(11962): 	at com.qq.taf.jce.JceInputStream.read(JceInputStream.java:274)
W/System.err(11962): 	at com.tencent.assistant.protocol.jce.GetChannelMsgResponse.readFrom(ProGuard:40)
W/System.err(11962): 	at com.tencent.assistant.utils.JceUtils.bytes2JceObj(ProGuard:105)
W/System.err(11962): 	at com.tencent.assistant.db.JceCache.readSingleFromCache(ProGuard:173)
W/System.err(11962): 	at com.tencent.assistant.db.JceCache.readJceFromCache(ProGuard:152)
W/System.err(11962): 	at com.tencent.assistant.manager.c.getChanelMsgResponse(ProGuard:1522)
W/System.err(11962): 	at com.tencent.pangu.module.o.run(ProGuard:1367)
W/System.err(11962): 	at java.util.concurrent.Executors$RunnableAdapter.call(Executors.java:422)
W/System.err(11962): 	at java.util.concurrent.FutureTask.run(FutureTask.java:237)
W/System.err(11962): 	at java.util.concurrent.ScheduledThreadPoolExecutor$ScheduledFutureTask.access$201(ScheduledThreadPoolExecutor.java:152)
W/System.err(11962): 	at java.util.concurrent.ScheduledThreadPoolExecutor$ScheduledFutureTask.run(ScheduledThreadPoolExecutor.java:265)
W/System.err(11962): 	at java.util.concurrent.ThreadPoolExecutor.runWorker(ThreadPoolExecutor.java:1112)
W/System.err(11962): 	at java.util.concurrent.ThreadPoolExecutor$Worker.run(ThreadPoolExecutor.java:587)
W/System.err(11962): 	at java.lang.Thread.run(Thread.java:841)
E/ChannelMsgEngine(11962): processFlag: daemon, [pool-1-temporary-thread-7:47834] o.run(1410): java.lang.NullPointerException
W/ResourceType( 3084): Skipping entry 0x7f050017 in package table 0 because it is not complex!
W/ResourceType( 3084): Skipping entry 0x7f050016 in package table 0 because it is not complex!
I/ActivityManager( 3084): Displayed com.jianshu.haruki/com.baiji.jianshu.MainActivity: +1s647ms
I/HwLauncher( 3562): DynamicIcon onWindowVisibilityChanged 8 - com.android.deskclock
I/HwLauncher( 3562): DynamicIcon onWindowVisibilityChanged 8 - com.huawei.android.totemweather
I/dalvikvm( 1710): Jit: resizing JitTable from 4096 to 8192
I/Choreographer( 1710): Skipped 52 frames!  The application may be doing too much work on its main thread.
W/GooglePlayServicesUtil( 1220): Google Play Store is missing.
W/GooglePlayServicesUtil( 1220): Google Play Store is missing.
I/HwLauncher( 3562): Launcher onStop()
E/HwLauncher( 3562): Launcher dialog dismiss failed : java.lang.IllegalArgumentException: no dialog with id 1 was ever shown via Activity#showDialog
I/HwLauncher( 3562): Launcher dynamicIconsUnregister
I/HwLauncher( 3562): DynamicUpdater unregisterReceiver
I/HwLauncher( 3562): DynamicIcon onPause  isvisible = true   mAttachedToWindow:true    mWindowVisible:falsecom.android.deskclock
I/HwLauncher( 3562): DynamicUpdater unregisterReceiver
I/HwLauncher( 3562): DynamicIcon onPause  isvisible = true   mAttachedToWindow:false    mWindowVisible:falsecom.android.calendar
I/HwLauncher( 3562): DynamicUpdater unregisterReceiver
I/HwLauncher( 3562): DynamicIcon onPause  isvisible = true   mAttachedToWindow:true    mWindowVisible:falsecom.huawei.android.totemweather
I/HwLauncher( 3562): DynamicIcon onVisibilityChanged 4 - com.android.deskclock
I/HwLauncher( 3562): DynamicIcon onVisibilityChanged 4 - com.huawei.android.totemweather
E/Thermal-daemon( 2432): [ap] temp_new :40  temp_old :39
E/Thermal-daemon( 2432): Report temperature: [ap] temp :40  report_threshold:1
I/InputDispatcher( 3084): maybe input dispatch timeout, send to pg
W/View    ( 1710): requestLayout() improperly called by android.support.v4.view.ViewPager{43deb538 VFED.... ......ID 0,951-1080,951 #7f100284 app:id/viewpager_container} during layout: running second layout pass
I/ActivityManager( 3084): Displayed com.jianshu.haruki/com.baiji.jianshu.ui.user.userinfo.UserCenterActivity: +411ms
I/wpa_supplicant(27084): wlan0: HEART-BEAT-ACK: 4014
I/dalvikvm( 1710): Could not find method android.content.Context.getColorStateList, referenced from method android.support.v7.a.a.b.a
W/dalvikvm( 1710): VFY: unable to resolve virtual method 684: Landroid/content/Context;.getColorStateList (I)Landroid/content/res/ColorStateList;
I/dalvikvm( 1710): Could not find method android.content.res.Resources.getDrawable, referenced from method com.baiji.jianshu.ui.user.userinfo.b.d.a
W/dalvikvm( 1710): VFY: unable to resolve virtual method 903: Landroid/content/res/Resources;.getDrawable (ILandroid/content/res/Resources$Theme;)Landroid/graphics/drawable/Drawable;
I/dalvikvm( 1710): Could not find method android.content.res.Resources.getDrawable, referenced from method com.baiji.jianshu.ui.user.userinfo.b.d.a
W/dalvikvm( 1710): VFY: unable to resolve virtual method 903: Landroid/content/res/Resources;.getDrawable (ILandroid/content/res/Resources$Theme;)Landroid/graphics/drawable/Drawable;
I/Choreographer( 1710): Skipped 67 frames!  The application may be doing too much work on its main thread.
W/ResourceType( 3084): Skipping entry 0x7f050018 in package table 0 because it is not complex!
E/Thermal-daemon( 2432): [flash_led] temp_new :37  temp_old :36
E/Thermal-daemon( 2432): Report temperature: [flash_led] temp :37  report_threshold:1
I/FA      ( 1710): Tag Manager is not found and thus will not be used
I/dalvikvm( 1220): Could not find method android.os.PowerManager.isDeviceIdleMode, referenced from method com.evernote.android.job.a.a.b
W/dalvikvm( 1220): VFY: unable to resolve virtual method 1976: Landroid/os/PowerManager;.isDeviceIdleMode ()Z
I/dalvikvm( 1220): Could not find method android.os.PowerManager.isInteractive, referenced from method com.evernote.android.job.a.a.b
W/dalvikvm( 1220): VFY: unable to resolve virtual method 1977: Landroid/os/PowerManager;.isInteractive ()Z
I/dalvikvm( 1220): Jit: resizing JitTable from 4096 to 8192
W/GooglePlayServicesUtil( 1220): Google Play Store is missing.
W/GooglePlayServicesUtil( 1220): Google Play Store is missing.
W/System.err(12397): java.lang.IllegalArgumentException: Service not registered: com.tencent.assistant.plugin.PluginIPCClient@43452b98
W/System.err(12397): 	at android.app.LoadedApk.forgetServiceDispatcher(LoadedApk.java:992)
W/System.err(12397): 	at android.app.ContextImpl.unbindService(ContextImpl.java:1685)
W/System.err(12397): 	at android.content.ContextWrapper.unbindService(ContextWrapper.java:529)
W/System.err(12397): 	at com.tencent.assistant.sdk.SDKClient.close(ProGuard:57)
W/System.err(12397): 	at com.connector.qq.AppService.AppServiceImpl.s(ProGuard:1344)
W/System.err(12397): 	at com.connector.qq.AppService.AppServiceImpl.r(ProGuard:892)
W/System.err(12397): 	at com.connector.tencent.assistant.ConnectorProxy.AppServiceOnDestroy(ProGuard:332)
W/System.err(12397): 	at java.lang.reflect.Method.invokeNative(Native Method)
W/System.err(12397): 	at java.lang.reflect.Method.invoke(Method.java:515)
W/System.err(12397): 	at com.tencent.connector.a.a(ProGuard:136)
W/System.err(12397): 	at com.tencent.connector.a.g(ProGuard:408)
W/System.err(12397): 	at com.qq.AppService.AppService.onDestroy(ProGuard:37)
W/System.err(12397): 	at android.app.ActivityThread.handleStopService(ActivityThread.java:2952)
W/System.err(12397): 	at android.app.ActivityThread.access$2500(ActivityThread.java:139)
W/System.err(12397): 	at android.app.ActivityThread$H.handleMessage(ActivityThread.java:1388)
W/System.err(12397): 	at android.os.Handler.dispatchMessage(Handler.java:102)
W/System.err(12397): 	at android.os.Looper.loop(Looper.java:136)
W/System.err(12397): 	at android.app.ActivityThread.main(ActivityThread.java:5314)
W/System.err(12397): 	at java.lang.reflect.Method.invokeNative(Native Method)
W/System.err(12397): 	at java.lang.reflect.Method.invoke(Method.java:515)
W/System.err(12397): 	at com.android.internal.os.ZygoteInit$MethodAndArgsCaller.run(ZygoteInit.java:864)
W/System.err(12397): 	at com.android.internal.os.ZygoteInit.main(ZygoteInit.java:680)
W/System.err(12397): 	at dalvik.system.NativeStart.main(Native Method)
W/System.err(12397): java.net.SocketException: Socket closed
W/System.err(12397): 	at libcore.io.Posix.accept(Native Method)
W/System.err(12397): 	at libcore.io.BlockGuardOs.accept(BlockGuardOs.java:55)
W/System.err(12397): 	at java.net.PlainSocketImpl.accept(PlainSocketImpl.java:98)
W/System.err(12397): 	at java.net.ServerSocket.implAccept(ServerSocket.java:203)
W/System.err(12397): 	at java.net.ServerSocket.accept(ServerSocket.java:128)
W/System.err(12397): 	at com.connector.qq.AppService.aq.run(ProGuard:636)
W/System.err(12397): java.net.SocketException: Socket closed
W/System.err(12397): java.net.SocketException: Socket closed
W/System.err(12397): 	at libcore.io.Posix.accept(Native Method)
W/System.err(12397): 	at libcore.io.BlockGuardOs.accept(BlockGuardOs.java:55)
W/System.err(12397): 	at java.net.PlainSocketImpl.accept(PlainSocketImpl.java:98)
W/System.err(12397): 	at java.net.ServerSocket.implAccept(ServerSocket.java:203)
W/System.err(12397): 	at java.net.ServerSocket.accept(ServerSocket.java:128)
W/System.err(12397): 	at 	at com.connector.qq.AppService.ax.run(ProGuard:93)
W/System.err(12397): libcore.io.Posix.accept(Native Method)
W/System.err(12397): 	at libcore.io.BlockGuardOs.accept(BlockGuardOs.java:55)
W/System.err(12397): 	at java.net.PlainSocketImpl.accept(PlainSocketImpl.java:98)
W/System.err(12397): 	at java.net.ServerSocket.implAccept(ServerSocket.java:203)
W/System.err(12397): 	at java.net.ServerSocket.accept(ServerSocket.java:128)
W/System.err(12397): 	at java.net.SocketException: Socket closed
W/System.err(12397): com.connector.qq.AppService.q.run(ProGuard:107)
W/System.err(12397): 	at libcore.io.Posix.accept(Native Method)
W/System.err(12397): 	at libcore.io.BlockGuardOs.accept(BlockGuardOs.java:55)
W/System.err(12397): 	at java.net.PlainSocketImpl.accept(PlainSocketImpl.java:98)
W/System.err(12397): 	at java.net.ServerSocket.implAccept(ServerSocket.java:203)
W/System.err(12397): 	at java.net.ServerSocket.accept(ServerSocket.java:128)
W/System.err(12397): 	at com.connector.qq.AppService.aw.run(ProGuard:145)
W/View    (24221): requestLayout() improperly called by com.android.systemui.statusbar.phone.IconMerger{432b7018 V.E..... ......I. 0,0-270,75 #7f0a0067 app:id/notificationIcons} during layout: running second layout pass
W/View    (24221): requestLayout() improperly called by com.android.systemui.statusbar.phone.IconMerger{432b7018 V.E..... ........ 0,0-270,75 #7f0a0067 app:id/notificationIcons} during second layout pass: posting in next frame
W/View    (24221): requestLayout() improperly called by com.android.systemui.statusbar.phone.IconMerger{432b7018 V.E..... ......I. 0,0-270,75 #7f0a0067 app:id/notificationIcons} during layout: running second layout pass
W/View    ( 1710): requestLayout() improperly called by android.support.v4.view.ViewPager{43462d18 VFED.... ......ID 0,951-1080,951 #7f100284 app:id/viewpager_container} during layout: running second layout pass
I/ActivityManager( 3084): Displayed com.jianshu.haruki/com.baiji.jianshu.ui.user.userinfo.UserCenterActivity: +458ms
W/View    (24221): requestLayout() improperly called by com.android.systemui.statusbar.phone.IconMerger{432b7018 V.E..... ........ 0,0-270,75 #7f0a0067 app:id/notificationIcons} during second layout pass: posting in next frame
I/chromium( 1710): [INFO:library_loader_hooks.cc(112)] Chromium logging enabled: level = 0, default verbosity = 0
I/BrowserProcessMain( 1710): Initializing chromium process, renderers=0
I/chromium( 1710): [INFO:url_util.cc(429)] AddStandardScheme is not supported
I/chromium( 1710): [INFO:url_util.cc(429)] AddStandardScheme is not supported
I/chromium( 1710): [INFO:url_util.cc(429)] AddStandardScheme is not supported
I/chromium( 1710): [INFO:url_util.cc(429)] AddStandardScheme is not supported
W/chromium( 1710): [WARNING:proxy_service.cc(888)] PAC support disabled because there is no system implementation
I/InputDispatcher( 3084): maybe input dispatch timeout, send to pg
E/CommandListener( 2418): readDefRoute call readDefRoute
E/SecondaryTablController( 2418): isWifiDefaultRouteExisted /system/bin/ip route
E/android_hardware_fm.cpp( 2495): register_android_hardware_fm_fmradio
E/FM_HAL  ( 2495): [FM_HAL], fm_dynamic_lib is libbcmfm_if
E/FM_HAL  ( 2495): [FM_HAL], libname is libbcmfm_if
E/fm_if.c ( 2495): find the id:libbcmfm_if and begins to open the devices
E/android_hardware_fm.cpp( 2495): register_android_hardware_fm_fmradio, ret is 0
E/        ( 2495): ProtocolErrorLog wangkang test!!
E/CommandListener( 2418): readDefRoute Rsp ok
E/NestedScrollLayout( 1710):  
E/NestedScrollLayout( 1710):  
E/NestedScrollLayout( 1710):  
E/NestedScrollLayout( 1710):  
W/View    (24221): requestLayout() improperly called by com.android.systemui.statusbar.phone.IconMerger{432b7018 V.E..... ......I. 0,0-270,75 #7f0a0067 app:id/notificationIcons} during layout: running second layout pass
I/InputDispatcher( 3084): maybe input dispatch timeout, send to pg
I/wpa_supplicant(27084): wlan0: HEART-BEAT-ACK: 4015
W/View    (24221): requestLayout() improperly called by com.android.systemui.statusbar.phone.IconMerger{432b7018 V.E..... ........ 0,0-270,75 #7f0a0067 app:id/notificationIcons} during second layout pass: posting in next frame
W/GooglePlayServicesUtil( 1220): Google Play Store is missing.
W/GooglePlayServicesUtil( 1220): Google Play Store is missing.
W/View    (24221): requestLayout() improperly called by com.android.systemui.statusbar.phone.IconMerger{432b7018 V.E..... ......I. 0,0-270,75 #7f0a0067 app:id/notificationIcons} during layout: running second layout pass
W/View    (24221): requestLayout() improperly called by com.android.systemui.statusbar.phone.IconMerger{432b7018 V.E..... ........ 0,0-270,75 #7f0a0067 app:id/notificationIcons} during second layout pass: posting in next frame
E/NestedScrollLayout( 1710):  
E/NestedScrollLayout( 1710):  
E/NestedScrollLayout( 1710):  
E/NestedScrollLayout( 1710):  
E/NestedScrollLayout( 1710):  
E/NestedScrollLayout( 1710):  
E/NestedScrollLayout( 1710):  
E/NestedScrollLayout( 1710):  
E/NestedScrollLayout( 1710):  
E/NestedScrollLayout( 1710):  
I/HwSystemManager( 3870): HoldService:preHoldShow start!
I/HwSystemManager( 3870): HoldService:The prePermissionType is: 1
I/omegasdk(31632): Save record:omega_e_1503735453343_DjjBiaeOTgiCJV2j6YUQZw_5187 success, packed 1 files, size:1.4K.
W/View    (24221): requestLayout() improperly called by com.android.systemui.statusbar.phone.IconMerger{432b7018 V.E..... ......I. 0,0-270,75 #7f0a0067 app:id/notificationIcons} during layout: running second layout pass
E/AudioFlinger( 2426): setLppDtsGeq():invalid keyValue of dts geq.
E/AudioFlinger( 2426): setLppDtsGeq():invalid keyValue of dts geq.
E/AudioFlinger( 2426): setLppDtsGeq():invalid keyValue of dts geq.
I/audio_hw_primary( 2426): start_output_stream : mode=0, devices=2
I/omegasdk(31632): trackEvent n1.0 e: [http_api_err_diag] 
W/omegasdk(31632): url:http://omgup.xiaojukeji.com/sync/android/com.sdu.didi.psnger response code:304.
W/omegasdk(31632): Sync sendAndGet fail. url:http://omgup.xiaojukeji.com/sync/android/com.sdu.didi.psnger response code:304.
E/NestedScrollLayout( 1710):  
E/NestedScrollLayout( 1710):  
E/NestedScrollLayout( 1710):  
E/NestedScrollLayout( 1710):  
W/View    (24221): requestLayout() improperly called by com.android.systemui.statusbar.phone.IconMerger{432b7018 V.E..... ........ 0,0-270,75 #7f0a0067 app:id/notificationIcons} during second layout pass: posting in next frame
I/InputDispatcher( 3084): maybe input dispatch timeout, send to pg
I/omegasdk(31632): trackEvent n1.0 e: [http_api_user_reqs] 
W/View    (24221): requestLayout() improperly called by com.android.systemui.statusbar.phone.IconMerger{432b7018 V.E..... ......I. 0,0-270,75 #7f0a0067 app:id/notificationIcons} during layout: running second layout pass
W/View    (24221): requestLayout() improperly called by com.android.systemui.statusbar.phone.IconMerger{432b7018 V.E..... ........ 0,0-270,75 #7f0a0067 app:id/notificationIcons} during second layout pass: posting in next frame
I/ActivityManager( 3084): Displayed com.jianshu.haruki/com.baiji.jianshu.ui.subscribe.friendcircle.views.FriendCircleActivity: +269ms
I/dalvikvm( 1710): Jit: resizing JitTable from 8192 to 16384
W/GooglePlayServicesUtil( 1220): Google Play Store is missing.
W/GooglePlayServicesUtil( 1220): Google Play Store is missing.
I/InputDispatcher( 3084): maybe input dispatch timeout, send to pg
W/View    (24221): requestLayout() improperly called by com.android.systemui.statusbar.phone.IconMerger{432b7018 V.E..... ......I. 0,0-270,75 #7f0a0067 app:id/notificationIcons} during layout: running second layout pass
W/View    (24221): requestLayout() improperly called by com.android.systemui.statusbar.phone.IconMerger{432b7018 V.E..... ........ 0,0-270,75 #7f0a0067 app:id/notificationIcons} during second layout pass: posting in next frame
W/InstanceID/Rpc( 1710): Backoff due to AUTHENTICATION_FAILED for 5752
W/View    (24221): requestLayout() improperly called by com.android.systemui.statusbar.phone.IconMerger{432b7018 V.E..... ......I. 0,0-270,75 #7f0a0067 app:id/notificationIcons} during layout: running second layout pass
W/View    ( 1710): requestLayout() improperly called by android.support.v4.view.ViewPager{452365f0 VFED.... ......ID 0,951-1080,951 #7f100284 app:id/viewpager_container} during layout: running second layout pass
I/audio_hw_primary( 2426): [do_output_standby],do_output_standby-----out->standby_lpp : 1
I/wpa_supplicant(27084): wlan0: HEART-BEAT-ACK: 4016
W/View    (24221): requestLayout() improperly called by com.android.systemui.statusbar.phone.IconMerger{432b7018 V.E..... ........ 0,0-270,75 #7f0a0067 app:id/notificationIcons} during second layout pass: posting in next frame
I/Choreographer( 1710): Skipped 46 frames!  The application may be doing too much work on its main thread.
W/View    ( 1710): requestLayout() improperly called by android.support.v4.view.ViewPager{4524d4e0 VFED.... ......ID 0,951-1080,951 #7f100284 app:id/viewpager_container} during layout: running second layout pass
I/ActivityManager( 3084): Displayed com.jianshu.haruki/com.baiji.jianshu.ui.user.userinfo.UserCenterActivity: +281ms (total +3s254ms)
I/InputDispatcher( 3084): maybe input dispatch timeout, send to pg
I/dalvikvm-heap( 1710): Grow heap (frag case) to 53.474MB for 115216-byte allocation
I/Choreographer( 1710): Skipped 69 frames!  The application may be doing too much work on its main thread.
E/Thermal-daemon( 2432): [ap] temp_new :41  temp_old :40
E/Thermal-daemon( 2432): Report temperature: [ap] temp :41  report_threshold:1
W/GooglePlayServicesUtil( 1220): Google Play Store is missing.
W/GooglePlayServicesUtil( 1220): Google Play Store is missing.
I/K3V3CpuGovernorPolicy( 3522): set scene Hmp policy : 300 , 150
E/NestedScrollLayout( 1710):  
E/NestedScrollLayout( 1710):  
E/NestedScrollLayout( 1710):  
E/NestedScrollLayout( 1710):  
E/NestedScrollLayout( 1710):  
E/NestedScrollLayout( 1710):  
E/NestedScrollLayout( 1710):  
E/NestedScrollLayout( 1710):  
I/dalvikvm( 1710): Could not find method android.view.Window$Callback.onProvideKeyboardShortcuts, referenced from method android.support.v7.view.i.onProvideKeyboardShortcuts
W/dalvikvm( 1710): VFY: unable to resolve interface method 13772: Landroid/view/Window$Callback;.onProvideKeyboardShortcuts (Ljava/util/List;Landroid/view/Menu;I)V
W/dalvikvm( 1710): VFY: unable to find class referenced in signature (Landroid/view/SearchEvent;)
I/dalvikvm( 1710): Could not find method android.view.Window$Callback.onSearchRequested, referenced from method android.support.v7.view.i.onSearchRequested
W/dalvikvm( 1710): VFY: unable to resolve interface method 13774: Landroid/view/Window$Callback;.onSearchRequested (Landroid/view/SearchEvent;)Z
I/dalvikvm( 1710): Could not find method android.view.Window$Callback.onWindowStartingActionMode, referenced from method android.support.v7.view.i.onWindowStartingActionMode
W/dalvikvm( 1710): VFY: unable to resolve interface method 13778: Landroid/view/Window$Callback;.onWindowStartingActionMode (Landroid/view/ActionMode$Callback;I)Landroid/view/ActionMode;
I/dalvikvm( 1710): Could not find method android.content.res.Resources.getDrawable, referenced from method android.support.v7.widget.at.getDrawable
W/dalvikvm( 1710): VFY: unable to resolve virtual method 903: Landroid/content/res/Resources;.getDrawable (ILandroid/content/res/Resources$Theme;)Landroid/graphics/drawable/Drawable;
I/dalvikvm( 1710): Could not find method android.content.res.Resources.getDrawableForDensity, referenced from method android.support.v7.widget.at.getDrawableForDensity
W/dalvikvm( 1710): VFY: unable to resolve virtual method 905: Landroid/content/res/Resources;.getDrawableForDensity (IILandroid/content/res/Resources$Theme;)Landroid/graphics/drawable/Drawable;
E/dalvikvm( 1710): Could not find class 'android.graphics.drawable.RippleDrawable', referenced from method android.support.v7.widget.o.a
W/dalvikvm( 1710): VFY: unable to resolve instanceof 243 (Landroid/graphics/drawable/RippleDrawable;) in Landroid/support/v7/widget/o;
I/dalvikvm( 1710): Could not find method android.webkit.WebSettings.setMixedContentMode, referenced from method com.baiji.jianshu.widget.CustomWebView.initWebView
W/dalvikvm( 1710): VFY: unable to resolve virtual method 14008: Landroid/webkit/WebSettings;.setMixedContentMode (I)V
W/View    (24221): requestLayout() improperly called by com.android.systemui.statusbar.phone.IconMerger{432b7018 V.E..... ......I. 0,0-270,75 #7f0a0067 app:id/notificationIcons} during layout: running second layout pass
W/dalvikvm( 1710): VFY: unable to find class referenced in signature (Landroid/webkit/WebResourceRequest;)
I/dalvikvm( 1710): Could not find method android.webkit.WebResourceResponse.getStatusCode, referenced from method com.baiji.jianshu.widget.CustomWebView$MyWebViewClient.onReceivedHttpError
W/dalvikvm( 1710): VFY: unable to resolve virtual method 13985: Landroid/webkit/WebResourceResponse;.getStatusCode ()I
I/dalvikvm( 1710): Could not find method android.webkit.WebResourceRequest.getUrl, referenced from method com.baiji.jianshu.widget.CustomWebView$MyWebViewClient.onReceivedHttpError
W/dalvikvm( 1710): VFY: unable to resolve interface method 13982: Landroid/webkit/WebResourceRequest;.getUrl ()Landroid/net/Uri;
I/dalvikvm( 1710): Could not find method android.webkit.WebViewClient.onReceivedHttpError, referenced from method com.baiji.jianshu.widget.CustomWebView$MyWebViewClient.onReceivedHttpError
W/dalvikvm( 1710): VFY: unable to resolve virtual method 14071: Landroid/webkit/WebViewClient;.onReceivedHttpError (Landroid/webkit/WebView;Landroid/webkit/WebResourceRequest;Landroid/webkit/WebResourceResponse;)V
I/TextToSpeech( 1710): Sucessfully bound to com.svox.pico
E/SelfBrailleClient( 1710): Failed to bind to service
E/RecyclerView( 1710): No adapter attached; skipping layout
I/ActivityManager( 3084): Displayed com.jianshu.haruki/com.baiji.jianshu.ui.articledetail.ArticleDetailActivity: +533ms
I/dalvikvm( 1710): Could not find method android.widget.Spinner.getPopupContext, referenced from method android.support.v7.widget.x.getPopupContext
W/dalvikvm( 1710): VFY: unable to resolve virtual method 14670: Landroid/widget/Spinner;.getPopupContext ()Landroid/content/Context;
I/ListPopupWindow( 1710): Could not find method setEpicenterBounds(Rect) on PopupWindow. Oh well.
E/dalvikvm( 1710): Could not find class 'android.widget.ThemedSpinnerAdapter', referenced from method android.support.v7.widget.x$a.<init>
W/dalvikvm( 1710): VFY: unable to resolve instanceof 2001 (Landroid/widget/ThemedSpinnerAdapter;) in Landroid/support/v7/widget/x$a;
I/TextToSpeech( 1710): Connected to ComponentInfo{com.svox.pico/com.svox.pico.PicoService}
I/TextToSpeech( 1710): Set up connection to ComponentInfo{com.svox.pico/com.svox.pico.PicoService}
I/Choreographer( 1710): Skipped 31 frames!  The application may be doing too much work on its main thread.
E/SelfBrailleClient( 1710): Failed to bind to service
W/AwContents( 1710): nativeOnDraw failed; clearing to background color.
W/AwContents( 1710): nativeOnDraw failed; clearing to background color.
W/AwContents( 1710): nativeOnDraw failed; clearing to background color.
W/AwContents( 1710): nativeOnDraw failed; clearing to background color.
I/chromium( 1710): [INFO:CONSOLE(0)] "The page at https://www.jianshu.com/ ran insecure content from http://static0.jianshu.io/mobile-app-page-v1.js.
I/chromium( 1710): ", source: https://www.jianshu.com/ (0)
I/chromium( 1710): [INFO:web_contents_impl.cc(2308)] https://www.jianshu.com ran insecure content from http://static0.jianshu.io/mobile-app-page-v1.js
E/SelfBrailleClient( 1710): Failed to bind to service
I/chromium( 1710): [INFO:async_pixel_transfer_manager_android.cc(56)] Async pixel transfers not supported
I/chromium( 1710): [INFO:async_pixel_transfer_manager_android.cc(56)] Async pixel transfers not supported
I/chromium( 1710): [INFO:CONSOLE(1)] "imageListener initialization begin", source: https://www.jianshu.com/ (1)
I/chromium( 1710): [INFO:CONSOLE(1)] "imageListener initialization end", source: https://www.jianshu.com/ (1)
I/chromium( 1710): [INFO:CONSOLE(1)] "onSelectedHtmlListener initialization begin", source: https://www.jianshu.com/ (1)
I/chromium( 1710): [INFO:CONSOLE(1)] "onSelectedHtmlListener initialization end", source: https://www.jianshu.com/ (1)
I/chromium( 1710): [INFO:CONSOLE(1)] "onDeSelectHtmlListener initialization begin", source: https://www.jianshu.com/ (1)
I/chromium( 1710): [INFO:CONSOLE(1)] "onDeSelectHtmlListener initialization end", source: https://www.jianshu.com/ (1)
I/chromium( 1710): [INFO:CONSOLE(1)] "Uncaught TypeError: Cannot call method 'getContentHeight' of undefined", source: https://www.jianshu.com/ (1)
I/chromium( 1710): [INFO:CONSOLE(0)] "The page at https://www.jianshu.com/ displayed insecure content from file:///storage/emulated/0/Android/data/com.jianshu.haruki/cache/webview-img/-436968623.0.
I/chromium( 1710): ", source: https://www.jianshu.com/ (0)
E/SelfBrailleClient( 1710): Failed to bind to service
W/View    (24221): requestLayout() improperly called by com.android.systemui.statusbar.phone.IconMerger{432b7018 V.E..... ......I. 0,0-270,75 #7f0a0067 app:id/notificationIcons} during layout: running second layout pass
W/View    (24221): requestLayout() improperly called by com.android.systemui.statusbar.phone.IconMerger{432b7018 V.E..... ........ 0,0-270,75 #7f0a0067 app:id/notificationIcons} during second layout pass: posting in next frame
W/View    (24221): requestLayout() improperly called by com.android.systemui.statusbar.phone.IconMerger{432b7018 V.E..... ......I. 0,0-270,75 #7f0a0067 app:id/notificationIcons} during second layout pass: posting in next frame
E/CommandListener( 2418): readDefRoute call readDefRoute
E/SecondaryTablController( 2418): isWifiDefaultRouteExisted /system/bin/ip route
E/CommandListener( 2418): readDefRoute Rsp ok
W/GooglePlayServicesUtil( 1220): Google Play Store is missing.
W/GooglePlayServicesUtil( 1220): Google Play Store is missing.
E/Thermal-daemon( 2432): [pa_0] temp_new :38  temp_old :37
E/Thermal-daemon( 2432): Report temperature: [pa_0] temp :38  report_threshold:1
W/View    (24221): requestLayout() improperly called by com.android.systemui.statusbar.phone.IconMerger{432b7018 V.E..... ......I. 0,0-270,75 #7f0a0067 app:id/notificationIcons} during layout: running second layout pass
E/SelfBrailleClient( 1710): Failed to bind to service
W/View    (24221): requestLayout() improperly called by com.android.systemui.statusbar.phone.IconMerger{432b7018 V.E..... ......I. 0,0-270,75 #7f0a0067 app:id/notificationIcons} during layout: running second layout pass
W/View    (24221): requestLayout() improperly called by com.android.systemui.statusbar.phone.IconMerger{432b7018 V.E..... ........ 0,0-270,75 #7f0a0067 app:id/notificationIcons} during second layout pass: posting in next frame
W/View    (24221): requestLayout() improperly called by com.android.systemui.statusbar.phone.IconMerger{432b7018 V.E..... ......I. 0,0-270,75 #7f0a0067 app:id/notificationIcons} during second layout pass: posting in next frame
I/wpa_supplicant(27084): wlan0: HEART-BEAT-ACK: 4017
W/View    (24221): requestLayout() improperly called by com.android.systemui.statusbar.phone.IconMerger{432b7018 V.E..... ......I. 0,0-270,75 #7f0a0067 app:id/notificationIcons} during layout: running second layout pass
I/tnet-jni( 1204): 49962 - [spdyPingRecvCallback] - 
I/tnet-jni( 1204): 49962 - [SpdySessionCallBack.spdyPingRecvCallback] - org.android.spdy.SpdySession@43337438
W/View    (24221): requestLayout() improperly called by com.android.systemui.statusbar.phone.IconMerger{432b7018 V.E..... ......I. 0,0-270,75 #7f0a0067 app:id/notificationIcons} during layout: running second layout pass
W/View    (24221): requestLayout() improperly called by com.android.systemui.statusbar.phone.IconMerger{432b7018 V.E..... ........ 0,0-270,75 #7f0a0067 app:id/notificationIcons} during second layout pass: posting in next frame
W/View    (24221): requestLayout() improperly called by com.android.systemui.statusbar.phone.IconMerger{432b7018 V.E..... ......I. 0,0-270,75 #7f0a0067 app:id/notificationIcons} during second layout pass: posting in next frame
W/View    (24221): requestLayout() improperly called by com.android.systemui.statusbar.phone.IconMerger{432b7018 V.E..... ......I. 0,0-270,75 #7f0a0067 app:id/notificationIcons} during layout: running second layout pass
E/android_hardware_fm.cpp( 3007): register_android_hardware_fm_fmradio
E/FM_HAL  ( 3007): [FM_HAL], fm_dynamic_lib is libbcmfm_if
E/FM_HAL  ( 3007): [FM_HAL], libname is libbcmfm_if
E/fm_if.c ( 3007): find the id:libbcmfm_if and begins to open the devices
E/android_hardware_fm.cpp( 3007): register_android_hardware_fm_fmradio, ret is 0
E/        ( 3007): ProtocolErrorLog wangkang test!!
W/View    (24221): requestLayout() improperly called by com.android.systemui.statusbar.phone.IconMerger{432b7018 V.E..... ......I. 0,0-270,75 #7f0a0067 app:id/notificationIcons} during layout: running second layout pass
W/View    (24221): requestLayout() improperly called by com.android.systemui.statusbar.phone.IconMerger{432b7018 V.E..... ........ 0,0-270,75 #7f0a0067 app:id/notificationIcons} during second layout pass: posting in next frame
E/SelfBrailleClient( 1710): Failed to bind to service
W/View    (24221): requestLayout() improperly called by com.android.systemui.statusbar.phone.IconMerger{432b7018 V.E..... ......I. 0,0-270,75 #7f0a0067 app:id/notificationIcons} during second layout pass: posting in next frame
W/GooglePlayServicesUtil( 1220): Google Play Store is missing.
W/GooglePlayServicesUtil( 1220): Google Play Store is missing.
