W/System.err(22854): 	at com.tencent.assistant.utils.JceUtils.bytes2JceObj(ProGuard:105)
W/System.err(22854): 	at com.tencent.assistant.db.JceCache.readSingleFromCache(ProGuard:173)
W/System.err(22854): 	at com.tencent.assistant.db.JceCache.readJceFromCache(ProGuard:152)
W/System.err(22854): 	at com.tencent.assistant.manager.c.getGetGameUserAppListResponse(ProGuard:682)
W/System.err(22854): 	at com.tencent.game.gamefloating.manager.GameFloatTipsManager.c(ProGuard:266)
W/System.err(22854): 	at com.tencent.game.gamefloating.manager.GameFloatTipsManager.a(ProGuard:493)
W/System.err(22854): 	at com.tencent.game.gamefloating.manager.f.run(ProGuard:40)
W/System.err(22854): 	at java.util.concurrent.Executors$RunnableAdapter.call(Executors.java:422)
W/System.err(22854): 	at java.util.concurrent.FutureTask.run(FutureTask.java:237)
W/System.err(22854): 	at java.util.concurrent.ScheduledThreadPoolExecutor$ScheduledFutureTask.access$201(ScheduledThreadPoolExecutor.java:152)
W/System.err(22854): 	at java.util.concurrent.ScheduledThreadPoolExecutor$ScheduledFutureTask.run(ScheduledThreadPoolExecutor.java:265)
W/System.err(22854): 	at java.util.concurrent.ThreadPoolExecutor.runWorker(ThreadPoolExecutor.java:1112)
W/System.err(22854): 	at java.util.concurrent.ThreadPoolExecutor$Worker.run(ThreadPoolExecutor.java:587)
W/System.err(22854): 	at java.lang.Thread.run(Thread.java:841)
W/System.err(22854): com.qq.taf.jce.JceDecodeException: require field not exist.
W/System.err(22854): 	at com.qq.taf.jce.JceInputStream.read(JceInputStream.java:274)
W/System.err(22854): 	at com.tencent.assistant.protocol.jce.GftGetUserAppListResponse.readFrom(ProGuard:51)
W/System.err(22854): 	at com.tencent.assistant.utils.JceUtils.bytes2JceObj(ProGuard:105)
W/System.err(22854): 	at com.tencent.assistant.db.JceCache.readSingleFromCache(ProGuard:173)
W/System.err(22854): 	at com.tencent.assistant.db.JceCache.readJceFromCache(ProGuard:152)
W/System.err(22854): 	at com.tencent.assistant.manager.c.getGetGameUserAppListResponse(ProGuard:682)
W/System.err(22854): 	at com.tencent.game.gamefloating.manager.GameFloatTipsManager.c(ProGuard:266)
W/System.err(22854): 	at com.tencent.game.gamefloating.manager.GameFloatTipsManager.a(ProGuard:493)
W/System.err(22854): 	at com.tencent.game.gamefloating.manager.f.run(ProGuard:40)
W/System.err(22854): 	at java.util.concurrent.Executors$RunnableAdapter.call(Executors.java:422)
W/System.err(22854): 	at java.util.concurrent.FutureTask.run(FutureTask.java:237)
W/System.err(22854): 	at java.util.concurrent.ScheduledThreadPoolExecutor$ScheduledFutureTask.access$201(ScheduledThreadPoolExecutor.java:152)
W/System.err(22854): 	at java.util.concurrent.ScheduledThreadPoolExecutor$ScheduledFutureTask.run(ScheduledThreadPoolExecutor.java:265)
W/System.err(22854): 	at java.util.concurrent.ThreadPoolExecutor.runWorker(ThreadPoolExecutor.java:1112)
W/System.err(22854): 	at java.util.concurrent.ThreadPoolExecutor$Worker.run(ThreadPoolExecutor.java:587)
W/System.err(22854): 	at java.lang.Thread.run(Thread.java:841)
W/System.err(22854): com.qq.taf.jce.JceDecodeException: require field not exist.
W/System.err(22854): 	at com.qq.taf.jce.JceInputStream.read(JceInputStream.java:274)
W/System.err(22854): 	at com.tencent.assistant.protocol.jce.GftGetUserAppListResponse.readFrom(ProGuard:51)
W/System.err(22854): 	at com.tencent.assistant.utils.JceUtils.bytes2JceObj(ProGuard:105)
W/System.err(22854): 	at com.tencent.assistant.db.JceCache.readSingleFromCache(ProGuard:173)
W/System.err(22854): 	at com.tencent.assistant.db.JceCache.readJceFromCache(ProGuard:152)
W/System.err(22854): 	at com.tencent.assistant.manager.c.getGetGameUserAppListResponse(ProGuard:682)
W/System.err(22854): 	at com.tencent.game.gamefloating.manager.GameFloatTipsManager.c(ProGuard:266)
W/System.err(22854): 	at com.tencent.game.gamefloating.manager.GameFloatTipsManager.a(ProGuard:493)
W/System.err(22854): 	at com.tencent.game.gamefloating.manager.f.run(ProGuard:40)
W/System.err(22854): 	at java.util.concurrent.Executors$RunnableAdapter.call(Executors.java:422)
W/System.err(22854): 	at java.util.concurrent.FutureTask.run(FutureTask.java:237)
W/System.err(22854): 	at java.util.concurrent.ScheduledThreadPoolExecutor$ScheduledFutureTask.access$201(ScheduledThreadPoolExecutor.java:152)
W/System.err(22854): 	at java.util.concurrent.ScheduledThreadPoolExecutor$ScheduledFutureTask.run(ScheduledThreadPoolExecutor.java:265)
W/System.err(22854): 	at java.util.concurrent.ThreadPoolExecutor.runWorker(ThreadPoolExecutor.java:1112)
W/System.err(22854): 	at java.util.concurrent.ThreadPoolExecutor$Worker.run(ThreadPoolExecutor.java:587)
W/System.err(22854): 	at java.lang.Thread.run(Thread.java:841)
W/System.err(22854): com.qq.taf.jce.JceDecodeException: require field not exist.
W/System.err(22854): 	at com.qq.taf.jce.JceInputStream.read(JceInputStream.java:274)
W/System.err(22854): 	at com.tencent.assistant.protocol.jce.GftGetUserAppListResponse.readFrom(ProGuard:51)
W/System.err(22854): 	at com.tencent.assistant.utils.JceUtils.bytes2JceObj(ProGuard:105)
W/System.err(22854): 	at com.tencent.assistant.db.JceCache.readSingleFromCache(ProGuard:173)
W/System.err(22854): 	at com.tencent.assistant.db.JceCache.readJceFromCache(ProGuard:152)
W/System.err(22854): 	at com.tencent.assistant.manager.c.getGetGameUserAppListResponse(ProGuard:682)
W/System.err(22854): 	at com.tencent.game.gamefloating.manager.GameFloatTipsManager.c(ProGuard:266)
W/System.err(22854): 	at com.tencent.game.gamefloating.manager.GameFloatTipsManager.a(ProGuard:493)
W/System.err(22854): 	at com.tencent.game.gamefloating.manager.f.run(ProGuard:40)
W/System.err(22854): 	at java.util.concurrent.Executors$RunnableAdapter.call(Executors.java:422)
W/System.err(22854): 	at java.util.concurrent.FutureTask.run(FutureTask.java:237)
W/System.err(22854): 	at java.util.concurrent.ScheduledThreadPoolExecutor$ScheduledFutureTask.access$201(ScheduledThreadPoolExecutor.java:152)
W/System.err(22854): 	at java.util.concurrent.ScheduledThreadPoolExecutor$ScheduledFutureTask.run(ScheduledThreadPoolExecutor.java:265)
W/System.err(22854): 	at java.util.concurrent.ThreadPoolExecutor.runWorker(ThreadPoolExecutor.java:1112)
W/System.err(22854): 	at java.util.concurrent.ThreadPoolExecutor$Worker.run(ThreadPoolExecutor.java:587)
W/System.err(22854): 	at java.lang.Thread.run(Thread.java:841)
W/System.err(22854): com.qq.taf.jce.JceDecodeException: require field not exist.
W/System.err(22854): 	at com.qq.taf.jce.JceInputStream.read(JceInputStream.java:274)
W/System.err(22854): 	at com.tencent.assistant.protocol.jce.GftGetUserAppListResponse.readFrom(ProGuard:51)
W/System.err(22854): 	at com.tencent.assistant.utils.JceUtils.bytes2JceObj(ProGuard:105)
W/System.err(22854): 	at com.tencent.assistant.db.JceCache.readSingleFromCache(ProGuard:173)
W/System.err(22854): 	at com.tencent.assistant.db.JceCache.readJceFromCache(ProGuard:152)
W/System.err(22854): 	at com.tencent.assistant.manager.c.getGetGameUserAppListResponse(ProGuard:682)
W/System.err(22854): 	at com.tencent.game.gamefloating.manager.GameFloatTipsManager.c(ProGuard:266)
W/System.err(22854): 	at com.tencent.game.gamefloating.manager.GameFloatTipsManager.a(ProGuard:493)
W/System.err(22854): 	at com.tencent.game.gamefloating.manager.f.run(ProGuard:40)
W/System.err(22854): 	at java.util.concurrent.Executors$RunnableAdapter.call(Executors.java:422)
W/System.err(22854): 	at java.util.concurrent.FutureTask.run(FutureTask.java:237)
W/System.err(22854): 	at java.util.concurrent.ScheduledThreadPoolExecutor$ScheduledFutureTask.access$201(ScheduledThreadPoolExecutor.java:152)
W/System.err(22854): 	at java.util.concurrent.ScheduledThreadPoolExecutor$ScheduledFutureTask.run(ScheduledThreadPoolExecutor.java:265)
W/System.err(22854): 	at java.util.concurrent.ThreadPoolExecutor.runWorker(ThreadPoolExecutor.java:1112)
W/System.err(22854): 	at java.util.concurrent.ThreadPoolExecutor$Worker.run(ThreadPoolExecutor.java:587)
W/System.err(22854): 	at java.lang.Thread.run(Thread.java:841)
E/Thermal-daemon( 2431): [ap] temp_new :27  temp_old :26
W/System.err(22854): com.qq.taf.jce.JceDecodeException: require field not exist.
W/System.err(22854): 	at com.qq.taf.jce.JceInputStream.read(JceInputStream.java:274)
W/System.err(22854): 	at com.tencent.assistant.protocol.jce.GftGetUserAppListResponse.readFrom(ProGuard:51)
W/System.err(22854): 	at com.tencent.assistant.utils.JceUtils.bytes2JceObj(ProGuard:105)
W/System.err(22854): 	at com.tencent.assistant.db.JceCache.readSingleFromCache(ProGuard:173)
W/System.err(22854): 	at com.tencent.assistant.db.JceCache.readJceFromCache(ProGuard:152)
W/System.err(22854): 	at com.tencent.assistant.manager.c.getGetGameUserAppListResponse(ProGuard:682)
W/System.err(22854): 	at com.tencent.game.gamefloating.manager.GameFloatTipsManager.c(ProGuard:266)
W/System.err(22854): 	at com.tencent.game.gamefloating.manager.GameFloatTipsManager.a(ProGuard:493)
W/System.err(22854): 	at com.tencent.game.gamefloating.manager.f.run(ProGuard:40)
W/System.err(22854): 	at java.util.concurrent.Executors$RunnableAdapter.call(Executors.java:422)
W/System.err(22854): 	at java.util.concurrent.FutureTask.run(FutureTask.java:237)
W/System.err(22854): 	at java.util.concurrent.ScheduledThreadPoolExecutor$ScheduledFutureTask.access$201(ScheduledThreadPoolExecutor.java:152)
W/System.err(22854): 	at java.util.concurrent.ScheduledThreadPoolExecutor$ScheduledFutureTask.run(ScheduledThreadPoolExecutor.java:265)
W/System.err(22854): 	at java.util.concurrent.ThreadPoolExecutor.runWorker(ThreadPoolExecutor.java:1112)
W/System.err(22854): 	at java.util.concurrent.ThreadPoolExecutor$Worker.run(ThreadPoolExecutor.java:587)
W/System.err(22854): 	at java.lang.Thread.run(Thread.java:841)
W/System.err(22854): com.qq.taf.jce.JceDecodeException: require field not exist.
W/System.err(22854): 	at com.qq.taf.jce.JceInputStream.read(JceInputStream.java:274)
W/System.err(22854): 	at com.tencent.assistant.protocol.jce.GftGetUserAppListResponse.readFrom(ProGuard:51)
W/System.err(22854): 	at com.tencent.assistant.utils.JceUtils.bytes2JceObj(ProGuard:105)
W/System.err(22854): 	at com.tencent.assistant.db.JceCache.readSingleFromCache(ProGuard:173)
W/System.err(22854): 	at com.tencent.assistant.db.JceCache.readJceFromCache(ProGuard:152)
W/System.err(22854): 	at com.tencent.assistant.manager.c.getGetGameUserAppListResponse(ProGuard:682)
W/System.err(22854): 	at com.tencent.game.gamefloating.manager.GameFloatTipsManager.c(ProGuard:266)
W/System.err(22854): 	at com.tencent.game.gamefloating.manager.GameFloatTipsManager.a(ProGuard:493)
W/System.err(22854): 	at com.tencent.game.gamefloating.manager.f.run(ProGuard:40)
W/System.err(22854): 	at java.util.concurrent.Executors$RunnableAdapter.call(Executors.java:422)
W/System.err(22854): 	at java.util.concurrent.FutureTask.run(FutureTask.java:237)
W/System.err(22854): 	at java.util.concurrent.ScheduledThreadPoolExecutor$ScheduledFutureTask.access$201(ScheduledThreadPoolExecutor.java:152)
W/System.err(22854): 	at java.util.concurrent.ScheduledThreadPoolExecutor$ScheduledFutureTask.run(ScheduledThreadPoolExecutor.java:265)
W/System.err(22854): 	at java.util.concurrent.ThreadPoolExecutor.runWorker(ThreadPoolExecutor.java:1112)
W/System.err(22854): 	at java.util.concurrent.ThreadPoolExecutor$Worker.run(ThreadPoolExecutor.java:587)
W/System.err(22854): 	at java.lang.Thread.run(Thread.java:841)
W/System.err(22854): com.qq.taf.jce.JceDecodeException: require field not exist.
W/System.err(22854): 	at com.qq.taf.jce.JceInputStream.read(JceInputStream.java:274)
W/System.err(22854): 	at com.tencent.assistant.protocol.jce.GftGetUserAppListResponse.readFrom(ProGuard:51)
W/System.err(22854): 	at com.tencent.assistant.utils.JceUtils.bytes2JceObj(ProGuard:105)
W/System.err(22854): 	at com.tencent.assistant.db.JceCache.readSingleFromCache(ProGuard:173)
W/System.err(22854): 	at com.tencent.assistant.db.JceCache.readJceFromCache(ProGuard:152)
W/System.err(22854): 	at com.tencent.assistant.manager.c.getGetGameUserAppListResponse(ProGuard:682)
W/System.err(22854): 	at com.tencent.game.gamefloating.manager.GameFloatTipsManager.c(ProGuard:266)
W/System.err(22854): 	at com.tencent.game.gamefloating.manager.GameFloatTipsManager.a(ProGuard:493)
W/System.err(22854): 	at com.tencent.game.gamefloating.manager.f.run(ProGuard:40)
W/System.err(22854): 	at java.util.concurrent.Executors$RunnableAdapter.call(Executors.java:422)
W/System.err(22854): 	at java.util.concurrent.FutureTask.run(FutureTask.java:237)
W/System.err(22854): 	at java.util.concurrent.ScheduledThreadPoolExecutor$ScheduledFutureTask.access$201(ScheduledThreadPoolExecutor.java:152)
W/System.err(22854): 	at java.util.concurrent.ScheduledThreadPoolExecutor$ScheduledFutureTask.run(ScheduledThreadPoolExecutor.java:265)
W/System.err(22854): 	at java.util.concurrent.ThreadPoolExecutor.runWorker(ThreadPoolExecutor.java:1112)
W/System.err(22854): 	at java.util.concurrent.ThreadPoolExecutor$Worker.run(ThreadPoolExecutor.java:587)
W/System.err(22854): 	at java.lang.Thread.run(Thread.java:841)
W/System.err(22854): com.qq.taf.jce.JceDecodeException: require field not exist.
W/System.err(22854): 	at com.qq.taf.jce.JceInputStream.read(JceInputStream.java:274)
W/System.err(22854): 	at com.tencent.assistant.protocol.jce.GftGetUserAppListResponse.readFrom(ProGuard:51)
W/System.err(22854): 	at com.tencent.assistant.utils.JceUtils.bytes2JceObj(ProGuard:105)
W/System.err(22854): 	at com.tencent.assistant.db.JceCache.readSingleFromCache(ProGuard:173)
W/System.err(22854): 	at com.tencent.assistant.db.JceCache.readJceFromCache(ProGuard:152)
W/System.err(22854): 	at com.tencent.assistant.manager.c.getGetGameUserAppListResponse(ProGuard:682)
W/System.err(22854): 	at com.tencent.game.gamefloating.manager.GameFloatTipsManager.c(ProGuard:266)
W/System.err(22854): 	at com.tencent.game.gamefloating.manager.GameFloatTipsManager.a(ProGuard:493)
W/System.err(22854): 	at com.tencent.game.gamefloating.manager.f.run(ProGuard:40)
W/System.err(22854): 	at java.util.concurrent.Executors$RunnableAdapter.call(Executors.java:422)
W/System.err(22854): 	at java.util.concurrent.FutureTask.run(FutureTask.java:237)
W/System.err(22854): 	at java.util.concurrent.ScheduledThreadPoolExecutor$ScheduledFutureTask.access$201(ScheduledThreadPoolExecutor.java:152)
W/System.err(22854): 	at java.util.concurrent.ScheduledThreadPoolExecutor$ScheduledFutureTask.run(ScheduledThreadPoolExecutor.java:265)
W/System.err(22854): 	at java.util.concurrent.ThreadPoolExecutor.runWorker(ThreadPoolExecutor.java:1112)
W/System.err(22854): 	at java.util.concurrent.ThreadPoolExecutor$Worker.run(ThreadPoolExecutor.java:587)
W/System.err(22854): 	at java.lang.Thread.run(Thread.java:841)
E/Thermal-daemon( 2431): [pa_0] temp_new :27  temp_old :26
E/Thermal-daemon( 2431): [ap] temp_new :26  temp_old :27
W/System.err(22854): com.qq.taf.jce.JceDecodeException: require field not exist.
W/System.err(22854): 	at com.qq.taf.jce.JceInputStream.read(JceInputStream.java:274)
W/System.err(22854): 	at com.tencent.assistant.protocol.jce.GftGetUserAppListResponse.readFrom(ProGuard:51)
W/System.err(22854): 	at com.tencent.assistant.utils.JceUtils.bytes2JceObj(ProGuard:105)
W/System.err(22854): 	at com.tencent.assistant.db.JceCache.readSingleFromCache(ProGuard:173)
W/System.err(22854): 	at com.tencent.assistant.db.JceCache.readJceFromCache(ProGuard:152)
W/System.err(22854): 	at com.tencent.assistant.manager.c.getGetGameUserAppListResponse(ProGuard:682)
W/System.err(22854): 	at com.tencent.game.gamefloating.manager.GameFloatTipsManager.c(ProGuard:266)
W/System.err(22854): 	at com.tencent.game.gamefloating.manager.GameFloatTipsManager.a(ProGuard:493)
W/System.err(22854): 	at com.tencent.game.gamefloating.manager.f.run(ProGuard:40)
W/System.err(22854): 	at java.util.concurrent.Executors$RunnableAdapter.call(Executors.java:422)
W/System.err(22854): 	at java.util.concurrent.FutureTask.run(FutureTask.java:237)
W/System.err(22854): 	at java.util.concurrent.ScheduledThreadPoolExecutor$ScheduledFutureTask.access$201(ScheduledThreadPoolExecutor.java:152)
W/System.err(22854): 	at java.util.concurrent.ScheduledThreadPoolExecutor$ScheduledFutureTask.run(ScheduledThreadPoolExecutor.java:265)
W/System.err(22854): 	at java.util.concurrent.ThreadPoolExecutor.runWorker(ThreadPoolExecutor.java:1112)
W/System.err(22854): 	at java.util.concurrent.ThreadPoolExecutor$Worker.run(ThreadPoolExecutor.java:587)
W/System.err(22854): 	at java.lang.Thread.run(Thread.java:841)
W/System.err(22854): com.qq.taf.jce.JceDecodeException: require field not exist.
W/System.err(22854): 	at com.qq.taf.jce.JceInputStream.read(JceInputStream.java:274)
W/System.err(22854): 	at com.tencent.assistant.protocol.jce.GftGetUserAppListResponse.readFrom(ProGuard:51)
W/System.err(22854): 	at com.tencent.assistant.utils.JceUtils.bytes2JceObj(ProGuard:105)
W/System.err(22854): 	at com.tencent.assistant.db.JceCache.readSingleFromCache(ProGuard:173)
W/System.err(22854): 	at com.tencent.assistant.db.JceCache.readJceFromCache(ProGuard:152)
W/System.err(22854): 	at com.tencent.assistant.manager.c.getGetGameUserAppListResponse(ProGuard:682)
W/System.err(22854): 	at com.tencent.game.gamefloating.manager.GameFloatTipsManager.c(ProGuard:266)
W/System.err(22854): 	at com.tencent.game.gamefloating.manager.GameFloatTipsManager.a(ProGuard:493)
W/System.err(22854): 	at com.tencent.game.gamefloating.manager.f.run(ProGuard:40)
W/System.err(22854): 	at java.util.concurrent.Executors$RunnableAdapter.call(Executors.java:422)
W/System.err(22854): 	at java.util.concurrent.FutureTask.run(FutureTask.java:237)
W/System.err(22854): 	at java.util.concurrent.ScheduledThreadPoolExecutor$ScheduledFutureTask.access$201(ScheduledThreadPoolExecutor.java:152)
W/System.err(22854): 	at java.util.concurrent.ScheduledThreadPoolExecutor$ScheduledFutureTask.run(ScheduledThreadPoolExecutor.java:265)
W/System.err(22854): 	at java.util.concurrent.ThreadPoolExecutor.runWorker(ThreadPoolExecutor.java:1112)
W/System.err(22854): 	at java.util.concurrent.ThreadPoolExecutor$Worker.run(ThreadPoolExecutor.java:587)
W/System.err(22854): 	at java.lang.Thread.run(Thread.java:841)
W/System.err(22854): com.qq.taf.jce.JceDecodeException: require field not exist.
W/System.err(22854): 	at com.qq.taf.jce.JceInputStream.read(JceInputStream.java:274)
W/System.err(22854): 	at com.tencent.assistant.protocol.jce.GftGetUserAppListResponse.readFrom(ProGuard:51)
W/System.err(22854): 	at com.tencent.assistant.utils.JceUtils.bytes2JceObj(ProGuard:105)
W/System.err(22854): 	at com.tencent.assistant.db.JceCache.readSingleFromCache(ProGuard:173)
W/System.err(22854): 	at com.tencent.assistant.db.JceCache.readJceFromCache(ProGuard:152)
W/System.err(22854): 	at com.tencent.assistant.manager.c.getGetGameUserAppListResponse(ProGuard:682)
W/System.err(22854): 	at com.tencent.game.gamefloating.manager.GameFloatTipsManager.c(ProGuard:266)
W/System.err(22854): 	at com.tencent.game.gamefloating.manager.GameFloatTipsManager.a(ProGuard:493)
W/System.err(22854): 	at com.tencent.game.gamefloating.manager.f.run(ProGuard:40)
W/System.err(22854): 	at java.util.concurrent.Executors$RunnableAdapter.call(Executors.java:422)
W/System.err(22854): 	at java.util.concurrent.FutureTask.run(FutureTask.java:237)
W/System.err(22854): 	at java.util.concurrent.ScheduledThreadPoolExecutor$ScheduledFutureTask.access$201(ScheduledThreadPoolExecutor.java:152)
W/System.err(22854): 	at java.util.concurrent.ScheduledThreadPoolExecutor$ScheduledFutureTask.run(ScheduledThreadPoolExecutor.java:265)
W/System.err(22854): 	at java.util.concurrent.ThreadPoolExecutor.runWorker(ThreadPoolExecutor.java:1112)
W/System.err(22854): 	at java.util.concurrent.ThreadPoolExecutor$Worker.run(ThreadPoolExecutor.java:587)
W/System.err(22854): 	at java.lang.Thread.run(Thread.java:841)
E/Thermal-daemon( 2431): [pa_0] temp_new :26  temp_old :27
W/System.err(22854): com.qq.taf.jce.JceDecodeException: require field not exist.
W/System.err(22854): 	at com.qq.taf.jce.JceInputStream.read(JceInputStream.java:274)
W/System.err(22854): 	at com.tencent.assistant.protocol.jce.GftGetUserAppListResponse.readFrom(ProGuard:51)
W/System.err(22854): 	at com.tencent.assistant.utils.JceUtils.bytes2JceObj(ProGuard:105)
W/System.err(22854): 	at com.tencent.assistant.db.JceCache.readSingleFromCache(ProGuard:173)
W/System.err(22854): 	at com.tencent.assistant.db.JceCache.readJceFromCache(ProGuard:152)
W/System.err(22854): 	at com.tencent.assistant.manager.c.getGetGameUserAppListResponse(ProGuard:682)
W/System.err(22854): 	at com.tencent.game.gamefloating.manager.GameFloatTipsManager.c(ProGuard:266)
W/System.err(22854): 	at com.tencent.game.gamefloating.manager.GameFloatTipsManager.a(ProGuard:493)
W/System.err(22854): 	at com.tencent.game.gamefloating.manager.f.run(ProGuard:40)
W/System.err(22854): 	at java.util.concurrent.Executors$RunnableAdapter.call(Executors.java:422)
W/System.err(22854): 	at java.util.concurrent.FutureTask.run(FutureTask.java:237)
W/System.err(22854): 	at java.util.concurrent.ScheduledThreadPoolExecutor$ScheduledFutureTask.access$201(ScheduledThreadPoolExecutor.java:152)
W/System.err(22854): 	at java.util.concurrent.ScheduledThreadPoolExecutor$ScheduledFutureTask.run(ScheduledThreadPoolExecutor.java:265)
W/System.err(22854): 	at java.util.concurrent.ThreadPoolExecutor.runWorker(ThreadPoolExecutor.java:1112)
W/System.err(22854): 	at java.util.concurrent.ThreadPoolExecutor$Worker.run(ThreadPoolExecutor.java:587)
W/System.err(22854): 	at java.lang.Thread.run(Thread.java:841)
W/System.err(22854): com.qq.taf.jce.JceDecodeException: require field not exist.
W/System.err(22854): 	at com.qq.taf.jce.JceInputStream.read(JceInputStream.java:274)
W/System.err(22854): 	at com.tencent.assistant.protocol.jce.GftGetUserAppListResponse.readFrom(ProGuard:51)
W/System.err(22854): 	at com.tencent.assistant.utils.JceUtils.bytes2JceObj(ProGuard:105)
W/System.err(22854): 	at com.tencent.assistant.db.JceCache.readSingleFromCache(ProGuard:173)
W/System.err(22854): 	at com.tencent.assistant.db.JceCache.readJceFromCache(ProGuard:152)
W/System.err(22854): 	at com.tencent.assistant.manager.c.getGetGameUserAppListResponse(ProGuard:682)
W/System.err(22854): 	at com.tencent.game.gamefloating.manager.GameFloatTipsManager.c(ProGuard:266)
W/System.err(22854): 	at com.tencent.game.gamefloating.manager.GameFloatTipsManager.a(ProGuard:493)
W/System.err(22854): 	at com.tencent.game.gamefloating.manager.f.run(ProGuard:40)
W/System.err(22854): 	at java.util.concurrent.Executors$RunnableAdapter.call(Executors.java:422)
W/System.err(22854): 	at java.util.concurrent.FutureTask.run(FutureTask.java:237)
W/System.err(22854): 	at java.util.concurrent.ScheduledThreadPoolExecutor$ScheduledFutureTask.access$201(ScheduledThreadPoolExecutor.java:152)
W/System.err(22854): 	at java.util.concurrent.ScheduledThreadPoolExecutor$ScheduledFutureTask.run(ScheduledThreadPoolExecutor.java:265)
W/System.err(22854): 	at java.util.concurrent.ThreadPoolExecutor.runWorker(ThreadPoolExecutor.java:1112)
W/System.err(22854): 	at java.util.concurrent.ThreadPoolExecutor$Worker.run(ThreadPoolExecutor.java:587)
W/System.err(22854): 	at java.lang.Thread.run(Thread.java:841)
W/System.err(22854): com.qq.taf.jce.JceDecodeException: require field not exist.
W/System.err(22854): 	at com.qq.taf.jce.JceInputStream.read(JceInputStream.java:274)
W/System.err(22854): 	at com.tencent.assistant.protocol.jce.GftGetUserAppListResponse.readFrom(ProGuard:51)
W/System.err(22854): 	at com.tencent.assistant.utils.JceUtils.bytes2JceObj(ProGuard:105)
W/System.err(22854): 	at com.tencent.assistant.db.JceCache.readSingleFromCache(ProGuard:173)
W/System.err(22854): 	at com.tencent.assistant.db.JceCache.readJceFromCache(ProGuard:152)
W/System.err(22854): 	at com.tencent.assistant.manager.c.getGetGameUserAppListResponse(ProGuard:682)
W/System.err(22854): 	at com.tencent.game.gamefloating.manager.GameFloatTipsManager.c(ProGuard:266)
W/System.err(22854): 	at com.tencent.game.gamefloating.manager.GameFloatTipsManager.a(ProGuard:493)
W/System.err(22854): 	at com.tencent.game.gamefloating.manager.f.run(ProGuard:40)
W/System.err(22854): 	at java.util.concurrent.Executors$RunnableAdapter.call(Executors.java:422)
W/System.err(22854): 	at java.util.concurrent.FutureTask.run(FutureTask.java:237)
W/System.err(22854): 	at java.util.concurrent.ScheduledThreadPoolExecutor$ScheduledFutureTask.access$201(ScheduledThreadPoolExecutor.java:152)
W/System.err(22854): 	at java.util.concurrent.ScheduledThreadPoolExecutor$ScheduledFutureTask.run(ScheduledThreadPoolExecutor.java:265)
W/System.err(22854): 	at java.util.concurrent.ThreadPoolExecutor.runWorker(ThreadPoolExecutor.java:1112)
W/System.err(22854): 	at java.util.concurrent.ThreadPoolExecutor$Worker.run(ThreadPoolExecutor.java:587)
W/System.err(22854): 	at java.lang.Thread.run(Thread.java:841)
W/System.err(22854): com.qq.taf.jce.JceDecodeException: require field not exist.
W/System.err(22854): 	at com.qq.taf.jce.JceInputStream.read(JceInputStream.java:274)
W/System.err(22854): 	at com.tencent.assistant.protocol.jce.GftGetUserAppListResponse.readFrom(ProGuard:51)
W/System.err(22854): 	at com.tencent.assistant.utils.JceUtils.bytes2JceObj(ProGuard:105)
W/System.err(22854): 	at com.tencent.assistant.db.JceCache.readSingleFromCache(ProGuard:173)
W/System.err(22854): 	at com.tencent.assistant.db.JceCache.readJceFromCache(ProGuard:152)
W/System.err(22854): 	at com.tencent.assistant.manager.c.getGetGameUserAppListResponse(ProGuard:682)
W/System.err(22854): 	at com.tencent.game.gamefloating.manager.GameFloatTipsManager.c(ProGuard:266)
W/System.err(22854): 	at com.tencent.game.gamefloating.manager.GameFloatTipsManager.a(ProGuard:493)
W/System.err(22854): 	at com.tencent.game.gamefloating.manager.f.run(ProGuard:40)
W/System.err(22854): 	at java.util.concurrent.Executors$RunnableAdapter.call(Executors.java:422)
W/System.err(22854): 	at java.util.concurrent.FutureTask.run(FutureTask.java:237)
W/System.err(22854): 	at java.util.concurrent.ScheduledThreadPoolExecutor$ScheduledFutureTask.access$201(ScheduledThreadPoolExecutor.java:152)
W/System.err(22854): 	at java.util.concurrent.ScheduledThreadPoolExecutor$ScheduledFutureTask.run(ScheduledThreadPoolExecutor.java:265)
W/System.err(22854): 	at java.util.concurrent.ThreadPoolExecutor.runWorker(ThreadPoolExecutor.java:1112)
W/System.err(22854): 	at java.util.concurrent.ThreadPoolExecutor$Worker.run(ThreadPoolExecutor.java:587)
W/System.err(22854): 	at java.lang.Thread.run(Thread.java:841)
W/System.err(22854): com.qq.taf.jce.JceDecodeException: require field not exist.
W/System.err(22854): 	at com.qq.taf.jce.JceInputStream.read(JceInputStream.java:274)
W/System.err(22854): 	at com.tencent.assistant.protocol.jce.GftGetUserAppListResponse.readFrom(ProGuard:51)
W/System.err(22854): 	at com.tencent.assistant.utils.JceUtils.bytes2JceObj(ProGuard:105)
W/System.err(22854): 	at com.tencent.assistant.db.JceCache.readSingleFromCache(ProGuard:173)
W/System.err(22854): 	at com.tencent.assistant.db.JceCache.readJceFromCache(ProGuard:152)
W/System.err(22854): 	at com.tencent.assistant.manager.c.getGetGameUserAppListResponse(ProGuard:682)
W/System.err(22854): 	at com.tencent.game.gamefloating.manager.GameFloatTipsManager.c(ProGuard:266)
W/System.err(22854): 	at com.tencent.game.gamefloating.manager.GameFloatTipsManager.a(ProGuard:493)
W/System.err(22854): 	at com.tencent.game.gamefloating.manager.f.run(ProGuard:40)
W/System.err(22854): 	at java.util.concurrent.Executors$RunnableAdapter.call(Executors.java:422)
W/System.err(22854): 	at java.util.concurrent.FutureTask.run(FutureTask.java:237)
W/System.err(22854): 	at java.util.concurrent.ScheduledThreadPoolExecutor$ScheduledFutureTask.access$201(ScheduledThreadPoolExecutor.java:152)
W/System.err(22854): 	at java.util.concurrent.ScheduledThreadPoolExecutor$ScheduledFutureTask.run(ScheduledThreadPoolExecutor.java:265)
W/System.err(22854): 	at java.util.concurrent.ThreadPoolExecutor.runWorker(ThreadPoolExecutor.java:1112)
W/System.err(22854): 	at java.util.concurrent.ThreadPoolExecutor$Worker.run(ThreadPoolExecutor.java:587)
W/System.err(22854): 	at java.lang.Thread.run(Thread.java:841)
W/System.err(22854): com.qq.taf.jce.JceDecodeException: require field not exist.
W/System.err(22854): 	at com.qq.taf.jce.JceInputStream.read(JceInputStream.java:274)
W/System.err(22854): 	at com.tencent.assistant.protocol.jce.GftGetUserAppListResponse.readFrom(ProGuard:51)
W/System.err(22854): 	at com.tencent.assistant.utils.JceUtils.bytes2JceObj(ProGuard:105)
W/System.err(22854): 	at com.tencent.assistant.db.JceCache.readSingleFromCache(ProGuard:173)
W/System.err(22854): 	at com.tencent.assistant.db.JceCache.readJceFromCache(ProGuard:152)
W/System.err(22854): 	at com.tencent.assistant.manager.c.getGetGameUserAppListResponse(ProGuard:682)
W/System.err(22854): 	at com.tencent.game.gamefloating.manager.GameFloatTipsManager.c(ProGuard:266)
W/System.err(22854): 	at com.tencent.game.gamefloating.manager.GameFloatTipsManager.a(ProGuard:493)
W/System.err(22854): 	at com.tencent.game.gamefloating.manager.f.run(ProGuard:40)
W/System.err(22854): 	at java.util.concurrent.Executors$RunnableAdapter.call(Executors.java:422)
W/System.err(22854): 	at java.util.concurrent.FutureTask.run(FutureTask.java:237)
W/System.err(22854): 	at java.util.concurrent.ScheduledThreadPoolExecutor$ScheduledFutureTask.access$201(ScheduledThreadPoolExecutor.java:152)
W/System.err(22854): 	at java.util.concurrent.ScheduledThreadPoolExecutor$ScheduledFutureTask.run(ScheduledThreadPoolExecutor.java:265)
W/System.err(22854): 	at java.util.concurrent.ThreadPoolExecutor.runWorker(ThreadPoolExecutor.java:1112)
W/System.err(22854): 	at java.util.concurrent.ThreadPoolExecutor$Worker.run(ThreadPoolExecutor.java:587)
W/System.err(22854): 	at java.lang.Thread.run(Thread.java:841)
W/System.err(22854): com.qq.taf.jce.JceDecodeException: require field not exist.
W/System.err(22854): 	at com.qq.taf.jce.JceInputStream.read(JceInputStream.java:274)
W/System.err(22854): 	at com.tencent.assistant.protocol.jce.GftGetUserAppListResponse.readFrom(ProGuard:51)
W/System.err(22854): 	at com.tencent.assistant.utils.JceUtils.bytes2JceObj(ProGuard:105)
W/System.err(22854): 	at com.tencent.assistant.db.JceCache.readSingleFromCache(ProGuard:173)
W/System.err(22854): 	at com.tencent.assistant.db.JceCache.readJceFromCache(ProGuard:152)
W/System.err(22854): 	at com.tencent.assistant.manager.c.getGetGameUserAppListResponse(ProGuard:682)
W/System.err(22854): 	at com.tencent.game.gamefloating.manager.GameFloatTipsManager.c(ProGuard:266)
W/System.err(22854): 	at com.tencent.game.gamefloating.manager.GameFloatTipsManager.a(ProGuard:493)
W/System.err(22854): 	at com.tencent.game.gamefloating.manager.f.run(ProGuard:40)
W/System.err(22854): 	at java.util.concurrent.Executors$RunnableAdapter.call(Executors.java:422)
W/System.err(22854): 	at java.util.concurrent.FutureTask.run(FutureTask.java:237)
W/System.err(22854): 	at java.util.concurrent.ScheduledThreadPoolExecutor$ScheduledFutureTask.access$201(ScheduledThreadPoolExecutor.java:152)
W/System.err(22854): 	at java.util.concurrent.ScheduledThreadPoolExecutor$ScheduledFutureTask.run(ScheduledThreadPoolExecutor.java:265)
W/System.err(22854): 	at java.util.concurrent.ThreadPoolExecutor.runWorker(ThreadPoolExecutor.java:1112)
W/System.err(22854): 	at java.util.concurrent.ThreadPoolExecutor$Worker.run(ThreadPoolExecutor.java:587)
W/System.err(22854): 	at java.lang.Thread.run(Thread.java:841)
W/System.err(22854): com.qq.taf.jce.JceDecodeException: require field not exist.
W/System.err(22854): 	at com.qq.taf.jce.JceInputStream.read(JceInputStream.java:274)
W/System.err(22854): 	at com.tencent.assistant.protocol.jce.GftGetUserAppListResponse.readFrom(ProGuard:51)
W/System.err(22854): 	at com.tencent.assistant.utils.JceUtils.bytes2JceObj(ProGuard:105)
W/System.err(22854): 	at com.tencent.assistant.db.JceCache.readSingleFromCache(ProGuard:173)
W/System.err(22854): 	at com.tencent.assistant.db.JceCache.readJceFromCache(ProGuard:152)
W/System.err(22854): 	at com.tencent.assistant.manager.c.getGetGameUserAppListResponse(ProGuard:682)
W/System.err(22854): 	at com.tencent.game.gamefloating.manager.GameFloatTipsManager.c(ProGuard:266)
W/System.err(22854): 	at com.tencent.game.gamefloating.manager.GameFloatTipsManager.a(ProGuard:493)
W/System.err(22854): 	at com.tencent.game.gamefloating.manager.f.run(ProGuard:40)
W/System.err(22854): 	at java.util.concurrent.Executors$RunnableAdapter.call(Executors.java:422)
W/System.err(22854): 	at java.util.concurrent.FutureTask.run(FutureTask.java:237)
W/System.err(22854): 	at java.util.concurrent.ScheduledThreadPoolExecutor$ScheduledFutureTask.access$201(ScheduledThreadPoolExecutor.java:152)
W/System.err(22854): 	at java.util.concurrent.ScheduledThreadPoolExecutor$ScheduledFutureTask.run(ScheduledThreadPoolExecutor.java:265)
W/System.err(22854): 	at java.util.concurrent.ThreadPoolExecutor.runWorker(ThreadPoolExecutor.java:1112)
W/System.err(22854): 	at java.util.concurrent.ThreadPoolExecutor$Worker.run(ThreadPoolExecutor.java:587)
W/System.err(22854): 	at java.lang.Thread.run(Thread.java:841)
I/HwSystemManager( 3883): HoldService:preHoldShow start!
I/HwSystemManager( 3883): HoldService:The prePermissionType is: 1
I/HwSystemManager( 3883): HoldService:preHoldShow start!
I/HwSystemManager( 3883): HoldService:The prePermissionType is: 1
I/HwSystemManager( 3883): HoldService:preHoldShow start!
I/HwSystemManager( 3883): HoldService:The prePermissionType is: 1
I/HwSystemManager( 3883): HoldService:preHoldShow start!
I/HwSystemManager( 3883): HoldService:The prePermissionType is: 1
I/HwSystemManager( 3883): HoldService:preHoldShow start!
I/HwSystemManager( 3883): HoldService:The prePermissionType is: 1
W/Settings(19947): Setting auto_time has moved from android.provider.Settings.System to android.provider.Settings.Global, returning read-only value.
W/Settings(19947): Setting auto_time has moved from android.provider.Settings.System to android.provider.Settings.Global, returning read-only value.
W/Settings(19947): Setting auto_time has moved from android.provider.Settings.System to android.provider.Settings.Global, returning read-only value.
W/Settings(19947): Setting auto_time has moved from android.provider.Settings.System to android.provider.Settings.Global, returning read-only value.
W/Settings(19947): Setting auto_time has moved from android.provider.Settings.System to android.provider.Settings.Global, returning read-only value.
W/Settings(19947): Setting auto_time has moved from android.provider.Settings.System to android.provider.Settings.Global, returning read-only value.
W/Settings(19947): Setting auto_time has moved from android.provider.Settings.System to android.provider.Settings.Global, returning read-only value.
W/Settings(19947): Setting auto_time has moved from android.provider.Settings.System to android.provider.Settings.Global, returning read-only value.
W/Settings(19947): Setting auto_time has moved from android.provider.Settings.System to android.provider.Settings.Global, returning read-only value.
W/Settings(19947): Setting auto_time has moved from android.provider.Settings.System to android.provider.Settings.Global, returning read-only value.
W/Settings(19947): Setting auto_time has moved from android.provider.Settings.System to android.provider.Settings.Global, returning read-only value.
W/Settings(19947): Setting auto_time has moved from android.provider.Settings.System to android.provider.Settings.Global, returning read-only value.
W/Settings(19947): Setting auto_time has moved from android.provider.Settings.System to android.provider.Settings.Global, returning read-only value.
W/Settings(19947): Setting auto_time has moved from android.provider.Settings.System to android.provider.Settings.Global, returning read-only value.
W/Settings(19947): Setting auto_time has moved from android.provider.Settings.System to android.provider.Settings.Global, returning read-only value.
W/Settings(19947): Setting auto_time has moved from android.provider.Settings.System to android.provider.Settings.Global, returning read-only value.
W/Settings(19947): Setting auto_time has moved from android.provider.Settings.System to android.provider.Settings.Global, returning read-only value.
W/Settings(19947): Setting auto_time has moved from android.provider.Settings.System to android.provider.Settings.Global, returning read-only value.
W/Settings(19947): Setting auto_time has moved from android.provider.Settings.System to android.provider.Settings.Global, returning read-only value.
W/Settings(19947): Setting auto_time has moved from android.provider.Settings.System to android.provider.Settings.Global, returning read-only value.
W/Settings(19947): Setting auto_time has moved from android.provider.Settings.System to android.provider.Settings.Global, returning read-only value.
W/Settings(19947): Setting auto_time has moved from android.provider.Settings.System to android.provider.Settings.Global, returning read-only value.
W/Settings(19947): Setting auto_time has moved from android.provider.Settings.System to android.provider.Settings.Global, returning read-only value.
W/Settings(19947): Setting auto_time has moved from android.provider.Settings.System to android.provider.Settings.Global, returning read-only value.
W/Settings(19947): Setting auto_time has moved from android.provider.Settings.System to android.provider.Settings.Global, returning read-only value.
W/Settings(19947): Setting auto_time has moved from android.provider.Settings.System to android.provider.Settings.Global, returning read-only value.
W/Settings(19947): Setting auto_time has moved from android.provider.Settings.System to android.provider.Settings.Global, returning read-only value.
W/Settings(19947): Setting auto_time has moved from android.provider.Settings.System to android.provider.Settings.Global, returning read-only value.
W/Settings(19947): Setting auto_time has moved from android.provider.Settings.System to android.provider.Settings.Global, returning read-only value.
W/Settings(19947): Setting auto_time has moved from android.provider.Settings.System to android.provider.Settings.Global, returning read-only value.
W/Settings(19947): Setting auto_time has moved from android.provider.Settings.System to android.provider.Settings.Global, returning read-only value.
W/Settings(19947): Setting auto_time has moved from android.provider.Settings.System to android.provider.Settings.Global, returning read-only value.
W/Settings(19947): Setting auto_time has moved from android.provider.Settings.System to android.provider.Settings.Global, returning read-only value.
W/Settings(19947): Setting auto_time has moved from android.provider.Settings.System to android.provider.Settings.Global, returning read-only value.
W/Settings(19947): Setting auto_time has moved from android.provider.Settings.System to android.provider.Settings.Global, returning read-only value.
W/Settings(19947): Setting auto_time has moved from android.provider.Settings.System to android.provider.Settings.Global, returning read-only value.
W/Settings(19947): Setting auto_time has moved from android.provider.Settings.System to android.provider.Settings.Global, returning read-only value.
W/Settings(19947): Setting auto_time has moved from android.provider.Settings.System to android.provider.Settings.Global, returning read-only value.
W/Settings(19947): Setting auto_time has moved from android.provider.Settings.System to android.provider.Settings.Global, returning read-only value.
W/Settings(19947): Setting auto_time has moved from android.provider.Settings.System to android.provider.Settings.Global, returning read-only value.
W/Settings(19947): Setting auto_time has moved from android.provider.Settings.System to android.provider.Settings.Global, returning read-only value.
W/Settings(19947): Setting auto_time has moved from android.provider.Settings.System to android.provider.Settings.Global, returning read-only value.
W/Settings(19947): Setting auto_time has moved from android.provider.Settings.System to android.provider.Settings.Global, returning read-only value.
W/Settings(19947): Setting auto_time has moved from android.provider.Settings.System to android.provider.Settings.Global, returning read-only value.
W/Settings(19947): Setting auto_time has moved from android.provider.Settings.System to android.provider.Settings.Global, returning read-only value.
W/Settings(19947): Setting auto_time has moved from android.provider.Settings.System to android.provider.Settings.Global, returning read-only value.
W/Settings(19947): Setting auto_time has moved from android.provider.Settings.System to android.provider.Settings.Global, returning read-only value.
W/Settings(19947): Setting auto_time has moved from android.provider.Settings.System to android.provider.Settings.Global, returning read-only value.
W/Settings(19947): Setting auto_time has moved from android.provider.Settings.System to android.provider.Settings.Global, returning read-only value.
W/Settings(19947): Setting auto_time has moved from android.provider.Settings.System to android.provider.Settings.Global, returning read-only value.
W/Settings(19947): Setting auto_time has moved from android.provider.Settings.System to android.provider.Settings.Global, returning read-only value.
W/Settings(19947): Setting auto_time has moved from android.provider.Settings.System to android.provider.Settings.Global, returning read-only value.
W/System.err(22854): com.qq.taf.jce.JceDecodeException: require field not exist.
W/System.err(22854): 	at com.qq.taf.jce.JceInputStream.read(JceInputStream.java:274)
W/System.err(22854): 	at com.tencent.assistant.protocol.jce.GftGetUserAppListResponse.readFrom(ProGuard:51)
W/System.err(22854): 	at com.tencent.assistant.utils.JceUtils.bytes2JceObj(ProGuard:105)
W/System.err(22854): 	at com.tencent.assistant.db.JceCache.readSingleFromCache(ProGuard:173)
W/System.err(22854): 	at com.tencent.assistant.db.JceCache.readJceFromCache(ProGuard:152)
W/System.err(22854): 	at com.tencent.assistant.manager.c.getGetGameUserAppListResponse(ProGuard:682)
W/System.err(22854): 	at com.tencent.game.gamefloating.manager.GameFloatTipsManager.c(ProGuard:266)
W/System.err(22854): 	at com.tencent.game.gamefloating.manager.GameFloatTipsManager.a(ProGuard:493)
W/System.err(22854): 	at com.tencent.game.gamefloating.manager.f.run(ProGuard:40)
W/System.err(22854): 	at java.util.concurrent.Executors$RunnableAdapter.call(Executors.java:422)
W/System.err(22854): 	at java.util.concurrent.FutureTask.run(FutureTask.java:237)
W/System.err(22854): 	at java.util.concurrent.ScheduledThreadPoolExecutor$ScheduledFutureTask.access$201(ScheduledThreadPoolExecutor.java:152)
W/System.err(22854): 	at java.util.concurrent.ScheduledThreadPoolExecutor$ScheduledFutureTask.run(ScheduledThreadPoolExecutor.java:265)
W/System.err(22854): 	at java.util.concurrent.ThreadPoolExecutor.runWorker(ThreadPoolExecutor.java:1112)
W/System.err(22854): 	at java.util.concurrent.ThreadPoolExecutor$Worker.run(ThreadPoolExecutor.java:587)
W/System.err(22854): 	at java.lang.Thread.run(Thread.java:841)
E/HwSystemManager( 3883): BgPowerManagerService: conusmPower = -18 result = -208 flag1 =false flag2 = false
W/System.err(22854): com.qq.taf.jce.JceDecodeException: require field not exist.
W/System.err(22854): 	at com.qq.taf.jce.JceInputStream.read(JceInputStream.java:274)
W/System.err(22854): 	at com.tencent.assistant.protocol.jce.GftGetUserAppListResponse.readFrom(ProGuard:51)
W/System.err(22854): 	at com.tencent.assistant.utils.JceUtils.bytes2JceObj(ProGuard:105)
W/System.err(22854): 	at com.tencent.assistant.db.JceCache.readSingleFromCache(ProGuard:173)
W/System.err(22854): 	at com.tencent.assistant.db.JceCache.readJceFromCache(ProGuard:152)
W/System.err(22854): 	at com.tencent.assistant.manager.c.getGetGameUserAppListResponse(ProGuard:682)
W/System.err(22854): 	at com.tencent.game.gamefloating.manager.GameFloatTipsManager.c(ProGuard:266)
W/System.err(22854): 	at com.tencent.game.gamefloating.manager.GameFloatTipsManager.a(ProGuard:493)
W/System.err(22854): 	at com.tencent.game.gamefloating.manager.f.run(ProGuard:40)
W/System.err(22854): 	at java.util.concurrent.Executors$RunnableAdapter.call(Executors.java:422)
W/System.err(22854): 	at java.util.concurrent.FutureTask.run(FutureTask.java:237)
W/System.err(22854): 	at java.util.concurrent.ScheduledThreadPoolExecutor$ScheduledFutureTask.access$201(ScheduledThreadPoolExecutor.java:152)
W/System.err(22854): 	at java.util.concurrent.ScheduledThreadPoolExecutor$ScheduledFutureTask.run(ScheduledThreadPoolExecutor.java:265)
W/System.err(22854): 	at java.util.concurrent.ThreadPoolExecutor.runWorker(ThreadPoolExecutor.java:1112)
W/System.err(22854): 	at java.util.concurrent.ThreadPoolExecutor$Worker.run(ThreadPoolExecutor.java:587)
W/System.err(22854): 	at java.lang.Thread.run(Thread.java:841)
E/Thermal-daemon( 2431): [ap] temp_new :27  temp_old :26
W/System.err(22854): com.qq.taf.jce.JceDecodeException: require field not exist.
W/System.err(22854): 	at com.qq.taf.jce.JceInputStream.read(JceInputStream.java:274)
W/System.err(22854): 	at com.tencent.assistant.protocol.jce.GftGetUserAppListResponse.readFrom(ProGuard:51)
W/System.err(22854): 	at com.tencent.assistant.utils.JceUtils.bytes2JceObj(ProGuard:105)
W/System.err(22854): 	at com.tencent.assistant.db.JceCache.readSingleFromCache(ProGuard:173)
W/System.err(22854): 	at com.tencent.assistant.db.JceCache.readJceFromCache(ProGuard:152)
W/System.err(22854): 	at com.tencent.assistant.manager.c.getGetGameUserAppListResponse(ProGuard:682)
W/System.err(22854): 	at com.tencent.game.gamefloating.manager.GameFloatTipsManager.c(ProGuard:266)
W/System.err(22854): 	at com.tencent.game.gamefloating.manager.GameFloatTipsManager.a(ProGuard:493)
W/System.err(22854): 	at com.tencent.game.gamefloating.manager.f.run(ProGuard:40)
W/System.err(22854): 	at java.util.concurrent.Executors$RunnableAdapter.call(Executors.java:422)
W/System.err(22854): 	at java.util.concurrent.FutureTask.run(FutureTask.java:237)
W/System.err(22854): 	at java.util.concurrent.ScheduledThreadPoolExecutor$ScheduledFutureTask.access$201(ScheduledThreadPoolExecutor.java:152)
W/System.err(22854): 	at java.util.concurrent.ScheduledThreadPoolExecutor$ScheduledFutureTask.run(ScheduledThreadPoolExecutor.java:265)
W/System.err(22854): 	at java.util.concurrent.ThreadPoolExecutor.runWorker(ThreadPoolExecutor.java:1112)
W/System.err(22854): 	at java.util.concurrent.ThreadPoolExecutor$Worker.run(ThreadPoolExecutor.java:587)
W/System.err(22854): 	at java.lang.Thread.run(Thread.java:841)
W/System.err(22854): com.qq.taf.jce.JceDecodeException: require field not exist.
W/System.err(22854): 	at com.qq.taf.jce.JceInputStream.read(JceInputStream.java:274)
W/System.err(22854): 	at com.tencent.assistant.protocol.jce.GftGetUserAppListResponse.readFrom(ProGuard:51)
W/System.err(22854): 	at com.tencent.assistant.utils.JceUtils.bytes2JceObj(ProGuard:105)
W/System.err(22854): 	at com.tencent.assistant.db.JceCache.readSingleFromCache(ProGuard:173)
W/System.err(22854): 	at com.tencent.assistant.db.JceCache.readJceFromCache(ProGuard:152)
W/System.err(22854): 	at com.tencent.assistant.manager.c.getGetGameUserAppListResponse(ProGuard:682)
W/System.err(22854): 	at com.tencent.game.gamefloating.manager.GameFloatTipsManager.c(ProGuard:266)
W/System.err(22854): 	at com.tencent.game.gamefloating.manager.GameFloatTipsManager.a(ProGuard:493)
W/System.err(22854): 	at com.tencent.game.gamefloating.manager.f.run(ProGuard:40)
W/System.err(22854): 	at java.util.concurrent.Executors$RunnableAdapter.call(Executors.java:422)
W/System.err(22854): 	at java.util.concurrent.FutureTask.run(FutureTask.java:237)
W/System.err(22854): 	at java.util.concurrent.ScheduledThreadPoolExecutor$ScheduledFutureTask.access$201(ScheduledThreadPoolExecutor.java:152)
W/System.err(22854): 	at java.util.concurrent.ScheduledThreadPoolExecutor$ScheduledFutureTask.run(ScheduledThreadPoolExecutor.java:265)
W/System.err(22854): 	at java.util.concurrent.ThreadPoolExecutor.runWorker(ThreadPoolExecutor.java:1112)
W/System.err(22854): 	at java.util.concurrent.ThreadPoolExecutor$Worker.run(ThreadPoolExecutor.java:587)
W/System.err(22854): 	at java.lang.Thread.run(Thread.java:841)
W/System.err(22854): com.qq.taf.jce.JceDecodeException: require field not exist.
W/System.err(22854): 	at com.qq.taf.jce.JceInputStream.read(JceInputStream.java:274)
W/System.err(22854): 	at com.tencent.assistant.protocol.jce.GftGetUserAppListResponse.readFrom(ProGuard:51)
W/System.err(22854): 	at com.tencent.assistant.utils.JceUtils.bytes2JceObj(ProGuard:105)
W/System.err(22854): 	at com.tencent.assistant.db.JceCache.readSingleFromCache(ProGuard:173)
W/System.err(22854): 	at com.tencent.assistant.db.JceCache.readJceFromCache(ProGuard:152)
W/System.err(22854): 	at com.tencent.assistant.manager.c.getGetGameUserAppListResponse(ProGuard:682)
W/System.err(22854): 	at com.tencent.game.gamefloating.manager.GameFloatTipsManager.c(ProGuard:266)
W/System.err(22854): 	at com.tencent.game.gamefloating.manager.GameFloatTipsManager.a(ProGuard:493)
W/System.err(22854): 	at com.tencent.game.gamefloating.manager.f.run(ProGuard:40)
W/System.err(22854): 	at java.util.concurrent.Executors$RunnableAdapter.call(Executors.java:422)
W/System.err(22854): 	at java.util.concurrent.FutureTask.run(FutureTask.java:237)
