W/System.err( 1710): 	at dalvik.system.NativeStart.run(Native Method)
W/View    (24221): requestLayout() improperly called by com.android.systemui.statusbar.phone.IconMerger{432b7018 V.E..... ......I. 0,0-270,75 #7f0a0067 app:id/notificationIcons} during layout: running second layout pass
W/InputEventReceiver( 1710): Attempted to finish an input event but the input event receiver has already been disposed.
W/InputEventReceiver( 1710): Attempted to finish an input event but the input event receiver has already been disposed.
W/View    (24221): requestLayout() improperly called by com.android.systemui.statusbar.phone.IconMerger{432b7018 V.E..... ........ 0,0-270,75 #7f0a0067 app:id/notificationIcons} during second layout pass: posting in next frame
E/SelfBrailleClient( 1710): Failed to bind to service
I/AndroidRuntime(15000): VM exiting with result code 0.
E/Thermal-daemon( 2432): [pa_0] temp_new :38  temp_old :37
E/Thermal-daemon( 2432): Report temperature: [pa_0] temp :38  report_threshold:1
E/Thermal-daemon( 2432): [flash_led] temp_new :38  temp_old :37
E/Thermal-daemon( 2432): Report temperature: [flash_led] temp :38  report_threshold:1
W/View    (24221): requestLayout() improperly called by com.android.systemui.statusbar.phone.IconMerger{432b7018 V.E..... ......I. 0,0-270,75 #7f0a0067 app:id/notificationIcons} during layout: running second layout pass
I/KeepAlive(15563): onCheckState
I/KeepAlive(15563): Check Push Process Importance [100], isFocus [true].
I/KeepAlive(15563): onCloseOffScreenActivity
W/View    (24221): requestLayout() improperly called by com.android.systemui.statusbar.phone.IconMerger{432b7018 V.E..... ......I. 0,0-270,75 #7f0a0067 app:id/notificationIcons} during layout: running second layout pass
W/View    (24221): requestLayout() improperly called by com.android.systemui.statusbar.phone.IconMerger{432b7018 V.E..... ........ 0,0-270,75 #7f0a0067 app:id/notificationIcons} during second layout pass: posting in next frame
W/View    (24221): requestLayout() improperly called by com.android.systemui.statusbar.phone.IconMerger{432b7018 V.E..... ......I. 0,0-270,75 #7f0a0067 app:id/notificationIcons} during second layout pass: posting in next frame
E/SelfBrailleClient( 1710): Failed to bind to service
E/SelfBrailleClient( 1710): Failed to bind to service
W/GooglePlayServicesUtil( 1220): Google Play Store is missing.
W/GooglePlayServicesUtil( 1220): Google Play Store is missing.
W/View    (24221): requestLayout() improperly called by com.android.systemui.statusbar.phone.IconMerger{432b7018 V.E..... ......I. 0,0-270,75 #7f0a0067 app:id/notificationIcons} during layout: running second layout pass
W/View    (24221): requestLayout() improperly called by com.android.systemui.statusbar.phone.IconMerger{432b7018 V.E..... ......I. 0,0-270,75 #7f0a0067 app:id/notificationIcons} during layout: running second layout pass
W/View    (24221): requestLayout() improperly called by com.android.systemui.statusbar.phone.IconMerger{432b7018 V.E..... ........ 0,0-270,75 #7f0a0067 app:id/notificationIcons} during second layout pass: posting in next frame
W/View    (24221): requestLayout() improperly called by com.android.systemui.statusbar.phone.IconMerger{432b7018 V.E..... ......I. 0,0-270,75 #7f0a0067 app:id/notificationIcons} during second layout pass: posting in next frame
W/View    (24221): requestLayout() improperly called by com.android.systemui.statusbar.phone.IconMerger{432b7018 V.E..... ......I. 0,0-270,75 #7f0a0067 app:id/notificationIcons} during layout: running second layout pass
W/View    (24221): requestLayout() improperly called by com.android.systemui.statusbar.phone.IconMerger{432b7018 V.E..... ........ 0,0-270,75 #7f0a0067 app:id/notificationIcons} during second layout pass: posting in next frame
E/Thermal-daemon( 2432): [ap] temp_new :40  temp_old :41
E/Thermal-daemon( 2432): Report temperature: [ap] temp :40  report_threshold:1
E/SelfBrailleClient( 1710): Failed to bind to service
W/View    (24221): requestLayout() improperly called by com.android.systemui.statusbar.phone.IconMerger{432b7018 V.E..... ......I. 0,0-270,75 #7f0a0067 app:id/notificationIcons} during layout: running second layout pass
W/Settings(31588): Setting auto_time has moved from android.provider.Settings.System to android.provider.Settings.Global, returning read-only value.
I/wpa_supplicant(27084): wlan0: HEART-BEAT-ACK: 4147
W/View    (24221): requestLayout() improperly called by com.android.systemui.statusbar.phone.IconMerger{432b7018 V.E..... ........ 0,0-270,75 #7f0a0067 app:id/notificationIcons} during second layout pass: posting in next frame
I/CAPALiteReceiver( 3522): USER STATE: STATIONARY SUB STATE: UNKNOWN
W/GooglePlayServicesUtil( 1220): Google Play Store is missing.
W/GooglePlayServicesUtil( 1220): Google Play Store is missing.
W/View    (24221): requestLayout() improperly called by com.android.systemui.statusbar.phone.IconMerger{432b7018 V.E..... ......I. 0,0-270,75 #7f0a0067 app:id/notificationIcons} during layout: running second layout pass
W/View    (24221): requestLayout() improperly called by com.android.systemui.statusbar.phone.IconMerger{432b7018 V.E..... ........ 0,0-270,75 #7f0a0067 app:id/notificationIcons} during second layout pass: posting in next frame
E/Thermal-daemon( 2432): [charger] temp_new :38  temp_old :37
E/Thermal-daemon( 2432): Report temperature: [charger] temp :38  report_threshold:1
W/View    (24221): requestLayout() improperly called by com.android.systemui.statusbar.phone.IconMerger{432b7018 V.E..... ......I. 0,0-270,75 #7f0a0067 app:id/notificationIcons} during layout: running second layout pass
E/CommandListener( 2418): readDefRoute call readDefRoute
E/SecondaryTablController( 2418): isWifiDefaultRouteExisted /system/bin/ip route
E/CommandListener( 2418): readDefRoute Rsp ok
W/View    (24221): requestLayout() improperly called by com.android.systemui.statusbar.phone.IconMerger{432b7018 V.E..... ........ 0,0-270,75 #7f0a0067 app:id/notificationIcons} during second layout pass: posting in next frame
E/Thermal-daemon( 2432): [ap] temp_new :39  temp_old :40
E/Thermal-daemon( 2432): Report temperature: [ap] temp :39  report_threshold:1
W/GooglePlayServicesUtil( 1220): Google Play Store is missing.
W/GooglePlayServicesUtil( 1220): Google Play Store is missing.
W/View    (24221): requestLayout() improperly called by com.android.systemui.statusbar.phone.IconMerger{432b7018 V.E..... ......I. 0,0-270,75 #7f0a0067 app:id/notificationIcons} during layout: running second layout pass
I/wpa_supplicant(27084): wlan0: HEART-BEAT-ACK: 4148
W/View    (24221): requestLayout() improperly called by com.android.systemui.statusbar.phone.IconMerger{432b7018 V.E..... ........ 0,0-270,75 #7f0a0067 app:id/notificationIcons} during second layout pass: posting in next frame
W/View    (24221): requestLayout() improperly called by com.android.systemui.statusbar.phone.IconMerger{432b7018 V.E..... ......I. 0,0-270,75 #7f0a0067 app:id/notificationIcons} during layout: running second layout pass
W/GooglePlayServicesUtil( 1220): Google Play Store is missing.
W/GooglePlayServicesUtil( 1220): Google Play Store is missing.
E/android_hardware_fm.cpp(15232): register_android_hardware_fm_fmradio
E/FM_HAL  (15232): [FM_HAL], fm_dynamic_lib is libbcmfm_if
E/FM_HAL  (15232): [FM_HAL], libname is libbcmfm_if
E/fm_if.c (15232): find the id:libbcmfm_if and begins to open the devices
E/android_hardware_fm.cpp(15232): register_android_hardware_fm_fmradio, ret is 0
E/        (15232): ProtocolErrorLog wangkang test!!
W/View    (24221): requestLayout() improperly called by com.android.systemui.statusbar.phone.IconMerger{432b7018 V.E..... ........ 0,0-270,75 #7f0a0067 app:id/notificationIcons} during second layout pass: posting in next frame
E/Thermal-daemon( 2432): [flash_led] temp_new :37  temp_old :38
E/Thermal-daemon( 2432): Report temperature: [flash_led] temp :37  report_threshold:1
W/View    (24221): requestLayout() improperly called by com.android.systemui.statusbar.phone.IconMerger{432b7018 V.E..... ......I. 0,0-270,75 #7f0a0067 app:id/notificationIcons} during layout: running second layout pass
W/View    (24221): requestLayout() improperly called by com.android.systemui.statusbar.phone.IconMerger{432b7018 V.E..... ......I. 0,0-270,75 #7f0a0067 app:id/notificationIcons} during layout: running second layout pass
W/View    (24221): requestLayout() improperly called by com.android.systemui.statusbar.phone.IconMerger{432b7018 V.E..... ........ 0,0-270,75 #7f0a0067 app:id/notificationIcons} during second layout pass: posting in next frame
W/View    (24221): requestLayout() improperly called by com.android.systemui.statusbar.phone.IconMerger{432b7018 V.E..... ......I. 0,0-270,75 #7f0a0067 app:id/notificationIcons} during second layout pass: posting in next frame
W/View    (24221): requestLayout() improperly called by com.android.systemui.statusbar.phone.IconMerger{432b7018 V.E..... ......I. 0,0-270,75 #7f0a0067 app:id/notificationIcons} during layout: running second layout pass
E/Thermal-daemon( 2432): [pa_0] temp_new :37  temp_old :38
E/Thermal-daemon( 2432): Report temperature: [pa_0] temp :37  report_threshold:1
W/GooglePlayServicesUtil( 1220): Google Play Store is missing.
W/GooglePlayServicesUtil( 1220): Google Play Store is missing.
W/View    (24221): requestLayout() improperly called by com.android.systemui.statusbar.phone.IconMerger{432b7018 V.E..... ......I. 0,0-270,75 #7f0a0067 app:id/notificationIcons} during layout: running second layout pass
W/View    (24221): requestLayout() improperly called by com.android.systemui.statusbar.phone.IconMerger{432b7018 V.E..... ........ 0,0-270,75 #7f0a0067 app:id/notificationIcons} during second layout pass: posting in next frame
W/View    (24221): requestLayout() improperly called by com.android.systemui.statusbar.phone.IconMerger{432b7018 V.E..... ......I. 0,0-270,75 #7f0a0067 app:id/notificationIcons} during second layout pass: posting in next frame
I/wpa_supplicant(27084): wlan0: HEART-BEAT-ACK: 4149
W/View    (24221): requestLayout() improperly called by com.android.systemui.statusbar.phone.IconMerger{432b7018 V.E..... ......I. 0,0-270,75 #7f0a0067 app:id/notificationIcons} during layout: running second layout pass
W/View    (24221): requestLayout() improperly called by com.android.systemui.statusbar.phone.IconMerger{432b7018 V.E..... ........ 0,0-270,75 #7f0a0067 app:id/notificationIcons} during second layout pass: posting in next frame
W/View    (24221): requestLayout() improperly called by com.android.systemui.statusbar.phone.IconMerger{432b7018 V.E..... ......I. 0,0-270,75 #7f0a0067 app:id/notificationIcons} during layout: running second layout pass
W/View    (24221): requestLayout() improperly called by com.android.systemui.statusbar.phone.IconMerger{432b7018 V.E..... ........ 0,0-270,75 #7f0a0067 app:id/notificationIcons} during second layout pass: posting in next frame
E/CommandListener( 2418): readDefRoute call readDefRoute
E/SecondaryTablController( 2418): isWifiDefaultRouteExisted /system/bin/ip route
W/GooglePlayServicesUtil( 1220): Google Play Store is missing.
W/GooglePlayServicesUtil( 1220): Google Play Store is missing.
E/Thermal-daemon( 2432): [ap] temp_new :38  temp_old :39
E/Thermal-daemon( 2432): Report temperature: [ap] temp :38  report_threshold:1
E/CommandListener( 2418): readDefRoute Rsp ok
I/dalvikvm( 1220): Jit: resizing JitTable from 8192 to 16384
E/android_hardware_fm.cpp(15269): register_android_hardware_fm_fmradio
E/FM_HAL  (15269): [FM_HAL], fm_dynamic_lib is libbcmfm_if
E/FM_HAL  (15269): [FM_HAL], libname is libbcmfm_if
E/fm_if.c (15269): find the id:libbcmfm_if and begins to open the devices
E/android_hardware_fm.cpp(15269): register_android_hardware_fm_fmradio, ret is 0
E/        (15269): ProtocolErrorLog wangkang test!!
E/android_hardware_fm.cpp(15281): register_android_hardware_fm_fmradio
E/FM_HAL  (15281): [FM_HAL], fm_dynamic_lib is libbcmfm_if
E/FM_HAL  (15281): [FM_HAL], libname is libbcmfm_if
E/fm_if.c (15281): find the id:libbcmfm_if and begins to open the devices
E/android_hardware_fm.cpp(15281): register_android_hardware_fm_fmradio, ret is 0
E/        (15281): ProtocolErrorLog wangkang test!!
W/View    (24221): requestLayout() improperly called by com.android.systemui.statusbar.phone.IconMerger{432b7018 V.E..... ......I. 0,0-270,75 #7f0a0067 app:id/notificationIcons} during layout: running second layout pass
E/android_hardware_fm.cpp(15297): register_android_hardware_fm_fmradio
E/FM_HAL  (15297): [FM_HAL], fm_dynamic_lib is libbcmfm_if
E/FM_HAL  (15297): [FM_HAL], libname is libbcmfm_if
E/fm_if.c (15297): find the id:libbcmfm_if and begins to open the devices
E/android_hardware_fm.cpp(15297): register_android_hardware_fm_fmradio, ret is 0
E/        (15297): ProtocolErrorLog wangkang test!!
W/View    (24221): requestLayout() improperly called by com.android.systemui.statusbar.phone.IconMerger{432b7018 V.E..... ........ 0,0-270,75 #7f0a0067 app:id/notificationIcons} during second layout pass: posting in next frame
I/wpa_supplicant(27084): wlan0: HEART-BEAT-ACK: 4150
I/InputDispatcher( 3084): maybe input dispatch timeout, send to pg
E/AudioFlinger( 2426): setLppDtsGeq():invalid keyValue of dts geq.
E/AudioFlinger( 2426): setLppDtsGeq():invalid keyValue of dts geq.
E/AudioFlinger( 2426): setLppDtsGeq():invalid keyValue of dts geq.
I/audio_hw_primary( 2426): output_change_for_devchange : oldDev=1, newDev=2
I/audio_hw_primary( 2426): start_output_stream : mode=0, devices=2
W/GooglePlayServicesUtil( 1220): Google Play Store is missing.
W/GooglePlayServicesUtil( 1220): Google Play Store is missing.
W/View    (24221): requestLayout() improperly called by com.android.systemui.statusbar.phone.IconMerger{432b7018 V.E..... ......I. 0,0-270,75 #7f0a0067 app:id/notificationIcons} during layout: running second layout pass
E/Thermal-daemon( 2432): [ap] temp_new :39  temp_old :38
E/Thermal-daemon( 2432): Report temperature: [ap] temp :39  report_threshold:1
W/View    (24221): requestLayout() improperly called by com.android.systemui.statusbar.phone.IconMerger{432b7018 V.E..... ........ 0,0-270,75 #7f0a0067 app:id/notificationIcons} during second layout pass: posting in next frame
W/View    (24221): requestLayout() improperly called by com.android.systemui.statusbar.phone.IconMerger{432b7018 V.E..... ......I. 0,0-270,75 #7f0a0067 app:id/notificationIcons} during layout: running second layout pass
W/View    (24221): requestLayout() improperly called by com.android.systemui.statusbar.phone.IconMerger{432b7018 V.E..... ......I. 0,0-270,75 #7f0a0067 app:id/notificationIcons} during layout: running second layout pass
W/View    (24221): requestLayout() improperly called by com.android.systemui.statusbar.phone.IconMerger{432b7018 V.E..... ........ 0,0-270,75 #7f0a0067 app:id/notificationIcons} during second layout pass: posting in next frame
W/View    (24221): requestLayout() improperly called by com.android.systemui.statusbar.phone.IconMerger{432b7018 V.E..... ......I. 0,0-270,75 #7f0a0067 app:id/notificationIcons} during second layout pass: posting in next frame
W/View    (24221): requestLayout() improperly called by com.android.systemui.statusbar.phone.IconMerger{432b7018 V.E..... ......I. 0,0-270,75 #7f0a0067 app:id/notificationIcons} during layout: running second layout pass
W/View    (24221): requestLayout() improperly called by com.android.systemui.statusbar.phone.IconMerger{432b7018 V.E..... ........ 0,0-270,75 #7f0a0067 app:id/notificationIcons} during second layout pass: posting in next frame
I/audio_hw_primary( 2426): [do_output_standby],do_output_standby-----out->standby_lpp : 1
W/GooglePlayServicesUtil( 1220): Google Play Store is missing.
W/GooglePlayServicesUtil( 1220): Google Play Store is missing.
W/View    (24221): requestLayout() improperly called by com.android.systemui.statusbar.phone.IconMerger{432b7018 V.E..... ......I. 0,0-270,75 #7f0a0067 app:id/notificationIcons} during layout: running second layout pass
I/CAPALiteReceiver( 3522): USER STATE: STATIONARY SUB STATE: UNKNOWN
W/View    (24221): requestLayout() improperly called by com.android.systemui.statusbar.phone.IconMerger{432b7018 V.E..... ........ 0,0-270,75 #7f0a0067 app:id/notificationIcons} during second layout pass: posting in next frame
I/wpa_supplicant(27084): wlan0: HEART-BEAT-ACK: 4151
E/Thermal-daemon( 2432): [pa_0] temp_new :38  temp_old :37
E/Thermal-daemon( 2432): Report temperature: [pa_0] temp :38  report_threshold:1
W/GooglePlayServicesUtil( 1220): Google Play Store is missing.
W/GooglePlayServicesUtil( 1220): Google Play Store is missing.
W/View    (24221): requestLayout() improperly called by com.android.systemui.statusbar.phone.IconMerger{432b7018 V.E..... ......I. 0,0-270,75 #7f0a0067 app:id/notificationIcons} during layout: running second layout pass
W/View    (24221): requestLayout() improperly called by com.android.systemui.statusbar.phone.IconMerger{432b7018 V.E..... ........ 0,0-270,75 #7f0a0067 app:id/notificationIcons} during second layout pass: posting in next frame
E/CommandListener( 2418): readDefRoute call readDefRoute
E/SecondaryTablController( 2418): isWifiDefaultRouteExisted /system/bin/ip route
E/CommandListener( 2418): readDefRoute Rsp ok
I/wpa_supplicant(27084): wlan0: HEART-BEAT-ACK: 4152
I/StatusBar.KeyButtonView(24221): action=0, flags=0, when=415106108, repeatCount=0, mDownTime=415106108, mCode=4
I/StatusBar.KeyButtonView(24221): action=1, flags=0, when=415106187, repeatCount=0, mDownTime=415106108, mCode=4
W/InputEventReceiver( 1710): Attempted to finish an input event but the input event receiver has already been disposed.
W/GooglePlayServicesUtil( 1220): Google Play Store is missing.
W/GooglePlayServicesUtil( 1220): Google Play Store is missing.
W/GooglePlayServicesUtil( 1220): Google Play Store is missing.
W/GooglePlayServicesUtil( 1220): Google Play Store is missing.
W/View    (24221): requestLayout() improperly called by com.android.systemui.statusbar.phone.IconMerger{432b7018 V.E..... ......I. 0,0-270,75 #7f0a0067 app:id/notificationIcons} during layout: running second layout pass
I/wpa_supplicant(27084): wlan0: HEART-BEAT-ACK: 4153
W/GooglePlayServicesUtil( 1220): Google Play Store is missing.
W/GooglePlayServicesUtil( 1220): Google Play Store is missing.
E/android_hardware_fm.cpp(15613): register_android_hardware_fm_fmradio
E/FM_HAL  (15613): [FM_HAL], fm_dynamic_lib is libbcmfm_if
E/FM_HAL  (15613): [FM_HAL], libname is libbcmfm_if
E/fm_if.c (15613): find the id:libbcmfm_if and begins to open the devices
E/android_hardware_fm.cpp(15613): register_android_hardware_fm_fmradio, ret is 0
E/        (15613): ProtocolErrorLog wangkang test!!
E/CommandListener( 2418): readDefRoute call readDefRoute
E/SecondaryTablController( 2418): isWifiDefaultRouteExisted /system/bin/ip route
E/CommandListener( 2418): readDefRoute Rsp ok
W/GooglePlayServicesUtil( 1220): Google Play Store is missing.
W/GooglePlayServicesUtil( 1220): Google Play Store is missing.
I/wpa_supplicant(27084): wlan0: HEART-BEAT-ACK: 4154
W/View    (24221): requestLayout() improperly called by com.android.systemui.statusbar.phone.IconMerger{432b7018 V.E..... ......I. 0,0-270,75 #7f0a0067 app:id/notificationIcons} during layout: running second layout pass
W/View    (24221): requestLayout() improperly called by com.android.systemui.statusbar.phone.IconMerger{432b7018 V.E..... ........ 0,0-270,75 #7f0a0067 app:id/notificationIcons} during second layout pass: posting in next frame
W/View    (24221): requestLayout() improperly called by com.android.systemui.statusbar.phone.IconMerger{432b7018 V.E..... ......I. 0,0-270,75 #7f0a0067 app:id/notificationIcons} during second layout pass: posting in next frame
E/WifiStateMachine( 3084): Unexpected BatchedScanResults :OK
I/DHCPCD  (15702): sending signal 14 to pid 1372
I/DHCPCD  ( 1372): received SIGALRM, renewing
I/DHCPCD  ( 1372): wlan0: dhcp renew, renewing lease of 192.168.1.100
I/DHCPCD  ( 1372): wlan0: dhcp ack, acknowledged 192.168.1.100 from 192.168.1.1
I/DHCPCD  ( 1372): wlan0: leased 192.168.1.100 for 7200 seconds
I/WifiStateTracker( 3084): NETWORK_STATE_CHANGED_ACTION:NetworkInfo: type: WIFI[], state: CONNECTING/VERIFYING_POOR_LINK, reason: (unspecified), extra: "s1002", roaming: false, failover: false, isAvailable: true, isConnectedToProvisioningNetwork: false
I/WifiStateTracker( 3084): NETWORK_STATE_CHANGED_ACTION:NetworkInfo: type: WIFI[], state: CONNECTING/CAPTIVE_PORTAL_CHECK, reason: (unspecified), extra: "s1002", roaming: false, failover: false, isAvailable: true, isConnectedToProvisioningNetwork: false
I/WifiStateTracker( 3084): NETWORK_STATE_CHANGED_ACTION:NetworkInfo: type: WIFI[], state: CONNECTED/CONNECTED, reason: (unspecified), extra: "s1002", roaming: false, failover: false, isAvailable: true, isConnectedToProvisioningNetwork: false
W/View    (24221): requestLayout() improperly called by com.android.systemui.statusbar.phone.IconMerger{432b7018 V.E..... ......I. 0,0-270,75 #7f0a0067 app:id/notificationIcons} during layout: running second layout pass
W/View    (24221): requestLayout() improperly called by com.android.systemui.statusbar.phone.IconMerger{432b7018 V.E..... ......I. 0,0-270,75 #7f0a0067 app:id/notificationIcons} during layout: running second layout pass
W/View    (24221): requestLayout() improperly called by com.android.systemui.statusbar.phone.IconMerger{432b7018 V.E..... ........ 0,0-270,75 #7f0a0067 app:id/notificationIcons} during second layout pass: posting in next frame
W/View    (24221): requestLayout() improperly called by com.android.systemui.statusbar.phone.IconMerger{432b7018 V.E..... ......I. 0,0-270,75 #7f0a0067 app:id/notificationIcons} during second layout pass: posting in next frame
E/CommandListener( 2418): readDefRoute call readDefRoute
E/SecondaryTablController( 2418): isWifiDefaultRouteExisted /system/bin/ip route
E/CommandListener( 2418): readDefRoute Rsp ok
W/ActivityManager( 3084): FireWall skip STOPPED apk that not in unprotected list: com.huawei.android.thememanager for broadcast action: android.net.conn.CONNECTIVITY_CHANGE
W/ActivityManager( 3084): FireWall skip STOPPED apk that not in unprotected list: com.huawei.remoteassistant for broadcast action: android.net.conn.CONNECTIVITY_CHANGE
W/ActivityManager( 3084): FireWall skip STOPPED apk that not in unprotected list: com.huawei.remoteassistant for broadcast action: android.net.conn.CONNECTIVITY_CHANGE
W/ActivityManager( 3084): FireWall skip STOPPED apk that not in unprotected list: com.huawei.remoteassistant for broadcast action: android.net.conn.CONNECTIVITY_CHANGE
I/NetworkBroadcastReceiver(15734): android.net.conn.CONNECTIVITY_CHANGE
I/ejk     (12612): updateApn
I/a       (11940): updateApn
I/DownloaderApn(12612): updateApn
I/a       (11940): showApnInfo... Apn:,sIsNetworkOk:true,sNetType:1,sIsProxy:false,sProxyAddress:
I/ejk     (12612): showApnInfo... Apn:,sIsNetworkOk:true,sNetType:1,sIsProxy:false,sProxyAddress:
I/DownloaderApn(12612): showApnInfo... Apn:wifi_"s1002"_e4:f3:f5:4e:36:ba,sIsNetworkOk:true,sNetType:1,sIsProxy:false,sProxyAddress:
I/PushLog2551( 8362): [ReceiverDispatcher-334]lastnetWorkType:1 curNetWorkType:1(android/ConnectMgrProcessor.java:271)
I/awcn.NetworkStatusMonitor( 1220):  checkNetworkStatus info.isConnected:true info.isAvailable:true
I/awcn.NetworkStatusMonitor( 1204):  checkNetworkStatus info.isConnected:true info.isAvailable:true
I/DownloadManagerService( 7776): broadcastreceiver network connected change
W/MessageQueue(  636): MMInnerHandler{listener = MMHandler(com.tencent.tmassistantsdk.downloadservice.NetworkMonitorReceiver$1)} sending message to a Handler on a dead thread
W/MessageQueue(  636): java.lang.RuntimeException: MMInnerHandler{listener = MMHandler(com.tencent.tmassistantsdk.downloadservice.NetworkMonitorReceiver$1)} sending message to a Handler on a dead thread
W/MessageQueue(  636): 	at android.os.MessageQueue.enqueueMessage(MessageQueue.java:320)
W/MessageQueue(  636): 	at android.os.Handler.enqueueMessage(Handler.java:626)
W/MessageQueue(  636): 	at android.os.Handler.sendMessageAtTime(Handler.java:595)
W/MessageQueue(  636): 	at com.tencent.mm.sdk.platformtools.af.sendMessageAtTime(SourceFile:76)
W/MessageQueue(  636): 	at android.os.Handler.sendMessageDelayed(Handler.java:566)
W/MessageQueue(  636): 	at com.tencent.mm.sdk.platformtools.ad.sendMessageDelayed(SourceFile:398)
W/MessageQueue(  636): 	at com.tencent.tmassistantsdk.downloadservice.NetworkMonitorReceiver.onReceive(SourceFile:58)
W/MessageQueue(  636): 	at android.app.LoadedApk$ReceiverDispatcher$Args.run(LoadedApk.java:794)
W/MessageQueue(  636): 	at android.os.Handler.handleCallback(Handler.java:733)
W/MessageQueue(  636): 	at android.os.Handler.dispatchMessage(Handler.java:95)
W/MessageQueue(  636): 	at android.os.Looper.loop(Looper.java:136)
W/MessageQueue(  636): 	at android.app.ActivityThread.main(ActivityThread.java:5314)
W/MessageQueue(  636): 	at java.lang.reflect.Method.invokeNative(Native Method)
W/MessageQueue(  636): 	at java.lang.reflect.Method.invoke(Method.java:515)
W/MessageQueue(  636): 	at com.android.internal.os.ZygoteInit$MethodAndArgsCaller.run(ZygoteInit.java:864)
W/MessageQueue(  636): 	at com.android.internal.os.ZygoteInit.main(ZygoteInit.java:680)
W/MessageQueue(  636): 	at dalvik.system.NativeStart.main(Native Method)
E/GpsLocationProvider( 3084): isRoamingfalse
I/HwCust  (15807): Constructor found for class com.android.email.activity.setup.HwCustEmailInviteResponseImpl, args = [Ljava.lang.Object;@431d25f8
I/HwEmailTag(15807): EmailProvider->onCreate
I/HwEmailTag(15807): EmailProvider->onCreate
I/HwEmailTag(15807): EmailProvider->onCreate->start:1503737544992->prefixstartupperformance
I/HwEmailTag(15807): EmailProvider->onCreate->start:1503737544992->prefixstartupperformance
I/HwEmailTag(15807): EmailContent->init->consuming:4ms->;prefixstartupperformance
I/HwEmailTag(15807): EmailProvider->sURIMatcher is initialized
I/HwEmailTag(15807): EmailProvider->onCreate->end,consuming:8ms;prefixstartupperformance
I/HwEmailTag(15807): EmailProvider->INTEGRITY_CHECK_URI != null
I/HwEmailTag(15807): EmailProvider->onCreate->end,consuming:8ms;prefixstartupperformance
I/HwEmailTag(15807): Utility->resetVisibleLimits->start:1503737545015->prefixstartupperformance
I/HwEmailTag(15807): EmailApplication->lastviewedAccountDelayedSync->delay start.
I/HwEmailTag(15807): EmailProvider->resetVisibleLimits->start:1503737545016 ->prefixstartupperformance
I/HwEmailTag(15807): EmailBroadcastReceiver->onReceive->action:android.net.conn.CONNECTIVITY_CHANGE
I/HwEmailTag(15807): DBHelper->onOpen-> EmailProvider.db
I/HwEmailTag(15807): EmailBroadcastProcessorService->handleMessage->networkInfo:type = WIFI, state = CONNECTED
I/HwEmailTag(15807): DBHelper->onOpen-> EmailProvider.db
W/View    (24221): requestLayout() improperly called by com.android.systemui.statusbar.phone.IconMerger{432b7018 V.E..... ......I. 0,0-270,75 #7f0a0067 app:id/notificationIcons} during layout: running second layout pass
W/ArpVerifier( 3084): MSG_NET_ACCESS_DETECT: gateway = 192.168.1.1, mac = e4:f3:f5:4e:36:ba
I/HwEmailTag(15807): EmailProvider->initBuildCache->start->1503737545227->prefixstartupperformance
I/HwEmailTag(15807): EmailProvider->buildCache->end, consuming:2ms;
I/HwEmailTag(15807): EmailProvider->initBuildCache->start->1503737545227; consuming:2->prefixstartupperformance
I/HwEmailTag(15807): EmailProvider->uiAccounts->start:1503737545229
I/HwEmailTag(15807): EmailProvider->resetVisibleLimits->getDatabase, consuming:264ms;prefixstartupperformance
I/HwEmailTag(15807): EmailProvider->startupperformance->resetVisibleLimits->no account, return directly.
I/HwEmailTag(15807): Utility->resetVisibleLimits->end, consuming:266ms;->prefixstartupperformance
W/Tinker.TinkerLoader(15835): tryLoadPatchFiles:patch info not exist:/data/data/com.jingdong.app.mall/tinker/patch.info
I/MultiDex(15835): VM with version 1.6.0 does not have multidex support
I/MultiDex(15835): install
I/MultiDex(15835): MultiDexExtractor.load(/data/app/com.jingdong.app.mall-2.apk, false)
I/MultiDex(15835): loading existing secondary dex files
I/MultiDex(15835): load found 1 secondary dex files
I/MultiDex(15835): install done
I/HwEmailTag(15807): EmailProvider->uiAccounts->start:1503737545229;end,consuming:177
I/HwEmailTag(15807): EmailProvider->query->Query: content://com.android.email.provider/uiaccts; start:1503737545001; consuming:405ms;ms;avg:405.0ms; max:405ms; counter:1
W/dalvikvm(15835): VFY: unable to resolve static field 242 (SUPPORTED_ABIS) in Landroid/os/Build;
I/dalvikvm(15835): DexOpt: unable to optimize static field ref 0x00f2 at 0x0d in Lcom/a/a/g;.ce
W/dalvikvm(15835): VFY: unable to resolve static field 221 (PREVIEW_SDK_INT) in Landroid/os/Build$VERSION;
W/dalvikvm(15835): VFY: unable to resolve static field 221 (PREVIEW_SDK_INT) in Landroid/os/Build$VERSION;
I/HwSystemManager( 3870): HoldService:preHoldShow start!
I/HwSystemManager( 3870): HoldService:The prePermissionType is: 1
I/HwSystemManager( 3870): HoldService:preHoldShow start!
I/HwSystemManager( 3870): HoldService:The prePermissionType is: 1
I/HwSystemManager( 3870): HoldService:preHoldShow start!
I/HwSystemManager( 3870): HoldService:The prePermissionType is: 1
I/HwSystemManager( 3870): HoldService:preHoldShow start!
I/HwSystemManager( 3870): HoldService:The prePermissionType is: 1
W/Tinker.TinkerLoader(15880): tryLoadPatchFiles:patch info not exist:/data/data/com.jingdong.app.mall/tinker/patch.info
I/MultiDex(15880): VM with version 1.6.0 does not have multidex support
I/MultiDex(15880): install
I/MultiDex(15880): MultiDexExtractor.load(/data/app/com.jingdong.app.mall-2.apk, false)
I/MultiDex(15880): loading existing secondary dex files
I/MultiDex(15880): load found 1 secondary dex files
I/MultiDex(15880): install done
I/dalvikvm(15835): Could not find method android.widget.ImageView.<init>, referenced from method com.facebook.drawee.view.DraweeView.<init>
W/dalvikvm(15835): VFY: unable to resolve direct method 14249: Landroid/widget/ImageView;.<init> (Landroid/content/Context;Landroid/util/AttributeSet;II)V
I/dalvikvm(15835): Could not find method com.facebook.drawee.view.DraweeView.getImageTintList, referenced from method com.facebook.drawee.view.DraweeView.init
W/dalvikvm(15835): VFY: unable to resolve virtual method 19870: Lcom/facebook/drawee/view/DraweeView;.getImageTintList ()Landroid/content/res/ColorStateList;
W/dalvikvm(15880): VFY: unable to resolve static field 242 (SUPPORTED_ABIS) in Landroid/os/Build;
I/dalvikvm(15880): DexOpt: unable to optimize static field ref 0x00f2 at 0x0d in Lcom/a/a/g;.ce
I/HwSystemManager( 3870): HoldService:preHoldShow start!
I/HwSystemManager( 3870): HoldService:The prePermissionType is: 1
W/dalvikvm(15835): VFY: unable to resolve static field 242 (SUPPORTED_ABIS) in Landroid/os/Build;
I/dalvikvm(15835): DexOpt: unable to optimize static field ref 0x00f2 at 0x0d in Ljd/wjlogin_sdk/relinker/j;.a
I/HwSystemManager( 3870): HoldService:preHoldShow start!
I/HwSystemManager( 3870): HoldService:The prePermissionType is: 1
I/HwSystemManager( 3870): HoldService:preHoldShow start!
I/HwSystemManager( 3870): HoldService:The prePermissionType is: 1
I/HwSystemManager( 3870): HoldService:preHoldShow start!
I/HwSystemManager( 3870): HoldService:The prePermissionType is: 1
I/HwSystemManager( 3870): HoldService:preHoldShow start!
I/HwSystemManager( 3870): HoldService:The prePermissionType is: 1
W/dalvikvm(15835): VFY: unable to resolve static field 242 (SUPPORTED_ABIS) in Landroid/os/Build;
I/dalvikvm(15835): DexOpt: unable to optimize static field ref 0x00f2 at 0x0d in Lcom/appsdk/relinker/j;.a
I/dalvikvm(15880): Could not find method android.widget.ImageView.<init>, referenced from method com.facebook.drawee.view.DraweeView.<init>
W/dalvikvm(15880): VFY: unable to resolve direct method 14249: Landroid/widget/ImageView;.<init> (Landroid/content/Context;Landroid/util/AttributeSet;II)V
I/dalvikvm(15880): Could not find method com.facebook.drawee.view.DraweeView.getImageTintList, referenced from method com.facebook.drawee.view.DraweeView.init
W/dalvikvm(15880): VFY: unable to resolve virtual method 19870: Lcom/facebook/drawee/view/DraweeView;.getImageTintList ()Landroid/content/res/ColorStateList;
I/dalvikvm-heap(15835): Grow heap (frag case) to 31.670MB for 1674000-byte allocation
I/HwSystemManager( 3870): HoldService:preHoldShow start!
I/HwSystemManager( 3870): HoldService:The prePermissionType is: 1
W/dalvikvm(15880): VFY: unable to resolve static field 242 (SUPPORTED_ABIS) in Landroid/os/Build;
I/dalvikvm(15880): DexOpt: unable to optimize static field ref 0x00f2 at 0x0d in Ljd/wjlogin_sdk/relinker/j;.a
E/dalvikvm(  439): Could not find class 'com.dodola.rocoo.Hack', referenced from method com.xiaomi.push.service.receivers.NetworkStatusReceiver.<init>
W/dalvikvm(  439): VFY: unable to resolve const-class 2187 (Lcom/dodola/rocoo/Hack;) in Lcom/xiaomi/push/service/receivers/NetworkStatusReceiver;
E/dalvikvm(  439): Could not find class 'com.dodola.rocoo.Hack', referenced from method com.xiaomi.push.service.receivers.a.<init>
W/dalvikvm(  439): VFY: unable to resolve const-class 2187 (Lcom/dodola/rocoo/Hack;) in Lcom/xiaomi/push/service/receivers/a;
E/dalvikvm(  439): Could not find class 'com.dodola.rocoo.Hack', referenced from method com.xiaomi.mipush.sdk.o.<init>
W/dalvikvm(  439): VFY: unable to resolve const-class 2187 (Lcom/dodola/rocoo/Hack;) in Lcom/xiaomi/mipush/sdk/o;
E/dalvikvm(  439): Could not find class 'com.dodola.rocoo.Hack', referenced from method com.xiaomi.mipush.sdk.a.<init>
W/dalvikvm(  439): VFY: unable to resolve const-class 2187 (Lcom/dodola/rocoo/Hack;) in Lcom/xiaomi/mipush/sdk/a;
E/dalvikvm(  439): Could not find class 'com.dodola.rocoo.Hack', referenced from method com.xiaomi.mipush.sdk.a$a.<init>
W/dalvikvm(  439): VFY: unable to resolve const-class 2187 (Lcom/dodola/rocoo/Hack;) in Lcom/xiaomi/mipush/sdk/a$a;
E/dalvikvm(  439): Could not find class 'com.dodola.rocoo.Hack', referenced from method com.xiaomi.channel.commonutils.network.d.<clinit>
W/dalvikvm(  439): VFY: unable to resolve const-class 2187 (Lcom/dodola/rocoo/Hack;) in Lcom/xiaomi/channel/commonutils/network/d;
W/Tinker.TinkerLoader(15963): tryLoadPatchFiles:patch dir not exist:/data/data/com.hpbr.bosszhipin/tinker
I/Tinker.ReflectApp(15963): with app realApplication from manifest applicationName:com.hpbr.bosszhipin.base.App
I/MultiDex(15963): VM with version 1.6.0 does not have multidex support
I/MultiDex(15963): install
I/MultiDex(15963): MultiDexExtractor.load(/data/app/com.hpbr.bosszhipin-1.apk, false)
I/MultiDex(15963): loading existing secondary dex files
I/MultiDex(15963): load found 1 secondary dex files
I/MultiDex(15963): install done
I/Tinker.TinkerPatchListener(15963): application maxMemory:192
W/Tinker.Tinker(15963): tinker patch directory: /data/data/com.hpbr.bosszhipin/tinker
I/Tinker.Tinker(15963): try to install tinker, isEnable: true, version: 1.7.11
I/Tinker.TinkerLoadResult(15963): parseTinkerResult loadCode:-2, process name:com.hpbr.bosszhipin, main process:true, systemOTA:false, oatDir:null, useInterpretMode:false
W/Tinker.TinkerLoadResult(15963): can't find patch file, is ok, just return
I/Tinker.DefaultLoadReporter(15963): patch loadReporter onLoadResult: patch load result, path:/data/data/com.hpbr.bosszhipin/tinker, code: -2, cost: 12ms
W/Tinker.Tinker(15963): tinker load fail!
I/StatusBar.KeyButtonView(24221): action=0, flags=0, when=415145092, repeatCount=0, mDownTime=415145092, mCode=4
I/dalvikvm(15880): Could not find method sun.misc.IOUtils.readFully, referenced from method sun.security.b.j.a
W/dalvikvm(15880): VFY: unable to resolve static method 48310: Lsun/misc/IOUtils;.readFully (Ljava/io/InputStream;IZ)[B
W/View    (24221): requestLayout() improperly called by com.android.systemui.statusbar.phone.IconMerger{432b7018 V.E..... ........ 0,0-270,75 #7f0a0067 app:id/notificationIcons} during second layout pass: posting in next frame
E/dalvikvm(15880): Could not find class 'sun.misc.HexDumpEncoder', referenced from method sun.security.pkcs.f.toString
W/dalvikvm(15880): VFY: unable to resolve new-instance 8159 (Lsun/misc/HexDumpEncoder;) in Lsun/security/pkcs/f;
I/StatusBar.KeyButtonView(24221): action=1, flags=0, when=415145142, repeatCount=0, mDownTime=415145092, mCode=4
I/dalvikvm(15835): Could not find method sun.misc.IOUtils.readFully, referenced from method sun.security.b.j.a
W/dalvikvm(15835): VFY: unable to resolve static method 48310: Lsun/misc/IOUtils;.readFully (Ljava/io/InputStream;IZ)[B
E/dalvikvm(15835): Could not find class 'sun.misc.HexDumpEncoder', referenced from method sun.security.pkcs.f.toString
W/dalvikvm(15835): VFY: unable to resolve new-instance 8159 (Lsun/misc/HexDumpEncoder;) in Lsun/security/pkcs/f;
I/HwEmailTag(15807): HwUtils->lastviewedAccountSync->:
I/HwEmailTag(15807): EmailProvider->lastviewedAccountSync!
E/Tinker.ReflectApp(15963): replaceApplicationLike delegateClass:class com.tencent.bugly.beta.tinker.TinkerApplicationLike
W/HwEmailTag(15807): EmailProvider->parseAccountId->ex:uriString
W/HwEmailTag(15807): java.lang.NullPointerException: uriString
W/HwEmailTag(15807): 	at android.net.Uri$StringUri.<init>(Uri.java:467)
W/HwEmailTag(15807): 	at android.net.Uri$StringUri.<init>(Uri.java:457)
W/HwEmailTag(15807): 	at android.net.Uri.parse(Uri.java:429)
W/HwEmailTag(15807): 	at com.android.email.provider.EmailProvider.parseAccountId(EmailProvider.java:8397)
W/HwEmailTag(15807): 	at com.android.email.provider.EmailProvider.lastviewedAccountSync(EmailProvider.java:7792)
W/HwEmailTag(15807): 	at com.android.email.provider.EmailProvider.call(EmailProvider.java:3081)
W/HwEmailTag(15807): 	at android.content.ContentProvider$Transport.call(ContentProvider.java:325)
W/HwEmailTag(15807): 	at android.content.ContentResolver.call(ContentResolver.java:1389)
W/HwEmailTag(15807): 	at com.huawei.emailcommon.utility.HwUtils.lastviewedAccountSync(HwUtils.java:972)
W/HwEmailTag(15807): 	at com.android.email.EmailApplication$1.handleMessage(EmailApplication.java:48)
W/HwEmailTag(15807): 	at android.os.Handler.dispatchMessage(Handler.java:102)
W/HwEmailTag(15807): 	at android.os.Looper.loop(Looper.java:136)
W/HwEmailTag(15807): 	at android.app.ActivityThread.main(ActivityThread.java:5314)
W/HwEmailTag(15807): 	at java.lang.reflect.Method.invokeNative(Native Method)
W/HwEmailTag(15807): 	at java.lang.reflect.Method.invoke(Method.java:515)
W/HwEmailTag(15807): 	at com.android.internal.os.ZygoteInit$MethodAndArgsCaller.run(ZygoteInit.java:864)
W/HwEmailTag(15807): 	at com.android.internal.os.ZygoteInit.main(ZygoteInit.java:680)
W/HwEmailTag(15807): 	at dalvik.system.NativeStart.main(Native Method)
W/HwEmailTag(15807): EmailProvider->lastviewedAccountSync->NO_ACCOUNT.
W/dalvikvm(15880): VFY: unable to find class referenced in signature (Ljava/nio/file/Path;)
W/dalvikvm(15880): VFY: unable to find class referenced in signature ([Ljava/nio/file/OpenOption;)
I/dalvikvm(15880): Could not find method java.nio.file.Files.newOutputStream, referenced from method okio.Okio.sink
W/dalvikvm(15880): VFY: unable to resolve static method 59961: Ljava/nio/file/Files;.newOutputStream (Ljava/nio/file/Path;[Ljava/nio/file/OpenOption;)Ljava/io/OutputStream;
W/dalvikvm(15880): VFY: unable to find class referenced in signature (Ljava/nio/file/Path;)
W/dalvikvm(15880): VFY: unable to find class referenced in signature ([Ljava/nio/file/OpenOption;)
I/dalvikvm(15880): Could not find method java.nio.file.Files.newInputStream, referenced from method okio.Okio.source
W/dalvikvm(15880): VFY: unable to resolve static method 59960: Ljava/nio/file/Files;.newInputStream (Ljava/nio/file/Path;[Ljava/nio/file/OpenOption;)Ljava/io/InputStream;
I/HwEmailTag(15807): CleanRecipient->onHandleIntent-> clean RecipientAddress done, nothing changed!!
W/dalvikvm(15835): VFY: unable to find class referenced in signature (Ljava/nio/file/Path;)
W/dalvikvm(15835): VFY: unable to find class referenced in signature ([Ljava/nio/file/OpenOption;)
I/dalvikvm(15835): Could not find method java.nio.file.Files.newOutputStream, referenced from method okio.Okio.sink
W/dalvikvm(15835): VFY: unable to resolve static method 59961: Ljava/nio/file/Files;.newOutputStream (Ljava/nio/file/Path;[Ljava/nio/file/OpenOption;)Ljava/io/OutputStream;
W/dalvikvm(15835): VFY: unable to find class referenced in signature (Ljava/nio/file/Path;)
W/dalvikvm(15835): VFY: unable to find class referenced in signature ([Ljava/nio/file/OpenOption;)
I/dalvikvm(15835): Could not find method java.nio.file.Files.newInputStream, referenced from method okio.Okio.source
W/dalvikvm(15835): VFY: unable to resolve static method 59960: Ljava/nio/file/Files;.newInputStream (Ljava/nio/file/Path;[Ljava/nio/file/OpenOption;)Ljava/io/InputStream;
I/HwSystemManager( 3870): HoldService:preHoldShow start!
I/HwSystemManager( 3870): HoldService:The prePermissionType is: 1
W/beacon  (15963): get app channel fail!
I/HwSystemManager( 3870): HoldService:preHoldShow start!
I/HwSystemManager( 3870): HoldService:The prePermissionType is: 1
I/HwSystemManager( 3870): HoldService:preHoldShow start!
I/HwSystemManager( 3870): HoldService:The prePermissionType is: 1
I/HwSystemManager( 3870): HoldService:preHoldShow start!
I/HwSystemManager( 3870): HoldService:The prePermissionType is: 1
I/dalvikvm(15963): Could not find method android.widget.ImageView.<init>, referenced from method com.facebook.drawee.view.DraweeView.<init>
W/dalvikvm(15963): VFY: unable to resolve direct method 19709: Landroid/widget/ImageView;.<init> (Landroid/content/Context;Landroid/util/AttributeSet;II)V
I/dalvikvm(15963): Could not find method com.facebook.drawee.view.DraweeView.getImageTintList, referenced from method com.facebook.drawee.view.DraweeView.init
W/dalvikvm(15963): VFY: unable to resolve virtual method 29509: Lcom/facebook/drawee/view/DraweeView;.getImageTintList ()Landroid/content/res/ColorStateList;
I/HwSystemManager( 3870): HoldService:preHoldShow start!
I/HwSystemManager( 3870): HoldService:The prePermissionType is: 1
W/dalvikvm(15963): Unable to resolve superclass of Lcom/twl/mms/service/process/GuardJobService; (50)
W/dalvikvm(15963): Link of class 'Lcom/twl/mms/service/process/GuardJobService;' failed
E/dalvikvm(15963): Could not find class 'com.twl.mms.service.process.GuardJobService', referenced from method com.twl.mms.service.MMSServiceNative.d
W/dalvikvm(15963): VFY: unable to resolve const-class 3079 (Lcom/twl/mms/service/process/GuardJobService;) in Lcom/twl/mms/service/MMSServiceNative;
I/HwSystemManager( 3870): HoldService:preHoldShow start!
I/HwSystemManager( 3870): HoldService:The prePermissionType is: 1
E/beacon  (15963): fcntl failed: EAGAIN (Try again)
I/ActivityThreadHook(15963): In loop.
I/DownloadManager(14703): enter DownloadReceiver::onReceive(action:android.net.conn.CONNECTIVITY_CHANGE intent:Intent { act=android.net.conn.CONNECTIVITY_CHANGE flg=0x4000010 cmp=com.android.providers.downloads/.DownloadReceiver (has extras) })
W/Tinker.UpgradePatchRetry(15963): onPatchRetryLoad retry info not exist, just return
I/MSG_APP_TransactionService( 2446): onStartCommand send EVENT_NEW_INTENT. service-id 1
W/MSG_APP_TransactionService( 2446): ConnectivityBroadcastReceiver.onReceive() action: android.net.conn.CONNECTIVITY_CHANGE
I/HwUserSurvey_luckyAutoCheckReceiver(16039): AutoCheckReceiver onReceive
I/HwUserSurvey_luckyAutoCheckReceiver(16039): UsersurveyUtility.getCurrentStatus(context,0) 180
I/HwUserSurvey_lucky(16039): setmLogicalFlagtrue
I/HwUserSurvey_luckyAutoCheckReceiver(16039): mSubmitFinised--true
I/HwUserSurvey_luckyAutoCheckReceiver(16039): 
I/HwEmailTag(15807): EmailProvider->query->Query: content://com.android.email.provider/mailbox; start:1503737548050; consuming:2ms;ms;avg:203.5ms; max:405ms; counter:2
I/HwUserSurvey_luckyAutoCheckReceiver(16039): startTime20170320 085557 
I/HwUserSurvey_luckyAutoCheckReceiver(16039):   current_status 180
I/luckyAutoCheckReceiver(16039): startTime20170320 085557 
I/luckyAutoCheckReceiver(16039): endTime20170916 085557 
I/luckyAutoCheckReceiver(16039): currtent_time20170826 165228 
I/lucky   (16039): ismReSubmitFlagfalse
I/lucky   (16039): ismLogicalFlagfalse
I/lucky   (16039): ismConfirmFinishfalse
E/HwUserSurvey_(16039): will killProcess usersurvey
I/Process (16039): Sending signal. PID: 16039 SIG: 9
E/Utils   (16056): lockCreate
E/Utils   (16056): release: release wake and wifi lock!
I/Process (16056): Sending signal. PID: 16056 SIG: 9
I/PushLogSC2539(16072): [main-1]action is android.net.conn.CONNECTIVITY_CHANGE(ds/null:-1)
E/PushLogSC2539(16072): [main-1]java.lang.ClassNotFoundException: com.huawei.android.pushagent.plugin.tools.PushPluginsBroadcastMgr(ds/null:-1)
E/PushLogSC2539(16072): java.lang.ClassNotFoundException: com.huawei.android.pushagent.plugin.tools.PushPluginsBroadcastMgr
E/PushLogSC2539(16072): 	at java.lang.Class.classForName(Native Method)
E/PushLogSC2539(16072): 	at java.lang.Class.forName(Class.java:251)
E/PushLogSC2539(16072): 	at java.lang.Class.forName(Class.java:216)
E/PushLogSC2539(16072): 	at com.huawei.android.pushagent.PushEventReceiver.a(Unknown Source)
E/PushLogSC2539(16072): 	at com.huawei.android.pushagent.PushEventReceiver.onReceive(Unknown Source)
E/PushLogSC2539(16072): 	at android.app.ActivityThread.handleReceiver(ActivityThread.java:2533)
E/PushLogSC2539(16072): 	at android.app.ActivityThread.access$2000(ActivityThread.java:139)
E/PushLogSC2539(16072): 	at android.app.ActivityThread$H.handleMessage(ActivityThread.java:1337)
E/PushLogSC2539(16072): 	at android.os.Handler.dispatchMessage(Handler.java:102)
E/PushLogSC2539(16072): 	at android.os.Looper.loop(Looper.java:136)
E/PushLogSC2539(16072): 	at android.app.ActivityThread.main(ActivityThread.java:5314)
E/PushLogSC2539(16072): 	at java.lang.reflect.Method.invokeNative(Native Method)
E/PushLogSC2539(16072): 	at java.lang.reflect.Method.invoke(Method.java:515)
E/PushLogSC2539(16072): 	at com.android.internal.os.ZygoteInit$MethodAndArgsCaller.run(ZygoteInit.java:864)
E/PushLogSC2539(16072): 	at com.android.internal.os.ZygoteInit.main(ZygoteInit.java:680)
E/PushLogSC2539(16072): 	at dalvik.system.NativeStart.main(Native Method)
E/PushLogSC2539(16072): Caused by: java.lang.NoClassDefFoundError: com/huawei/android/pushagent/plugin/tools/PushPluginsBroadcastMgr
E/PushLogSC2539(16072): 	... 16 more
E/PushLogSC2539(16072): Caused by: java.lang.ClassNotFoundException: Didn't find class "com.huawei.android.pushagent.plugin.tools.PushPluginsBroadcastMgr" on path: DexPathList[[zip file "/system/app/HwHiSync.apk"],nativeLibraryDirectories=[/vendor/lib, /system/lib, /data/datalib]]
E/PushLogSC2539(16072): 	at dalvik.system.BaseDexClassLoader.findClass(BaseDexClassLoader.java:56)
E/PushLogSC2539(16072): 	at java.lang.ClassLoader.loadClass(ClassLoader.java:497)
E/PushLogSC2539(16072): 	at java.lang.ClassLoader.loadClass(ClassLoader.java:457)
E/PushLogSC2539(16072): 	... 16 more
E/mutiCardFactory(16072): [Thread-50088-50088]FeatureOption.MTK_GEMINI_SUPPORTjava.lang.ClassNotFoundException: com.mediatek.common.featureoption.FeatureOption(ds/null:-1)
I/mutiCardFactory(16072): [Thread-50088-50088]isMtkGeminiSupport false(ds/null:-1)
I/mutiCardFactory(16072): [Thread-50088-50088]isHwGeminiSupport1 true(ds/null:-1)
I/HwOUC   (30111): [main-1]Network changed(hwouc/DownloadReceiver.java:139)
I/HwOUC   (30111): [main-1]Network available(hwouc/DownloadReceiver.java:143)
I/HwOUC   (30111): [main-1]checkRequestSendSuccessFlag is false(hwouc/DownloadReceiver.java:186)
I/HiWiServiceBD(19254): Trigger action: android.net.conn.CONNECTIVITY_CHANGE
I/HiWiServiceBD(19254): hour = 16
I/HiWiServiceBD(19269): hiwiservice onCreate
I/HiWiServiceBD(19269): User Involved=0
I/HiWiServiceBD(19269): network is not roaming
I/HiWiServiceBD(19269): network TYPE_WIFI
I/HiWiServiceBD(19269): not over 180
I/HiWiServiceBD(19269): hiwiservice onDestroy
I/PushLogAC2543( 3534): [main-1]action is android.net.conn.CONNECTIVITY_CHANGE(pushagent/null:-1)
I/HwOUC   (30111): [Thread-33941-33941]mInstallingCursor is not OK, check sd card(hwouc/KillMyselfProcessCheckThread.java:570)
I/HwOUC   (30111): [Thread-33941-33941]isExternalSdcardExist, isExternalSDCard(hwouc/HwOucUtility.java:928)
I/HwOUC   (30111): [Thread-33941-33941]isCheckAutoAndReport is true(hwouc/KillMyselfProcessCheckThread.java:593)
W/HwSystemManager(12334): SecurityBroadcastReceiver:Last time get cloudData success, just return!
I/dalvikvm(16114): Enabling JNI app bug workarounds for target SDK version 9...
W/System.err( 3507): java.lang.SecurityException: No permission to write APN settings: Neither user 10076 nor current process has android.permission.WRITE_APN_SETTINGS.
W/System.err( 3507): 	at android.app.ContextImpl.enforce(ContextImpl.java:1775)
W/System.err( 3507): 	at android.app.ContextImpl.enforceCallingOrSelfPermission(ContextImpl.java:1804)
W/System.err( 3507): 	at com.android.providers.telephony.TelephonyProvider.checkPermission(TelephonyProvider.java:1984)
W/System.err( 3507): 	at com.android.providers.telephony.TelephonyProvider.query(TelephonyProvider.java:1558)
W/System.err( 3507): 	at android.content.ContentProvider.query(ContentProvider.java:857)
W/System.err( 3507): 	at android.content.ContentProvider$Transport.query(ContentProvider.java:200)
W/System.err( 3507): 	at android.content.ContentProviderNative.onTransact(ContentProviderNative.java:112)
W/System.err( 3507): 	at android.os.Binder.execTransact(Binder.java:404)
