W/dalvikvm(16176): VFY: unable to resolve const-class 427 (Lcom/dodola/rocoo/Hack;) in Lsogou/mobile/explorer/notification/Weather$10;
E/dalvikvm(16176): Could not find class 'com.dodola.rocoo.Hack', referenced from method sogou.mobile.explorer.notification.Weather$11.<init>
W/dalvikvm(16176): VFY: unable to resolve const-class 427 (Lcom/dodola/rocoo/Hack;) in Lsogou/mobile/explorer/notification/Weather$11;
E/dalvikvm(16176): Could not find class 'com.dodola.rocoo.Hack', referenced from method sogou.mobile.explorer.notification.Weather$12.<init>
W/dalvikvm(16176): VFY: unable to resolve const-class 427 (Lcom/dodola/rocoo/Hack;) in Lsogou/mobile/explorer/notification/Weather$12;
E/dalvikvm(16176): Could not find class 'com.dodola.rocoo.Hack', referenced from method sogou.mobile.explorer.notification.Weather$13.<init>
W/dalvikvm(16176): VFY: unable to resolve const-class 427 (Lcom/dodola/rocoo/Hack;) in Lsogou/mobile/explorer/notification/Weather$13;
E/dalvikvm(16176): Could not find class 'com.dodola.rocoo.Hack', referenced from method sogou.mobile.explorer.notification.Weather$14.<init>
W/dalvikvm(16176): VFY: unable to resolve const-class 427 (Lcom/dodola/rocoo/Hack;) in Lsogou/mobile/explorer/notification/Weather$14;
I/HwSystemManager( 3870): HoldService:preHoldShow start!
E/dalvikvm(16176): Could not find class 'com.dodola.rocoo.Hack', referenced from method sogou.mobile.explorer.notification.Weather$15.<init>
W/dalvikvm(16176): VFY: unable to resolve const-class 427 (Lcom/dodola/rocoo/Hack;) in Lsogou/mobile/explorer/notification/Weather$15;
I/HwSystemManager( 3870): HoldService:The prePermissionType is: 2
E/dalvikvm(16176): Could not find class 'com.dodola.rocoo.Hack', referenced from method sogou.mobile.explorer.notification.Weather$16.<init>
W/dalvikvm(16176): VFY: unable to resolve const-class 427 (Lcom/dodola/rocoo/Hack;) in Lsogou/mobile/explorer/notification/Weather$16;
E/dalvikvm(16176): Could not find class 'com.dodola.rocoo.Hack', referenced from method sogou.mobile.explorer.notification.Weather$17.<init>
W/dalvikvm(16176): VFY: unable to resolve const-class 427 (Lcom/dodola/rocoo/Hack;) in Lsogou/mobile/explorer/notification/Weather$17;
E/dalvikvm(16176): Could not find class 'com.dodola.rocoo.Hack', referenced from method sogou.mobile.explorer.notification.Weather$18.<init>
W/dalvikvm(16176): VFY: unable to resolve const-class 427 (Lcom/dodola/rocoo/Hack;) in Lsogou/mobile/explorer/notification/Weather$18;
E/dalvikvm(16176): Could not find class 'com.dodola.rocoo.Hack', referenced from method sogou.mobile.explorer.notification.Weather$19.<init>
W/dalvikvm(16176): VFY: unable to resolve const-class 427 (Lcom/dodola/rocoo/Hack;) in Lsogou/mobile/explorer/notification/Weather$19;
E/dalvikvm(16176): Could not find class 'com.dodola.rocoo.Hack', referenced from method sogou.mobile.explorer.notification.Weather$20.<init>
W/dalvikvm(16176): VFY: unable to resolve const-class 427 (Lcom/dodola/rocoo/Hack;) in Lsogou/mobile/explorer/notification/Weather$20;
E/dalvikvm(16176): Could not find class 'com.dodola.rocoo.Hack', referenced from method sogou.mobile.explorer.notification.Weather$21.<init>
W/dalvikvm(16176): VFY: unable to resolve const-class 427 (Lcom/dodola/rocoo/Hack;) in Lsogou/mobile/explorer/notification/Weather$21;
E/dalvikvm(16176): Could not find class 'com.dodola.rocoo.Hack', referenced from method sogou.mobile.explorer.notification.Weather$22.<init>
W/dalvikvm(16176): VFY: unable to resolve const-class 427 (Lcom/dodola/rocoo/Hack;) in Lsogou/mobile/explorer/notification/Weather$22;
E/dalvikvm(16176): Could not find class 'com.dodola.rocoo.Hack', referenced from method sogou.mobile.explorer.notification.Weather$23.<init>
W/dalvikvm(16176): VFY: unable to resolve const-class 427 (Lcom/dodola/rocoo/Hack;) in Lsogou/mobile/explorer/notification/Weather$23;
E/dalvikvm(16176): Could not find class 'com.dodola.rocoo.Hack', referenced from method sogou.mobile.explorer.notification.Weather$24.<init>
W/dalvikvm(16176): VFY: unable to resolve const-class 427 (Lcom/dodola/rocoo/Hack;) in Lsogou/mobile/explorer/notification/Weather$24;
E/dalvikvm(16176): Could not find class 'com.dodola.rocoo.Hack', referenced from method sogou.mobile.explorer.notification.Weather$25.<init>
W/dalvikvm(16176): VFY: unable to resolve const-class 427 (Lcom/dodola/rocoo/Hack;) in Lsogou/mobile/explorer/notification/Weather$25;
E/dalvikvm(16176): Could not find class 'com.dodola.rocoo.Hack', referenced from method sogou.mobile.explorer.notification.Weather$26.<init>
W/dalvikvm(16176): VFY: unable to resolve const-class 427 (Lcom/dodola/rocoo/Hack;) in Lsogou/mobile/explorer/notification/Weather$26;
E/dalvikvm(16176): Could not find class 'com.dodola.rocoo.Hack', referenced from method sogou.mobile.explorer.notification.Weather$27.<init>
W/dalvikvm(16176): VFY: unable to resolve const-class 427 (Lcom/dodola/rocoo/Hack;) in Lsogou/mobile/explorer/notification/Weather$27;
E/dalvikvm(16176): Could not find class 'com.dodola.rocoo.Hack', referenced from method sogou.mobile.explorer.notification.Weather$28.<init>
W/dalvikvm(16176): VFY: unable to resolve const-class 427 (Lcom/dodola/rocoo/Hack;) in Lsogou/mobile/explorer/notification/Weather$28;
E/dalvikvm(16176): Could not find class 'com.dodola.rocoo.Hack', referenced from method sogou.mobile.explorer.notification.Weather$29.<init>
W/dalvikvm(16176): VFY: unable to resolve const-class 427 (Lcom/dodola/rocoo/Hack;) in Lsogou/mobile/explorer/notification/Weather$29;
E/dalvikvm(16176): Could not find class 'com.dodola.rocoo.Hack', referenced from method sogou.mobile.explorer.notification.Weather$30.<init>
W/dalvikvm(16176): VFY: unable to resolve const-class 427 (Lcom/dodola/rocoo/Hack;) in Lsogou/mobile/explorer/notification/Weather$30;
E/dalvikvm(16176): Could not find class 'com.dodola.rocoo.Hack', referenced from method sogou.mobile.explorer.notification.Weather$31.<init>
W/dalvikvm(16176): VFY: unable to resolve const-class 427 (Lcom/dodola/rocoo/Hack;) in Lsogou/mobile/explorer/notification/Weather$31;
E/dalvikvm(16176): Could not find class 'com.dodola.rocoo.Hack', referenced from method sogou.mobile.explorer.notification.Weather$32.<init>
W/dalvikvm(16176): VFY: unable to resolve const-class 427 (Lcom/dodola/rocoo/Hack;) in Lsogou/mobile/explorer/notification/Weather$32;
E/dalvikvm(16176): Could not find class 'com.dodola.rocoo.Hack', referenced from method sogou.mobile.explorer.notification.Weather$33.<init>
W/dalvikvm(16176): VFY: unable to resolve const-class 427 (Lcom/dodola/rocoo/Hack;) in Lsogou/mobile/explorer/notification/Weather$33;
E/dalvikvm(16176): Could not find class 'com.dodola.rocoo.Hack', referenced from method sogou.mobile.explorer.notification.Weather$34.<init>
W/dalvikvm(16176): VFY: unable to resolve const-class 427 (Lcom/dodola/rocoo/Hack;) in Lsogou/mobile/explorer/notification/Weather$34;
E/dalvikvm(16176): Could not find class 'com.dodola.rocoo.Hack', referenced from method sogou.mobile.explorer.notification.HazeIndex.<init>
W/dalvikvm(16176): VFY: unable to resolve const-class 427 (Lcom/dodola/rocoo/Hack;) in Lsogou/mobile/explorer/notification/HazeIndex;
E/dalvikvm(16176): Could not find class 'com.dodola.rocoo.Hack', referenced from method sogou.mobile.explorer.notification.HazeIndex$1.<init>
W/dalvikvm(16176): VFY: unable to resolve const-class 427 (Lcom/dodola/rocoo/Hack;) in Lsogou/mobile/explorer/notification/HazeIndex$1;
E/dalvikvm(16176): Could not find class 'com.dodola.rocoo.Hack', referenced from method sogou.mobile.explorer.notification.HazeIndex$2.<init>
W/dalvikvm(16176): VFY: unable to resolve const-class 427 (Lcom/dodola/rocoo/Hack;) in Lsogou/mobile/explorer/notification/HazeIndex$2;
E/dalvikvm(16176): Could not find class 'com.dodola.rocoo.Hack', referenced from method sogou.mobile.explorer.notification.HazeIndex$3.<init>
W/dalvikvm(16176): VFY: unable to resolve const-class 427 (Lcom/dodola/rocoo/Hack;) in Lsogou/mobile/explorer/notification/HazeIndex$3;
E/dalvikvm(16176): Could not find class 'com.dodola.rocoo.Hack', referenced from method sogou.mobile.explorer.notification.HazeIndex$4.<init>
W/dalvikvm(16176): VFY: unable to resolve const-class 427 (Lcom/dodola/rocoo/Hack;) in Lsogou/mobile/explorer/notification/HazeIndex$4;
E/dalvikvm(16176): Could not find class 'com.dodola.rocoo.Hack', referenced from method sogou.mobile.explorer.notification.HazeIndex$5.<init>
W/dalvikvm(16176): VFY: unable to resolve const-class 427 (Lcom/dodola/rocoo/Hack;) in Lsogou/mobile/explorer/notification/HazeIndex$5;
I/MultiDex(16220): VM with version 1.6.0 does not have multidex support
I/MultiDex(16220): install
E/dalvikvm(16176): Could not find class 'com.dodola.rocoo.Hack', referenced from method sogou.mobile.explorer.notification.HazeIndex$6.<init>
W/dalvikvm(16176): VFY: unable to resolve const-class 427 (Lcom/dodola/rocoo/Hack;) in Lsogou/mobile/explorer/notification/HazeIndex$6;
I/MultiDex(16220): MultiDexExtractor.load(/data/app/cn.etouch.ecalendar-1.apk, false)
E/dalvikvm(16176): Could not find class 'com.dodola.rocoo.Hack', referenced from method sogou.mobile.explorer.notification.HazeIndex$7.<init>
W/dalvikvm(16176): VFY: unable to resolve const-class 427 (Lcom/dodola/rocoo/Hack;) in Lsogou/mobile/explorer/notification/HazeIndex$7;
I/MultiDex(16220): loading existing secondary dex files
I/MultiDex(16220): load found 1 secondary dex files
I/MultiDex(16220): install done
I/dalvikvm(16220): Could not find method android.app.AlarmManager.setExactAndAllowWhileIdle, referenced from method cn.etouch.ecalendar.manager.ad.a
W/dalvikvm(16220): VFY: unable to resolve virtual method 426: Landroid/app/AlarmManager;.setExactAndAllowWhileIdle (IJLandroid/app/PendingIntent;)V
E/dalvikvm(16176): Could not find class 'com.dodola.rocoo.Hack', referenced from method sogou.webkit.WebsiteUrlUtil.<init>
W/dalvikvm(16176): VFY: unable to resolve const-class 427 (Lcom/dodola/rocoo/Hack;) in Lsogou/webkit/WebsiteUrlUtil;
I/Process (16220): Sending signal. PID: 16220 SIG: 9
E/Thermal-daemon( 2432): [ap] temp_new :41  temp_old :39
E/Thermal-daemon( 2432): Report temperature: [ap] temp :41  report_threshold:1
W/Tinker.TinkerLoader(16251): tryLoadPatchFiles:patch dir not exist:/data/data/cn.etouch.ecalendar/tinker
W/GooglePlayServicesUtil( 1220): Google Play Store is missing.
W/GooglePlayServicesUtil( 1220): Google Play Store is missing.
I/HwLauncher( 3562): Launcher.LauncherProvider  begin check permission at checkPermission 
W/System.err( 3562): java.lang.SecurityException: Permission Denial: reading com.huawei.android.launcher.LauncherProvider from pid=30864, uid=10092 requires com.huawei.android.launcher.permission.WRITE_SETTINGS: uid 10092 does not have com.huawei.android.launcher.permission.WRITE_SETTINGS.
W/System.err( 3562): 	at android.app.ContextImpl.enforce(ContextImpl.java:1775)
W/System.err( 3562): 	at android.app.ContextImpl.enforcePermission(ContextImpl.java:1787)
W/System.err( 3562): 	at android.content.ContextWrapper.enforcePermission(ContextWrapper.java:561)
W/System.err( 3562): 	at com.huawei.android.launcher.LauncherProvider.checkPermission(LauncherProvider.java:560)
W/System.err( 3562): 	at com.huawei.android.launcher.LauncherProvider.call(LauncherProvider.java:575)
W/System.err( 3562): 	at android.content.ContentProvider$Transport.call(ContentProvider.java:325)
W/System.err( 3562): 	at android.content.ContentProviderNative.onTransact(ContentProviderNative.java:284)
W/System.err( 3562): 	at android.os.Binder.execTransact(Binder.java:404)
W/System.err( 3562): 	at dalvik.system.NativeStart.run(Native Method)
E/DatabaseUtils( 3562): Writing exception to parcel
E/DatabaseUtils( 3562): java.lang.SecurityException: Permission Denial: reading com.huawei.android.launcher.LauncherProvider from pid=30864, uid=10092 requires com.huawei.android.launcher.permission.WRITE_SETTINGS: uid 10092 does not have com.huawei.android.launcher.permission.WRITE_SETTINGS.
E/DatabaseUtils( 3562): 	at android.app.ContextImpl.enforce(ContextImpl.java:1775)
E/DatabaseUtils( 3562): 	at android.app.ContextImpl.enforcePermission(ContextImpl.java:1787)
E/DatabaseUtils( 3562): 	at android.content.ContextWrapper.enforcePermission(ContextWrapper.java:561)
E/DatabaseUtils( 3562): 	at com.huawei.android.launcher.LauncherProvider.checkPermission(LauncherProvider.java:560)
E/DatabaseUtils( 3562): 	at com.huawei.android.launcher.LauncherProvider.call(LauncherProvider.java:575)
E/DatabaseUtils( 3562): 	at android.content.ContentProvider$Transport.call(ContentProvider.java:325)
E/DatabaseUtils( 3562): 	at android.content.ContentProviderNative.onTransact(ContentProviderNative.java:284)
E/DatabaseUtils( 3562): 	at android.os.Binder.execTransact(Binder.java:404)
E/DatabaseUtils( 3562): 	at dalvik.system.NativeStart.run(Native Method)
I/MultiDex(16251): VM with version 1.6.0 does not have multidex support
I/MultiDex(16251): install
I/MultiDex(16251): MultiDexExtractor.load(/data/app/cn.etouch.ecalendar-1.apk, false)
I/MultiDex(16251): loading existing secondary dex files
I/MultiDex(16251): load found 1 secondary dex files
I/MultiDex(16251): install done
I/dalvikvm(16251): Could not find method android.app.AlarmManager.setExactAndAllowWhileIdle, referenced from method cn.etouch.ecalendar.manager.ad.a
W/dalvikvm(16251): VFY: unable to resolve virtual method 426: Landroid/app/AlarmManager;.setExactAndAllowWhileIdle (IJLandroid/app/PendingIntent;)V
I/Process (16251): Sending signal. PID: 16251 SIG: 9
I/RongLog-Push[PushConnectivityManager]( 1777): startPingTimer, 10s
I/RongLog-Push[PushProtocalStack]( 1777): receive message type:PINGRESP
I/RongLog-Push[PushConnectivityManager]( 1777): stopPingTimer
I/RongLog-Push[PushConnectivityManager]( 1777): startHeartbeat
I/wpa_supplicant(27084): wlan0: HEART-BEAT-ACK: 4155
W/View    (24221): requestLayout() improperly called by com.android.systemui.statusbar.phone.IconMerger{432b7018 V.E..... ......I. 0,0-270,75 #7f0a0067 app:id/notificationIcons} during layout: running second layout pass
W/View    (24221): requestLayout() improperly called by com.android.systemui.statusbar.phone.IconMerger{432b7018 V.E..... ......I. 0,0-270,75 #7f0a0067 app:id/notificationIcons} during layout: running second layout pass
W/View    (24221): requestLayout() improperly called by com.android.systemui.statusbar.phone.IconMerger{432b7018 V.E..... ........ 0,0-270,75 #7f0a0067 app:id/notificationIcons} during second layout pass: posting in next frame
W/View    (24221): requestLayout() improperly called by com.android.systemui.statusbar.phone.IconMerger{432b7018 V.E..... ......I. 0,0-270,75 #7f0a0067 app:id/notificationIcons} during second layout pass: posting in next frame
E/Thermal-daemon( 2432): [flash_led] temp_new :38  temp_old :37
E/Thermal-daemon( 2432): Report temperature: [flash_led] temp :38  report_threshold:1
W/View    (24221): requestLayout() improperly called by com.android.systemui.statusbar.phone.IconMerger{432b7018 V.E..... ......I. 0,0-270,75 #7f0a0067 app:id/notificationIcons} during layout: running second layout pass
W/View    (24221): requestLayout() improperly called by com.android.systemui.statusbar.phone.IconMerger{432b7018 V.E..... ......I. 0,0-270,75 #7f0a0067 app:id/notificationIcons} during layout: running second layout pass
W/View    (24221): requestLayout() improperly called by com.android.systemui.statusbar.phone.IconMerger{432b7018 V.E..... ........ 0,0-270,75 #7f0a0067 app:id/notificationIcons} during second layout pass: posting in next frame
W/View    (24221): requestLayout() improperly called by com.android.systemui.statusbar.phone.IconMerger{432b7018 V.E..... ......I. 0,0-270,75 #7f0a0067 app:id/notificationIcons} during second layout pass: posting in next frame
I/ActivityManager( 3084): pkg:[cn.etouch.ecalendar:pushservice] pid:[0]  maybe timeout , send to PG
W/View    (24221): requestLayout() improperly called by com.android.systemui.statusbar.phone.IconMerger{432b7018 V.E..... ......I. 0,0-270,75 #7f0a0067 app:id/notificationIcons} during layout: running second layout pass
I/ActivityManager( 3084): pkg:[cn.etouch.ecalendar:pushservice] pid:[0]  maybe timeout , send to PG
E/Thermal-daemon( 2432): [ap] temp_new :40  temp_old :41
E/Thermal-daemon( 2432): Report temperature: [ap] temp :40  report_threshold:1
W/GooglePlayServicesUtil( 1220): Google Play Store is missing.
W/GooglePlayServicesUtil( 1220): Google Play Store is missing.
W/View    (24221): requestLayout() improperly called by com.android.systemui.statusbar.phone.IconMerger{432b7018 V.E..... ......I. 0,0-270,75 #7f0a0067 app:id/notificationIcons} during layout: running second layout pass
W/View    (24221): requestLayout() improperly called by com.android.systemui.statusbar.phone.IconMerger{432b7018 V.E..... ........ 0,0-270,75 #7f0a0067 app:id/notificationIcons} during second layout pass: posting in next frame
W/View    (24221): requestLayout() improperly called by com.android.systemui.statusbar.phone.IconMerger{432b7018 V.E..... ......I. 0,0-270,75 #7f0a0067 app:id/notificationIcons} during second layout pass: posting in next frame
I/ActivityManager( 3084): pkg:[cn.etouch.ecalendar:pushservice] pid:[0]  maybe timeout , send to PG
W/View    (24221): requestLayout() improperly called by com.android.systemui.statusbar.phone.IconMerger{432b7018 V.E..... ......I. 0,0-270,75 #7f0a0067 app:id/notificationIcons} during layout: running second layout pass
W/View    (24221): requestLayout() improperly called by com.android.systemui.statusbar.phone.IconMerger{432b7018 V.E..... ........ 0,0-270,75 #7f0a0067 app:id/notificationIcons} during second layout pass: posting in next frame
E/Thermal-daemon( 2432): [ap] temp_new :39  temp_old :40
E/Thermal-daemon( 2432): Report temperature: [ap] temp :39  report_threshold:1
W/View    (24221): requestLayout() improperly called by com.android.systemui.statusbar.phone.IconMerger{432b7018 V.E..... ......I. 0,0-270,75 #7f0a0067 app:id/notificationIcons} during layout: running second layout pass
W/View    (24221): requestLayout() improperly called by com.android.systemui.statusbar.phone.IconMerger{432b7018 V.E..... ........ 0,0-270,75 #7f0a0067 app:id/notificationIcons} during second layout pass: posting in next frame
I/wpa_supplicant(27084): wlan0: HEART-BEAT-ACK: 4156
W/ArpVerifier( 3084): ignore msg MSG_CHECK_WIFI_PERIOD, msg token = 97, expected token = 98
W/View    (24221): requestLayout() improperly called by com.android.systemui.statusbar.phone.IconMerger{432b7018 V.E..... ......I. 0,0-270,75 #7f0a0067 app:id/notificationIcons} during layout: running second layout pass
W/GooglePlayServicesUtil( 1220): Google Play Store is missing.
W/GooglePlayServicesUtil( 1220): Google Play Store is missing.
W/View    (24221): requestLayout() improperly called by com.android.systemui.statusbar.phone.IconMerger{432b7018 V.E..... ........ 0,0-270,75 #7f0a0067 app:id/notificationIcons} during second layout pass: posting in next frame
W/View    (24221): requestLayout() improperly called by com.android.systemui.statusbar.phone.IconMerger{432b7018 V.E..... ......I. 0,0-270,75 #7f0a0067 app:id/notificationIcons} during layout: running second layout pass
W/View    (24221): requestLayout() improperly called by com.android.systemui.statusbar.phone.IconMerger{432b7018 V.E..... ........ 0,0-270,75 #7f0a0067 app:id/notificationIcons} during second layout pass: posting in next frame
W/View    (24221): requestLayout() improperly called by com.android.systemui.statusbar.phone.IconMerger{432b7018 V.E..... ......I. 0,0-270,75 #7f0a0067 app:id/notificationIcons} during layout: running second layout pass
E/CommandListener( 2418): readDefRoute call readDefRoute
E/SecondaryTablController( 2418): isWifiDefaultRouteExisted /system/bin/ip route
E/CommandListener( 2418): readDefRoute Rsp ok
W/View    (24221): requestLayout() improperly called by com.android.systemui.statusbar.phone.IconMerger{432b7018 V.E..... ......I. 0,0-270,75 #7f0a0067 app:id/notificationIcons} during layout: running second layout pass
W/View    (24221): requestLayout() improperly called by com.android.systemui.statusbar.phone.IconMerger{432b7018 V.E..... ........ 0,0-270,75 #7f0a0067 app:id/notificationIcons} during second layout pass: posting in next frame
W/View    (24221): requestLayout() improperly called by com.android.systemui.statusbar.phone.IconMerger{432b7018 V.E..... ......I. 0,0-270,75 #7f0a0067 app:id/notificationIcons} during second layout pass: posting in next frame
I/HwSystemManager( 3870): HoldService:preHoldShow start!
I/HwSystemManager( 3870): HoldService:The prePermissionType is: 1
W/View    (24221): requestLayout() improperly called by com.android.systemui.statusbar.phone.IconMerger{432b7018 V.E..... ......I. 0,0-270,75 #7f0a0067 app:id/notificationIcons} during layout: running second layout pass
W/View    (24221): requestLayout() improperly called by com.android.systemui.statusbar.phone.IconMerger{432b7018 V.E..... ........ 0,0-270,75 #7f0a0067 app:id/notificationIcons} during second layout pass: posting in next frame
W/View    (24221): requestLayout() improperly called by com.android.systemui.statusbar.phone.IconMerger{432b7018 V.E..... ......I. 0,0-270,75 #7f0a0067 app:id/notificationIcons} during layout: running second layout pass
W/View    (24221): requestLayout() improperly called by com.android.systemui.statusbar.phone.IconMerger{432b7018 V.E..... ......I. 0,0-270,75 #7f0a0067 app:id/notificationIcons} during layout: running second layout pass
W/View    (24221): requestLayout() improperly called by com.android.systemui.statusbar.phone.IconMerger{432b7018 V.E..... ........ 0,0-270,75 #7f0a0067 app:id/notificationIcons} during second layout pass: posting in next frame
W/View    (24221): requestLayout() improperly called by com.android.systemui.statusbar.phone.IconMerger{432b7018 V.E..... ......I. 0,0-270,75 #7f0a0067 app:id/notificationIcons} during second layout pass: posting in next frame
W/Tinker.TinkerLoader(16308): tryLoadPatchFiles:patch info not exist:/data/data/com.jingdong.app.mall/tinker/patch.info
I/MultiDex(16308): VM with version 1.6.0 does not have multidex support
I/MultiDex(16308): install
I/MultiDex(16308): MultiDexExtractor.load(/data/app/com.jingdong.app.mall-2.apk, false)
I/MultiDex(16308): loading existing secondary dex files
I/MultiDex(16308): load found 1 secondary dex files
I/MultiDex(16308): install done
W/dalvikvm(16308): VFY: unable to resolve static field 242 (SUPPORTED_ABIS) in Landroid/os/Build;
I/dalvikvm(16308): DexOpt: unable to optimize static field ref 0x00f2 at 0x0d in Lcom/a/a/g;.ce
W/dalvikvm(16308): VFY: unable to resolve static field 221 (PREVIEW_SDK_INT) in Landroid/os/Build$VERSION;
W/dalvikvm(16308): VFY: unable to resolve static field 221 (PREVIEW_SDK_INT) in Landroid/os/Build$VERSION;
I/HwSystemManager( 3870): HoldService:preHoldShow start!
I/HwSystemManager( 3870): HoldService:The prePermissionType is: 1
I/HwSystemManager( 3870): HoldService:preHoldShow start!
I/HwSystemManager( 3870): HoldService:The prePermissionType is: 1
I/HwSystemManager( 3870): HoldService:preHoldShow start!
I/HwSystemManager( 3870): HoldService:The prePermissionType is: 1
W/GooglePlayServicesUtil( 1220): Google Play Store is missing.
W/GooglePlayServicesUtil( 1220): Google Play Store is missing.
I/HwSystemManager( 3870): HoldService:preHoldShow start!
I/HwSystemManager( 3870): HoldService:The prePermissionType is: 1
I/dalvikvm(16308): Could not find method android.widget.ImageView.<init>, referenced from method com.facebook.drawee.view.DraweeView.<init>
W/dalvikvm(16308): VFY: unable to resolve direct method 14249: Landroid/widget/ImageView;.<init> (Landroid/content/Context;Landroid/util/AttributeSet;II)V
I/dalvikvm(16308): Could not find method com.facebook.drawee.view.DraweeView.getImageTintList, referenced from method com.facebook.drawee.view.DraweeView.init
W/dalvikvm(16308): VFY: unable to resolve virtual method 19870: Lcom/facebook/drawee/view/DraweeView;.getImageTintList ()Landroid/content/res/ColorStateList;
I/dalvikvm-heap(16308): Grow heap (frag case) to 31.411MB for 1674000-byte allocation
I/HwSystemManager( 3870): HoldService:preHoldShow start!
I/HwSystemManager( 3870): HoldService:The prePermissionType is: 1
I/HwSystemManager( 3870): HoldService:preHoldShow start!
I/HwSystemManager( 3870): HoldService:The prePermissionType is: 1
I/HwSystemManager( 3870): HoldService:preHoldShow start!
I/HwSystemManager( 3870): HoldService:The prePermissionType is: 1
W/View    (24221): requestLayout() improperly called by com.android.systemui.statusbar.phone.IconMerger{432b7018 V.E..... ......I. 0,0-270,75 #7f0a0067 app:id/notificationIcons} during layout: running second layout pass
I/wpa_supplicant(27084): wlan0: HEART-BEAT-ACK: 4157
I/CAPALiteReceiver( 3522): USER STATE: STATIONARY SUB STATE: UNKNOWN
W/View    (24221): requestLayout() improperly called by com.android.systemui.statusbar.phone.IconMerger{432b7018 V.E..... ........ 0,0-270,75 #7f0a0067 app:id/notificationIcons} during second layout pass: posting in next frame
W/View    (24221): requestLayout() improperly called by com.android.systemui.statusbar.phone.IconMerger{432b7018 V.E..... ......I. 0,0-270,75 #7f0a0067 app:id/notificationIcons} during layout: running second layout pass
W/View    (24221): requestLayout() improperly called by com.android.systemui.statusbar.phone.IconMerger{432b7018 V.E..... ........ 0,0-270,75 #7f0a0067 app:id/notificationIcons} during second layout pass: posting in next frame
W/GooglePlayServicesUtil( 1220): Google Play Store is missing.
W/GooglePlayServicesUtil( 1220): Google Play Store is missing.
W/View    (24221): requestLayout() improperly called by com.android.systemui.statusbar.phone.IconMerger{432b7018 V.E..... ......I. 0,0-270,75 #7f0a0067 app:id/notificationIcons} during layout: running second layout pass
E/Thermal-daemon( 2432): [flash_led] temp_new :37  temp_old :38
E/Thermal-daemon( 2432): Report temperature: [flash_led] temp :37  report_threshold:1
W/View    (24221): requestLayout() improperly called by com.android.systemui.statusbar.phone.IconMerger{432b7018 V.E..... ........ 0,0-270,75 #7f0a0067 app:id/notificationIcons} during second layout pass: posting in next frame
W/View    (24221): requestLayout() improperly called by com.android.systemui.statusbar.phone.IconMerger{432b7018 V.E..... ......I. 0,0-270,75 #7f0a0067 app:id/notificationIcons} during layout: running second layout pass
W/View    (24221): requestLayout() improperly called by com.android.systemui.statusbar.phone.IconMerger{432b7018 V.E..... ........ 0,0-270,75 #7f0a0067 app:id/notificationIcons} during second layout pass: posting in next frame
W/View    (24221): requestLayout() improperly called by com.android.systemui.statusbar.phone.IconMerger{432b7018 V.E..... ......I. 0,0-270,75 #7f0a0067 app:id/notificationIcons} during layout: running second layout pass
W/View    (24221): requestLayout() improperly called by com.android.systemui.statusbar.phone.IconMerger{432b7018 V.E..... ......I. 0,0-270,75 #7f0a0067 app:id/notificationIcons} during layout: running second layout pass
W/View    (24221): requestLayout() improperly called by com.android.systemui.statusbar.phone.IconMerger{432b7018 V.E..... ........ 0,0-270,75 #7f0a0067 app:id/notificationIcons} during second layout pass: posting in next frame
W/View    (24221): requestLayout() improperly called by com.android.systemui.statusbar.phone.IconMerger{432b7018 V.E..... ......I. 0,0-270,75 #7f0a0067 app:id/notificationIcons} during second layout pass: posting in next frame
I/wpa_supplicant(27084): wlan0: HEART-BEAT-ACK: 4158
E/HwSystemManager( 3870): BgPowerManagerService: conusmPower = -15 result = -175 flag1 =false flag2 = false
W/GooglePlayServicesUtil( 1220): Google Play Store is missing.
W/GooglePlayServicesUtil( 1220): Google Play Store is missing.
W/View    (24221): requestLayout() improperly called by com.android.systemui.statusbar.phone.IconMerger{432b7018 V.E..... ......I. 0,0-270,75 #7f0a0067 app:id/notificationIcons} during layout: running second layout pass
W/GooglePlayServicesUtil( 1220): Google Play Store is missing.
W/GooglePlayServicesUtil( 1220): Google Play Store is missing.
W/GooglePlayServicesUtil( 1220): Google Play Store is missing.
W/GooglePlayServicesUtil( 1220): Google Play Store is missing.
W/GooglePlayServicesUtil( 1220): Google Play Store is missing.
W/DynamiteModule(31775): Local module descriptor class for com.google.android.gms.googlecertificates not found.
W/GooglePlayServicesUtil(31775): Google Play Store is missing.
I/DynamiteModule(31775): Considering local module com.google.android.gms.googlecertificates:0 and remote module com.google.android.gms.googlecertificates:0
E/GoogleCertificates(31775): Failed to load com.google.android.gms.googlecertificates: No acceptable module found. Local version is 0 and remote version is 0.
W/DynamiteModule(31775): Local module descriptor class for com.google.android.gms.googlecertificates not found.
W/GooglePlayServicesUtil(31775): Google Play Store is missing.
I/DynamiteModule(31775): Considering local module com.google.android.gms.googlecertificates:0 and remote module com.google.android.gms.googlecertificates:0
E/GoogleCertificates(31775): Failed to load com.google.android.gms.googlecertificates: No acceptable module found. Local version is 0 and remote version is 0.
W/View    (24221): requestLayout() improperly called by com.android.systemui.statusbar.phone.IconMerger{432b7018 V.E..... ........ 0,0-270,75 #7f0a0067 app:id/notificationIcons} during second layout pass: posting in next frame
W/GooglePlayServicesUtil( 1220): Google Play Store is missing.
W/DynamiteModule(31775): Local module descriptor class for com.google.android.gms.googlecertificates not found.
W/GooglePlayServicesUtil(31775): Google Play Store is missing.
I/DynamiteModule(31775): Considering local module com.google.android.gms.googlecertificates:0 and remote module com.google.android.gms.googlecertificates:0
E/GoogleCertificates(31775): Failed to load com.google.android.gms.googlecertificates: No acceptable module found. Local version is 0 and remote version is 0.
W/DynamiteModule(31775): Local module descriptor class for com.google.android.gms.googlecertificates not found.
W/GooglePlayServicesUtil(31775): Google Play Store is missing.
I/DynamiteModule(31775): Considering local module com.google.android.gms.googlecertificates:0 and remote module com.google.android.gms.googlecertificates:0
E/GoogleCertificates(31775): Failed to load com.google.android.gms.googlecertificates: No acceptable module found. Local version is 0 and remote version is 0.
E/chromium(31775): [ERROR:android_provider_backend.cc(860)] Can not find favicon's page url
E/chromium(31775): [ERROR:android_provider_backend.cc(860)] Can not find favicon's page url
E/chromium(31775): [ERROR:android_provider_backend.cc(860)] Can not find favicon's page url
E/chromium(31775): [ERROR:android_provider_backend.cc(860)] Can not find favicon's page url
E/chromium(31775): [ERROR:android_provider_backend.cc(860)] Can not find favicon's page url
E/chromium(31775): [ERROR:android_provider_backend.cc(860)] Can not find favicon's page url
E/chromium(31775): [ERROR:android_provider_backend.cc(860)] Can not find favicon's page url
E/chromium(31775): [ERROR:android_provider_backend.cc(860)] Can not find favicon's page url
W/GooglePlayServicesUtil( 1220): Google Play Store is missing.
W/GooglePlayServicesUtil( 1220): Google Play Store is missing.
W/GooglePlayServicesUtil( 1220): Google Play Store is missing.
W/GooglePlayServicesUtil( 1220): Google Play Store is missing.
W/View    (24221): requestLayout() improperly called by com.android.systemui.statusbar.phone.IconMerger{432b7018 V.E..... ......I. 0,0-270,75 #7f0a0067 app:id/notificationIcons} during layout: running second layout pass
W/View    (24221): requestLayout() improperly called by com.android.systemui.statusbar.phone.IconMerger{432b7018 V.E..... ......I. 0,0-270,75 #7f0a0067 app:id/notificationIcons} during layout: running second layout pass
W/View    (24221): requestLayout() improperly called by com.android.systemui.statusbar.phone.IconMerger{432b7018 V.E..... ........ 0,0-270,75 #7f0a0067 app:id/notificationIcons} during second layout pass: posting in next frame
W/View    (24221): requestLayout() improperly called by com.android.systemui.statusbar.phone.IconMerger{432b7018 V.E..... ......I. 0,0-270,75 #7f0a0067 app:id/notificationIcons} during second layout pass: posting in next frame
E/CommandListener( 2418): readDefRoute call readDefRoute
E/SecondaryTablController( 2418): isWifiDefaultRouteExisted /system/bin/ip route
I/HwSystemManager( 3870): HoldService:preHoldShow start!
I/HwSystemManager( 3870): HoldService:The prePermissionType is: 1
E/CommandListener( 2418): readDefRoute Rsp ok
W/GooglePlayServicesUtil( 1220): Google Play Store is missing.
W/GooglePlayServicesUtil( 1220): Google Play Store is missing.
W/View    (24221): requestLayout() improperly called by com.android.systemui.statusbar.phone.IconMerger{432b7018 V.E..... ......I. 0,0-270,75 #7f0a0067 app:id/notificationIcons} during layout: running second layout pass
W/View    (24221): requestLayout() improperly called by com.android.systemui.statusbar.phone.IconMerger{432b7018 V.E..... ........ 0,0-270,75 #7f0a0067 app:id/notificationIcons} during second layout pass: posting in next frame
E/Thermal-daemon( 2432): [pa_0] temp_new :37  temp_old :38
E/Thermal-daemon( 2432): Report temperature: [pa_0] temp :37  report_threshold:1
W/View    (24221): requestLayout() improperly called by com.android.systemui.statusbar.phone.IconMerger{432b7018 V.E..... ......I. 0,0-270,75 #7f0a0067 app:id/notificationIcons} during layout: running second layout pass
W/View    (24221): requestLayout() improperly called by com.android.systemui.statusbar.phone.IconMerger{432b7018 V.E..... ........ 0,0-270,75 #7f0a0067 app:id/notificationIcons} during second layout pass: posting in next frame
I/wpa_supplicant(27084): wlan0: HEART-BEAT-ACK: 4159
E/Thermal-daemon( 2432): [ap] temp_new :38  temp_old :39
E/Thermal-daemon( 2432): Report temperature: [ap] temp :38  report_threshold:1
W/View    (24221): requestLayout() improperly called by com.android.systemui.statusbar.phone.IconMerger{432b7018 V.E..... ......I. 0,0-270,75 #7f0a0067 app:id/notificationIcons} during layout: running second layout pass
W/View    (24221): requestLayout() improperly called by com.android.systemui.statusbar.phone.IconMerger{432b7018 V.E..... ........ 0,0-270,75 #7f0a0067 app:id/notificationIcons} during second layout pass: posting in next frame
W/GooglePlayServicesUtil( 1220): Google Play Store is missing.
W/GooglePlayServicesUtil( 1220): Google Play Store is missing.
W/View    (24221): requestLayout() improperly called by com.android.systemui.statusbar.phone.IconMerger{432b7018 V.E..... ......I. 0,0-270,75 #7f0a0067 app:id/notificationIcons} during layout: running second layout pass
W/View    (24221): requestLayout() improperly called by com.android.systemui.statusbar.phone.IconMerger{432b7018 V.E..... ........ 0,0-270,75 #7f0a0067 app:id/notificationIcons} during second layout pass: posting in next frame
W/View    (24221): requestLayout() improperly called by com.android.systemui.statusbar.phone.IconMerger{432b7018 V.E..... ......I. 0,0-270,75 #7f0a0067 app:id/notificationIcons} during layout: running second layout pass
W/GooglePlayServicesUtil( 1220): Google Play Store is missing.
W/GooglePlayServicesUtil( 1220): Google Play Store is missing.
W/View    (24221): requestLayout() improperly called by com.android.systemui.statusbar.phone.IconMerger{432b7018 V.E..... ........ 0,0-270,75 #7f0a0067 app:id/notificationIcons} during second layout pass: posting in next frame
I/wpa_supplicant(27084): wlan0: HEART-BEAT-ACK: 4160
W/View    (24221): requestLayout() improperly called by com.android.systemui.statusbar.phone.IconMerger{432b7018 V.E..... ......I. 0,0-270,75 #7f0a0067 app:id/notificationIcons} during layout: running second layout pass
W/View    (24221): requestLayout() improperly called by com.android.systemui.statusbar.phone.IconMerger{432b7018 V.E..... ........ 0,0-270,75 #7f0a0067 app:id/notificationIcons} during second layout pass: posting in next frame
I/HwSystemManager( 3870): HoldService:preHoldShow start!
I/HwSystemManager( 3870): HoldService:The prePermissionType is: 1
W/GooglePlayServicesUtil( 1220): Google Play Store is missing.
W/GooglePlayServicesUtil( 1220): Google Play Store is missing.
E/CommandListener( 2418): readDefRoute call readDefRoute
E/SecondaryTablController( 2418): isWifiDefaultRouteExisted /system/bin/ip route
E/CommandListener( 2418): readDefRoute Rsp ok
E/android_hardware_fm.cpp(16427): register_android_hardware_fm_fmradio
E/FM_HAL  (16427): [FM_HAL], fm_dynamic_lib is libbcmfm_if
E/FM_HAL  (16427): [FM_HAL], libname is libbcmfm_if
E/fm_if.c (16427): find the id:libbcmfm_if and begins to open the devices
E/android_hardware_fm.cpp(16427): register_android_hardware_fm_fmradio, ret is 0
E/        (16427): ProtocolErrorLog wangkang test!!
W/View    (24221): requestLayout() improperly called by com.android.systemui.statusbar.phone.IconMerger{432b7018 V.E..... ......I. 0,0-270,75 #7f0a0067 app:id/notificationIcons} during layout: running second layout pass
I/wpa_supplicant(27084): wlan0: HEART-BEAT-ACK: 4161
W/GooglePlayServicesUtil( 1220): Google Play Store is missing.
W/GooglePlayServicesUtil( 1220): Google Play Store is missing.
W/View    (24221): requestLayout() improperly called by com.android.systemui.statusbar.phone.IconMerger{432b7018 V.E..... ......I. 0,0-270,75 #7f0a0067 app:id/notificationIcons} during layout: running second layout pass
W/View    (24221): requestLayout() improperly called by com.android.systemui.statusbar.phone.IconMerger{432b7018 V.E..... ........ 0,0-270,75 #7f0a0067 app:id/notificationIcons} during second layout pass: posting in next frame
W/View    (24221): requestLayout() improperly called by com.android.systemui.statusbar.phone.IconMerger{432b7018 V.E..... ......I. 0,0-270,75 #7f0a0067 app:id/notificationIcons} during second layout pass: posting in next frame
E/android_hardware_fm.cpp(16450): register_android_hardware_fm_fmradio
E/FM_HAL  (16450): [FM_HAL], fm_dynamic_lib is libbcmfm_if
E/FM_HAL  (16450): [FM_HAL], libname is libbcmfm_if
E/fm_if.c (16450): find the id:libbcmfm_if and begins to open the devices
E/android_hardware_fm.cpp(16450): register_android_hardware_fm_fmradio, ret is 0
E/        (16450): ProtocolErrorLog wangkang test!!
W/View    (24221): requestLayout() improperly called by com.android.systemui.statusbar.phone.IconMerger{432b7018 V.E..... ......I. 0,0-270,75 #7f0a0067 app:id/notificationIcons} during layout: running second layout pass
