W/System.err( 3507): 	at dalvik.system.NativeStart.run(Native Method)
E/DatabaseUtils( 3507): Writing exception to parcel
E/DatabaseUtils( 3507): java.lang.SecurityException: No permission to write APN settings: Neither user 10076 nor current process has android.permission.WRITE_APN_SETTINGS.
E/DatabaseUtils( 3507): 	at android.app.ContextImpl.enforce(ContextImpl.java:1775)
E/DatabaseUtils( 3507): 	at android.app.ContextImpl.enforceCallingOrSelfPermission(ContextImpl.java:1804)
E/DatabaseUtils( 3507): 	at com.android.providers.telephony.TelephonyProvider.checkPermission(TelephonyProvider.java:1984)
E/DatabaseUtils( 3507): 	at com.android.providers.telephony.TelephonyProvider.query(TelephonyProvider.java:1558)
E/DatabaseUtils( 3507): 	at android.content.ContentProvider.query(ContentProvider.java:857)
E/DatabaseUtils( 3507): 	at android.content.ContentProvider$Transport.query(ContentProvider.java:200)
E/DatabaseUtils( 3507): 	at android.content.ContentProviderNative.onTransact(ContentProviderNative.java:112)
E/DatabaseUtils( 3507): 	at android.os.Binder.execTransact(Binder.java:404)
E/DatabaseUtils( 3507): 	at dalvik.system.NativeStart.run(Native Method)
W/Tinker.TinkerLoader(16151): tryLoadPatchFiles:patch dir not exist:/data/data/cn.etouch.ecalendar/tinker
I/MultiDex(16151): VM with version 1.6.0 does not have multidex support
I/MultiDex(16151): install
I/MultiDex(16151): MultiDexExtractor.load(/data/app/cn.etouch.ecalendar-1.apk, false)
I/MultiDex(16151): loading existing secondary dex files
I/MultiDex(16151): load found 1 secondary dex files
I/MultiDex(16151): install done
I/dalvikvm(16151): Could not find method android.app.AlarmManager.setExactAndAllowWhileIdle, referenced from method cn.etouch.ecalendar.manager.ad.a
W/dalvikvm(16151): VFY: unable to resolve virtual method 426: Landroid/app/AlarmManager;.setExactAndAllowWhileIdle (IJLandroid/app/PendingIntent;)V
E/dalvikvm(  439): Could not find class 'com.dodola.rocoo.Hack', referenced from method sogou.mobile.explorer.download.DownloadReceiver.<init>
W/dalvikvm(  439): VFY: unable to resolve const-class 2187 (Lcom/dodola/rocoo/Hack;) in Lsogou/mobile/explorer/download/DownloadReceiver;
E/dalvikvm(  439): Could not find class 'com.dodola.rocoo.Hack', referenced from method sogou.mobile.explorer.download.DownloadReceiver$1.<init>
W/dalvikvm(  439): VFY: unable to resolve const-class 2187 (Lcom/dodola/rocoo/Hack;) in Lsogou/mobile/explorer/download/DownloadReceiver$1;
E/dalvikvm(  439): Could not find class 'com.dodola.rocoo.Hack', referenced from method sogou.mobile.explorer.novel.NovelReceiver.<init>
W/dalvikvm(  439): VFY: unable to resolve const-class 2187 (Lcom/dodola/rocoo/Hack;) in Lsogou/mobile/explorer/novel/NovelReceiver;
E/dalvikvm(  439): Could not find class 'com.dodola.rocoo.Hack', referenced from method sogou.mobile.explorer.novel.NovelBookShelfLayout.<init>
W/dalvikvm(  439): VFY: unable to resolve const-class 2187 (Lcom/dodola/rocoo/Hack;) in Lsogou/mobile/explorer/novel/NovelBookShelfLayout;
E/dalvikvm(  439): Could not find class 'com.dodola.rocoo.Hack', referenced from method sogou.mobile.explorer.ConnectionChangeReceiver.<init>
W/dalvikvm(  439): VFY: unable to resolve const-class 2187 (Lcom/dodola/rocoo/Hack;) in Lsogou/mobile/explorer/ConnectionChangeReceiver;
E/dalvikvm(  439): Could not find class 'com.dodola.rocoo.Hack', referenced from method sogou.mobile.explorer.util.wifi.a.<init>
W/dalvikvm(  439): VFY: unable to resolve const-class 427 (Lcom/dodola/rocoo/Hack;) in Lsogou/mobile/explorer/util/wifi/a;
E/dalvikvm(  439): Could not find class 'com.dodola.rocoo.Hack', referenced from method sogou.mobile.explorer.preference.ui.NetWorkConnectFragment.<init>
W/dalvikvm(  439): VFY: unable to resolve const-class 2187 (Lcom/dodola/rocoo/Hack;) in Lsogou/mobile/explorer/preference/ui/NetWorkConnectFragment;
I/Process (16151): Sending signal. PID: 16151 SIG: 9
E/dalvikvm(  439): Could not find class 'com.dodola.rocoo.Hack', referenced from method sogou.mobile.explorer.information.video.d.<init>
W/dalvikvm(  439): VFY: unable to resolve const-class 427 (Lcom/dodola/rocoo/Hack;) in Lsogou/mobile/explorer/information/video/d;
I/BroadcastQueue( 3084): pkg:[sogou.mobile.explorer] pid:[null] maybe background broadcast intent timeout , send to PG
E/dalvikvm(  439): Could not find class 'com.dodola.rocoo.Hack', referenced from method sogou.mobile.explorer.information.video.j.<init>
W/dalvikvm(  439): VFY: unable to resolve const-class 427 (Lcom/dodola/rocoo/Hack;) in Lsogou/mobile/explorer/information/video/j;
E/dalvikvm(  439): Could not find class 'com.dodola.rocoo.Hack', referenced from method sogou.mobile.explorer.information.video.k.<init>
W/dalvikvm(  439): VFY: unable to resolve const-class 427 (Lcom/dodola/rocoo/Hack;) in Lsogou/mobile/explorer/information/video/k;
E/dalvikvm(  439): Could not find class 'com.dodola.rocoo.Hack', referenced from method sogou.mobile.explorer.information.video.l.<init>
W/dalvikvm(  439): VFY: unable to resolve const-class 427 (Lcom/dodola/rocoo/Hack;) in Lsogou/mobile/explorer/information/video/l;
E/dalvikvm(  439): Could not find class 'com.dodola.rocoo.Hack', referenced from method sogou.mobile.explorer.information.video.m.<init>
W/dalvikvm(  439): VFY: unable to resolve const-class 427 (Lcom/dodola/rocoo/Hack;) in Lsogou/mobile/explorer/information/video/m;
E/dalvikvm(  439): Could not find class 'com.dodola.rocoo.Hack', referenced from method sogou.mobile.explorer.information.video.n.<init>
W/dalvikvm(  439): VFY: unable to resolve const-class 427 (Lcom/dodola/rocoo/Hack;) in Lsogou/mobile/explorer/information/video/n;
E/dalvikvm(  439): Could not find class 'com.dodola.rocoo.Hack', referenced from method sogou.mobile.explorer.information.video.o.<init>
W/dalvikvm(  439): VFY: unable to resolve const-class 427 (Lcom/dodola/rocoo/Hack;) in Lsogou/mobile/explorer/information/video/o;
E/dalvikvm(  439): Could not find class 'com.dodola.rocoo.Hack', referenced from method sogou.mobile.explorer.information.video.TextureVideoPlayer$10.<init>
W/dalvikvm(  439): VFY: unable to resolve const-class 427 (Lcom/dodola/rocoo/Hack;) in Lsogou/mobile/explorer/information/video/TextureVideoPlayer$10;
E/dalvikvm(  439): Could not find class 'com.dodola.rocoo.Hack', referenced from method sogou.mobile.explorer.information.InfoRootLayout.<init>
W/dalvikvm(  439): VFY: unable to resolve const-class 2187 (Lcom/dodola/rocoo/Hack;) in Lsogou/mobile/explorer/information/InfoRootLayout;
E/dalvikvm(  439): Could not find class 'com.dodola.rocoo.Hack', referenced from method sogou.mobile.explorer.urlnavigation.ui.MaskLinearLayout.<init>
W/dalvikvm(  439): VFY: unable to resolve const-class 2187 (Lcom/dodola/rocoo/Hack;) in Lsogou/mobile/explorer/urlnavigation/ui/MaskLinearLayout;
E/dalvikvm(  439): Could not find class 'com.dodola.rocoo.Hack', referenced from method sogou.mobile.explorer.plugindownload.n.<init>
W/dalvikvm(  439): VFY: unable to resolve const-class 427 (Lcom/dodola/rocoo/Hack;) in Lsogou/mobile/explorer/plugindownload/n;
E/dalvikvm(  439): Could not find class 'com.dodola.rocoo.Hack', referenced from method com.sogou.udp.push.a.<clinit>
W/dalvikvm(  439): VFY: unable to resolve const-class 2187 (Lcom/dodola/rocoo/Hack;) in Lcom/sogou/udp/push/a;
E/dalvikvm(  439): Could not find class 'com.dodola.rocoo.Hack', referenced from method com.sogou.udp.push.d.a.<init>
W/dalvikvm(  439): VFY: unable to resolve const-class 2187 (Lcom/dodola/rocoo/Hack;) in Lcom/sogou/udp/push/d/a;
W/System.err(  439): java.lang.Exception: sdkVersion_in_manifest_isn't_sdkVersion_in_jar! 
W/System.err(  439): 	at com.sogou.udp.push.a.a(SourceFile:343)
W/System.err(  439): 	at com.sogou.udp.push.a.a(SourceFile:101)
W/System.err(  439): 	at sogou.mobile.explorer.push.s.c(SourceFile:846)
W/System.err(  439): 	at sogou.mobile.explorer.ConnectionChangeReceiver.onReceive(SourceFile:50)
W/System.err(  439): 	at android.app.ActivityThread.handleReceiver(ActivityThread.java:2533)
W/System.err(  439): 	at android.app.ActivityThread.access$2000(ActivityThread.java:139)
W/System.err(  439): 	at android.app.ActivityThread$H.handleMessage(ActivityThread.java:1337)
W/System.err(  439): 	at android.os.Handler.dispatchMessage(Handler.java:102)
W/System.err(  439): 	at android.os.Looper.loop(Looper.java:136)
W/System.err(  439): 	at android.app.ActivityThread.main(ActivityThread.java:5314)
W/System.err(  439): 	at java.lang.reflect.Method.invokeNative(Native Method)
W/System.err(  439): 	at java.lang.reflect.Method.invoke(Method.java:515)
W/System.err(  439): 	at com.android.internal.os.ZygoteInit$MethodAndArgsCaller.run(ZygoteInit.java:864)
W/System.err(  439): 	at com.android.internal.os.ZygoteInit.main(ZygoteInit.java:680)
W/System.err(  439): 	at dalvik.system.NativeStart.main(Native Method)
E/dalvikvm(  439): Could not find class 'com.dodola.rocoo.Hack', referenced from method com.sogou.udp.push.h.f.<clinit>
W/dalvikvm(  439): VFY: unable to resolve const-class 2187 (Lcom/dodola/rocoo/Hack;) in Lcom/sogou/udp/push/h/f;
E/dalvikvm(  439): Could not find class 'com.dodola.rocoo.Hack', referenced from method com.sogou.udp.push.a.b.<clinit>
W/dalvikvm(  439): VFY: unable to resolve const-class 2187 (Lcom/dodola/rocoo/Hack;) in Lcom/sogou/udp/push/a/b;
E/dalvikvm(  439): Could not find class 'com.dodola.rocoo.Hack', referenced from method com.xiaomi.mipush.sdk.MiPushClient.<init>
W/dalvikvm(  439): VFY: unable to resolve const-class 2187 (Lcom/dodola/rocoo/Hack;) in Lcom/xiaomi/mipush/sdk/MiPushClient;
E/dalvikvm(  439): Could not find class 'com.dodola.rocoo.Hack', referenced from method com.xiaomi.channel.commonutils.logger.b.<clinit>
W/dalvikvm(  439): VFY: unable to resolve const-class 2187 (Lcom/dodola/rocoo/Hack;) in Lcom/xiaomi/channel/commonutils/logger/b;
E/dalvikvm(  439): Could not find class 'com.dodola.rocoo.Hack', referenced from method com.xiaomi.channel.commonutils.logger.a.<init>
W/dalvikvm(  439): VFY: unable to resolve const-class 2187 (Lcom/dodola/rocoo/Hack;) in Lcom/xiaomi/channel/commonutils/logger/a;
E/dalvikvm(  439): Could not find class 'com.dodola.rocoo.Hack', referenced from method sogou.mobile.explorer.util.wifi.WifiVerificationService.<init>
W/dalvikvm(  439): VFY: unable to resolve const-class 2187 (Lcom/dodola/rocoo/Hack;) in Lsogou/mobile/explorer/util/wifi/WifiVerificationService;
E/dalvikvm(  439): Could not find class 'com.dodola.rocoo.Hack', referenced from method sogou.mobile.explorer.util.wifi.WifiVerificationService$a.<init>
W/dalvikvm(  439): VFY: unable to resolve const-class 427 (Lcom/dodola/rocoo/Hack;) in Lsogou/mobile/explorer/util/wifi/WifiVerificationService$a;
E/dalvikvm(  439): Could not find class 'com.dodola.rocoo.Hack', referenced from method com.sogou.udp.push.SystemReceiver.<init>
W/dalvikvm(  439): VFY: unable to resolve const-class 2187 (Lcom/dodola/rocoo/Hack;) in Lcom/sogou/udp/push/SystemReceiver;
W/System.err(  439): java.lang.Exception: sdkVersion_in_manifest_isn't_sdkVersion_in_jar! 
W/System.err(  439): 	at com.sogou.udp.push.a.a(SourceFile:343)
W/System.err(  439): 	at com.sogou.udp.push.SystemReceiver.onReceive(SourceFile:22)
W/System.err(  439): 	at android.app.ActivityThread.handleReceiver(ActivityThread.java:2533)
W/System.err(  439): 	at android.app.ActivityThread.access$2000(ActivityThread.java:139)
W/System.err(  439): 	at android.app.ActivityThread$H.handleMessage(ActivityThread.java:1337)
W/System.err(  439): 	at android.os.Handler.dispatchMessage(Handler.java:102)
W/System.err(  439): 	at android.os.Looper.loop(Looper.java:136)
W/System.err(  439): 	at android.app.ActivityThread.main(ActivityThread.java:5314)
W/System.err(  439): 	at java.lang.reflect.Method.invokeNative(Native Method)
W/System.err(  439): 	at java.lang.reflect.Method.invoke(Method.java:515)
W/System.err(  439): 	at com.android.internal.os.ZygoteInit$MethodAndArgsCaller.run(ZygoteInit.java:864)
W/System.err(  439): 	at com.android.internal.os.ZygoteInit.main(ZygoteInit.java:680)
W/System.err(  439): 	at dalvik.system.NativeStart.main(Native Method)
E/dalvikvm(  439): Could not find class 'com.dodola.rocoo.Hack', referenced from method sogou.mobile.explorer.ActivationBrowserReceiver.<init>
W/dalvikvm(  439): VFY: unable to resolve const-class 2187 (Lcom/dodola/rocoo/Hack;) in Lsogou/mobile/explorer/ActivationBrowserReceiver;
E/dalvikvm(  439): Could not find class 'com.dodola.rocoo.Hack', referenced from method sogou.mobile.explorer.preference.ay.<clinit>
W/dalvikvm(  439): VFY: unable to resolve const-class 427 (Lcom/dodola/rocoo/Hack;) in Lsogou/mobile/explorer/preference/ay;
E/dalvikvm(  439): Could not find class 'com.dodola.rocoo.Hack', referenced from method sogou.mobile.explorer.as.<init>
W/dalvikvm(  439): VFY: unable to resolve const-class 2187 (Lcom/dodola/rocoo/Hack;) in Lsogou/mobile/explorer/as;
E/dalvikvm(  439): Could not find class 'com.dodola.rocoo.Hack', referenced from method sogou.mobile.explorer.as$b.<init>
W/dalvikvm(  439): VFY: unable to resolve const-class 2187 (Lcom/dodola/rocoo/Hack;) in Lsogou/mobile/explorer/as$b;
E/dalvikvm(  439): Could not find class 'com.dodola.rocoo.Hack', referenced from method sogou.webkit.WebSettings$LayoutAlgorithm.<init>
W/dalvikvm(  439): VFY: unable to resolve const-class 2187 (Lcom/dodola/rocoo/Hack;) in Lsogou/webkit/WebSettings$LayoutAlgorithm;
E/dalvikvm(  439): Could not find class 'com.dodola.rocoo.Hack', referenced from method sogou.mobile.explorer.as$c.<init>
W/dalvikvm(  439): VFY: unable to resolve const-class 2187 (Lcom/dodola/rocoo/Hack;) in Lsogou/mobile/explorer/as$c;
E/dalvikvm(  439): Could not find class 'com.dodola.rocoo.Hack', referenced from method sogou.mobile.explorer.fv.<init>
W/dalvikvm(  439): VFY: unable to resolve const-class 427 (Lcom/dodola/rocoo/Hack;) in Lsogou/mobile/explorer/fv;
E/dalvikvm(  439): Could not find class 'com.dodola.rocoo.Hack', referenced from method sogou.mobile.explorer.fv$c.<init>
W/dalvikvm(  439): VFY: unable to resolve const-class 427 (Lcom/dodola/rocoo/Hack;) in Lsogou/mobile/explorer/fv$c;
E/dalvikvm(  439): Could not find class 'com.dodola.rocoo.Hack', referenced from method sogou.mobile.explorer.fv$d.<init>
W/dalvikvm(  439): VFY: unable to resolve const-class 427 (Lcom/dodola/rocoo/Hack;) in Lsogou/mobile/explorer/fv$d;
E/dalvikvm(  439): Could not find class 'com.dodola.rocoo.Hack', referenced from method sogou.mobile.explorer.as$d.<init>
W/dalvikvm(  439): VFY: unable to resolve const-class 2187 (Lcom/dodola/rocoo/Hack;) in Lsogou/mobile/explorer/as$d;
E/dalvikvm(  439): Could not find class 'com.dodola.rocoo.Hack', referenced from method sogou.webkit.WebSettings$ZoomDensity.<init>
W/dalvikvm(  439): VFY: unable to resolve const-class 427 (Lcom/dodola/rocoo/Hack;) in Lsogou/webkit/WebSettings$ZoomDensity;
E/dalvikvm(  439): Could not find class 'com.dodola.rocoo.Hack', referenced from method sogou.webkit.WebSettings$PluginState.<init>
W/dalvikvm(  439): VFY: unable to resolve const-class 427 (Lcom/dodola/rocoo/Hack;) in Lsogou/webkit/WebSettings$PluginState;
E/dalvikvm(  439): Could not find class 'com.dodola.rocoo.Hack', referenced from method sogou.mobile.explorer.as$a.<init>
W/dalvikvm(  439): VFY: unable to resolve const-class 2187 (Lcom/dodola/rocoo/Hack;) in Lsogou/mobile/explorer/as$a;
E/dalvikvm(  439): Could not find class 'com.dodola.rocoo.Hack', referenced from method sogou.mobile.explorer.as$e.<init>
W/dalvikvm(  439): VFY: unable to resolve const-class 2187 (Lcom/dodola/rocoo/Hack;) in Lsogou/mobile/explorer/as$e;
E/dalvikvm(  439): Could not find class 'com.dodola.rocoo.Hack', referenced from method sogou.mobile.explorer.extension.UpdatePluginService.<init>
W/dalvikvm(  439): VFY: unable to resolve const-class 2187 (Lcom/dodola/rocoo/Hack;) in Lsogou/mobile/explorer/extension/UpdatePluginService;
I/dalvikvm(16176): Could not find method sogou.mobile.explorer.bq.a, referenced from method sogou.mobile.explorer.BrowserApp.b
W/dalvikvm(16176): VFY: unable to resolve static method 58562: Lsogou/mobile/explorer/bq;.a ()Lsogou/mobile/explorer/bq;
I/MultiDex(16176): VM with version 1.6.0 does not have multidex support
I/MultiDex(16176): install
I/MultiDex(16176): MultiDexExtractor.load(/data/app/sogou.mobile.explorer-1.apk, false)
I/MultiDex(16176): loading existing secondary dex files
I/MultiDex(16176): load found 1 secondary dex files
I/MultiDex(16176): install done
E/dalvikvm(16176): Could not find class 'com.dodola.rocoo.Hack', referenced from method sogou.mobile.explorer.CommonLib.<init>
W/dalvikvm(16176): VFY: unable to resolve const-class 2187 (Lcom/dodola/rocoo/Hack;) in Lsogou/mobile/explorer/CommonLib;
E/dalvikvm(16176): Could not find class 'com.dodola.rocoo.Hack', referenced from method sogou.mobile.explorer.push.s.<clinit>
W/dalvikvm(16176): VFY: unable to resolve const-class 2187 (Lcom/dodola/rocoo/Hack;) in Lsogou/mobile/explorer/push/s;
E/dalvikvm(16176): Could not find class 'com.dodola.rocoo.Hack', referenced from method sogou.mobile.explorer.notification.StartQuickEntryServiceReceiver.<init>
W/dalvikvm(16176): VFY: unable to resolve const-class 2187 (Lcom/dodola/rocoo/Hack;) in Lsogou/mobile/explorer/notification/StartQuickEntryServiceReceiver;
E/dalvikvm(16176): Could not find class 'com.dodola.rocoo.Hack', referenced from method sogou.mobile.framework.transform.f.<init>
W/dalvikvm(16176): VFY: unable to resolve const-class 427 (Lcom/dodola/rocoo/Hack;) in Lsogou/mobile/framework/transform/f;
E/dalvikvm(16176): Could not find class 'com.dodola.rocoo.Hack', referenced from method sogou.mobile.framework.transform.g.<init>
W/dalvikvm(16176): VFY: unable to resolve const-class 427 (Lcom/dodola/rocoo/Hack;) in Lsogou/mobile/framework/transform/g;
E/dalvikvm(16176): Could not find class 'com.dodola.rocoo.Hack', referenced from method sogou.mobile.framework.transform.c.<init>
W/dalvikvm(16176): VFY: unable to resolve const-class 427 (Lcom/dodola/rocoo/Hack;) in Lsogou/mobile/framework/transform/c;
E/dalvikvm(16176): Could not find class 'com.dodola.rocoo.Hack', referenced from method sogou.mobile.framework.transform.i.<init>
W/dalvikvm(16176): VFY: unable to resolve const-class 427 (Lcom/dodola/rocoo/Hack;) in Lsogou/mobile/framework/transform/i;
E/dalvikvm(16176): Could not find class 'com.dodola.rocoo.Hack', referenced from method sogou.mobile.framework.transform.e.<init>
W/dalvikvm(16176): VFY: unable to resolve const-class 427 (Lcom/dodola/rocoo/Hack;) in Lsogou/mobile/framework/transform/e;
E/dalvikvm(16176): Could not find class 'com.dodola.rocoo.Hack', referenced from method com.facebook.android.crypto.keychain.SecureRandomFix.<init>
W/dalvikvm(16176): VFY: unable to resolve const-class 2187 (Lcom/dodola/rocoo/Hack;) in Lcom/facebook/android/crypto/keychain/SecureRandomFix;
E/dalvikvm(16176): Could not find class 'com.dodola.rocoo.Hack', referenced from method com.facebook.crypto.util.SystemNativeCryptoLibrary.<init>
W/dalvikvm(16176): VFY: unable to resolve const-class 2187 (Lcom/dodola/rocoo/Hack;) in Lcom/facebook/crypto/util/SystemNativeCryptoLibrary;
E/dalvikvm(16176): Could not find class 'com.dodola.rocoo.Hack', referenced from method com.facebook.crypto.util.SystemNativeCryptoLibrary$1.<init>
W/dalvikvm(16176): VFY: unable to resolve const-class 2187 (Lcom/dodola/rocoo/Hack;) in Lcom/facebook/crypto/util/SystemNativeCryptoLibrary$1;
E/dalvikvm(16176): Could not find class 'com.dodola.rocoo.Hack', referenced from method com.facebook.crypto.Crypto.<init>
W/dalvikvm(16176): VFY: unable to resolve const-class 2187 (Lcom/dodola/rocoo/Hack;) in Lcom/facebook/crypto/Crypto;
E/dalvikvm(16176): Could not find class 'com.dodola.rocoo.Hack', referenced from method com.facebook.crypto.CipherHelper.<init>
W/dalvikvm(16176): VFY: unable to resolve const-class 2187 (Lcom/dodola/rocoo/Hack;) in Lcom/facebook/crypto/CipherHelper;
E/dalvikvm(16176): Could not find class 'com.dodola.rocoo.Hack', referenced from method sogou.mobile.framework.transform.a.<init>
W/dalvikvm(16176): VFY: unable to resolve const-class 427 (Lcom/dodola/rocoo/Hack;) in Lsogou/mobile/framework/transform/a;
I/HwSystemManager( 3870): HoldService:preHoldShow start!
I/HwSystemManager( 3870): HoldService:The prePermissionType is: 2
E/dalvikvm(16176): Could not find class 'com.dodola.rocoo.Hack', referenced from method com.facebook.crypto.Entity.<init>
W/dalvikvm(16176): VFY: unable to resolve const-class 2187 (Lcom/dodola/rocoo/Hack;) in Lcom/facebook/crypto/Entity;
E/dalvikvm(16176): Could not find class 'com.dodola.rocoo.Hack', referenced from method sogou.mobile.framework.encrypt.EncryptDigest$ComputeMethod.<init>
W/dalvikvm(16176): VFY: unable to resolve const-class 427 (Lcom/dodola/rocoo/Hack;) in Lsogou/mobile/framework/encrypt/EncryptDigest$ComputeMethod;
E/dalvikvm(16176): Could not find class 'com.dodola.rocoo.Hack', referenced from method sogou.mobile.framework.encrypt.EncryptDigest.<init>
W/dalvikvm(16176): VFY: unable to resolve const-class 427 (Lcom/dodola/rocoo/Hack;) in Lsogou/mobile/framework/encrypt/EncryptDigest;
E/dalvikvm(16176): Could not find class 'com.dodola.rocoo.Hack', referenced from method sogou.mobile.framework.encrypt.c.<clinit>
W/dalvikvm(16176): VFY: unable to resolve const-class 427 (Lcom/dodola/rocoo/Hack;) in Lsogou/mobile/framework/encrypt/c;
E/dalvikvm(16176): Could not find class 'com.dodola.rocoo.Hack', referenced from method sogou.mobile.framework.encrypt.b.<init>
W/dalvikvm(16176): VFY: unable to resolve const-class 427 (Lcom/dodola/rocoo/Hack;) in Lsogou/mobile/framework/encrypt/b;
E/dalvikvm(16176): Could not find class 'com.dodola.rocoo.Hack', referenced from method sogou.mobile.framework.transform.SSharedPreferencesImpl$1.<init>
W/dalvikvm(16176): VFY: unable to resolve const-class 427 (Lcom/dodola/rocoo/Hack;) in Lsogou/mobile/framework/transform/SSharedPreferencesImpl$1;
E/dalvikvm(16176): Could not find class 'com.dodola.rocoo.Hack', referenced from method com.facebook.crypto.util.Assertions.<init>
W/dalvikvm(16176): VFY: unable to resolve const-class 2187 (Lcom/dodola/rocoo/Hack;) in Lcom/facebook/crypto/util/Assertions;
E/dalvikvm(16176): Could not find class 'com.dodola.rocoo.Hack', referenced from method com.facebook.crypto.cipher.NativeGCMCipher.<init>
W/dalvikvm(16176): VFY: unable to resolve const-class 2187 (Lcom/dodola/rocoo/Hack;) in Lcom/facebook/crypto/cipher/NativeGCMCipher;
E/dalvikvm(16176): Could not find class 'com.dodola.rocoo.Hack', referenced from method com.facebook.crypto.cipher.NativeGCMCipher$STATE.<init>
W/dalvikvm(16176): VFY: unable to resolve const-class 2187 (Lcom/dodola/rocoo/Hack;) in Lcom/facebook/crypto/cipher/NativeGCMCipher$STATE;
E/dalvikvm(16176): Could not find class 'com.dodola.rocoo.Hack', referenced from method sogou.mobile.framework.encrypt.a.<init>
W/dalvikvm(16176): VFY: unable to resolve const-class 427 (Lcom/dodola/rocoo/Hack;) in Lsogou/mobile/framework/encrypt/a;
E/dalvikvm(16176): Could not find class 'com.dodola.rocoo.Hack', referenced from method sogou.mobile.framework.c.a.<clinit>
W/dalvikvm(16176): VFY: unable to resolve const-class 427 (Lcom/dodola/rocoo/Hack;) in Lsogou/mobile/framework/c/a;
E/dalvikvm(16176): Could not find class 'com.dodola.rocoo.Hack', referenced from method com.facebook.crypto.mac.NativeMac.<init>
W/dalvikvm(16176): VFY: unable to resolve const-class 2187 (Lcom/dodola/rocoo/Hack;) in Lcom/facebook/crypto/mac/NativeMac;
E/dalvikvm(16176): Could not find class 'com.dodola.rocoo.Hack', referenced from method com.facebook.crypto.streams.NativeGCMCipherInputStream.<init>
W/dalvikvm(16176): VFY: unable to resolve const-class 2187 (Lcom/dodola/rocoo/Hack;) in Lcom/facebook/crypto/streams/NativeGCMCipherInputStream;
E/dalvikvm(16176): Could not find class 'com.dodola.rocoo.Hack', referenced from method com.facebook.crypto.streams.TailInputStream.<init>
W/dalvikvm(16176): VFY: unable to resolve const-class 2187 (Lcom/dodola/rocoo/Hack;) in Lcom/facebook/crypto/streams/TailInputStream;
E/dalvikvm(16176): Could not find class 'com.dodola.rocoo.Hack', referenced from method sogou.mobile.explorer.channel.a.<clinit>
W/dalvikvm(16176): VFY: unable to resolve const-class 427 (Lcom/dodola/rocoo/Hack;) in Lsogou/mobile/explorer/channel/a;
E/dalvikvm(16176): Could not find class 'com.dodola.rocoo.Hack', referenced from method sogou.mobile.explorer.channel.ChannelConfig.<init>
W/dalvikvm(16176): VFY: unable to resolve const-class 427 (Lcom/dodola/rocoo/Hack;) in Lsogou/mobile/explorer/channel/ChannelConfig;
E/dalvikvm(16176): Could not find class 'com.dodola.rocoo.Hack', referenced from method sogou.mobile.explorer.notification.QuickEntryNotifyService.<init>
W/dalvikvm(16176): VFY: unable to resolve const-class 2187 (Lcom/dodola/rocoo/Hack;) in Lsogou/mobile/explorer/notification/QuickEntryNotifyService;
E/dalvikvm(16176): Could not find class 'com.dodola.rocoo.Hack', referenced from method sogou.mobile.explorer.notification.QuickEntryNotifyService$a.<init>
W/dalvikvm(16176): VFY: unable to resolve const-class 427 (Lcom/dodola/rocoo/Hack;) in Lsogou/mobile/explorer/notification/QuickEntryNotifyService$a;
E/dalvikvm(  439): Could not find class 'com.dodola.rocoo.Hack', referenced from method com.sogou.dynamicload.ProxyReceiver$com_sogou_androidtool_receiver_NetChangeReceiver.<init>
W/dalvikvm(  439): VFY: unable to resolve const-class 2187 (Lcom/dodola/rocoo/Hack;) in Lcom/sogou/dynamicload/ProxyReceiver$com_sogou_androidtool_receiver_NetChangeReceiver;
E/dalvikvm(  439): Could not find class 'com.dodola.rocoo.Hack', referenced from method com.sogou.dynamicload.ProxyReceiver$AndroidToolProxyReceiver.<init>
W/dalvikvm(  439): VFY: unable to resolve const-class 2187 (Lcom/dodola/rocoo/Hack;) in Lcom/sogou/dynamicload/ProxyReceiver$AndroidToolProxyReceiver;
E/dalvikvm(  439): Could not find class 'com.dodola.rocoo.Hack', referenced from method com.sogou.dynamicload.ProxyReceiver.<init>
W/dalvikvm(  439): VFY: unable to resolve const-class 2187 (Lcom/dodola/rocoo/Hack;) in Lcom/sogou/dynamicload/ProxyReceiver;
E/dalvikvm(  439): Could not find class 'com.dodola.rocoo.Hack', referenced from method com.sogou.dynamicload.receiver.DLProxyReceiver.<init>
W/dalvikvm(  439): VFY: unable to resolve const-class 2187 (Lcom/dodola/rocoo/Hack;) in Lcom/sogou/dynamicload/receiver/DLProxyReceiver;
E/dalvikvm(  439): Could not find class 'com.dodola.rocoo.Hack', referenced from method com.sogou.dynamicload.PluginHelper.<init>
W/dalvikvm(  439): VFY: unable to resolve const-class 2187 (Lcom/dodola/rocoo/Hack;) in Lcom/sogou/dynamicload/PluginHelper;
E/dalvikvm(16176): Could not find class 'com.dodola.rocoo.Hack', referenced from method sogou.mobile.explorer.notification.d.<init>
W/dalvikvm(16176): VFY: unable to resolve const-class 427 (Lcom/dodola/rocoo/Hack;) in Lsogou/mobile/explorer/notification/d;
E/dalvikvm(  439): Could not find class 'com.dodola.rocoo.Hack', referenced from method com.sogou.dynamicload.internal.DLPluginManager.<init>
W/dalvikvm(  439): VFY: unable to resolve const-class 2187 (Lcom/dodola/rocoo/Hack;) in Lcom/sogou/dynamicload/internal/DLPluginManager;
E/dalvikvm(16176): Could not find class 'com.dodola.rocoo.Hack', referenced from method sogou.mobile.explorer.notification.WeatherInfo.<init>
W/dalvikvm(16176): VFY: unable to resolve const-class 2187 (Lcom/dodola/rocoo/Hack;) in Lsogou/mobile/explorer/notification/WeatherInfo;
E/dalvikvm(16176): Could not find class 'com.dodola.rocoo.Hack', referenced from method sogou.mobile.explorer.serialize.JsonBean.<init>
W/dalvikvm(16176): VFY: unable to resolve const-class 2187 (Lcom/dodola/rocoo/Hack;) in Lsogou/mobile/explorer/serialize/JsonBean;
E/dalvikvm(  439): Could not find class 'com.dodola.rocoo.Hack', referenced from method com.sogou.dynamicload.internal.ProxyActivityPool.<init>
W/dalvikvm(  439): VFY: unable to resolve const-class 2187 (Lcom/dodola/rocoo/Hack;) in Lcom/sogou/dynamicload/internal/ProxyActivityPool;
E/dalvikvm(  439): Could not find class 'com.dodola.rocoo.Hack', referenced from method com.sogou.dynamicload.utils.LOG.<init>
W/dalvikvm(  439): VFY: unable to resolve const-class 2187 (Lcom/dodola/rocoo/Hack;) in Lcom/sogou/dynamicload/utils/LOG;
E/dalvikvm(16176): Could not find class 'com.dodola.rocoo.Hack', referenced from method org.json.simple.parser.JSONParser.<init>
E/dalvikvm(  439): Could not find class 'com.dodola.rocoo.Hack', referenced from method com.sogou.dynamicload.internal.ProxyActivityPool$ProxyActivityInfoList.<init>
W/dalvikvm(16176): VFY: unable to resolve const-class 2187 (Lcom/dodola/rocoo/Hack;) in Lorg/json/simple/parser/JSONParser;
W/dalvikvm(  439): VFY: unable to resolve const-class 2187 (Lcom/dodola/rocoo/Hack;) in Lcom/sogou/dynamicload/internal/ProxyActivityPool$ProxyActivityInfoList;
E/dalvikvm(16176): Could not find class 'com.dodola.rocoo.Hack', referenced from method org.json.simple.parser.Yylex.<init>
W/dalvikvm(16176): VFY: unable to resolve const-class 2187 (Lcom/dodola/rocoo/Hack;) in Lorg/json/simple/parser/Yylex;
E/dalvikvm(  439): Could not find class 'com.dodola.rocoo.Hack', referenced from method com.sogou.dynamicload.ProxyReceiver$com_sogou_androidtool_downloads_DownloadReceiver.<init>
W/dalvikvm(  439): VFY: unable to resolve const-class 2187 (Lcom/dodola/rocoo/Hack;) in Lcom/sogou/dynamicload/ProxyReceiver$com_sogou_androidtool_downloads_DownloadReceiver;
E/dalvikvm(16176): Could not find class 'com.dodola.rocoo.Hack', referenced from method org.json.simple.parser.Yytoken.<init>
W/dalvikvm(16176): VFY: unable to resolve const-class 2187 (Lcom/dodola/rocoo/Hack;) in Lorg/json/simple/parser/Yytoken;
E/dalvikvm(16176): Could not find class 'com.dodola.rocoo.Hack', referenced from method org.json.simple.JSONArray.<init>
W/dalvikvm(16176): VFY: unable to resolve const-class 2187 (Lcom/dodola/rocoo/Hack;) in Lorg/json/simple/JSONArray;
E/dalvikvm(16176): Could not find class 'com.dodola.rocoo.Hack', referenced from method org.json.simple.JSONObject.<init>
W/dalvikvm(16176): VFY: unable to resolve const-class 2187 (Lcom/dodola/rocoo/Hack;) in Lorg/json/simple/JSONObject;
E/dalvikvm(  386): Could not find class 'com.dodola.rocoo.Hack', referenced from method com.taobao.accs.EventReceiver.<init>
W/dalvikvm(  386): VFY: unable to resolve const-class 2187 (Lcom/dodola/rocoo/Hack;) in Lcom/taobao/accs/EventReceiver;
E/dalvikvm(  386): Could not find class 'com.dodola.rocoo.Hack', referenced from method com.taobao.accs.base.BaseReceiver.<init>
W/dalvikvm(  386): VFY: unable to resolve const-class 2187 (Lcom/dodola/rocoo/Hack;) in Lcom/taobao/accs/base/BaseReceiver;
E/dalvikvm(  386): Could not find class 'com.dodola.rocoo.Hack', referenced from method com.taobao.accs.internal.ReceiverImpl.<init>
W/dalvikvm(  386): VFY: unable to resolve const-class 2187 (Lcom/dodola/rocoo/Hack;) in Lcom/taobao/accs/internal/ReceiverImpl;
E/dalvikvm(  386): Could not find class 'com.dodola.rocoo.Hack', referenced from method com.taobao.accs.net.d.<init>
W/dalvikvm(  386): VFY: unable to resolve const-class 2187 (Lcom/dodola/rocoo/Hack;) in Lcom/taobao/accs/net/d;
E/dalvikvm(16176): Could not find class 'com.dodola.rocoo.Hack', referenced from method sogou.mobile.explorer.notification.Hotword.<init>
W/dalvikvm(16176): VFY: unable to resolve const-class 2187 (Lcom/dodola/rocoo/Hack;) in Lsogou/mobile/explorer/notification/Hotword;
I/accs.ElectionServiceImpl( 1204):  onStartCommand begin action:android.net.conn.CONNECTIVITY_CHANGE
I/accs.OrangeAdapter( 1204):  isElectionEnable result:false
I/accs.OrangeAdapter( 1204):  isElectionEnable result:false
I/accs.ElectionServiceImpl( 1204):  deliver to channelservice host pkg:
I/accs.ServiceImpl( 1204):  onHostStartCommand:Intent { act=android.net.conn.CONNECTIVITY_CHANGE flg=0x4000010 cmp=com.ygkj.chelaile.standard/com.taobao.accs.ChannelService (has extras) }
I/accs.LoadSoFailUtil( 1204):  getSoFailTimes times:0
I/accs.ACCSManager( 1204):  getAppkey:umeng:53870cb556240be6e4017771
I/accs.ElectionServiceImpl( 1204):  getConnection appkey:umeng:53870cb556240be6e4017771
I/accs.Utils( 1204):  getMode mode:0
I/accs.ServiceImpl( 1204):  network change:wifi to wifi
I/accs.ServiceImpl( 1204):  ping connection appkey:umeng:53870cb556240be6e4017771
I/accs.NetworkThreadumeng:53870cb556240be6e4017771( 1204):  0 send:PING status:1
I/accs.NetworkThreadumeng:53870cb556240be6e4017771( 1204):  0 onSendPing
I/accs.BaseIntentService( 1204):  onHandleIntent,action=android.net.conn.CONNECTIVITY_CHANGE,agooCommand=com.ygkj.chelaile.standard.intent.action.COMMAND,mipushCommand=com.ygkj.chelaile.standard.intent.thirdPush.action.COMMAND
I/accs.BaseIntentService( 1204):  is report cache msg,Config.isReportCacheMsg(mContext)=false
I/accs.BaseIntentService( 1204):  is clear all msg=false
E/dalvikvm(16176): Could not find class 'com.dodola.rocoo.Hack', referenced from method sogou.mobile.explorer.notification.QuickEntryNotifyService$1.<init>
W/dalvikvm(16176): VFY: unable to resolve const-class 2187 (Lcom/dodola/rocoo/Hack;) in Lsogou/mobile/explorer/notification/QuickEntryNotifyService$1;
E/dalvikvm(16176): Could not find class 'com.dodola.rocoo.Hack', referenced from method sogou.mobile.explorer.notification.QuickEntryNotifyService$2.<init>
W/dalvikvm(16176): VFY: unable to resolve const-class 2187 (Lcom/dodola/rocoo/Hack;) in Lsogou/mobile/explorer/notification/QuickEntryNotifyService$2;
E/dalvikvm(16176): Could not find class 'com.dodola.rocoo.Hack', referenced from method sogou.mobile.explorer.notification.QuickEntryNotifyService$3.<init>
W/dalvikvm(16176): VFY: unable to resolve const-class 2187 (Lcom/dodola/rocoo/Hack;) in Lsogou/mobile/explorer/notification/QuickEntryNotifyService$3;
E/dalvikvm(16176): Could not find class 'com.dodola.rocoo.Hack', referenced from method sogou.mobile.base.dataload.e.<init>
E/dalvikvm(16176): Could not find class 'com.dodola.rocoo.Hack', referenced from method sogou.mobile.explorer.notification.h.<init>
W/dalvikvm(16176): VFY: unable to resolve const-class 427 (Lcom/dodola/rocoo/Hack;) in Lsogou/mobile/explorer/notification/h;
W/dalvikvm(16176): VFY: unable to resolve const-class 2187 (Lcom/dodola/rocoo/Hack;) in Lsogou/mobile/base/dataload/e;
E/dalvikvm(16176): Could not find class 'com.dodola.rocoo.Hack', referenced from method sogou.mobile.framework.net.ProviderSwitcher$ProviderType.<init>
W/dalvikvm(16176): VFY: unable to resolve const-class 2187 (Lcom/dodola/rocoo/Hack;) in Lsogou/mobile/framework/net/ProviderSwitcher$ProviderType;
E/dalvikvm(16176): Could not find class 'com.dodola.rocoo.Hack', referenced from method sogou.mobile.explorer.au.<clinit>
W/dalvikvm(16176): VFY: unable to resolve const-class 427 (Lcom/dodola/rocoo/Hack;) in Lsogou/mobile/explorer/au;
E/dalvikvm(16176): Could not find class 'com.dodola.rocoo.Hack', referenced from method sogou.mobile.base.dataload.c.<init>
W/dalvikvm(16176): VFY: unable to resolve const-class 2187 (Lcom/dodola/rocoo/Hack;) in Lsogou/mobile/base/dataload/c;
E/dalvikvm(16176): Could not find class 'com.dodola.rocoo.Hack', referenced from method sogou.mobile.explorer.notification.i.<init>
E/dalvikvm(16176): Could not find class 'com.dodola.rocoo.Hack', referenced from method sogou.mobile.base.dataload.CacheType.<init>
W/dalvikvm(16176): VFY: unable to resolve const-class 2187 (Lcom/dodola/rocoo/Hack;) in Lsogou/mobile/base/dataload/CacheType;
W/dalvikvm(16176): VFY: unable to resolve const-class 427 (Lcom/dodola/rocoo/Hack;) in Lsogou/mobile/explorer/notification/i;
E/dalvikvm(16176): Could not find class 'com.dodola.rocoo.Hack', referenced from method sogou.mobile.explorer.notification.j.<init>
W/dalvikvm(16176): VFY: unable to resolve const-class 427 (Lcom/dodola/rocoo/Hack;) in Lsogou/mobile/explorer/notification/j;
I/tnet-jni( 1204): 49962 - [spdyPingRecvCallback] - 
I/tnet-jni( 1204): 49962 - [SpdySessionCallBack.spdyPingRecvCallback] - org.android.spdy.SpdySession@43337438
E/dalvikvm(16176): Could not find class 'com.dodola.rocoo.Hack', referenced from method sogou.mobile.explorer.BrowserUtils$6.<init>
W/dalvikvm(16176): VFY: unable to resolve const-class 2187 (Lcom/dodola/rocoo/Hack;) in Lsogou/mobile/explorer/BrowserUtils$6;
E/dalvikvm(16176): Could not find class 'com.dodola.rocoo.Hack', referenced from method sogou.mobile.explorer.au$a.<init>
W/dalvikvm(16176): VFY: unable to resolve const-class 427 (Lcom/dodola/rocoo/Hack;) in Lsogou/mobile/explorer/au$a;
E/dalvikvm(16176): Could not find class 'com.dodola.rocoo.Hack', referenced from method sogou.webkit.DeviceConfigManager$Listener.<init>
W/dalvikvm(16176): VFY: unable to resolve const-class 427 (Lcom/dodola/rocoo/Hack;) in Lsogou/webkit/DeviceConfigManager$Listener;
E/dalvikvm(16176): Could not find class 'com.dodola.rocoo.Hack', referenced from method sogou.mobile.explorer.notification.k.<init>
W/dalvikvm(16176): VFY: unable to resolve const-class 427 (Lcom/dodola/rocoo/Hack;) in Lsogou/mobile/explorer/notification/k;
E/dalvikvm(16176): Could not find class 'com.dodola.rocoo.Hack', referenced from method sogou.mobile.explorer.bq.<init>
W/dalvikvm(16176): VFY: unable to resolve const-class 427 (Lcom/dodola/rocoo/Hack;) in Lsogou/mobile/explorer/bq;
I/HwSystemManager( 3870): HoldService:preHoldShow start!
I/HwSystemManager( 3870): HoldService:The prePermissionType is: 2
I/HwSystemManager( 3870): HoldService:preHoldShow start!
I/HwSystemManager( 3870): HoldService:The prePermissionType is: 2
W/HwSystemManager( 3870): HoldService:showToast return because the blocked app is not foreground!
E/dalvikvm(16176): Could not find class 'com.dodola.rocoo.Hack', referenced from method sogou.mobile.explorer.dt.<init>
W/dalvikvm(16176): VFY: unable to resolve const-class 427 (Lcom/dodola/rocoo/Hack;) in Lsogou/mobile/explorer/dt;
E/dalvikvm(16176): Could not find class 'com.dodola.rocoo.Hack', referenced from method sogou.mobile.explorer.ds.<init>
W/dalvikvm(16176): VFY: unable to resolve const-class 427 (Lcom/dodola/rocoo/Hack;) in Lsogou/mobile/explorer/ds;
W/SharedPreferencesImpl(16176): getSharedPreferences
W/SharedPreferencesImpl(16176): org.xmlpull.v1.XmlPullParserException: Unexpected token (position:TEXT s0TCBre...@1:89 in java.io.InputStreamReader@432d19f0) 
W/SharedPreferencesImpl(16176): 	at org.kxml2.io.KXmlParser.next(KXmlParser.java:426)
W/SharedPreferencesImpl(16176): 	at org.kxml2.io.KXmlParser.next(KXmlParser.java:310)
W/SharedPreferencesImpl(16176): 	at com.android.internal.util.XmlUtils.readValueXml(XmlUtils.java:759)
W/SharedPreferencesImpl(16176): 	at com.android.internal.util.XmlUtils.readMapXml(XmlUtils.java:490)
W/SharedPreferencesImpl(16176): 	at sogou.mobile.framework.transform.g.c(SourceFile:114)
W/SharedPreferencesImpl(16176): 	at sogou.mobile.framework.transform.g.a(SourceFile:37)
W/SharedPreferencesImpl(16176): 	at sogou.mobile.framework.transform.SSharedPreferencesImpl$1.run(SourceFile:83)
E/dalvikvm(16176): Could not find class 'com.dodola.rocoo.Hack', referenced from method sogou.mobile.base.dataload.d.<clinit>
W/dalvikvm(16176): VFY: unable to resolve const-class 2187 (Lcom/dodola/rocoo/Hack;) in Lsogou/mobile/base/dataload/d;
E/dalvikvm(16176): Could not find class 'com.dodola.rocoo.Hack', referenced from method sogou.mobile.base.a.q.<clinit>
W/dalvikvm(16176): VFY: unable to resolve const-class 2187 (Lcom/dodola/rocoo/Hack;) in Lsogou/mobile/base/a/q;
E/dalvikvm(16176): Could not find class 'com.dodola.rocoo.Hack', referenced from method sogou.mobile.base.a.q$a.<init>
W/dalvikvm(16176): VFY: unable to resolve const-class 2187 (Lcom/dodola/rocoo/Hack;) in Lsogou/mobile/base/a/q$a;
E/dalvikvm(16176): Could not find class 'com.dodola.rocoo.Hack', referenced from method sogou.mobile.base.a.m.<init>
W/dalvikvm(16176): VFY: unable to resolve const-class 2187 (Lcom/dodola/rocoo/Hack;) in Lsogou/mobile/base/a/m;
E/dalvikvm(16176): Could not find class 'com.dodola.rocoo.Hack', referenced from method sogou.mobile.base.a.a.<init>
W/dalvikvm(16176): VFY: unable to resolve const-class 2187 (Lcom/dodola/rocoo/Hack;) in Lsogou/mobile/base/a/a;
E/dalvikvm(16176): Could not find class 'com.dodola.rocoo.Hack', referenced from method sogou.mobile.framework.net.f.<init>
W/dalvikvm(16176): VFY: unable to resolve const-class 427 (Lcom/dodola/rocoo/Hack;) in Lsogou/mobile/framework/net/f;
E/dalvikvm(16176): Could not find class 'com.dodola.rocoo.Hack', referenced from method sogou.mobile.framework.net.c.<init>
W/dalvikvm(16176): VFY: unable to resolve const-class 427 (Lcom/dodola/rocoo/Hack;) in Lsogou/mobile/framework/net/c;
E/dalvikvm(16176): Could not find class 'com.dodola.rocoo.Hack', referenced from method sogou.mobile.framework.net.d.<init>
W/dalvikvm(16176): VFY: unable to resolve const-class 427 (Lcom/dodola/rocoo/Hack;) in Lsogou/mobile/framework/net/d;
E/dalvikvm(16176): Could not find class 'com.dodola.rocoo.Hack', referenced from method sogou.mobile.framework.net.e.<init>
W/dalvikvm(16176): VFY: unable to resolve const-class 427 (Lcom/dodola/rocoo/Hack;) in Lsogou/mobile/framework/net/e;
E/dalvikvm(16176): Could not find class 'com.dodola.rocoo.Hack', referenced from method sogou.mobile.framework.net.p.<init>
W/dalvikvm(16176): VFY: unable to resolve const-class 427 (Lcom/dodola/rocoo/Hack;) in Lsogou/mobile/framework/net/p;
E/dalvikvm(16176): Could not find class 'com.dodola.rocoo.Hack', referenced from method sogou.mobile.base.a.k.<init>
W/dalvikvm(16176): VFY: unable to resolve const-class 2187 (Lcom/dodola/rocoo/Hack;) in Lsogou/mobile/base/a/k;
E/dalvikvm(16176): Could not find class 'com.dodola.rocoo.Hack', referenced from method sogou.mobile.framework.net.q.<clinit>
W/dalvikvm(16176): VFY: unable to resolve const-class 427 (Lcom/dodola/rocoo/Hack;) in Lsogou/mobile/framework/net/q;
E/dalvikvm(16176): Could not find class 'com.dodola.rocoo.Hack', referenced from method sogou.mobile.framework.net.h.<init>
W/dalvikvm(16176): VFY: unable to resolve const-class 427 (Lcom/dodola/rocoo/Hack;) in Lsogou/mobile/framework/net/h;
E/dalvikvm(16176): Could not find class 'com.dodola.rocoo.Hack', referenced from method sogou.mobile.framework.net.j.<init>
W/dalvikvm(16176): VFY: unable to resolve const-class 427 (Lcom/dodola/rocoo/Hack;) in Lsogou/mobile/framework/net/j;
E/dalvikvm(16176): Could not find class 'com.dodola.rocoo.Hack', referenced from method sogou.mobile.explorer.b.c.<init>
W/dalvikvm(16176): VFY: unable to resolve const-class 427 (Lcom/dodola/rocoo/Hack;) in Lsogou/mobile/explorer/b/c;
E/dalvikvm(16176): Could not find class 'com.dodola.rocoo.Hack', referenced from method sogou.mobile.explorer.b.b.<clinit>
W/dalvikvm(16176): VFY: unable to resolve const-class 427 (Lcom/dodola/rocoo/Hack;) in Lsogou/mobile/explorer/b/b;
E/dalvikvm(16176): Could not find class 'com.dodola.rocoo.Hack', referenced from method sogou.mobile.framework.net.f$a.<init>
W/dalvikvm(16176): VFY: unable to resolve const-class 427 (Lcom/dodola/rocoo/Hack;) in Lsogou/mobile/framework/net/f$a;
E/dalvikvm(16176): Could not find class 'com.dodola.rocoo.Hack', referenced from method sogou.mobile.explorer.b.a.<clinit>
W/dalvikvm(16176): VFY: unable to resolve const-class 427 (Lcom/dodola/rocoo/Hack;) in Lsogou/mobile/explorer/b/a;
E/dalvikvm(16176): Could not find class 'com.dodola.rocoo.Hack', referenced from method sogou.mobile.framework.dir.DirType.<init>
W/dalvikvm(16176): VFY: unable to resolve const-class 427 (Lcom/dodola/rocoo/Hack;) in Lsogou/mobile/framework/dir/DirType;
E/dalvikvm(16176): Could not find class 'com.dodola.rocoo.Hack', referenced from method sogou.mobile.explorer.encryptfile.j.<clinit>
W/dalvikvm(16176): VFY: unable to resolve const-class 427 (Lcom/dodola/rocoo/Hack;) in Lsogou/mobile/explorer/encryptfile/j;
E/dalvikvm(16176): Could not find class 'com.dodola.rocoo.Hack', referenced from method sogou.mobile.framework.dir.b.<clinit>
W/dalvikvm(16176): VFY: unable to resolve const-class 427 (Lcom/dodola/rocoo/Hack;) in Lsogou/mobile/framework/dir/b;
E/dalvikvm(16176): Could not find class 'com.dodola.rocoo.Hack', referenced from method sogou.mobile.framework.dir.a.<init>
W/dalvikvm(16176): VFY: unable to resolve const-class 427 (Lcom/dodola/rocoo/Hack;) in Lsogou/mobile/framework/dir/a;
W/Tinker.TinkerLoader(16220): tryLoadPatchFiles:patch dir not exist:/data/data/cn.etouch.ecalendar/tinker
E/dalvikvm(16176): Could not find class 'com.dodola.rocoo.Hack', referenced from method sogou.mobile.framework.net.Charset.<init>
W/dalvikvm(16176): VFY: unable to resolve const-class 427 (Lcom/dodola/rocoo/Hack;) in Lsogou/mobile/framework/net/Charset;
E/dalvikvm(16176): Could not find class 'com.dodola.rocoo.Hack', referenced from method sogou.mobile.framework.net.n.<clinit>
W/dalvikvm(16176): VFY: unable to resolve const-class 427 (Lcom/dodola/rocoo/Hack;) in Lsogou/mobile/framework/net/n;
E/dalvikvm(16176): Could not find class 'com.dodola.rocoo.Hack', referenced from method sogou.mobile.framework.net.a.a.<init>
W/dalvikvm(16176): VFY: unable to resolve const-class 427 (Lcom/dodola/rocoo/Hack;) in Lsogou/mobile/framework/net/a/a;
E/dalvikvm(16176): Could not find class 'com.dodola.rocoo.Hack', referenced from method sogou.mobile.framework.net.a.b.<init>
W/dalvikvm(16176): VFY: unable to resolve const-class 427 (Lcom/dodola/rocoo/Hack;) in Lsogou/mobile/framework/net/a/b;
E/dalvikvm(16176): Could not find class 'com.dodola.rocoo.Hack', referenced from method sogou.mobile.framework.net.a.c.<init>
W/dalvikvm(16176): VFY: unable to resolve const-class 427 (Lcom/dodola/rocoo/Hack;) in Lsogou/mobile/framework/net/a/c;
E/dalvikvm(16176): Could not find class 'com.dodola.rocoo.Hack', referenced from method sogou.mobile.base.bean.e.<init>
W/dalvikvm(16176): VFY: unable to resolve const-class 2187 (Lcom/dodola/rocoo/Hack;) in Lsogou/mobile/base/bean/e;
E/dalvikvm(16176): Could not find class 'com.dodola.rocoo.Hack', referenced from method sogou.mobile.base.bean.LoadResult.<init>
W/dalvikvm(16176): VFY: unable to resolve const-class 2187 (Lcom/dodola/rocoo/Hack;) in Lsogou/mobile/base/bean/LoadResult;
E/dalvikvm(16176): Could not find class 'com.dodola.rocoo.Hack', referenced from method org.json.simple.JSONValue.<init>
W/dalvikvm(16176): VFY: unable to resolve const-class 2187 (Lcom/dodola/rocoo/Hack;) in Lorg/json/simple/JSONValue;
E/dalvikvm(16176): Could not find class 'com.dodola.rocoo.Hack', referenced from method com.facebook.crypto.streams.NativeGCMCipherOutputStream.<init>
W/dalvikvm(16176): VFY: unable to resolve const-class 2187 (Lcom/dodola/rocoo/Hack;) in Lcom/facebook/crypto/streams/NativeGCMCipherOutputStream;
I/HwSystemManager( 3870): HoldService:preHoldShow start!
I/HwSystemManager( 3870): HoldService:The prePermissionType is: 2
E/dalvikvm(16176): Could not find class 'com.dodola.rocoo.Hack', referenced from method sogou.mobile.explorer.notification.Weather.<init>
W/dalvikvm(16176): VFY: unable to resolve const-class 427 (Lcom/dodola/rocoo/Hack;) in Lsogou/mobile/explorer/notification/Weather;
E/dalvikvm(16176): Could not find class 'com.dodola.rocoo.Hack', referenced from method sogou.mobile.explorer.notification.Weather$1.<init>
W/dalvikvm(16176): VFY: unable to resolve const-class 427 (Lcom/dodola/rocoo/Hack;) in Lsogou/mobile/explorer/notification/Weather$1;
E/dalvikvm(16176): Could not find class 'com.dodola.rocoo.Hack', referenced from method sogou.mobile.explorer.notification.Weather$2.<init>
W/dalvikvm(16176): VFY: unable to resolve const-class 427 (Lcom/dodola/rocoo/Hack;) in Lsogou/mobile/explorer/notification/Weather$2;
E/dalvikvm(16176): Could not find class 'com.dodola.rocoo.Hack', referenced from method sogou.mobile.explorer.notification.Weather$3.<init>
W/dalvikvm(16176): VFY: unable to resolve const-class 427 (Lcom/dodola/rocoo/Hack;) in Lsogou/mobile/explorer/notification/Weather$3;
E/dalvikvm(16176): Could not find class 'com.dodola.rocoo.Hack', referenced from method sogou.mobile.explorer.notification.Weather$4.<init>
W/dalvikvm(16176): VFY: unable to resolve const-class 427 (Lcom/dodola/rocoo/Hack;) in Lsogou/mobile/explorer/notification/Weather$4;
E/dalvikvm(16176): Could not find class 'com.dodola.rocoo.Hack', referenced from method sogou.mobile.explorer.notification.Weather$5.<init>
W/dalvikvm(16176): VFY: unable to resolve const-class 427 (Lcom/dodola/rocoo/Hack;) in Lsogou/mobile/explorer/notification/Weather$5;
E/dalvikvm(16176): Could not find class 'com.dodola.rocoo.Hack', referenced from method sogou.mobile.explorer.notification.Weather$6.<init>
W/dalvikvm(16176): VFY: unable to resolve const-class 427 (Lcom/dodola/rocoo/Hack;) in Lsogou/mobile/explorer/notification/Weather$6;
E/dalvikvm(16176): Could not find class 'com.dodola.rocoo.Hack', referenced from method sogou.mobile.explorer.notification.Weather$7.<init>
W/dalvikvm(16176): VFY: unable to resolve const-class 427 (Lcom/dodola/rocoo/Hack;) in Lsogou/mobile/explorer/notification/Weather$7;
E/dalvikvm(16176): Could not find class 'com.dodola.rocoo.Hack', referenced from method sogou.mobile.explorer.notification.Weather$8.<init>
W/dalvikvm(16176): VFY: unable to resolve const-class 427 (Lcom/dodola/rocoo/Hack;) in Lsogou/mobile/explorer/notification/Weather$8;
E/dalvikvm(16176): Could not find class 'com.dodola.rocoo.Hack', referenced from method sogou.mobile.explorer.notification.Weather$9.<init>
W/dalvikvm(16176): VFY: unable to resolve const-class 427 (Lcom/dodola/rocoo/Hack;) in Lsogou/mobile/explorer/notification/Weather$9;
E/dalvikvm(16176): Could not find class 'com.dodola.rocoo.Hack', referenced from method sogou.mobile.explorer.notification.Weather$10.<init>
