int logctl_get(): open '/dev/hwlog_switch' fail -1, 13. Permission denied

Note: log switch off, only log_main and log_events will have logs!
--------- beginning of /dev/log/main
W/System.err( 3084): 	at android.os.Binder.transact(Binder.java:361)
W/System.err( 3084): 	at com.kingroot.hook.binder.BinderProxyBase.onTransact(SourceFile:34)
W/System.err( 3084): 	at android.os.Binder.execTransact(Binder.java:404)
W/System.err( 3084): 	at dalvik.system.NativeStart.run(Native Method)
W/System.err( 3084): java.lang.IllegalArgumentException: Unknown package: com.qihoo.antivirus
W/System.err( 3084): 	at com.android.server.pm.Settings.getApplicationEnabledSettingLPr(Settings.java:2873)
W/System.err( 3084): 	at com.android.server.pm.PackageManagerService.getApplicationEnabledSetting(PackageManagerService.java:10917)
W/System.err( 3084): 	at android.content.pm.IPackageManager$Stub.onTransact(IPackageManager.java:1081)
W/System.err( 3084): 	at com.android.server.pm.PackageManagerService.onTransact(PackageManagerService.java:1683)
W/System.err( 3084): 	at huawei.com.android.server.pm.HwPackageManagerService.onTransact(HwPackageManagerService.java:361)
W/System.err( 3084): 	at android.os.Binder.transact(Binder.java:361)
W/System.err( 3084): 	at com.kingroot.hook.binder.BinderProxyBase.onTransact(SourceFile:34)
W/System.err( 3084): 	at android.os.Binder.execTransact(Binder.java:404)
W/System.err( 3084): 	at dalvik.system.NativeStart.run(Native Method)
W/System.err( 3084): java.lang.IllegalArgumentException: Unknown package: com.qihoo.vpnmaster
W/System.err( 3084): 	at com.android.server.pm.Settings.getApplicationEnabledSettingLPr(Settings.java:2873)
W/System.err( 3084): 	at com.android.server.pm.PackageManagerService.getApplicationEnabledSetting(PackageManagerService.java:10917)
W/System.err( 3084): 	at android.content.pm.IPackageManager$Stub.onTransact(IPackageManager.java:1081)
W/System.err( 3084): 	at com.android.server.pm.PackageManagerService.onTransact(PackageManagerService.java:1683)
W/System.err( 3084): 	at huawei.com.android.server.pm.HwPackageManagerService.onTransact(HwPackageManagerService.java:361)
W/System.err( 3084): 	at android.os.Binder.transact(Binder.java:361)
W/System.err( 3084): 	at com.kingroot.hook.binder.BinderProxyBase.onTransact(SourceFile:34)
W/System.err( 3084): 	at android.os.Binder.execTransact(Binder.java:404)
W/System.err( 3084): 	at dalvik.system.NativeStart.run(Native Method)
W/System.err( 3084): java.lang.IllegalArgumentException: Unknown package: com.qihoo360.mobilesafe_lenovo
W/System.err( 3084): 	at com.android.server.pm.Settings.getApplicationEnabledSettingLPr(Settings.java:2873)
W/System.err( 3084): 	at com.android.server.pm.PackageManagerService.getApplicationEnabledSetting(PackageManagerService.java:10917)
W/System.err( 3084): 	at android.content.pm.IPackageManager$Stub.onTransact(IPackageManager.java:1081)
W/System.err( 3084): 	at com.android.server.pm.PackageManagerService.onTransact(PackageManagerService.java:1683)
W/System.err( 3084): 	at huawei.com.android.server.pm.HwPackageManagerService.onTransact(HwPackageManagerService.java:361)
W/System.err( 3084): 	at android.os.Binder.transact(Binder.java:361)
W/System.err( 3084): 	at com.kingroot.hook.binder.BinderProxyBase.onTransact(SourceFile:34)
W/System.err( 3084): 	at android.os.Binder.execTransact(Binder.java:404)
W/System.err( 3084): 	at dalvik.system.NativeStart.run(Native Method)
W/System.err( 3084): java.lang.IllegalArgumentException: Unknown package: com.qihoo360.mobilesafe_lenovoa60
W/System.err( 3084): 	at com.android.server.pm.Settings.getApplicationEnabledSettingLPr(Settings.java:2873)
W/System.err( 3084): 	at com.android.server.pm.PackageManagerService.getApplicationEnabledSetting(PackageManagerService.java:10917)
W/System.err( 3084): 	at android.content.pm.IPackageManager$Stub.onTransact(IPackageManager.java:1081)
W/System.err( 3084): 	at com.android.server.pm.PackageManagerService.onTransact(PackageManagerService.java:1683)
W/System.err( 3084): 	at huawei.com.android.server.pm.HwPackageManagerService.onTransact(HwPackageManagerService.java:361)
W/System.err( 3084): 	at android.os.Binder.transact(Binder.java:361)
W/System.err( 3084): 	at com.kingroot.hook.binder.BinderProxyBase.onTransact(SourceFile:34)
W/System.err( 3084): 	at android.os.Binder.execTransact(Binder.java:404)
W/System.err( 3084): 	at dalvik.system.NativeStart.run(Native Method)
W/System.err( 3084): java.lang.IllegalArgumentException: Unknown package: com.qihoo360.mobilesafe_lenovo_k800
W/System.err( 3084): 	at com.android.server.pm.Settings.getApplicationEnabledSettingLPr(Settings.java:2873)
W/System.err( 3084): 	at com.android.server.pm.PackageManagerService.getApplicationEnabledSetting(PackageManagerService.java:10917)
W/System.err( 3084): 	at android.content.pm.IPackageManager$Stub.onTransact(IPackageManager.java:1081)
W/System.err( 3084): 	at com.android.server.pm.PackageManagerService.onTransact(PackageManagerService.java:1683)
W/System.err( 3084): 	at huawei.com.android.server.pm.HwPackageManagerService.onTransact(HwPackageManagerService.java:361)
W/System.err( 3084): 	at android.os.Binder.transact(Binder.java:361)
W/System.err( 3084): 	at com.kingroot.hook.binder.BinderProxyBase.onTransact(SourceFile:34)
W/System.err( 3084): 	at android.os.Binder.execTransact(Binder.java:404)
W/System.err( 3084): 	at dalvik.system.NativeStart.run(Native Method)
W/System.err( 3084): java.lang.IllegalArgumentException: Unknown package: net.qihoo.launcher
W/System.err( 3084): 	at com.android.server.pm.Settings.getApplicationEnabledSettingLPr(Settings.java:2873)
W/System.err( 3084): 	at com.android.server.pm.PackageManagerService.getApplicationEnabledSetting(PackageManagerService.java:10917)
W/System.err( 3084): 	at android.content.pm.IPackageManager$Stub.onTransact(IPackageManager.java:1081)
W/System.err( 3084): 	at com.android.server.pm.PackageManagerService.onTransact(PackageManagerService.java:1683)
W/System.err( 3084): 	at huawei.com.android.server.pm.HwPackageManagerService.onTransact(HwPackageManagerService.java:361)
W/System.err( 3084): 	at android.os.Binder.transact(Binder.java:361)
W/System.err( 3084): 	at com.kingroot.hook.binder.BinderProxyBase.onTransact(SourceFile:34)
W/System.err( 3084): 	at android.os.Binder.execTransact(Binder.java:404)
W/System.err( 3084): 	at dalvik.system.NativeStart.run(Native Method)
W/System.err( 3084): java.lang.IllegalArgumentException: Unknown package: com.qihoo360.ilauncher
W/System.err( 3084): 	at com.android.server.pm.Settings.getApplicationEnabledSettingLPr(Settings.java:2873)
W/System.err( 3084): 	at com.android.server.pm.PackageManagerService.getApplicationEnabledSetting(PackageManagerService.java:10917)
W/System.err( 3084): 	at android.content.pm.IPackageManager$Stub.onTransact(IPackageManager.java:1081)
W/System.err( 3084): 	at com.android.server.pm.PackageManagerService.onTransact(PackageManagerService.java:1683)
W/System.err( 3084): 	at huawei.com.android.server.pm.HwPackageManagerService.onTransact(HwPackageManagerService.java:361)
W/System.err( 3084): 	at android.os.Binder.transact(Binder.java:361)
W/System.err( 3084): 	at com.kingroot.hook.binder.BinderProxyBase.onTransact(SourceFile:34)
W/System.err( 3084): 	at android.os.Binder.execTransact(Binder.java:404)
W/System.err( 3084): 	at dalvik.system.NativeStart.run(Native Method)
W/System.err( 3084): java.lang.IllegalArgumentException: Unknown package: net.qihoo.launcher.theme.p508
W/System.err( 3084): 	at com.android.server.pm.Settings.getApplicationEnabledSettingLPr(Settings.java:2873)
W/System.err( 3084): 	at com.android.server.pm.PackageManagerService.getApplicationEnabledSetting(PackageManagerService.java:10917)
W/System.err( 3084): 	at android.content.pm.IPackageManager$Stub.onTransact(IPackageManager.java:1081)
W/System.err( 3084): 	at com.android.server.pm.PackageManagerService.onTransact(PackageManagerService.java:1683)
W/System.err( 3084): 	at huawei.com.android.server.pm.HwPackageManagerService.onTransact(HwPackageManagerService.java:361)
W/System.err( 3084): 	at android.os.Binder.transact(Binder.java:361)
W/System.err( 3084): 	at com.kingroot.hook.binder.BinderProxyBase.onTransact(SourceFile:34)
W/System.err( 3084): 	at android.os.Binder.execTransact(Binder.java:404)
W/System.err( 3084): 	at dalvik.system.NativeStart.run(Native Method)
W/System.err( 3084): java.lang.IllegalArgumentException: Unknown package: com.qihoo.browser
W/System.err( 3084): 	at com.android.server.pm.Settings.getApplicationEnabledSettingLPr(Settings.java:2873)
W/System.err( 3084): 	at com.android.server.pm.PackageManagerService.getApplicationEnabledSetting(PackageManagerService.java:10917)
W/System.err( 3084): 	at android.content.pm.IPackageManager$Stub.onTransact(IPackageManager.java:1081)
W/System.err( 3084): 	at com.android.server.pm.PackageManagerService.onTransact(PackageManagerService.java:1683)
W/System.err( 3084): 	at huawei.com.android.server.pm.HwPackageManagerService.onTransact(HwPackageManagerService.java:361)
W/System.err( 3084): 	at android.os.Binder.transact(Binder.java:361)
W/System.err( 3084): 	at com.kingroot.hook.binder.BinderProxyBase.onTransact(SourceFile:34)
W/System.err( 3084): 	at android.os.Binder.execTransact(Binder.java:404)
W/System.err( 3084): 	at dalvik.system.NativeStart.run(Native Method)
I/DesktopLyricService( 7522): received broadcast action = android.intent.action.SCREEN_ON
I/DesktopLyricManager( 7522): scheduleShowLyricView delay = false
I/DesktopLyricManager( 7522): canShowLyric switchOn = false isBackGround = true mIsLyricViewAdded = false isPlaying = false isPreparing = false isUserPresent = true
I/K3V3CpuGovernorPolicy( 3522): close previously scene Hmp policy : 300 , 150
W/Tinker.TinkerLoader(14235): tryLoadPatchFiles:patch dir not exist:/data/data/cn.etouch.ecalendar/tinker
I/MultiDex(14235): VM with version 1.6.0 does not have multidex support
I/MultiDex(14235): install
I/MultiDex(14235): MultiDexExtractor.load(/data/app/cn.etouch.ecalendar-1.apk, false)
I/MultiDex(14235): loading existing secondary dex files
I/MultiDex(14235): load found 1 secondary dex files
I/MultiDex(14235): install done
I/dalvikvm(14235): Could not find method android.app.AlarmManager.setExactAndAllowWhileIdle, referenced from method cn.etouch.ecalendar.manager.ad.a
W/dalvikvm(14235): VFY: unable to resolve virtual method 426: Landroid/app/AlarmManager;.setExactAndAllowWhileIdle (IJLandroid/app/PendingIntent;)V
I/Process (14235): Sending signal. PID: 14235 SIG: 9
W/View    (24221): requestLayout() improperly called by com.android.systemui.statusbar.phone.IconMerger{432b7018 V.E..... ......I. 0,0-270,75 #7f0a0067 app:id/notificationIcons} during layout: running second layout pass
E/CommandListener( 2418): readDefRoute call readDefRoute
E/SecondaryTablController( 2418): isWifiDefaultRouteExisted /system/bin/ip route
W/View    (24221): requestLayout() improperly called by com.android.systemui.statusbar.phone.IconMerger{432b7018 V.E..... ........ 0,0-270,75 #7f0a0067 app:id/notificationIcons} during second layout pass: posting in next frame
W/Tinker.TinkerLoader(14264): tryLoadPatchFiles:patch dir not exist:/data/data/cn.etouch.ecalendar/tinker
E/CommandListener( 2418): readDefRoute Rsp ok
I/MultiDex(14264): VM with version 1.6.0 does not have multidex support
I/MultiDex(14264): install
I/MultiDex(14264): MultiDexExtractor.load(/data/app/cn.etouch.ecalendar-1.apk, false)
I/MultiDex(14264): loading existing secondary dex files
I/MultiDex(14264): load found 1 secondary dex files
I/MultiDex(14264): install done
I/dalvikvm(14264): Could not find method android.app.AlarmManager.setExactAndAllowWhileIdle, referenced from method cn.etouch.ecalendar.manager.ad.a
W/dalvikvm(14264): VFY: unable to resolve virtual method 426: Landroid/app/AlarmManager;.setExactAndAllowWhileIdle (IJLandroid/app/PendingIntent;)V
I/Process (14264): Sending signal. PID: 14264 SIG: 9
W/GooglePlayServicesUtil( 1220): Google Play Store is missing.
W/GooglePlayServicesUtil( 1220): Google Play Store is missing.
I/wpa_supplicant(27084): wlan0: HEART-BEAT-ACK: 4129
I/tnet-jni( 1204): 49962 - [spdyPingRecvCallback] - 
I/tnet-jni( 1204): 49962 - [SpdySessionCallBack.spdyPingRecvCallback] - org.android.spdy.SpdySession@43337438
E/Thermal-daemon( 2432): [charger] temp_new :37  temp_old :38
E/Thermal-daemon( 2432): Report temperature: [charger] temp :37  report_threshold:1
W/View    (24221): requestLayout() improperly called by com.android.systemui.statusbar.phone.IconMerger{432b7018 V.E..... ......I. 0,0-270,75 #7f0a0067 app:id/notificationIcons} during layout: running second layout pass
W/View    (24221): requestLayout() improperly called by com.android.systemui.statusbar.phone.IconMerger{432b7018 V.E..... ........ 0,0-270,75 #7f0a0067 app:id/notificationIcons} during second layout pass: posting in next frame
W/View    (24221): requestLayout() improperly called by com.android.systemui.statusbar.phone.IconMerger{432b7018 V.E..... ......I. 0,0-270,75 #7f0a0067 app:id/notificationIcons} during layout: running second layout pass
I/ActivityManager( 3084): pkg:[cn.etouch.ecalendar:pushservice] pid:[0]  maybe timeout , send to PG
W/View    (24221): requestLayout() improperly called by com.android.systemui.statusbar.phone.IconMerger{432b7018 V.E..... ........ 0,0-270,75 #7f0a0067 app:id/notificationIcons} during second layout pass: posting in next frame
I/CAPALiteReceiver( 3522): USER STATE: STATIONARY SUB STATE: UNKNOWN
W/View    (24221): requestLayout() improperly called by com.android.systemui.statusbar.phone.IconMerger{432b7018 V.E..... ......I. 0,0-270,75 #7f0a0067 app:id/notificationIcons} during layout: running second layout pass
E/Thermal-daemon( 2432): [ap] temp_new :41  temp_old :42
E/Thermal-daemon( 2432): Report temperature: [ap] temp :41  report_threshold:1
I/ActivityManager( 3084): pkg:[cn.etouch.ecalendar:pushservice] pid:[0]  maybe timeout , send to PG
W/View    (24221): requestLayout() improperly called by com.android.systemui.statusbar.phone.IconMerger{432b7018 V.E..... ........ 0,0-270,75 #7f0a0067 app:id/notificationIcons} during second layout pass: posting in next frame
I/ActivityManager( 3084): pkg:[cn.etouch.ecalendar:pushservice] pid:[0]  maybe timeout , send to PG
W/View    (24221): requestLayout() improperly called by com.android.systemui.statusbar.phone.IconMerger{432b7018 V.E..... ......I. 0,0-270,75 #7f0a0067 app:id/notificationIcons} during layout: running second layout pass
W/GooglePlayServicesUtil( 1220): Google Play Store is missing.
W/GooglePlayServicesUtil( 1220): Google Play Store is missing.
W/View    (24221): requestLayout() improperly called by com.android.systemui.statusbar.phone.IconMerger{432b7018 V.E..... ........ 0,0-270,75 #7f0a0067 app:id/notificationIcons} during second layout pass: posting in next frame
W/View    (24221): requestLayout() improperly called by com.android.systemui.statusbar.phone.IconMerger{432b7018 V.E..... ......I. 0,0-270,75 #7f0a0067 app:id/notificationIcons} during layout: running second layout pass
E/android_hardware_fm.cpp(14319): register_android_hardware_fm_fmradio
E/FM_HAL  (14319): [FM_HAL], fm_dynamic_lib is libbcmfm_if
E/FM_HAL  (14319): [FM_HAL], libname is libbcmfm_if
E/fm_if.c (14319): find the id:libbcmfm_if and begins to open the devices
E/android_hardware_fm.cpp(14319): register_android_hardware_fm_fmradio, ret is 0
E/        (14319): ProtocolErrorLog wangkang test!!
I/wpa_supplicant(27084): wlan0: HEART-BEAT-ACK: 4130
W/View    (24221): requestLayout() improperly called by com.android.systemui.statusbar.phone.IconMerger{432b7018 V.E..... ........ 0,0-270,75 #7f0a0067 app:id/notificationIcons} during second layout pass: posting in next frame
W/View    (24221): requestLayout() improperly called by com.android.systemui.statusbar.phone.IconMerger{432b7018 V.E..... ......I. 0,0-270,75 #7f0a0067 app:id/notificationIcons} during layout: running second layout pass
W/GooglePlayServicesUtil( 1220): Google Play Store is missing.
W/GooglePlayServicesUtil( 1220): Google Play Store is missing.
W/View    (24221): requestLayout() improperly called by com.android.systemui.statusbar.phone.IconMerger{432b7018 V.E..... ........ 0,0-270,75 #7f0a0067 app:id/notificationIcons} during second layout pass: posting in next frame
W/View    (24221): requestLayout() improperly called by com.android.systemui.statusbar.phone.IconMerger{432b7018 V.E..... ......I. 0,0-270,75 #7f0a0067 app:id/notificationIcons} during layout: running second layout pass
W/View    (24221): requestLayout() improperly called by com.android.systemui.statusbar.phone.IconMerger{432b7018 V.E..... ......I. 0,0-270,75 #7f0a0067 app:id/notificationIcons} during layout: running second layout pass
W/View    (24221): requestLayout() improperly called by com.android.systemui.statusbar.phone.IconMerger{432b7018 V.E..... ........ 0,0-270,75 #7f0a0067 app:id/notificationIcons} during second layout pass: posting in next frame
W/View    (24221): requestLayout() improperly called by com.android.systemui.statusbar.phone.IconMerger{432b7018 V.E..... ......I. 0,0-270,75 #7f0a0067 app:id/notificationIcons} during second layout pass: posting in next frame
I/CAPALiteReceiver( 3522): USER STATE: STATIONARY SUB STATE: UNKNOWN
W/GooglePlayServicesUtil( 1220): Google Play Store is missing.
W/GooglePlayServicesUtil( 1220): Google Play Store is missing.
E/CommandListener( 2418): readDefRoute call readDefRoute
E/SecondaryTablController( 2418): isWifiDefaultRouteExisted /system/bin/ip route
W/View    (24221): requestLayout() improperly called by com.android.systemui.statusbar.phone.IconMerger{432b7018 V.E..... ......I. 0,0-270,75 #7f0a0067 app:id/notificationIcons} during layout: running second layout pass
E/CommandListener( 2418): readDefRoute Rsp ok
I/wpa_supplicant(27084): wlan0: HEART-BEAT-ACK: 4131
W/View    (24221): requestLayout() improperly called by com.android.systemui.statusbar.phone.IconMerger{432b7018 V.E..... ......I. 0,0-270,75 #7f0a0067 app:id/notificationIcons} during layout: running second layout pass
W/View    (24221): requestLayout() improperly called by com.android.systemui.statusbar.phone.IconMerger{432b7018 V.E..... ........ 0,0-270,75 #7f0a0067 app:id/notificationIcons} during second layout pass: posting in next frame
W/View    (24221): requestLayout() improperly called by com.android.systemui.statusbar.phone.IconMerger{432b7018 V.E..... ......I. 0,0-270,75 #7f0a0067 app:id/notificationIcons} during second layout pass: posting in next frame
W/View    (24221): requestLayout() improperly called by com.android.systemui.statusbar.phone.IconMerger{432b7018 V.E..... ......I. 0,0-270,75 #7f0a0067 app:id/notificationIcons} during layout: running second layout pass
W/GooglePlayServicesUtil( 1220): Google Play Store is missing.
W/GooglePlayServicesUtil( 1220): Google Play Store is missing.
W/View    (24221): requestLayout() improperly called by com.android.systemui.statusbar.phone.IconMerger{432b7018 V.E..... ......I. 0,0-270,75 #7f0a0067 app:id/notificationIcons} during layout: running second layout pass
W/View    (24221): requestLayout() improperly called by com.android.systemui.statusbar.phone.IconMerger{432b7018 V.E..... ........ 0,0-270,75 #7f0a0067 app:id/notificationIcons} during second layout pass: posting in next frame
W/View    (24221): requestLayout() improperly called by com.android.systemui.statusbar.phone.IconMerger{432b7018 V.E..... ......I. 0,0-270,75 #7f0a0067 app:id/notificationIcons} during second layout pass: posting in next frame
E/Thermal-daemon( 2432): [ap] temp_new :40  temp_old :41
E/Thermal-daemon( 2432): Report temperature: [ap] temp :40  report_threshold:1
I/ThermalStateManager( 3522): thermal action: cpu_a15 policy:0
E/AudioFlinger( 2426): setLppDtsGeq():invalid keyValue of dts geq.
W/View    (24221): requestLayout() improperly called by com.android.systemui.statusbar.phone.IconMerger{432b7018 V.E..... ......I. 0,0-270,75 #7f0a0067 app:id/notificationIcons} during layout: running second layout pass
I/CAPALiteReceiver( 3522): USER STATE: STATIONARY SUB STATE: UNKNOWN
W/View    (24221): requestLayout() improperly called by com.android.systemui.statusbar.phone.IconMerger{432b7018 V.E..... ........ 0,0-270,75 #7f0a0067 app:id/notificationIcons} during second layout pass: posting in next frame
E/Thermal-daemon( 2432): [ap] temp_new :41  temp_old :40
E/Thermal-daemon( 2432): Report temperature: [ap] temp :41  report_threshold:1
I/wpa_supplicant(27084): wlan0: HEART-BEAT-ACK: 4132
W/GooglePlayServicesUtil( 1220): Google Play Store is missing.
W/GooglePlayServicesUtil( 1220): Google Play Store is missing.
W/View    (24221): requestLayout() improperly called by com.android.systemui.statusbar.phone.IconMerger{432b7018 V.E..... ......I. 0,0-270,75 #7f0a0067 app:id/notificationIcons} during layout: running second layout pass
E/AudioFlinger( 2426): setLppDtsGeq():invalid keyValue of dts geq.
W/View    (24221): requestLayout() improperly called by com.android.systemui.statusbar.phone.IconMerger{432b7018 V.E..... ......I. 0,0-270,75 #7f0a0067 app:id/notificationIcons} during layout: running second layout pass
W/View    (24221): requestLayout() improperly called by com.android.systemui.statusbar.phone.IconMerger{432b7018 V.E..... ........ 0,0-270,75 #7f0a0067 app:id/notificationIcons} during second layout pass: posting in next frame
W/View    (24221): requestLayout() improperly called by com.android.systemui.statusbar.phone.IconMerger{432b7018 V.E..... ......I. 0,0-270,75 #7f0a0067 app:id/notificationIcons} during second layout pass: posting in next frame
W/GooglePlayServicesUtil( 1220): Google Play Store is missing.
W/GooglePlayServicesUtil( 1220): Google Play Store is missing.
W/View    (24221): requestLayout() improperly called by com.android.systemui.statusbar.phone.IconMerger{432b7018 V.E..... ......I. 0,0-270,75 #7f0a0067 app:id/notificationIcons} during layout: running second layout pass
W/View    (24221): requestLayout() improperly called by com.android.systemui.statusbar.phone.IconMerger{432b7018 V.E..... ......I. 0,0-270,75 #7f0a0067 app:id/notificationIcons} during layout: running second layout pass
W/View    (24221): requestLayout() improperly called by com.android.systemui.statusbar.phone.IconMerger{432b7018 V.E..... ........ 0,0-270,75 #7f0a0067 app:id/notificationIcons} during second layout pass: posting in next frame
W/View    (24221): requestLayout() improperly called by com.android.systemui.statusbar.phone.IconMerger{432b7018 V.E..... ......I. 0,0-270,75 #7f0a0067 app:id/notificationIcons} during second layout pass: posting in next frame
W/View    (24221): requestLayout() improperly called by com.android.systemui.statusbar.phone.IconMerger{432b7018 V.E..... ......I. 0,0-270,75 #7f0a0067 app:id/notificationIcons} during layout: running second layout pass
W/View    (24221): requestLayout() improperly called by com.android.systemui.statusbar.phone.IconMerger{432b7018 V.E..... ......I. 0,0-270,75 #7f0a0067 app:id/notificationIcons} during layout: running second layout pass
W/View    (24221): requestLayout() improperly called by com.android.systemui.statusbar.phone.IconMerger{432b7018 V.E..... ........ 0,0-270,75 #7f0a0067 app:id/notificationIcons} during second layout pass: posting in next frame
W/View    (24221): requestLayout() improperly called by com.android.systemui.statusbar.phone.IconMerger{432b7018 V.E..... ......I. 0,0-270,75 #7f0a0067 app:id/notificationIcons} during second layout pass: posting in next frame
W/View    (24221): requestLayout() improperly called by com.android.systemui.statusbar.phone.IconMerger{432b7018 V.E..... ......I. 0,0-270,75 #7f0a0067 app:id/notificationIcons} during layout: running second layout pass
E/CommandListener( 2418): readDefRoute call readDefRoute
E/SecondaryTablController( 2418): isWifiDefaultRouteExisted /system/bin/ip route
I/wpa_supplicant(27084): wlan0: HEART-BEAT-ACK: 4133
E/CommandListener( 2418): readDefRoute Rsp ok
I/CAPALiteReceiver( 3522): USER STATE: STATIONARY SUB STATE: UNKNOWN
W/View    (24221): requestLayout() improperly called by com.android.systemui.statusbar.phone.IconMerger{432b7018 V.E..... ........ 0,0-270,75 #7f0a0067 app:id/notificationIcons} during second layout pass: posting in next frame
W/View    (24221): requestLayout() improperly called by com.android.systemui.statusbar.phone.IconMerger{432b7018 V.E..... ......I. 0,0-270,75 #7f0a0067 app:id/notificationIcons} during layout: running second layout pass
W/GooglePlayServicesUtil( 1220): Google Play Store is missing.
W/GooglePlayServicesUtil( 1220): Google Play Store is missing.
E/android_hardware_fm.cpp(14486): register_android_hardware_fm_fmradio
E/FM_HAL  (14486): [FM_HAL], fm_dynamic_lib is libbcmfm_if
E/FM_HAL  (14486): [FM_HAL], libname is libbcmfm_if
E/fm_if.c (14486): find the id:libbcmfm_if and begins to open the devices
E/android_hardware_fm.cpp(14486): register_android_hardware_fm_fmradio, ret is 0
E/        (14486): ProtocolErrorLog wangkang test!!
W/View    (24221): requestLayout() improperly called by com.android.systemui.statusbar.phone.IconMerger{432b7018 V.E..... ........ 0,0-270,75 #7f0a0067 app:id/notificationIcons} during second layout pass: posting in next frame
W/View    (24221): requestLayout() improperly called by com.android.systemui.statusbar.phone.IconMerger{432b7018 V.E..... ......I. 0,0-270,75 #7f0a0067 app:id/notificationIcons} during layout: running second layout pass
W/View    (24221): requestLayout() improperly called by com.android.systemui.statusbar.phone.IconMerger{432b7018 V.E..... ........ 0,0-270,75 #7f0a0067 app:id/notificationIcons} during second layout pass: posting in next frame
E/AudioFlinger( 2426): setLppDtsGeq():invalid keyValue of dts geq.
W/GooglePlayServicesUtil( 1220): Google Play Store is missing.
W/GooglePlayServicesUtil( 1220): Google Play Store is missing.
I/wpa_supplicant(27084): wlan0: HEART-BEAT-ACK: 4134
W/View    (24221): requestLayout() improperly called by com.android.systemui.statusbar.phone.IconMerger{432b7018 V.E..... ......I. 0,0-270,75 #7f0a0067 app:id/notificationIcons} during layout: running second layout pass
W/View    (24221): requestLayout() improperly called by com.android.systemui.statusbar.phone.IconMerger{432b7018 V.E..... ......I. 0,0-270,75 #7f0a0067 app:id/notificationIcons} during layout: running second layout pass
W/View    (24221): requestLayout() improperly called by com.android.systemui.statusbar.phone.IconMerger{432b7018 V.E..... ........ 0,0-270,75 #7f0a0067 app:id/notificationIcons} during second layout pass: posting in next frame
W/View    (24221): requestLayout() improperly called by com.android.systemui.statusbar.phone.IconMerger{432b7018 V.E..... ......I. 0,0-270,75 #7f0a0067 app:id/notificationIcons} during second layout pass: posting in next frame
W/View    (24221): requestLayout() improperly called by com.android.systemui.statusbar.phone.IconMerger{432b7018 V.E..... ......I. 0,0-270,75 #7f0a0067 app:id/notificationIcons} during layout: running second layout pass
W/View    (24221): requestLayout() improperly called by com.android.systemui.statusbar.phone.IconMerger{432b7018 V.E..... ......I. 0,0-270,75 #7f0a0067 app:id/notificationIcons} during layout: running second layout pass
W/View    (24221): requestLayout() improperly called by com.android.systemui.statusbar.phone.IconMerger{432b7018 V.E..... ........ 0,0-270,75 #7f0a0067 app:id/notificationIcons} during second layout pass: posting in next frame
W/View    (24221): requestLayout() improperly called by com.android.systemui.statusbar.phone.IconMerger{432b7018 V.E..... ......I. 0,0-270,75 #7f0a0067 app:id/notificationIcons} during second layout pass: posting in next frame
W/View    (24221): requestLayout() improperly called by com.android.systemui.statusbar.phone.IconMerger{432b7018 V.E..... ......I. 0,0-270,75 #7f0a0067 app:id/notificationIcons} during layout: running second layout pass
W/View    (24221): requestLayout() improperly called by com.android.systemui.statusbar.phone.IconMerger{432b7018 V.E..... ......I. 0,0-270,75 #7f0a0067 app:id/notificationIcons} during layout: running second layout pass
W/View    (24221): requestLayout() improperly called by com.android.systemui.statusbar.phone.IconMerger{432b7018 V.E..... ........ 0,0-270,75 #7f0a0067 app:id/notificationIcons} during second layout pass: posting in next frame
W/View    (24221): requestLayout() improperly called by com.android.systemui.statusbar.phone.IconMerger{432b7018 V.E..... ......I. 0,0-270,75 #7f0a0067 app:id/notificationIcons} during second layout pass: posting in next frame
E/Thermal-daemon( 2432): [flash_led] temp_new :40  temp_old :39
E/Thermal-daemon( 2432): Report temperature: [flash_led] temp :40  report_threshold:1
W/GooglePlayServicesUtil( 1220): Google Play Store is missing.
W/GooglePlayServicesUtil( 1220): Google Play Store is missing.
W/View    (24221): requestLayout() improperly called by com.android.systemui.statusbar.phone.IconMerger{432b7018 V.E..... ......I. 0,0-270,75 #7f0a0067 app:id/notificationIcons} during layout: running second layout pass
I/CAPALiteReceiver( 3522): USER STATE: STATIONARY SUB STATE: UNKNOWN
I/wpa_supplicant(27084): wlan0: HEART-BEAT-ACK: 4135
E/CommandListener( 2418): readDefRoute call readDefRoute
E/SecondaryTablController( 2418): isWifiDefaultRouteExisted /system/bin/ip route
W/PushLog2551( 8362): [main-1]no macAddress in device_info(android/CommFun.java:1209)
I/PushLog2551( 8362): [ReceiverDispatcher-334]read to Send:DA(android/ConnectEntity.java:120)
E/CommandListener( 2418): readDefRoute Rsp ok
W/View    (24221): requestLayout() improperly called by com.android.systemui.statusbar.phone.IconMerger{432b7018 V.E..... ......I. 0,0-270,75 #7f0a0067 app:id/notificationIcons} during layout: running second layout pass
W/View    (24221): requestLayout() improperly called by com.android.systemui.statusbar.phone.IconMerger{432b7018 V.E..... ........ 0,0-270,75 #7f0a0067 app:id/notificationIcons} during second layout pass: posting in next frame
W/View    (24221): requestLayout() improperly called by com.android.systemui.statusbar.phone.IconMerger{432b7018 V.E..... ......I. 0,0-270,75 #7f0a0067 app:id/notificationIcons} during second layout pass: posting in next frame
W/GooglePlayServicesUtil( 1220): Google Play Store is missing.
W/GooglePlayServicesUtil( 1220): Google Play Store is missing.
I/omegasdk(31632): trackEvent n1.0 e: [http_api_err_diag] 
W/omegasdk(31632): url:http://omgup.xiaojukeji.com/sync/android/com.sdu.didi.psnger response code:304.
W/omegasdk(31632): Sync sendAndGet fail. url:http://omgup.xiaojukeji.com/sync/android/com.sdu.didi.psnger response code:304.
I/omegasdk(31632): trackEvent n1.0 e: [http_api_user_reqs] 
W/View    (24221): requestLayout() improperly called by com.android.systemui.statusbar.phone.IconMerger{432b7018 V.E..... ......I. 0,0-270,75 #7f0a0067 app:id/notificationIcons} during layout: running second layout pass
W/View    (24221): requestLayout() improperly called by com.android.systemui.statusbar.phone.IconMerger{432b7018 V.E..... ......I. 0,0-270,75 #7f0a0067 app:id/notificationIcons} during layout: running second layout pass
W/View    (24221): requestLayout() improperly called by com.android.systemui.statusbar.phone.IconMerger{432b7018 V.E..... ........ 0,0-270,75 #7f0a0067 app:id/notificationIcons} during second layout pass: posting in next frame
W/View    (24221): requestLayout() improperly called by com.android.systemui.statusbar.phone.IconMerger{432b7018 V.E..... ......I. 0,0-270,75 #7f0a0067 app:id/notificationIcons} during second layout pass: posting in next frame
E/AudioFlinger( 2426): setLppDtsGeq():invalid keyValue of dts geq.
W/GooglePlayServicesUtil( 1220): Google Play Store is missing.
W/GooglePlayServicesUtil( 1220): Google Play Store is missing.
I/wpa_supplicant(27084): wlan0: HEART-BEAT-ACK: 4136
W/View    (24221): requestLayout() improperly called by com.android.systemui.statusbar.phone.IconMerger{432b7018 V.E..... ......I. 0,0-270,75 #7f0a0067 app:id/notificationIcons} during layout: running second layout pass
W/View    (24221): requestLayout() improperly called by com.android.systemui.statusbar.phone.IconMerger{432b7018 V.E..... ........ 0,0-270,75 #7f0a0067 app:id/notificationIcons} during second layout pass: posting in next frame
W/View    (24221): requestLayout() improperly called by com.android.systemui.statusbar.phone.IconMerger{432b7018 V.E..... ......I. 0,0-270,75 #7f0a0067 app:id/notificationIcons} during layout: running second layout pass
E/Thermal-daemon( 2432): [flash_led] temp_new :39  temp_old :40
E/Thermal-daemon( 2432): Report temperature: [flash_led] temp :39  report_threshold:1
W/View    (24221): requestLayout() improperly called by com.android.systemui.statusbar.phone.IconMerger{432b7018 V.E..... ......I. 0,0-270,75 #7f0a0067 app:id/notificationIcons} during layout: running second layout pass
W/View    (24221): requestLayout() improperly called by com.android.systemui.statusbar.phone.IconMerger{432b7018 V.E..... ........ 0,0-270,75 #7f0a0067 app:id/notificationIcons} during second layout pass: posting in next frame
W/View    (24221): requestLayout() improperly called by com.android.systemui.statusbar.phone.IconMerger{432b7018 V.E..... ......I. 0,0-270,75 #7f0a0067 app:id/notificationIcons} during second layout pass: posting in next frame
E/AudioFlinger( 2426): setLppDtsGeq():invalid keyValue of dts geq.
W/GooglePlayServicesUtil( 1220): Google Play Store is missing.
W/GooglePlayServicesUtil( 1220): Google Play Store is missing.
E/Thermal-daemon( 2432): [flash_led] temp_new :40  temp_old :39
E/Thermal-daemon( 2432): Report temperature: [flash_led] temp :40  report_threshold:1
E/AudioFlinger( 2426): setLppDtsGeq():invalid keyValue of dts geq.
W/View    (24221): requestLayout() improperly called by com.android.systemui.statusbar.phone.IconMerger{432b7018 V.E..... ......I. 0,0-270,75 #7f0a0067 app:id/notificationIcons} during layout: running second layout pass
I/InCall  ( 3507): ProximitySensor - ProximitySensor{keybrd=0, dpad=0, offhook=1, hor=0, ui=1, aud=EARPIECE}
I/InCall  ( 3507): ProximitySensor - turning on proximity sensor: already acquired
I/wpa_supplicant(27084): wlan0: HEART-BEAT-ACK: 4137
W/GooglePlayServicesUtil( 1220): Google Play Store is missing.
W/GooglePlayServicesUtil( 1220): Google Play Store is missing.
W/View    (24221): requestLayout() improperly called by com.android.systemui.statusbar.phone.IconMerger{432b7018 V.E..... ........ 0,0-270,75 #7f0a0067 app:id/notificationIcons} during second layout pass: posting in next frame
I/InCall  ( 3507): CallButtonPresenter - CallButtonPresenter endCallClicked mCall:Call{mCallId=18, mState=ACTIVE, mDisconnectCause=NOT_DISCONNECTED, mCapabilities=83, mConnectTime=1503737148281, mChildCallIds=[], mGatewayNumber=null, mGatewayPackage=null, mIdentification=CallIdentification{mCallId=18, mNumber=xxxxxxxxxxx, mNumberPresentation=1, mCnapName=, mCnapNamePresentation=0}, mSsNotification=null, mCallDetails= calltype0 domain4 erroinfonull mConfParList multipartyfalse , mCallModifyDetails= calltype0 domain4 erroinfonull mConfParList multipartyfalse , mSubscription=1, mBlockInCallUi=false, mNumberMarkInfo=NumberMarkInfo{number=xxxxxxxxxxx, attribute=, name=null, classify=null, classifyName=null, isVip=false, vipMsg=, isVerified=false, isCloudMark=true, markedCount=0}, mConnectTimeReal=519725654}
I/InCall  ( 3507): CallCommandClient - disconnect Call: 18
I/InCall  ( 3507): ProximitySensor - ProximitySensor{keybrd=0, dpad=0, offhook=1, hor=0, ui=1, aud=EARPIECE}
I/InCall  ( 3507): ProximitySensor - turning on proximity sensor: already acquired
I/InCall  ( 3507): MSimInCallActivity - finish().  Dialog showing: false
I/InCall  ( 3507): ProximitySensor - ProximitySensor{keybrd=0, dpad=0, offhook=1, hor=0, ui=0, aud=EARPIECE}
I/InCall  ( 3507): ProximitySensor - turning off proximity sensor: already released
I/InCall  ( 3507): MSimInCallActivity -  stopSingleHandMotionRecognition()
I/CallModeler( 3507): onPhoneStateChanged: 
E/CallDetails( 3507): list is null in setConfUriList
E/CallDetails( 3507): list is null in setConfUriList
W/Settings( 3507): Setting airplane_mode_on has moved from android.provider.Settings.System to android.provider.Settings.Global, returning read-only value.
W/RejectWithTextMessageManager( 3507): allowRespondViaSmsForCall: ringingCall not ringing! state = 8
I/InCall  ( 3507): CallHandlerService - onUpdate: [Call{mCallId=18, mState=DISCONNECTING, mDisconnectCause=NOT_DISCONNECTED, mCapabilities=2, mConnectTime=1503737148281, mChildCallIds=[], mGatewayNumber=null, mGatewayPackage=null, mIdentification=CallIdentification{mCallId=18, mNumber=xxxxxxxxxxx, mNumberPresentation=1, mCnapName=, mCnapNamePresentation=0}, mSsNotification=null, mCallDetails= calltype0 domain4 erroinfonull mConfParList multipartyfalse , mCallModifyDetails= calltype0 domain4 erroinfonull mConfParList multipartyfalse , mSubscription=1, mBlockInCallUi=false, mNumberMarkInfo=NumberMarkInfo{number=xxxxxxxxxxx, attribute=, name=null, classify=null, classifyName=null, isVip=false, vipMsg=, isVerified=false, isCloudMark=true, markedCount=0}, mConnectTimeReal=519725654}]
I/CallModeler( 3507): ---onPhoneStateChanged()--OFFHOOK
E/AudioFlinger( 2426): setLppDtsGeq():invalid keyValue of dts geq.
I/audio_hw_primary( 2426): switch_modem: used_modem = 1, old_modem_route = 0, new_modem_route = 0
E/AudioFlinger( 2426): setLppDtsGeq():invalid keyValue of dts geq.
W/Settings( 3507): Setting airplane_mode_on has moved from android.provider.Settings.System to android.provider.Settings.Global, returning read-only value.
I/InCall  ( 3507): CallHandlerService - ON_UPDATE_MULTI_CALL: [Call{mCallId=18, mState=DISCONNECTING, mDisconnectCause=NOT_DISCONNECTED, mCapabilities=2, mConnectTime=1503737148281, mChildCallIds=[], mGatewayNumber=null, mGatewayPackage=null, mIdentification=CallIdentification{mCallId=18, mNumber=xxxxxxxxxxx, mNumberPresentation=1, mCnapName=, mCnapNamePresentation=0}, mSsNotification=null, mCallDetails= calltype0 domain4 erroinfonull mConfParList multipartyfalse , mCallModifyDetails= calltype0 domain4 erroinfonull mConfParList multipartyfalse , mSubscription=1, mBlockInCallUi=false, mNumberMarkInfo=NumberMarkInfo{number=xxxxxxxxxxx, attribute=, name=null, classify=null, classifyName=null, isVip=false, vipMsg=, isVerified=false, isCloudMark=true, markedCount=0}, mConnectTimeReal=519725654}]
I/InCall  ( 3507): CallCommandClient - get active sub 1
I/InCall  ( 3507): InCallPresenter - Phone switching state: INCALL -> INCALL
I/HwSystemManager( 3870): HoldService:preHoldShow start!
I/HwSystemManager( 3870): HoldService:The prePermissionType is: 1
I/InCall  ( 3507): CallCommandClient - set active sub = 1
E/AudioFlinger( 2426): setLppDtsGeq():invalid keyValue of dts geq.
I/audio_hw_primary( 2426): switch_modem: used_modem = 1, old_modem_route = 0, new_modem_route = 0
E/AudioFlinger( 2426): setLppDtsGeq():invalid keyValue of dts geq.
W/System.err(11962): com.qq.taf.jce.JceDecodeException: require field not exist.
W/System.err(11962): 	at com.qq.taf.jce.JceInputStream.read(JceInputStream.java:274)
W/System.err(11962): 	at com.tencent.assistant.protocol.jce.GetChannelMsgResponse.readFrom(ProGuard:40)
W/System.err(11962): 	at com.tencent.assistant.utils.JceUtils.bytes2JceObj(ProGuard:105)
W/System.err(11962): 	at com.tencent.assistant.db.JceCache.readSingleFromCache(ProGuard:173)
W/System.err(11962): 	at com.tencent.assistant.db.JceCache.readJceFromCache(ProGuard:152)
W/System.err(11962): 	at com.tencent.assistant.manager.c.getChanelMsgResponse(ProGuard:1522)
W/System.err(11962): 	at com.tencent.pangu.module.o.run(ProGuard:1367)
W/System.err(11962): 	at java.util.concurrent.Executors$RunnableAdapter.call(Executors.java:422)
W/System.err(11962): 	at java.util.concurrent.FutureTask.run(FutureTask.java:237)
W/System.err(11962): 	at java.util.concurrent.ScheduledThreadPoolExecutor$ScheduledFutureTask.access$201(ScheduledThreadPoolExecutor.java:152)
W/System.err(11962): 	at java.util.concurrent.ScheduledThreadPoolExecutor$ScheduledFutureTask.run(ScheduledThreadPoolExecutor.java:265)
W/System.err(11962): 	at java.util.concurrent.ThreadPoolExecutor.runWorker(ThreadPoolExecutor.java:1112)
W/System.err(11962): 	at java.util.concurrent.ThreadPoolExecutor$Worker.run(ThreadPoolExecutor.java:587)
W/System.err(11962): 	at java.lang.Thread.run(Thread.java:841)
E/ChannelMsgEngine(11962): processFlag: daemon, [pool-1-temporary-thread-7:47834] o.run(1410): java.lang.NullPointerException
I/HwSystemManager( 3870): HoldService:preHoldShow start!
I/HwSystemManager( 3870): HoldService:The prePermissionType is: 1
I/HwSystemManager( 3870): HoldService:preHoldShow start!
I/HwSystemManager( 3870): HoldService:The prePermissionType is: 1
I/HwSystemManager( 3870): HoldService:preHoldShow start!
I/HwSystemManager( 3870): HoldService:The prePermissionType is: 1
W/View    (24221): requestLayout() improperly called by com.android.systemui.statusbar.phone.IconMerger{432b7018 V.E..... ......I. 0,0-270,75 #7f0a0067 app:id/notificationIcons} during layout: running second layout pass
I/HwSystemManager( 3870): HoldService:preHoldShow start!
I/HwSystemManager( 3870): HoldService:The prePermissionType is: 1
I/CallModeler( 3507): onDisconnect
E/CallDetails( 3507): list is null in setConfUriList
E/CallDetails( 3507): list is null in setConfUriList
I/BasePlaybackService( 7522): onReceive action:android.intent.action.PHONE_STATE
I/PhoneStatusBar(24221): Whether the call in front: true; true indicates that the call in the foreground,false indicates in the background
I/PhoneStatusBar(24221): isForegroundActivity : true, callState : 0
I/PhoneStatusBar(24221): Whether the call in front: true; true indicates that the call in the foreground,false indicates in the background
I/PhoneStatusBar(24221): isForegroundActivity : true, callState : 0
W/Settings( 3507): Setting airplane_mode_on has moved from android.provider.Settings.System to android.provider.Settings.Global, returning read-only value.
I/BasePlaybackService( 7522): onReceive action:android.intent.action.PHONE_STATE
W/RejectWithTextMessageManager( 3507): allowRespondViaSmsForCall: ringingCall not ringing! state = 9
I/InCall  ( 3507): CallHandlerService - onDisconnected: Call{mCallId=18, mState=DISCONNECTED, mDisconnectCause=LOCAL, mCapabilities=18, mConnectTime=1503737148281, mChildCallIds=[], mGatewayNumber=null, mGatewayPackage=null, mIdentification=CallIdentification{mCallId=18, mNumber=xxxxxxxxxxx, mNumberPresentation=1, mCnapName=, mCnapNamePresentation=0}, mSsNotification=null, mCallDetails= calltype0 domain4 erroinfonull mConfParList multipartyfalse , mCallModifyDetails= calltype0 domain4 erroinfonull mConfParList multipartyfalse , mSubscription=1, mBlockInCallUi=false, mNumberMarkInfo=NumberMarkInfo{number=xxxxxxxxxxx, attribute=, name=null, classify=null, classifyName=null, isVip=false, vipMsg=, isVerified=false, isCloudMark=true, markedCount=0}, mConnectTimeReal=519725654}
W/Settings( 3507): Setting airplane_mode_on has moved from android.provider.Settings.System to android.provider.Settings.Global, returning read-only value.
W/Settings( 3507): Setting airplane_mode_on has moved from android.provider.Settings.System to android.provider.Settings.Global, returning read-only value.
W/Settings( 3507): Setting airplane_mode_on has moved from android.provider.Settings.System to android.provider.Settings.Global, returning read-only value.
E/BaseVoiceRecorder( 3507): recordingCallDisconnect return[mPhoneFgRecording is null and mPhoneBgRecording is null]
I/CallModeler( 3507): onPhoneStateChanged: 
E/BluetoothPhoneService( 3507): Could not get a handle on Connection object for the call
E/AudioFlinger( 2426): setLppDtsGeq():invalid keyValue of dts geq.
E/AudioFlinger( 2426): setLppDtsGeq():invalid keyValue of dts geq.
I/InCall  ( 3507): CallHandlerService - ON_DISCONNECT_CALL: Call{mCallId=18, mState=DISCONNECTED, mDisconnectCause=LOCAL, mCapabilities=18, mConnectTime=1503737148281, mChildCallIds=[], mGatewayNumber=null, mGatewayPackage=null, mIdentification=CallIdentification{mCallId=18, mNumber=xxxxxxxxxxx, mNumberPresentation=1, mCnapName=, mCnapNamePresentation=0}, mSsNotification=null, mCallDetails= calltype0 domain4 erroinfonull mConfParList multipartyfalse , mCallModifyDetails= calltype0 domain4 erroinfonull mConfParList multipartyfalse , mSubscription=1, mBlockInCallUi=false, mNumberMarkInfo=NumberMarkInfo{number=xxxxxxxxxxx, attribute=, name=null, classify=null, classifyName=null, isVip=false, vipMsg=, isVerified=false, isCloudMark=true, markedCount=0}, mConnectTimeReal=519725654}
E/AudioFlinger( 2426): setLppDtsGeq():invalid keyValue of dts geq.
I/InCall  ( 3507): ProximitySensor - ProximitySensor{keybrd=0, dpad=0, offhook=1, hor=0, ui=0, aud=EARPIECE}
I/InCall  ( 3507): ProximitySensor - turning off proximity sensor: already released
I/InCall  ( 3507): InCallPresenter - Phone switching state: INCALL -> INCALL
I/audio_hw_primary( 2426): start_output_stream : mode=2, devices=1
W/StubController(30755): calendar access!
I/HwSystemManager( 3870): HoldService:preHoldShow start!
I/HwSystemManager( 3870): HoldService:The prePermissionType is: 1
I/InCall  ( 3507): CallCommandClient - set active sub = 1
I/HwLauncher( 3562): UnreadContentObserver onChange()
W/StubController(30755): calendar access!
I/HwSystemManager( 3870): HoldService:preHoldShow start!
I/HwSystemManager( 3870): HoldService:The prePermissionType is: 1
I/AudioManager( 3507): setMode mode:0
I/MediaFocusControl( 3084):  AudioFocus  abandonAudioFocus() from AudioFocus_For_Phone_Ring_And_Calls
I/InCall  ( 3507): InCallPresenter - Hide in call UI: true
I/InCall  ( 3507): MSimInCallActivity - finish().  Dialog showing: false
I/AudioManager( 3507): setSpeakerphoneOn on:false
I/InCall  ( 3507): InCallPresenter - attemptCleanup? false
I/InCall  ( 3507): InCallPresenter - attemptCleanup() mInCallActivity = com.android.incallui.MSimInCallActivity@433ecec8, newState = NO_CALLS
I/InCall  ( 3507): InCallPresenter - initMediaHandler: hasImsCall: false isImsMediaInitialized: false
I/InCall  ( 3507): InCallPresenter - Phone switching state: INCALL -> NO_CALLS
I/InCall  ( 3507): ProximitySensor - ProximitySensor{keybrd=0, dpad=0, offhook=0, hor=0, ui=0, aud=EARPIECE}
I/InCall  ( 3507): ProximitySensor - turning off proximity sensor: already released
I/HwLauncher( 3562): UnreadContentObserver onChange()
I/CallModeler( 3507): onPhoneStateChanged: 
E/BluetoothPhoneService( 3507): Could not get a handle on Connection object for the call
E/CallLogAsync( 3507): Failed to write call to the log.
E/CommandListener( 2418): readDefRoute call readDefRoute
E/SecondaryTablController( 2418): isWifiDefaultRouteExisted /system/bin/ip route
I/InCall  ( 3507): InCallPresenter - UI Destroyed)
I/InCall  ( 3507): InCallPresenter - Phone switching state: NO_CALLS -> NO_CALLS
I/InCall  ( 3507): InCallPresenter - attemptCleanup? false
I/InCall  ( 3507): InCallPresenter - attemptCleanup() mInCallActivity = null, newState = NO_CALLS
I/InCall  ( 3507): NumberLocationReceiver - clearNumberLocationMap size = 0; bForce = false
W/HwLauncher( 3562): UnreadContentObserver newUnreadCount:0,oldUnreadCount:0
I/HwLauncher( 3562): Launcher.LauncherProvider  begin check permission at checkPermission 
W/System.err( 3562): java.lang.SecurityException: Permission Denial: reading com.huawei.android.launcher.LauncherProvider from pid=30864, uid=10092 requires com.huawei.android.launcher.permission.WRITE_SETTINGS: uid 10092 does not have com.huawei.android.launcher.permission.WRITE_SETTINGS.
W/System.err( 3562): 	at android.app.ContextImpl.enforce(ContextImpl.java:1775)
W/System.err( 3562): 	at android.app.ContextImpl.enforcePermission(ContextImpl.java:1787)
W/System.err( 3562): 	at android.content.ContextWrapper.enforcePermission(ContextWrapper.java:561)
W/System.err( 3562): 	at com.huawei.android.launcher.LauncherProvider.checkPermission(LauncherProvider.java:560)
W/System.err( 3562): 	at com.huawei.android.launcher.LauncherProvider.call(LauncherProvider.java:575)
W/System.err( 3562): 	at android.content.ContentProvider$Transport.call(ContentProvider.java:325)
W/System.err( 3562): 	at android.content.ContentProviderNative.onTransact(ContentProviderNative.java:284)
W/System.err( 3562): 	at android.os.Binder.execTransact(Binder.java:404)
W/System.err( 3562): 	at dalvik.system.NativeStart.run(Native Method)
E/DatabaseUtils( 3562): Writing exception to parcel
E/DatabaseUtils( 3562): java.lang.SecurityException: Permission Denial: reading com.huawei.android.launcher.LauncherProvider from pid=30864, uid=10092 requires com.huawei.android.launcher.permission.WRITE_SETTINGS: uid 10092 does not have com.huawei.android.launcher.permission.WRITE_SETTINGS.
E/DatabaseUtils( 3562): 	at android.app.ContextImpl.enforce(ContextImpl.java:1775)
E/DatabaseUtils( 3562): 	at android.app.ContextImpl.enforcePermission(ContextImpl.java:1787)
E/DatabaseUtils( 3562): 	at android.content.ContextWrapper.enforcePermission(ContextWrapper.java:561)
E/DatabaseUtils( 3562): 	at com.huawei.android.launcher.LauncherProvider.checkPermission(LauncherProvider.java:560)
E/DatabaseUtils( 3562): 	at com.huawei.android.launcher.LauncherProvider.call(LauncherProvider.java:575)
E/DatabaseUtils( 3562): 	at android.content.ContentProvider$Transport.call(ContentProvider.java:325)
E/DatabaseUtils( 3562): 	at android.content.ContentProviderNative.onTransact(ContentProviderNative.java:284)
E/DatabaseUtils( 3562): 	at android.os.Binder.execTransact(Binder.java:404)
